../Src/LEDs/LEDS.cpp:10:1:LEDS::LEDS()	0	static
../Src/LEDs/LEDS.cpp:14:6:void LEDS::Init(Registers*)	8	static
../Src/LEDs/LEDS.cpp:110:6:void LEDS::Spin()	16	static
../Src/LEDs/LEDS.cpp:483:6:void LEDS::DetectI2CLEDs(uint32_t, uint32_t)	24	static
../Src/LEDs/LEDS.cpp:514:9:uint8_t LEDS::GetLED(uint8_t, bool*)	4	static
../Src/LEDs/LEDS.cpp:167:6:bool LEDS::SetLED(uint8_t, GPIO_PinState)	24	static
../Src/LEDs/LEDS.cpp:179:6:bool LEDS::UnusedLED(uint8_t)	32	static
../Src/LEDs/LEDS.cpp:193:6:bool LEDS::Blink(uint8_t)	24	static
../Src/LEDs/LEDS.cpp:60:3:static bool LEDS::AddRegisters()::<lambda(void*, uint16_t, uint8_t*, uint16_t)>::_FUN(void*, uint16_t, uint8_t*, uint16_t)	8	static
../Src/LEDs/LEDS.cpp:206:6:bool LEDS::BlinkOnce(uint8_t)	24	static
../Src/LEDs/LEDS.cpp:69:3:static bool LEDS::AddRegisters()::<lambda(void*, uint16_t, uint8_t*, uint16_t)>::_FUN(void*, uint16_t, uint8_t*, uint16_t)	8	static
../Src/LEDs/LEDS.cpp:527:9:uint8_t LEDS::GetRGBLED(uint8_t, bool*)	4	static
../Src/LEDs/LEDS.cpp:272:6:bool LEDS::SetRGB(uint8_t, uint8_t, uint8_t, uint8_t)	48	static
../Src/LEDs/LEDS.cpp:540:9:uint8_t LEDS::GetI2CLED(uint8_t, bool*)	4	static
../Src/LEDs/LEDS.cpp:553:9:uint8_t LEDS::GetI2CRGBLED(uint8_t, bool*)	4	static
../Src/LEDs/LEDS.cpp:397:6:bool LEDS::SetI2CAddressSize(uint8_t, uint16_t)	32	static
../Src/LEDs/LEDS.cpp:427:19:HAL_StatusTypeDef LEDS::ConfigureI2CLED(uint8_t, uint16_t, uint8_t*, uint16_t, uint32_t)	72	static
../Src/LEDs/LEDS.cpp:422:19:HAL_StatusTypeDef LEDS::ConfigureI2CLED(uint8_t, uint16_t, uint8_t, uint32_t)	24	static
../Src/LEDs/LEDS.cpp:306:19:HAL_StatusTypeDef LEDS::SetLED(uint8_t, uint8_t, uint32_t)	40	static
../Src/LEDs/LEDS.cpp:25:3:static bool LEDS::AddRegisters()::<lambda(void*, uint16_t, uint8_t*, uint16_t)>::_FUN(void*, uint16_t, uint8_t*, uint16_t)	24	static
../Src/LEDs/LEDS.cpp:346:19:HAL_StatusTypeDef LEDS::SetBrightness(uint8_t, uint8_t, uint32_t)	40	static
../Src/LEDs/LEDS.cpp:101:3:static bool LEDS::AddRegisters()::<lambda(void*, uint16_t, uint8_t*, uint16_t)>::_FUN(void*, uint16_t, uint8_t*, uint16_t)	8	static
../Src/LEDs/LEDS.cpp:363:19:HAL_StatusTypeDef LEDS::SetI2CRGB(uint8_t, uint8_t, uint8_t, uint8_t, uint32_t)	48	static
../Src/LEDs/LEDS.cpp:219:6:bool LEDS::ClearLED(uint8_t)	32	static
../Src/LEDs/LEDS.cpp:78:3:static bool LEDS::AddRegisters()::<lambda(void*, uint16_t, uint8_t*, uint16_t)>::_FUN(void*, uint16_t, uint8_t*, uint16_t)	32	static
../Src/LEDs/LEDS.cpp:497:6:bool LEDS::ExistingLED(uint8_t)	24	static
../Src/LEDs/LEDS.cpp:610:6:void LEDS::IDFoundLEDS()	8	static
../Src/LEDs/LEDS.cpp:619:6:void LEDS::WaterDetectedLEDS()	8	static
../Src/LEDs/LEDS.cpp:625:6:void LEDS::CommunicationLED(uint8_t)	8	static
D:/Code/Envirobot2_0_STM32_Head/Src/Registers/Registers.hpp:199:9:uint8_t Registers::GetTypeID(bool*) [with T = unsigned char]	8	static
c:\st\stm32cubeide_1.10.1\stm32cubeide\plugins\com.st.stm32cube.ide.mcu.externaltools.gnu-tools-for-stm32.10.3-2021.10.win32_1.0.0.202111181127\tools\arm-none-eabi\include\c++\10.3.1\bits\vector.tcc:426:7:) [with _Args = {const RGBLED&}; _Tp = RGBLED; _Alloc = std::allocator<RGBLED>]	48	static
../Src/LEDs/LEDS.cpp:250:6:bool LEDS::AddRGBLED(uint8_t, uint32_t*, uint32_t*, uint32_t*)	40	static
c:\st\stm32cubeide_1.10.1\stm32cubeide\plugins\com.st.stm32cube.ide.mcu.externaltools.gnu-tools-for-stm32.10.3-2021.10.win32_1.0.0.202111181127\tools\arm-none-eabi\include\c++\10.3.1\bits\vector.tcc:426:7:) [with _Args = {const I2CLED&}; _Tp = I2CLED; _Alloc = std::allocator<I2CLED>]	48	static
../Src/LEDs/LEDS.cpp:286:6:bool LEDS::AddI2CLED(I2C_HandleTypeDef*, uint8_t, uint16_t, uint16_t)	40	static
c:\st\stm32cubeide_1.10.1\stm32cubeide\plugins\com.st.stm32cube.ide.mcu.externaltools.gnu-tools-for-stm32.10.3-2021.10.win32_1.0.0.202111181127\tools\arm-none-eabi\include\c++\10.3.1\bits\vector.tcc:426:7:) [with _Args = {const I2CRGBLED&}; _Tp = I2CRGBLED; _Alloc = std::allocator<I2CRGBLED>]	48	static
../Src/LEDs/LEDS.cpp:323:6:bool LEDS::AddI2CRGBLED(I2C_HandleTypeDef*, uint8_t, uint16_t, uint16_t, uint16_t, uint16_t, uint16_t)	48	static
c:\st\stm32cubeide_1.10.1\stm32cubeide\plugins\com.st.stm32cube.ide.mcu.externaltools.gnu-tools-for-stm32.10.3-2021.10.win32_1.0.0.202111181127\tools\arm-none-eabi\include\c++\10.3.1\bits\vector.tcc:426:7:) [with _Args = {const RegisterConfiguration&}; _Tp = RegisterConfiguration; _Alloc = std::allocator<RegisterConfiguration>]	48	static
D:/Code/Envirobot2_0_STM32_Head/Src/Registers/Registers.hpp:162:6:bool Registers::AddRegister(uint16_t) [with T = unsigned char]	64	static
c:\st\stm32cubeide_1.10.1\stm32cubeide\plugins\com.st.stm32cube.ide.mcu.externaltools.gnu-tools-for-stm32.10.3-2021.10.win32_1.0.0.202111181127\tools\arm-none-eabi\include\c++\10.3.1\bits\vector.tcc:426:7:) [with _Args = {const RegisterCallbacks<unsigned char>&}; _Tp = RegisterCallbacks<unsigned char>; _Alloc = std::allocator<RegisterCallbacks<unsigned char> >]	48	static
D:/Code/Envirobot2_0_STM32_Head/Src/Registers/Registers.hpp:294:6:bool Registers::AddWriteCallback(uint16_t, void*, bool (*)(void*, uint16_t, T*, uint16_t)) [with T = unsigned char]	48	static
../Src/LEDs/LEDS.cpp:21:6:void LEDS::AddRegisters()	8	static
c:\st\stm32cubeide_1.10.1\stm32cubeide\plugins\com.st.stm32cube.ide.mcu.externaltools.gnu-tools-for-stm32.10.3-2021.10.win32_1.0.0.202111181127\tools\arm-none-eabi\include\c++\10.3.1\bits\stl_iterator.h:1225:5:_Iterator std::__niter_base(__gnu_cxx::__normal_iterator<_Iterator, _Container>) [with _Iterator = const unsigned char*; _Container = std::vector<unsigned char>]	0	static
../Src/LEDs/LEDS.cpp:566:6:void LEDS::TestLEDs()	72	static
c:\st\stm32cubeide_1.10.1\stm32cubeide\plugins\com.st.stm32cube.ide.mcu.externaltools.gnu-tools-for-stm32.10.3-2021.10.win32_1.0.0.202111181127\tools\arm-none-eabi\include\c++\10.3.1\bits\vector.tcc:426:7:) [with _Args = {const LED&}; _Tp = LED; _Alloc = std::allocator<LED>]	64	static
../Src/LEDs/LEDS.cpp:135:6:bool LEDS::AddLED(uint8_t, GPIO)	72	static
c:\st\stm32cubeide_1.10.1\stm32cubeide\plugins\com.st.stm32cube.ide.mcu.externaltools.gnu-tools-for-stm32.10.3-2021.10.win32_1.0.0.202111181127\tools\arm-none-eabi\include\c++\10.3.1\bits\stl_iterator.h:1225:5:_Iterator std::__niter_base(__gnu_cxx::__normal_iterator<_Iterator, _Container>) [with _Iterator = unsigned char*; _Container = std::vector<unsigned char>]	0	static
c:\st\stm32cubeide_1.10.1\stm32cubeide\plugins\com.st.stm32cube.ide.mcu.externaltools.gnu-tools-for-stm32.10.3-2021.10.win32_1.0.0.202111181127\tools\arm-none-eabi\include\c++\10.3.1\bits\vector.tcc:198:5:std::vector<_Tp, _Alloc>& std::vector<_Tp, _Alloc>::operator=(const std::vector<_Tp, _Alloc>&) [with _Tp = unsigned char; _Alloc = std::allocator<unsigned char>]	32	static
../Src/LEDs/LEDS.cpp:155:6:bool LEDS::ConfigureTimings(uint8_t, std::vector<unsigned char>, uint8_t)	32	static
../Src/LEDs/LEDS.cpp:48:3:static bool LEDS::AddRegisters()::<lambda(void*, uint16_t, uint8_t*, uint16_t)>::_FUN(void*, uint16_t, uint8_t*, uint16_t)	64	static
../Src/LEDs/LEDS.cpp:601:6:void LEDS::StartupLEDS()	48	static
