../Src/Subscribers/MasterSubscribers.cpp:10:1:MasterSubscribers::MasterSubscribers()	0	static
../Src/Subscribers/MasterSubscribers.cpp:13:6:void MasterSubscribers::Init(Registers*, LEDS*)	8	static
../Src/Subscribers/MasterSubscribers.cpp:286:9:uint8_t MasterSubscribers::FindSubscriberIndex(uint8_t, bool*)	24	static
../Src/Subscribers/MasterSubscribers.cpp:85:6:bool MasterSubscribers::SetSubscriberStatus(uint8_t, bool)	32	static
../Src/Subscribers/MasterSubscribers.cpp:25:3:static bool MasterSubscribers::AddRegisters()::<lambda(void*, uint16_t, uint8_t*, uint16_t)>::_FUN(void*, uint16_t, uint8_t*, uint16_t)	8	static
../Src/Subscribers/MasterSubscribers.cpp:96:6:bool MasterSubscribers::ActivateSubscriber(uint8_t)	8	static
../Src/Subscribers/MasterSubscribers.cpp:100:6:bool MasterSubscribers::DeactivateSubscriber(uint8_t)	8	static
../Src/Subscribers/MasterSubscribers.cpp:265:6:bool MasterSubscribers::AddressAccepted(uint8_t, uint8_t)	32	static
../Src/Subscribers/MasterSubscribers.cpp:212:6:bool MasterSubscribers::UnsubscribeFromAllRemoteRegisters(uint8_t)	24	static
../Src/Subscribers/MasterSubscribers.cpp:254:6:bool MasterSubscribers::ClearFilters(uint8_t)	24	static
../Src/Subscribers/MasterSubscribers.cpp:47:3:static bool MasterSubscribers::AddRegisters()::<lambda(void*, uint16_t, uint8_t*, uint16_t)>::_FUN(void*, uint16_t, uint8_t*, uint16_t)	8	static
../Src/Subscribers/MasterSubscribers.cpp:347:6:bool MasterSubscribers::RemoteRegisterSubscriptionAvailable(Register, SubscriberInterface)	48	static
../Src/Subscribers/MasterSubscribers.cpp:398:9:uint8_t MasterSubscribers::FindRemoteRegisterIndex(uint8_t, Register, SubscriberInterface, bool*)	48	static
../Src/Subscribers/MasterSubscribers.cpp:332:6:bool MasterSubscribers::SubscribedToRemoteRegister(uint8_t, Register, SubscriberInterface)	32	static
../Src/Subscribers/MasterSubscribers.cpp:369:10:Register MasterSubscribers::FindRemoteRegister(Register, SubscriberInterface, bool*)	48	static
D:/Code/Envirobot2_0_STM32_Head/Src/Registers/Registers.hpp:199:9:uint8_t Registers::GetTypeID(bool*) [with T = unsigned char]	8	static
c:\st\stm32cubeide_1.10.1\stm32cubeide\plugins\com.st.stm32cube.ide.mcu.externaltools.gnu-tools-for-stm32.10.3-2021.10.win32_1.0.0.202111181127\tools\arm-none-eabi\include\c++\10.3.1\bits\vector.tcc:426:7:) [with _Args = {Subscriber* const&}; _Tp = Subscriber*; _Alloc = std::allocator<Subscriber*>]	48	static
c:\st\stm32cubeide_1.10.1\stm32cubeide\plugins\com.st.stm32cube.ide.mcu.externaltools.gnu-tools-for-stm32.10.3-2021.10.win32_1.0.0.202111181127\tools\arm-none-eabi\include\c++\10.3.1\bits\vector.tcc:426:7:) [with _Args = {const Register&}; _Tp = Register; _Alloc = std::allocator<Register>]	48	static
c:\st\stm32cubeide_1.10.1\stm32cubeide\plugins\com.st.stm32cube.ide.mcu.externaltools.gnu-tools-for-stm32.10.3-2021.10.win32_1.0.0.202111181127\tools\arm-none-eabi\include\c++\10.3.1\bits\vector.tcc:426:7:) [with _Args = {const SubscriberInterface&}; _Tp = SubscriberInterface; _Alloc = std::allocator<SubscriberInterface>]	48	static
../Src/Subscribers/MasterSubscribers.cpp:168:6:bool MasterSubscribers::SubscribeToRemoteRegister(uint8_t, Register, SubscriberInterface)	48	static
../Src/Subscribers/MasterSubscribers.cpp:112:6:bool MasterSubscribers::SubscribeToRemoteRegister(uint8_t, Register)	32	static
../Src/Subscribers/MasterSubscribers.cpp:120:6:bool MasterSubscribers::SubscribeToRemoteRegister(uint8_t, uint8_t, SubscriberInterface)	40	static
../Src/Subscribers/MasterSubscribers.cpp:104:6:bool MasterSubscribers::SubscribeToRemoteRegister(uint8_t, uint8_t)	16	static
c:\st\stm32cubeide_1.10.1\stm32cubeide\plugins\com.st.stm32cube.ide.mcu.externaltools.gnu-tools-for-stm32.10.3-2021.10.win32_1.0.0.202111181127\tools\arm-none-eabi\include\c++\10.3.1\bits\vector.tcc:426:7:) [with _Args = {const unsigned char&}; _Tp = unsigned char; _Alloc = std::allocator<unsigned char>]	48	static
../Src/Subscribers/MasterSubscribers.cpp:223:6:bool MasterSubscribers::AddFilter(uint8_t, uint8_t)	32	static
../Src/Subscribers/MasterSubscribers.cpp:36:3:static bool MasterSubscribers::AddRegisters()::<lambda(void*, uint16_t, uint8_t*, uint16_t)>::_FUN(void*, uint16_t, uint8_t*, uint16_t)	8	static
c:\st\stm32cubeide_1.10.1\stm32cubeide\plugins\com.st.stm32cube.ide.mcu.externaltools.gnu-tools-for-stm32.10.3-2021.10.win32_1.0.0.202111181127\tools\arm-none-eabi\include\c++\10.3.1\bits\vector.tcc:426:7:) [with _Args = {const RegisterConfiguration&}; _Tp = RegisterConfiguration; _Alloc = std::allocator<RegisterConfiguration>]	48	static
D:/Code/Envirobot2_0_STM32_Head/Src/Registers/Registers.hpp:162:6:bool Registers::AddRegister(uint16_t) [with T = unsigned char]	64	static
c:\st\stm32cubeide_1.10.1\stm32cubeide\plugins\com.st.stm32cube.ide.mcu.externaltools.gnu-tools-for-stm32.10.3-2021.10.win32_1.0.0.202111181127\tools\arm-none-eabi\include\c++\10.3.1\bits\vector.tcc:426:7:) [with _Args = {const RegisterCallbacks<unsigned char>&}; _Tp = RegisterCallbacks<unsigned char>; _Alloc = std::allocator<RegisterCallbacks<unsigned char> >]	48	static
D:/Code/Envirobot2_0_STM32_Head/Src/Registers/Registers.hpp:294:6:bool Registers::AddWriteCallback(uint16_t, void*, bool (*)(void*, uint16_t, T*, uint16_t)) [with T = unsigned char]	48	static
../Src/Subscribers/MasterSubscribers.cpp:21:6:void MasterSubscribers::AddRegisters()	8	static
c:\st\stm32cubeide_1.10.1\stm32cubeide\plugins\com.st.stm32cube.ide.mcu.externaltools.gnu-tools-for-stm32.10.3-2021.10.win32_1.0.0.202111181127\tools\arm-none-eabi\include\c++\10.3.1\bits\stl_iterator.h:1225:5:_Iterator std::__niter_base(__gnu_cxx::__normal_iterator<_Iterator, _Container>) [with _Iterator = SubscriberConfiguration*; _Container = std::vector<SubscriberConfiguration>]	0	static
c:\st\stm32cubeide_1.10.1\stm32cubeide\plugins\com.st.stm32cube.ide.mcu.externaltools.gnu-tools-for-stm32.10.3-2021.10.win32_1.0.0.202111181127\tools\arm-none-eabi\include\c++\10.3.1\bits\stl_iterator.h:1225:5:_Iterator std::__niter_base(__gnu_cxx::__normal_iterator<_Iterator, _Container>) [with _Iterator = Subscriber**; _Container = std::vector<Subscriber*>]	0	static
c:\st\stm32cubeide_1.10.1\stm32cubeide\plugins\com.st.stm32cube.ide.mcu.externaltools.gnu-tools-for-stm32.10.3-2021.10.win32_1.0.0.202111181127\tools\arm-none-eabi\include\c++\10.3.1\bits\vector.tcc:171:5:std::vector<_Tp, _Alloc>::iterator std::vector<_Tp, _Alloc>::_M_erase(std::vector<_Tp, _Alloc>::iterator) [with _Tp = Subscriber*; _Alloc = std::allocator<Subscriber*>]	24	static
c:\st\stm32cubeide_1.10.1\stm32cubeide\plugins\com.st.stm32cube.ide.mcu.externaltools.gnu-tools-for-stm32.10.3-2021.10.win32_1.0.0.202111181127\tools\arm-none-eabi\include\c++\10.3.1\bits\stl_iterator.h:1225:5:_Iterator std::__niter_base(__gnu_cxx::__normal_iterator<_Iterator, _Container>) [with _Iterator = Register*; _Container = std::vector<Register>]	0	static
c:\st\stm32cubeide_1.10.1\stm32cubeide\plugins\com.st.stm32cube.ide.mcu.externaltools.gnu-tools-for-stm32.10.3-2021.10.win32_1.0.0.202111181127\tools\arm-none-eabi\include\c++\10.3.1\bits\vector.tcc:171:5:std::vector<_Tp, _Alloc>::iterator std::vector<_Tp, _Alloc>::_M_erase(std::vector<_Tp, _Alloc>::iterator) [with _Tp = Register; _Alloc = std::allocator<Register>]	24	static
c:\st\stm32cubeide_1.10.1\stm32cubeide\plugins\com.st.stm32cube.ide.mcu.externaltools.gnu-tools-for-stm32.10.3-2021.10.win32_1.0.0.202111181127\tools\arm-none-eabi\include\c++\10.3.1\bits\stl_iterator.h:1225:5:_Iterator std::__niter_base(__gnu_cxx::__normal_iterator<_Iterator, _Container>) [with _Iterator = SubscriberInterface*; _Container = std::vector<SubscriberInterface>]	0	static
c:\st\stm32cubeide_1.10.1\stm32cubeide\plugins\com.st.stm32cube.ide.mcu.externaltools.gnu-tools-for-stm32.10.3-2021.10.win32_1.0.0.202111181127\tools\arm-none-eabi\include\c++\10.3.1\bits\vector.tcc:171:5:std::vector<_Tp, _Alloc>::iterator std::vector<_Tp, _Alloc>::_M_erase(std::vector<_Tp, _Alloc>::iterator) [with _Tp = SubscriberInterface; _Alloc = std::allocator<SubscriberInterface>]	24	static
../Src/Subscribers/MasterSubscribers.cpp:189:6:bool MasterSubscribers::UnsubscribeFromRemoteRegister(uint8_t, uint8_t)	48	static
c:\st\stm32cubeide_1.10.1\stm32cubeide\plugins\com.st.stm32cube.ide.mcu.externaltools.gnu-tools-for-stm32.10.3-2021.10.win32_1.0.0.202111181127\tools\arm-none-eabi\include\c++\10.3.1\bits\stl_iterator.h:1225:5:_Iterator std::__niter_base(__gnu_cxx::__normal_iterator<_Iterator, _Container>) [with _Iterator = unsigned char*; _Container = std::vector<unsigned char>]	0	static
c:\st\stm32cubeide_1.10.1\stm32cubeide\plugins\com.st.stm32cube.ide.mcu.externaltools.gnu-tools-for-stm32.10.3-2021.10.win32_1.0.0.202111181127\tools\arm-none-eabi\include\c++\10.3.1\bits\vector.tcc:171:5:std::vector<_Tp, _Alloc>::iterator std::vector<_Tp, _Alloc>::_M_erase(std::vector<_Tp, _Alloc>::iterator) [with _Tp = unsigned char; _Alloc = std::allocator<unsigned char>]	24	static
../Src/Subscribers/MasterSubscribers.cpp:237:6:bool MasterSubscribers::RemoveFilter(uint8_t, uint8_t)	32	static
c:\st\stm32cubeide_1.10.1\stm32cubeide\plugins\com.st.stm32cube.ide.mcu.externaltools.gnu-tools-for-stm32.10.3-2021.10.win32_1.0.0.202111181127\tools\arm-none-eabi\include\c++\10.3.1\bits\stl_algobase.h:395:2:static _OI std::__copy_move<true, false, std::random_access_iterator_tag>::__copy_m(_II, _II, _OI) [with _II = SubscriberConfiguration*; _OI = SubscriberConfiguration*]	48	static
c:\st\stm32cubeide_1.10.1\stm32cubeide\plugins\com.st.stm32cube.ide.mcu.externaltools.gnu-tools-for-stm32.10.3-2021.10.win32_1.0.0.202111181127\tools\arm-none-eabi\include\c++\10.3.1\bits\vector.tcc:171:5:std::vector<_Tp, _Alloc>::iterator std::vector<_Tp, _Alloc>::_M_erase(std::vector<_Tp, _Alloc>::iterator) [with _Tp = SubscriberConfiguration; _Alloc = std::allocator<SubscriberConfiguration>]	24	static
../Src/Subscribers/MasterSubscribers.cpp:73:6:bool MasterSubscribers::RemoveSubscriber(uint8_t)	32	static
c:\st\stm32cubeide_1.10.1\stm32cubeide\plugins\com.st.stm32cube.ide.mcu.externaltools.gnu-tools-for-stm32.10.3-2021.10.win32_1.0.0.202111181127\tools\arm-none-eabi\include\c++\10.3.1\bits\stl_iterator.h:1225:5:_Iterator std::__niter_base(__gnu_cxx::__normal_iterator<_Iterator, _Container>) [with _Iterator = const Register*; _Container = std::vector<Register>]	0	static
c:\st\stm32cubeide_1.10.1\stm32cubeide\plugins\com.st.stm32cube.ide.mcu.externaltools.gnu-tools-for-stm32.10.3-2021.10.win32_1.0.0.202111181127\tools\arm-none-eabi\include\c++\10.3.1\bits\stl_iterator.h:1225:5:_Iterator std::__niter_base(__gnu_cxx::__normal_iterator<_Iterator, _Container>) [with _Iterator = const SubscriberInterface*; _Container = std::vector<SubscriberInterface>]	0	static
c:\st\stm32cubeide_1.10.1\stm32cubeide\plugins\com.st.stm32cube.ide.mcu.externaltools.gnu-tools-for-stm32.10.3-2021.10.win32_1.0.0.202111181127\tools\arm-none-eabi\include\c++\10.3.1\bits\stl_iterator.h:1225:5:_Iterator std::__niter_base(__gnu_cxx::__normal_iterator<_Iterator, _Container>) [with _Iterator = const unsigned char*; _Container = std::vector<unsigned char>]	0	static
D:/Code/Envirobot2_0_STM32_Head/Src/Subscribers/MasterSubscribers.hpp:26:8:SubscriberConfiguration::SubscriberConfiguration(const SubscriberConfiguration&)	32	static
c:\st\stm32cubeide_1.10.1\stm32cubeide\plugins\com.st.stm32cube.ide.mcu.externaltools.gnu-tools-for-stm32.10.3-2021.10.win32_1.0.0.202111181127\tools\arm-none-eabi\include\c++\10.3.1\bits\vector.tcc:426:7:) [with _Args = {const SubscriberConfiguration&}; _Tp = SubscriberConfiguration; _Alloc = std::allocator<SubscriberConfiguration>]	48	static
../Src/Subscribers/MasterSubscribers.cpp:55:6:bool MasterSubscribers::AddSubscriber(uint8_t, Subscriber*)	72	static
