Archive member included to satisfy reference by file (symbol)

C:/ST/STM32CubeIDE_1.16.1/STM32CubeIDE/plugins/com.st.stm32cube.ide.mcu.externaltools.gnu-tools-for-stm32.12.3.rel1.win32_1.0.200.202406191623/tools/bin/../lib/gcc/arm-none-eabi/12.3.1/../../../../arm-none-eabi/lib/thumb/v7e-m+dp/hard\libstdc++_nano.a(class_type_info.o)
                              ./Src/Protocols/Communication/Core/CommunicationProtocol.o (vtable for __cxxabiv1::__class_type_info)
C:/ST/STM32CubeIDE_1.16.1/STM32CubeIDE/plugins/com.st.stm32cube.ide.mcu.externaltools.gnu-tools-for-stm32.12.3.rel1.win32_1.0.200.202406191623/tools/bin/../lib/gcc/arm-none-eabi/12.3.1/../../../../arm-none-eabi/lib/thumb/v7e-m+dp/hard\libstdc++_nano.a(del_ops.o)
                              ./Core/Src/main.o (operator delete(void*, unsigned int))
C:/ST/STM32CubeIDE_1.16.1/STM32CubeIDE/plugins/com.st.stm32cube.ide.mcu.externaltools.gnu-tools-for-stm32.12.3.rel1.win32_1.0.200.202406191623/tools/bin/../lib/gcc/arm-none-eabi/12.3.1/../../../../arm-none-eabi/lib/thumb/v7e-m+dp/hard\libstdc++_nano.a(fundamental_type_info.o)
                              ./Platform/PlatformSensors/PlatformSensors.o (typeinfo for double)
C:/ST/STM32CubeIDE_1.16.1/STM32CubeIDE/plugins/com.st.stm32cube.ide.mcu.externaltools.gnu-tools-for-stm32.12.3.rel1.win32_1.0.200.202406191623/tools/bin/../lib/gcc/arm-none-eabi/12.3.1/../../../../arm-none-eabi/lib/thumb/v7e-m+dp/hard\libstdc++_nano.a(guard.o)
                              ./User/User.o (__cxa_guard_acquire)
C:/ST/STM32CubeIDE_1.16.1/STM32CubeIDE/plugins/com.st.stm32cube.ide.mcu.externaltools.gnu-tools-for-stm32.12.3.rel1.win32_1.0.200.202406191623/tools/bin/../lib/gcc/arm-none-eabi/12.3.1/../../../../arm-none-eabi/lib/thumb/v7e-m+dp/hard\libstdc++_nano.a(new_op.o)
                              ./Core/Src/main.o (operator new(unsigned int))
C:/ST/STM32CubeIDE_1.16.1/STM32CubeIDE/plugins/com.st.stm32cube.ide.mcu.externaltools.gnu-tools-for-stm32.12.3.rel1.win32_1.0.200.202406191623/tools/bin/../lib/gcc/arm-none-eabi/12.3.1/../../../../arm-none-eabi/lib/thumb/v7e-m+dp/hard\libstdc++_nano.a(pointer_type_info.o)
                              C:/ST/STM32CubeIDE_1.16.1/STM32CubeIDE/plugins/com.st.stm32cube.ide.mcu.externaltools.gnu-tools-for-stm32.12.3.rel1.win32_1.0.200.202406191623/tools/bin/../lib/gcc/arm-none-eabi/12.3.1/../../../../arm-none-eabi/lib/thumb/v7e-m+dp/hard\libstdc++_nano.a(fundamental_type_info.o) (vtable for __cxxabiv1::__pointer_type_info)
C:/ST/STM32CubeIDE_1.16.1/STM32CubeIDE/plugins/com.st.stm32cube.ide.mcu.externaltools.gnu-tools-for-stm32.12.3.rel1.win32_1.0.200.202406191623/tools/bin/../lib/gcc/arm-none-eabi/12.3.1/../../../../arm-none-eabi/lib/thumb/v7e-m+dp/hard\libstdc++_nano.a(si_class_type_info.o)
                              ./Core/Src/main.o (vtable for __cxxabiv1::__si_class_type_info)
C:/ST/STM32CubeIDE_1.16.1/STM32CubeIDE/plugins/com.st.stm32cube.ide.mcu.externaltools.gnu-tools-for-stm32.12.3.rel1.win32_1.0.200.202406191623/tools/bin/../lib/gcc/arm-none-eabi/12.3.1/../../../../arm-none-eabi/lib/thumb/v7e-m+dp/hard\libstdc++_nano.a(tinfo.o)
                              C:/ST/STM32CubeIDE_1.16.1/STM32CubeIDE/plugins/com.st.stm32cube.ide.mcu.externaltools.gnu-tools-for-stm32.12.3.rel1.win32_1.0.200.202406191623/tools/bin/../lib/gcc/arm-none-eabi/12.3.1/../../../../arm-none-eabi/lib/thumb/v7e-m+dp/hard\libstdc++_nano.a(class_type_info.o) (std::type_info::~type_info())
C:/ST/STM32CubeIDE_1.16.1/STM32CubeIDE/plugins/com.st.stm32cube.ide.mcu.externaltools.gnu-tools-for-stm32.12.3.rel1.win32_1.0.200.202406191623/tools/bin/../lib/gcc/arm-none-eabi/12.3.1/../../../../arm-none-eabi/lib/thumb/v7e-m+dp/hard\libstdc++_nano.a(functexcept.o)
                              ./Core/Src/main.o (std::__throw_bad_alloc())
C:/ST/STM32CubeIDE_1.16.1/STM32CubeIDE/plugins/com.st.stm32cube.ide.mcu.externaltools.gnu-tools-for-stm32.12.3.rel1.win32_1.0.200.202406191623/tools/bin/../lib/gcc/arm-none-eabi/12.3.1/../../../../arm-none-eabi/lib/thumb/v7e-m+dp/hard\libstdc++_nano.a(del_op.o)
                              C:/ST/STM32CubeIDE_1.16.1/STM32CubeIDE/plugins/com.st.stm32cube.ide.mcu.externaltools.gnu-tools-for-stm32.12.3.rel1.win32_1.0.200.202406191623/tools/bin/../lib/gcc/arm-none-eabi/12.3.1/../../../../arm-none-eabi/lib/thumb/v7e-m+dp/hard\libstdc++_nano.a(del_ops.o) (operator delete(void*))
C:/ST/STM32CubeIDE_1.16.1/STM32CubeIDE/plugins/com.st.stm32cube.ide.mcu.externaltools.gnu-tools-for-stm32.12.3.rel1.win32_1.0.200.202406191623/tools/bin/../lib/gcc/arm-none-eabi/12.3.1/../../../../arm-none-eabi/lib/thumb/v7e-m+dp/hard\libstdc++_nano.a(new_handler.o)
                              C:/ST/STM32CubeIDE_1.16.1/STM32CubeIDE/plugins/com.st.stm32cube.ide.mcu.externaltools.gnu-tools-for-stm32.12.3.rel1.win32_1.0.200.202406191623/tools/bin/../lib/gcc/arm-none-eabi/12.3.1/../../../../arm-none-eabi/lib/thumb/v7e-m+dp/hard\libstdc++_nano.a(new_op.o) (std::get_new_handler())
[...]
Memory Configuration

Name             Origin             Length             Attributes
FLASH            0x08000000         0x00020000         xr
DTCMRAM          0x20000000         0x00020000         xrw
RAM_D1           0x24000000         0x00080000         xrw
RAM_D2           0x30000000         0x00048000         xrw
RAM_D3           0x38000000         0x00010000         xrw
ITCMRAM          0x00000000         0x00010000         xrw
*default*        0x00000000         0xffffffff

Linker script and memory map

LOAD C:/ST/STM32CubeIDE_1.16.1/STM32CubeIDE/plugins/com.st.stm32cube.ide.mcu.externaltools.gnu-tools-for-stm32.12.3.rel1.win32_1.0.200.202406191623/tools/bin/../lib/gcc/arm-none-eabi/12.3.1/thumb/v7e-m+dp/hard/crti.o
LOAD C:/ST/STM32CubeIDE_1.16.1/STM32CubeIDE/plugins/com.st.stm32cube.ide.mcu.externaltools.gnu-tools-for-stm32.12.3.rel1.win32_1.0.200.202406191623/tools/bin/../lib/gcc/arm-none-eabi/12.3.1/thumb/v7e-m+dp/hard/crtbegin.o
LOAD C:/ST/STM32CubeIDE_1.16.1/STM32CubeIDE/plugins/com.st.stm32cube.ide.mcu.externaltools.gnu-tools-for-stm32.12.3.rel1.win32_1.0.200.202406191623/tools/bin/../lib/gcc/arm-none-eabi/12.3.1/../../../../arm-none-eabi/lib/thumb/v7e-m+dp/hard/crt0.o
LOAD ./Core/Src/freertos.o
LOAD ./Core/Src/main.o
LOAD ./Core/Src/stm32h7xx_hal_msp.o
LOAD ./Core/Src/stm32h7xx_hal_timebase_tim.o
LOAD ./Core/Src/stm32h7xx_it.o
LOAD ./Core/Src/syscalls.o
LOAD ./Core/Src/sysmem.o
LOAD ./Core/Src/system_stm32h7xx.o
LOAD ./Core/Startup/startup_stm32h750vbtx.o
LOAD ./Drivers/STM32H7xx_HAL_Driver/Src/stm32h7xx_hal.o
LOAD ./Drivers/STM32H7xx_HAL_Driver/Src/stm32h7xx_hal_adc.o
LOAD ./Drivers/STM32H7xx_HAL_Driver/Src/stm32h7xx_hal_adc_ex.o
LOAD ./Drivers/STM32H7xx_HAL_Driver/Src/stm32h7xx_hal_cortex.o
LOAD ./Drivers/STM32H7xx_HAL_Driver/Src/stm32h7xx_hal_dma.o
LOAD ./Drivers/STM32H7xx_HAL_Driver/Src/stm32h7xx_hal_dma_ex.o
LOAD ./Drivers/STM32H7xx_HAL_Driver/Src/stm32h7xx_hal_exti.o
LOAD ./Drivers/STM32H7xx_HAL_Driver/Src/stm32h7xx_hal_fdcan.o
LOAD ./Drivers/STM32H7xx_HAL_Driver/Src/stm32h7xx_hal_flash.o
LOAD ./Drivers/STM32H7xx_HAL_Driver/Src/stm32h7xx_hal_flash_ex.o
LOAD ./Drivers/STM32H7xx_HAL_Driver/Src/stm32h7xx_hal_gpio.o
LOAD ./Drivers/STM32H7xx_HAL_Driver/Src/stm32h7xx_hal_hsem.o
LOAD ./Drivers/STM32H7xx_HAL_Driver/Src/stm32h7xx_hal_i2c.o
LOAD ./Drivers/STM32H7xx_HAL_Driver/Src/stm32h7xx_hal_i2c_ex.o
LOAD ./Drivers/STM32H7xx_HAL_Driver/Src/stm32h7xx_hal_mdma.o
LOAD ./Drivers/STM32H7xx_HAL_Driver/Src/stm32h7xx_hal_pwr.o
LOAD ./Drivers/STM32H7xx_HAL_Driver/Src/stm32h7xx_hal_pwr_ex.o
LOAD ./Drivers/STM32H7xx_HAL_Driver/Src/stm32h7xx_hal_rcc.o
LOAD ./Drivers/STM32H7xx_HAL_Driver/Src/stm32h7xx_hal_rcc_ex.o
LOAD ./Drivers/STM32H7xx_HAL_Driver/Src/stm32h7xx_hal_sd.o
LOAD ./Drivers/STM32H7xx_HAL_Driver/Src/stm32h7xx_hal_sd_ex.o
LOAD ./Drivers/STM32H7xx_HAL_Driver/Src/stm32h7xx_hal_tim.o
LOAD ./Drivers/STM32H7xx_HAL_Driver/Src/stm32h7xx_hal_tim_ex.o
LOAD ./Drivers/STM32H7xx_HAL_Driver/Src/stm32h7xx_hal_uart.o
LOAD ./Drivers/STM32H7xx_HAL_Driver/Src/stm32h7xx_hal_uart_ex.o
LOAD ./Drivers/STM32H7xx_HAL_Driver/Src/stm32h7xx_ll_delayblock.o
LOAD ./Drivers/STM32H7xx_HAL_Driver/Src/stm32h7xx_ll_sdmmc.o
LOAD ./Middlewares/Third_Party/FreeRTOS/Source/CMSIS_RTOS_V2/cmsis_os2.o
LOAD ./Middlewares/Third_Party/FreeRTOS/Source/croutine.o
LOAD ./Middlewares/Third_Party/FreeRTOS/Source/event_groups.o
LOAD ./Middlewares/Third_Party/FreeRTOS/Source/list.o
LOAD ./Middlewares/Third_Party/FreeRTOS/Source/queue.o
LOAD ./Middlewares/Third_Party/FreeRTOS/Source/stream_buffer.o
LOAD ./Middlewares/Third_Party/FreeRTOS/Source/tasks.o
LOAD ./Middlewares/Third_Party/FreeRTOS/Source/timers.o
LOAD ./Middlewares/Third_Party/FreeRTOS/Source/portable/GCC/ARM_CM4F/port.o
LOAD ./Middlewares/Third_Party/FreeRTOS/Source/portable/MemMang/heap_4.o
LOAD ./Platform/PlatformLEDs/PlatformLEDs.o
LOAD ./Platform/PlatformSensors/PlatformSensors.o
LOAD ./Src/Communication/Communication.o
LOAD ./Src/HardwareDelay/HardwareDelay.o
LOAD ./Src/LEDs/LEDS.o
LOAD ./Src/MotionGenerator/MotionGenerator.o
LOAD ./Src/Protocols/Communication/Core/CommunicationProtocol.o
LOAD ./Src/Protocols/Communication/FDCAN/CANProtocol.o
LOAD ./Src/Protocols/Communication/UART/UARTProtocol.o
LOAD ./Src/Publishers/Publishers.o
LOAD ./Src/Registers/Registers.o
LOAD ./Src/Sensors/Sensors.o
LOAD ./Src/Services/Services.o
LOAD ./Src/Subscribers/Core/Subscriber.o
LOAD ./Src/Subscribers/Example/ExampleSubscriber.o
LOAD ./Src/Subscribers/MasterSubscribers.o
LOAD ./User/CPG.o
LOAD ./User/User.o
START GROUP
LOAD C:/ST/STM32CubeIDE_1.16.1/STM32CubeIDE/plugins/com.st.stm32cube.ide.mcu.externaltools.gnu-tools-for-stm32.12.3.rel1.win32_1.0.200.202406191623/tools/bin/../lib/gcc/arm-none-eabi/12.3.1/../../../../arm-none-eabi/lib/thumb/v7e-m+dp/hard\libstdc++_nano.a
LOAD C:/ST/STM32CubeIDE_1.16.1/STM32CubeIDE/plugins/com.st.stm32cube.ide.mcu.externaltools.gnu-tools-for-stm32.12.3.rel1.win32_1.0.200.202406191623/tools/bin/../lib/gcc/arm-none-eabi/12.3.1/../../../../arm-none-eabi/lib/thumb/v7e-m+dp/hard\libsupc++_nano.a
END GROUP
LOAD C:/ST/STM32CubeIDE_1.16.1/STM32CubeIDE/plugins/com.st.stm32cube.ide.mcu.externaltools.gnu-tools-for-stm32.12.3.rel1.win32_1.0.200.202406191623/tools/bin/../lib/gcc/arm-none-eabi/12.3.1/../../../../arm-none-eabi/lib/thumb/v7e-m+dp/hard\libstdc++_nano.a
LOAD C:/ST/STM32CubeIDE_1.16.1/STM32CubeIDE/plugins/com.st.stm32cube.ide.mcu.externaltools.gnu-tools-for-stm32.12.3.rel1.win32_1.0.200.202406191623/tools/bin/../lib/gcc/arm-none-eabi/12.3.1/../../../../arm-none-eabi/lib/thumb/v7e-m+dp/hard\libm.a
LOAD C:/ST/STM32CubeIDE_1.16.1/STM32CubeIDE/plugins/com.st.stm32cube.ide.mcu.externaltools.gnu-tools-for-stm32.12.3.rel1.win32_1.0.200.202406191623/tools/bin/../lib/gcc/arm-none-eabi/12.3.1/../../../../arm-none-eabi/lib/thumb/v7e-m+dp/hard\libc_nano.a
START GROUP
LOAD C:/ST/STM32CubeIDE_1.16.1/STM32CubeIDE/plugins/com.st.stm32cube.ide.mcu.externaltools.gnu-tools-for-stm32.12.3.rel1.win32_1.0.200.202406191623/tools/bin/../lib/gcc/arm-none-eabi/12.3.1/thumb/v7e-m+dp/hard\libgcc.a
LOAD C:/ST/STM32CubeIDE_1.16.1/STM32CubeIDE/plugins/com.st.stm32cube.ide.mcu.externaltools.gnu-tools-for-stm32.12.3.rel1.win32_1.0.200.202406191623/tools/bin/../lib/gcc/arm-none-eabi/12.3.1/../../../../arm-none-eabi/lib/thumb/v7e-m+dp/hard\libc_nano.a
END GROUP
START GROUP
LOAD C:/ST/STM32CubeIDE_1.16.1/STM32CubeIDE/plugins/com.st.stm32cube.ide.mcu.externaltools.gnu-tools-for-stm32.12.3.rel1.win32_1.0.200.202406191623/tools/bin/../lib/gcc/arm-none-eabi/12.3.1/thumb/v7e-m+dp/hard\libgcc.a
LOAD C:/ST/STM32CubeIDE_1.16.1/STM32CubeIDE/plugins/com.st.stm32cube.ide.mcu.externaltools.gnu-tools-for-stm32.12.3.rel1.win32_1.0.200.202406191623/tools/bin/../lib/gcc/arm-none-eabi/12.3.1/../../../../arm-none-eabi/lib/thumb/v7e-m+dp/hard\libc_nano.a
LOAD C:/ST/STM32CubeIDE_1.16.1/STM32CubeIDE/plugins/com.st.stm32cube.ide.mcu.externaltools.gnu-tools-for-stm32.12.3.rel1.win32_1.0.200.202406191623/tools/bin/../lib/gcc/arm-none-eabi/12.3.1/../../../../arm-none-eabi/lib/thumb/v7e-m+dp/hard\libnosys.a
END GROUP
START GROUP
LOAD C:/ST/STM32CubeIDE_1.16.1/STM32CubeIDE/plugins/com.st.stm32cube.ide.mcu.externaltools.gnu-tools-for-stm32.12.3.rel1.win32_1.0.200.202406191623/tools/bin/../lib/gcc/arm-none-eabi/12.3.1/thumb/v7e-m+dp/hard\libgcc.a
LOAD C:/ST/STM32CubeIDE_1.16.1/STM32CubeIDE/plugins/com.st.stm32cube.ide.mcu.externaltools.gnu-tools-for-stm32.12.3.rel1.win32_1.0.200.202406191623/tools/bin/../lib/gcc/arm-none-eabi/12.3.1/../../../../arm-none-eabi/lib/thumb/v7e-m+dp/hard\libc_nano.a
LOAD C:/ST/STM32CubeIDE_1.16.1/STM32CubeIDE/plugins/com.st.stm32cube.ide.mcu.externaltools.gnu-tools-for-stm32.12.3.rel1.win32_1.0.200.202406191623/tools/bin/../lib/gcc/arm-none-eabi/12.3.1/../../../../arm-none-eabi/lib/thumb/v7e-m+dp/hard\libnosys.a
END GROUP
LOAD C:/ST/STM32CubeIDE_1.16.1/STM32CubeIDE/plugins/com.st.stm32cube.ide.mcu.externaltools.gnu-tools-for-stm32.12.3.rel1.win32_1.0.200.202406191623/tools/bin/../lib/gcc/arm-none-eabi/12.3.1/thumb/v7e-m+dp/hard/crtend.o
LOAD C:/ST/STM32CubeIDE_1.16.1/STM32CubeIDE/plugins/com.st.stm32cube.ide.mcu.externaltools.gnu-tools-for-stm32.12.3.rel1.win32_1.0.200.202406191623/tools/bin/../lib/gcc/arm-none-eabi/12.3.1/thumb/v7e-m+dp/hard/crtn.o
                0x24080000                        _estack = (ORIGIN (RAM_D1) + LENGTH (RAM_D1))
                0x00000200                        _Min_Heap_Size = 0x200
                0x00000400                        _Min_Stack_Size = 0x400

.isr_vector     0x08000000      0x298
                0x08000000                        . = ALIGN (0x4)
 *(.isr_vector)
 .isr_vector    0x08000000      0x298 ./Core/Startup/startup_stm32h750vbtx.o
                0x08000000                g_pfnVectors
                0x08000298                        . = ALIGN (0x4)

.text           0x080002a0    0x17c24
                0x080002a0                        . = ALIGN (0x4)
 *(.text)
 .text          0x080002a0       0x40 C:/ST/STM32CubeIDE_1.16.1/STM32CubeIDE/plugins/com.st.stm32cube.ide.mcu.externaltools.gnu-tools-for-stm32.12.3.rel1.win32_1.0.200.202406191623/tools/bin/../lib/gcc/arm-none-eabi/12.3.1/thumb/v7e-m+dp/hard/crtbegin.o
 .text          0x080002e0       0x14 C:/ST/STM32CubeIDE_1.16.1/STM32CubeIDE/plugins/com.st.stm32cube.ide.mcu.externaltools.gnu-tools-for-stm32.12.3.rel1.win32_1.0.200.202406191623/tools/bin/../lib/gcc/arm-none-eabi/12.3.1/../../../../arm-none-eabi/lib/thumb/v7e-m+dp/hard\libc_nano.a(libc_a-strcmp.o)
                0x080002e0                strcmp
 .text          0x080002f4      0x378 C:/ST/STM32CubeIDE_1.16.1/STM32CubeIDE/plugins/com.st.stm32cube.ide.mcu.externaltools.gnu-tools-for-stm32.12.3.rel1.win32_1.0.200.202406191623/tools/bin/../lib/gcc/arm-none-eabi/12.3.1/thumb/v7e-m+dp/hard\libgcc.a(_arm_addsubdf3.o)
                0x080002f4                __aeabi_drsub
                0x080002fc                __aeabi_dsub
                0x080002fc                __subdf3
                0x08000300                __aeabi_dadd
                0x08000300                __adddf3
                0x08000578                __floatunsidf
                0x08000578                __aeabi_ui2d
                0x08000598                __floatsidf
                0x08000598                __aeabi_i2d
                0x080005bc                __aeabi_f2d
                0x080005bc                __extendsfdf2
                0x08000600                __floatundidf
                0x08000600                __aeabi_ul2d
                0x08000610                __floatdidf
                0x08000610                __aeabi_l2d
 .text          0x0800066c       0x30 C:/ST/STM32CubeIDE_1.16.1/STM32CubeIDE/plugins/com.st.stm32cube.ide.mcu.externaltools.gnu-tools-for-stm32.12.3.rel1.win32_1.0.200.202406191623/tools/bin/../lib/gcc/arm-none-eabi/12.3.1/thumb/v7e-m+dp/hard\libgcc.a(_aeabi_uldivmod.o)
                0x0800066c                __aeabi_uldivmod
 .text          0x0800069c      0x2bc C:/ST/STM32CubeIDE_1.16.1/STM32CubeIDE/plugins/com.st.stm32cube.ide.mcu.externaltools.gnu-tools-for-stm32.12.3.rel1.win32_1.0.200.202406191623/tools/bin/../lib/gcc/arm-none-eabi/12.3.1/thumb/v7e-m+dp/hard\libgcc.a(_udivmoddi4.o)
                0x0800069c                __udivmoddi4
 .text          0x08000958        0x4 C:/ST/STM32CubeIDE_1.16.1/STM32CubeIDE/plugins/com.st.stm32cube.ide.mcu.externaltools.gnu-tools-for-stm32.12.3.rel1.win32_1.0.200.202406191623/tools/bin/../lib/gcc/arm-none-eabi/12.3.1/thumb/v7e-m+dp/hard\libgcc.a(_dvmd_tls.o)
                0x08000958                __aeabi_idiv0
                0x08000958                __aeabi_ldiv0
 *(.text*)
 .text._Z14TrajectoryTaskPv
                0x0800095c        0xc ./Core/Src/main.o
                0x0800095c                TrajectoryTask(void*)
 .text._Z17CommunicationTaskPv
                0x08000968       0x10 ./Core/Src/main.o
                0x08000968                CommunicationTask(void*)
 .text._Z8LEDsTaskPv
                0x08000978       0x10 ./Core/Src/main.o
                0x08000978                LEDsTask(void*)
 .text._ZN29TemplateCommunicationProtocolI20__UART_HandleTypeDefE5GetIDEPvPb
                0x08000988       0x2c ./Core/Src/main.o
                0x08000988                TemplateCommunicationProtocol<__UART_HandleTypeDef>::GetID(void*, bool*)
 .text._ZN29TemplateCommunicationProtocolI19FDCAN_HandleTypeDefE5GetIDEPvPb
                0x080009b4       0x2c ./Core/Src/main.o
                0x080009b4                TemplateCommunicationProtocol<FDCAN_HandleTypeDef>::GetID(void*, bool*)
 .text._ZNSt12_Vector_baseIP20__UART_HandleTypeDefSaIS1_EE13_M_deallocateEPS1_j.part.0
                0x080009e0        0x6 ./Core/Src/main.o
 .text._ZNSt12_Vector_baseI6RGBLEDSaIS0_EE13_M_deallocateEPS0_j.part.0
                0x080009e6        0x6 ./Core/Src/main.o
 .text._ZNSt12_Vector_baseIhSaIhEE11_M_allocateEj.isra.0
                0x080009ec       0x16 ./Core/Src/main.o
 .text._Z11SensorsTaskPv
                0x08000a02        0xc ./Core/Src/main.o
                0x08000a02                SensorsTask(void*)
 *fill*         0x08000a0e        0x2 
 .text.HAL_UART_ErrorCallback
                0x08000a10       0x38 ./Core/Src/main.o
                0x08000a10                HAL_UART_ErrorCallback
 .text.HAL_FDCAN_ErrorCallback
                0x08000a48       0x28 ./Core/Src/main.o
                0x08000a48                HAL_FDCAN_ErrorCallback
 .text._Z18SystemClock_Configv
                0x08000a70      0x118 ./Core/Src/main.o
                0x08000a70                SystemClock_Config()
 .text._Z24PeriphCommonClock_Configv
                0x08000b88       0x58 ./Core/Src/main.o
                0x08000b88                PeriphCommonClock_Config()
 .text.HAL_TIM_PeriodElapsedCallback
                0x08000be0       0x30 ./Core/Src/main.o
                0x08000be0                HAL_TIM_PeriodElapsedCallback
 .text.Error_Handler
                0x08000c10        0x4 ./Core/Src/main.o
                0x08000c10                Error_Handler
 .text._ZNSt12_Vector_baseIhSaIhEED2Ev
                0x08000c14       0x14 ./Core/Src/main.o
                0x08000c14                std::_Vector_base<unsigned char, std::allocator<unsigned char> >::~_Vector_base()
                0x08000c14                std::_Vector_base<unsigned char, std::allocator<unsigned char> >::~_Vector_base()
 .text._ZNSt6vectorIhSaIhEEaSEOS1_.isra.0
                0x08000c28       0x2e ./Core/Src/main.o
 .text._ZNKSt6vectorIhSaIhEE12_M_check_lenEjPKc
                0x08000c56       0x32 ./Core/Src/main.o
                0x08000c56                std::vector<unsigned char, std::allocator<unsigned char> >::_M_check_len(unsigned int, char const*) const
 .text._ZNSt6vectorIP20__UART_HandleTypeDefSaIS1_EE17_M_realloc_insertIJRKS1_EEEvN9__gnu_cxx17__normal_iteratorIPS1_S3_EEDpOT_
                0x08000c88       0xa4 ./Core/Src/main.o
                0x08000c88                void std::vector<__UART_HandleTypeDef*, std::allocator<__UART_HandleTypeDef*> >::_M_realloc_insert<__UART_HandleTypeDef* const&>(__gnu_cxx::__normal_iterator<__UART_HandleTypeDef**, std::vector<__UART_HandleTypeDef*, std::allocator<__UART_HandleTypeDef*> > >, __UART_HandleTypeDef* const&)
 .text._ZN29TemplateCommunicationProtocolI20__UART_HandleTypeDefE12AddInterfaceEhPS0_
                0x08000d2c       0x30 ./Core/Src/main.o
                0x08000d2c                TemplateCommunicationProtocol<__UART_HandleTypeDef>::AddInterface(unsigned char, __UART_HandleTypeDef*)
 .text._ZNSt11__copy_moveILb0ELb1ESt26random_access_iterator_tagE8__copy_mIhEEPT_PKS3_S6_S4_
                0x08000d5c       0x18 ./Core/Src/main.o
                0x08000d5c                unsigned char* std::__copy_move<false, true, std::random_access_iterator_tag>::__copy_m<unsigned char>(unsigned char const*, unsigned char const*, unsigned char*)
 .text._ZNSt6vectorIhSaIhEEC2ERKS1_
                0x08000d74       0x32 ./Core/Src/main.o
                0x08000d74                std::vector<unsigned char, std::allocator<unsigned char> >::vector(std::vector<unsigned char, std::allocator<unsigned char> > const&)
                0x08000d74                std::vector<unsigned char, std::allocator<unsigned char> >::vector(std::vector<unsigned char, std::allocator<unsigned char> > const&)
 *fill*         0x08000da6        0x2 
 .text.HAL_FDCAN_RxFifo0Callback
                0x08000da8       0xd8 ./Core/Src/main.o
                0x08000da8                HAL_FDCAN_RxFifo0Callback
 .text._ZNSt6vectorIhSaIhEEC2IN9__gnu_cxx17__normal_iteratorIPhS1_EEvEET_S7_RKS0_
                0x08000e80       0x3c ./Core/Src/main.o
                0x08000e80                std::vector<unsigned char, std::allocator<unsigned char> >::vector<__gnu_cxx::__normal_iterator<unsigned char*, std::vector<unsigned char, std::allocator<unsigned char> > >, void>(__gnu_cxx::__normal_iterator<unsigned char*, std::vector<unsigned char, std::allocator<unsigned char> > >, __gnu_cxx::__normal_iterator<unsigned char*, std::vector<unsigned char, std::allocator<unsigned char> > >, std::allocator<unsigned char> const&)
                0x08000e80                std::vector<unsigned char, std::allocator<unsigned char> >::vector<__gnu_cxx::__normal_iterator<unsigned char*, std::vector<unsigned char, std::allocator<unsigned char> > >, void>(__gnu_cxx::__normal_iterator<unsigned char*, std::vector<unsigned char, std::allocator<unsigned char> > >, __gnu_cxx::__normal_iterator<unsigned char*, std::vector<unsigned char, std::allocator<unsigned char> > >, std::allocator<unsigned char> const&)
 .text._ZNSt6vectorIhSaIhEEC2ESt16initializer_listIhERKS0_
                0x08000ebc       0x44 ./Core/Src/main.o
                0x08000ebc                std::vector<unsigned char, std::allocator<unsigned char> >::vector(std::initializer_list<unsigned char>, std::allocator<unsigned char> const&)
                0x08000ebc                std::vector<unsigned char, std::allocator<unsigned char> >::vector(std::initializer_list<unsigned char>, std::allocator<unsigned char> const&)
 .text.startup.main
                0x08000f00      0xd74 ./Core/Src/main.o
                0x08000f00                main
 .text._ZNSt11__copy_moveILb1ELb1ESt26random_access_iterator_tagE8__copy_mIhEEPT_PKS3_S6_S4_
                0x08001c74       0x18 ./Core/Src/main.o
                0x08001c74                unsigned char* std::__copy_move<true, true, std::random_access_iterator_tag>::__copy_m<unsigned char>(unsigned char const*, unsigned char const*, unsigned char*)
 .text.HAL_UARTEx_RxEventCallback
                0x08001c8c      0x164 ./Core/Src/main.o
                0x08001c8c                HAL_UARTEx_RxEventCallback
 .text._ZN4LEDSD2Ev
                0x08001df0       0x50 ./Core/Src/main.o
                0x08001df0                LEDS::~LEDS()
                0x08001df0                LEDS::~LEDS()
 .text._ZN13CommunicationD2Ev
                0x08001e40       0x3c ./Core/Src/main.o
                0x08001e40                Communication::~Communication()
                0x08001e40                Communication::~Communication()
 .text._ZN17MasterSubscribersD2Ev
                0x08001e7c       0x4e ./Core/Src/main.o
                0x08001e7c                MasterSubscribers::~MasterSubscribers()
                0x08001e7c                MasterSubscribers::~MasterSubscribers()
 .text._ZN9RegistersD2Ev
                0x08001eca       0xb2 ./Core/Src/main.o
                0x08001eca                Registers::~Registers()
                0x08001eca                Registers::~Registers()
 .text._ZNSt6vectorI9PublisherSaIS0_EED2Ev
                0x08001f7c       0x3a ./Core/Src/main.o
                0x08001f7c                std::vector<Publisher, std::allocator<Publisher> >::~vector()
                0x08001f7c                std::vector<Publisher, std::allocator<Publisher> >::~vector()
 .text._ZNSt6vectorIS_IhSaIhEESaIS1_EED2Ev
                0x08001fb6       0x26 ./Core/Src/main.o
                0x08001fb6                std::vector<std::vector<unsigned char, std::allocator<unsigned char> >, std::allocator<std::vector<unsigned char, std::allocator<unsigned char> > > >::~vector()
                0x08001fb6                std::vector<std::vector<unsigned char, std::allocator<unsigned char> >, std::allocator<std::vector<unsigned char, std::allocator<unsigned char> > > >::~vector()
 .text._ZN21CommunicationProtocolD2Ev
                0x08001fdc       0x34 ./Core/Src/main.o
                0x08001fdc                CommunicationProtocol::~CommunicationProtocol()
                0x08001fdc                CommunicationProtocol::~CommunicationProtocol()
 .text._ZNSt12_Vector_baseIfSaIfEED2Ev
                0x08002010       0x16 ./Core/Src/main.o
                0x08002010                std::_Vector_base<float, std::allocator<float> >::~_Vector_base()
                0x08002010                std::_Vector_base<float, std::allocator<float> >::~_Vector_base()
 .text._ZNSt12_Vector_baseI9I2CAccessSaIS0_EED2Ev
                0x08002026       0x14 ./Core/Src/main.o
                0x08002026                std::_Vector_base<I2CAccess, std::allocator<I2CAccess> >::~_Vector_base()
                0x08002026                std::_Vector_base<I2CAccess, std::allocator<I2CAccess> >::~_Vector_base()
 .text._ZNSt12_Destroy_auxILb0EE9__destroyIP11SensorGroupEEvT_S4_
                0x0800203a       0x4c ./Core/Src/main.o
                0x0800203a                void std::_Destroy_aux<false>::__destroy<SensorGroup*>(SensorGroup*, SensorGroup*)
 .text._ZNSt12_Destroy_auxILb0EE9__destroyIP12I2CInterfaceEEvT_S4_
                0x08002086       0x52 ./Core/Src/main.o
                0x08002086                void std::_Destroy_aux<false>::__destroy<I2CInterface*>(I2CInterface*, I2CInterface*)
 .text._ZNSt6vectorIP19FDCAN_HandleTypeDefSaIS1_EE17_M_realloc_insertIJRKS1_EEEvN9__gnu_cxx17__normal_iteratorIPS1_S3_EEDpOT_
                0x080020d8       0xa4 ./Core/Src/main.o
                0x080020d8                void std::vector<FDCAN_HandleTypeDef*, std::allocator<FDCAN_HandleTypeDef*> >::_M_realloc_insert<FDCAN_HandleTypeDef* const&>(__gnu_cxx::__normal_iterator<FDCAN_HandleTypeDef**, std::vector<FDCAN_HandleTypeDef*, std::allocator<FDCAN_HandleTypeDef*> > >, FDCAN_HandleTypeDef* const&)
 .text._ZN29TemplateCommunicationProtocolI19FDCAN_HandleTypeDefE12AddInterfaceEhPS0_
                0x0800217c       0x30 ./Core/Src/main.o
                0x0800217c                TemplateCommunicationProtocol<FDCAN_HandleTypeDef>::AddInterface(unsigned char, FDCAN_HandleTypeDef*)
 .text.startup._GLOBAL__sub_I_hadc1
                0x080021ac       0xbc ./Core/Src/main.o
 .text.exit._GLOBAL__sub_D_hadc1
                0x08002268      0x110 ./Core/Src/main.o
 .text.HAL_MspInit
                0x08002378       0x30 ./Core/Src/stm32h7xx_hal_msp.o
                0x08002378                HAL_MspInit
 .text.HAL_ADC_MspInit
                0x080023a8       0x90 ./Core/Src/stm32h7xx_hal_msp.o
                0x080023a8                HAL_ADC_MspInit
 .text.HAL_FDCAN_MspInit
                0x08002438      0x10c ./Core/Src/stm32h7xx_hal_msp.o
                0x08002438                HAL_FDCAN_MspInit
 .text.HAL_I2C_MspInit
                0x08002544      0x17c ./Core/Src/stm32h7xx_hal_msp.o
                0x08002544                HAL_I2C_MspInit
 .text.HAL_SD_MspInit
                0x080026c0       0xf4 ./Core/Src/stm32h7xx_hal_msp.o
                0x080026c0                HAL_SD_MspInit
 .text.HAL_TIM_Base_MspInit
                0x080027b4       0x6c ./Core/Src/stm32h7xx_hal_msp.o
                0x080027b4                HAL_TIM_Base_MspInit
 .text.HAL_TIM_MspPostInit
                0x08002820       0x88 ./Core/Src/stm32h7xx_hal_msp.o
                0x08002820                HAL_TIM_MspPostInit
 .text.HAL_UART_MspInit
                0x080028a8      0x6e4 ./Core/Src/stm32h7xx_hal_msp.o
                0x080028a8                HAL_UART_MspInit
 .text.HAL_InitTick
                0x08002f8c       0x98 ./Core/Src/stm32h7xx_hal_timebase_tim.o
                0x08002f8c                HAL_InitTick
 .text.NMI_Handler
                0x08003024        0x2 ./Core/Src/stm32h7xx_it.o
                0x08003024                NMI_Handler
 .text.HardFault_Handler
                0x08003026        0x2 ./Core/Src/stm32h7xx_it.o
                0x08003026                HardFault_Handler
 .text.MemManage_Handler
                0x08003028        0x2 ./Core/Src/stm32h7xx_it.o
                0x08003028                MemManage_Handler
 .text.BusFault_Handler
                0x0800302a        0x2 ./Core/Src/stm32h7xx_it.o
                0x0800302a                BusFault_Handler
 .text.UsageFault_Handler
                0x0800302c        0x2 ./Core/Src/stm32h7xx_it.o
                0x0800302c                UsageFault_Handler
 .text.DebugMon_Handler
                0x0800302e        0x2 ./Core/Src/stm32h7xx_it.o
                0x0800302e                DebugMon_Handler
 .text.DMA1_Stream0_IRQHandler
                0x08003030        0xc ./Core/Src/stm32h7xx_it.o
                0x08003030                DMA1_Stream0_IRQHandler
 .text.DMA1_Stream1_IRQHandler
                0x0800303c        0xc ./Core/Src/stm32h7xx_it.o
                0x0800303c                DMA1_Stream1_IRQHandler
 .text.DMA1_Stream2_IRQHandler
                0x08003048        0xc ./Core/Src/stm32h7xx_it.o
                0x08003048                DMA1_Stream2_IRQHandler
 .text.DMA1_Stream3_IRQHandler
                0x08003054        0xc ./Core/Src/stm32h7xx_it.o
                0x08003054                DMA1_Stream3_IRQHandler
 .text.DMA1_Stream4_IRQHandler
                0x08003060        0xc ./Core/Src/stm32h7xx_it.o
                0x08003060                DMA1_Stream4_IRQHandler
 .text.DMA1_Stream5_IRQHandler
                0x0800306c        0xc ./Core/Src/stm32h7xx_it.o
                0x0800306c                DMA1_Stream5_IRQHandler
 .text.DMA1_Stream6_IRQHandler
                0x08003078        0xc ./Core/Src/stm32h7xx_it.o
                0x08003078                DMA1_Stream6_IRQHandler
 .text.FDCAN1_IT0_IRQHandler
                0x08003084        0xc ./Core/Src/stm32h7xx_it.o
                0x08003084                FDCAN1_IT0_IRQHandler
 .text.FDCAN2_IT0_IRQHandler
                0x08003090        0xc ./Core/Src/stm32h7xx_it.o
                0x08003090                FDCAN2_IT0_IRQHandler
 .text.TIM4_IRQHandler
                0x0800309c        0xc ./Core/Src/stm32h7xx_it.o
                0x0800309c                TIM4_IRQHandler
 .text.I2C1_EV_IRQHandler
                0x080030a8        0xc ./Core/Src/stm32h7xx_it.o
                0x080030a8                I2C1_EV_IRQHandler
 .text.USART1_IRQHandler
                0x080030b4        0xc ./Core/Src/stm32h7xx_it.o
                0x080030b4                USART1_IRQHandler
 .text.USART2_IRQHandler
                0x080030c0        0xc ./Core/Src/stm32h7xx_it.o
                0x080030c0                USART2_IRQHandler
 .text.USART3_IRQHandler
                0x080030cc        0xc ./Core/Src/stm32h7xx_it.o
                0x080030cc                USART3_IRQHandler
 .text.DMA1_Stream7_IRQHandler
                0x080030d8        0xc ./Core/Src/stm32h7xx_it.o
                0x080030d8                DMA1_Stream7_IRQHandler
 .text.SDMMC1_IRQHandler
                0x080030e4        0xc ./Core/Src/stm32h7xx_it.o
                0x080030e4                SDMMC1_IRQHandler
 .text.TIM5_IRQHandler
                0x080030f0        0xc ./Core/Src/stm32h7xx_it.o
                0x080030f0                TIM5_IRQHandler
 .text.UART4_IRQHandler
                0x080030fc        0xc ./Core/Src/stm32h7xx_it.o
                0x080030fc                UART4_IRQHandler
 .text.DMA2_Stream0_IRQHandler
                0x08003108        0xc ./Core/Src/stm32h7xx_it.o
                0x08003108                DMA2_Stream0_IRQHandler
 .text.DMA2_Stream1_IRQHandler
                0x08003114        0xc ./Core/Src/stm32h7xx_it.o
                0x08003114                DMA2_Stream1_IRQHandler
 .text.DMA2_Stream2_IRQHandler
                0x08003120        0xc ./Core/Src/stm32h7xx_it.o
                0x08003120                DMA2_Stream2_IRQHandler
 .text.DMA2_Stream3_IRQHandler
                0x0800312c        0xc ./Core/Src/stm32h7xx_it.o
                0x0800312c                DMA2_Stream3_IRQHandler
 .text.DMA2_Stream4_IRQHandler
                0x08003138        0xc ./Core/Src/stm32h7xx_it.o
                0x08003138                DMA2_Stream4_IRQHandler
 .text.DMA2_Stream5_IRQHandler
                0x08003144        0xc ./Core/Src/stm32h7xx_it.o
                0x08003144                DMA2_Stream5_IRQHandler
 .text.DMA2_Stream6_IRQHandler
                0x08003150        0xc ./Core/Src/stm32h7xx_it.o
                0x08003150                DMA2_Stream6_IRQHandler
 .text.DMA2_Stream7_IRQHandler
                0x0800315c        0xc ./Core/Src/stm32h7xx_it.o
                0x0800315c                DMA2_Stream7_IRQHandler
 .text.USART6_IRQHandler
                0x08003168        0xc ./Core/Src/stm32h7xx_it.o
                0x08003168                USART6_IRQHandler
 .text.UART7_IRQHandler
                0x08003174        0xc ./Core/Src/stm32h7xx_it.o
                0x08003174                UART7_IRQHandler
 .text.UART8_IRQHandler
                0x08003180        0xc ./Core/Src/stm32h7xx_it.o
                0x08003180                UART8_IRQHandler
 .text._getpid  0x0800318c        0x4 ./Core/Src/syscalls.o
                0x0800318c                _getpid
 .text._kill    0x08003190       0x10 ./Core/Src/syscalls.o
                0x08003190                _kill
 .text._exit    0x080031a0        0xc ./Core/Src/syscalls.o
                0x080031a0                _exit
 .text._sbrk    0x080031ac       0x40 ./Core/Src/sysmem.o
                0x080031ac                _sbrk
 .text.SystemInit
                0x080031ec       0xc0 ./Core/Src/system_stm32h7xx.o
                0x080031ec                SystemInit
 .text.Reset_Handler
                0x080032ac       0x50 ./Core/Startup/startup_stm32h750vbtx.o
                0x080032ac                Reset_Handler
 .text.Default_Handler
                0x080032fc        0x2 ./Core/Startup/startup_stm32h750vbtx.o
                0x080032fc                RTC_Alarm_IRQHandler
                0x080032fc                HASH_RNG_IRQHandler
                0x080032fc                EXTI2_IRQHandler
                0x080032fc                TIM8_CC_IRQHandler
                0x080032fc                HRTIM1_Master_IRQHandler
                0x080032fc                SPI4_IRQHandler
                0x080032fc                TIM1_CC_IRQHandler
                0x080032fc                BDMA_Channel6_IRQHandler
                0x080032fc                HRTIM1_FLT_IRQHandler
                0x080032fc                JPEG_IRQHandler
                0x080032fc                BDMA_Channel1_IRQHandler
                0x080032fc                HRTIM1_TIMD_IRQHandler
                0x080032fc                TAMP_STAMP_IRQHandler
                0x080032fc                EXTI3_IRQHandler
                0x080032fc                LPTIM4_IRQHandler
                0x080032fc                TIM8_TRG_COM_TIM14_IRQHandler
                0x080032fc                LPTIM2_IRQHandler
                0x080032fc                DFSDM1_FLT1_IRQHandler
                0x080032fc                DMAMUX2_OVR_IRQHandler
                0x080032fc                TIM8_UP_TIM13_IRQHandler
                0x080032fc                I2C3_ER_IRQHandler
                0x080032fc                DFSDM1_FLT2_IRQHandler
                0x080032fc                MDMA_IRQHandler
                0x080032fc                LPTIM3_IRQHandler
                0x080032fc                HSEM1_IRQHandler
                0x080032fc                EXTI0_IRQHandler
                0x080032fc                I2C2_EV_IRQHandler
                0x080032fc                FPU_IRQHandler
                0x080032fc                OTG_HS_WKUP_IRQHandler
                0x080032fc                FDCAN1_IT1_IRQHandler
                0x080032fc                LTDC_ER_IRQHandler
                0x080032fc                HRTIM1_TIME_IRQHandler
                0x080032fc                SPI1_IRQHandler
                0x080032fc                TIM6_DAC_IRQHandler
                0x080032fc                DCMI_IRQHandler
                0x080032fc                HRTIM1_TIMC_IRQHandler
                0x080032fc                SAI2_IRQHandler
                0x080032fc                DFSDM1_FLT3_IRQHandler
                0x080032fc                TIM17_IRQHandler
                0x080032fc                BDMA_Channel7_IRQHandler
                0x080032fc                CRYP_IRQHandler
                0x080032fc                LPTIM5_IRQHandler
                0x080032fc                UART5_IRQHandler
                0x080032fc                ADC3_IRQHandler
                0x080032fc                BDMA_Channel2_IRQHandler
                0x080032fc                QUADSPI_IRQHandler
                0x080032fc                DMAMUX1_OVR_IRQHandler
                0x080032fc                TIM16_IRQHandler
                0x080032fc                BDMA_Channel5_IRQHandler
                0x080032fc                TIM3_IRQHandler
                0x080032fc                RCC_IRQHandler
                0x080032fc                TIM8_BRK_TIM12_IRQHandler
                0x080032fc                TIM1_TRG_COM_IRQHandler
                0x080032fc                Default_Handler
                0x080032fc                ECC_IRQHandler
                0x080032fc                CEC_IRQHandler
                0x080032fc                EXTI15_10_IRQHandler
                0x080032fc                BDMA_Channel0_IRQHandler
                0x080032fc                ADC_IRQHandler
                0x080032fc                HRTIM1_TIMA_IRQHandler
                0x080032fc                SPI5_IRQHandler
                0x080032fc                TIM7_IRQHandler
                0x080032fc                TIM15_IRQHandler
                0x080032fc                PVD_AVD_IRQHandler
                0x080032fc                I2C3_EV_IRQHandler
                0x080032fc                EXTI9_5_IRQHandler
                0x080032fc                RTC_WKUP_IRQHandler
                0x080032fc                LTDC_IRQHandler
                0x080032fc                SAI3_IRQHandler
                0x080032fc                ETH_WKUP_IRQHandler
                0x080032fc                SPDIF_RX_IRQHandler
                0x080032fc                SPI2_IRQHandler
                0x080032fc                OTG_HS_EP1_IN_IRQHandler
                0x080032fc                CRS_IRQHandler
                0x080032fc                EXTI4_IRQHandler
                0x080032fc                HRTIM1_TIMB_IRQHandler
                0x080032fc                FDCAN2_IT1_IRQHandler
                0x080032fc                ETH_IRQHandler
                0x080032fc                TIM1_UP_IRQHandler
                0x080032fc                BDMA_Channel4_IRQHandler
                0x080032fc                OTG_HS_EP1_OUT_IRQHandler
                0x080032fc                WWDG_IRQHandler
                0x080032fc                SPI6_IRQHandler
                0x080032fc                MDIOS_IRQHandler
                0x080032fc                I2C4_EV_IRQHandler
                0x080032fc                LPUART1_IRQHandler
                0x080032fc                TIM2_IRQHandler
                0x080032fc                OTG_FS_WKUP_IRQHandler
                0x080032fc                OTG_HS_IRQHandler
                0x080032fc                DMA2D_IRQHandler
                0x080032fc                TIM1_BRK_IRQHandler
                0x080032fc                EXTI1_IRQHandler
                0x080032fc                SDMMC2_IRQHandler
                0x080032fc                OTG_FS_EP1_OUT_IRQHandler
                0x080032fc                BDMA_Channel3_IRQHandler
                0x080032fc                MDIOS_WKUP_IRQHandler
                0x080032fc                DFSDM1_FLT0_IRQHandler
                0x080032fc                SAI4_IRQHandler
                0x080032fc                I2C2_ER_IRQHandler
                0x080032fc                FLASH_IRQHandler
                0x080032fc                OTG_FS_IRQHandler
                0x080032fc                SPI3_IRQHandler
                0x080032fc                WAKEUP_PIN_IRQHandler
                0x080032fc                OTG_FS_EP1_IN_IRQHandler
                0x080032fc                I2C1_ER_IRQHandler
                0x080032fc                FMC_IRQHandler
                0x080032fc                FDCAN_CAL_IRQHandler
                0x080032fc                SWPMI1_IRQHandler
                0x080032fc                COMP1_IRQHandler
                0x080032fc                LPTIM1_IRQHandler
                0x080032fc                I2C4_ER_IRQHandler
                0x080032fc                SAI1_IRQHandler
 *fill*         0x080032fe        0x2 
 .text.HAL_Init
                0x08003300       0x5c ./Drivers/STM32H7xx_HAL_Driver/Src/stm32h7xx_hal.o
                0x08003300                HAL_Init
 .text.HAL_IncTick
                0x0800335c       0x18 ./Drivers/STM32H7xx_HAL_Driver/Src/stm32h7xx_hal.o
                0x0800335c                HAL_IncTick
 .text.HAL_GetTick
                0x08003374        0xc ./Drivers/STM32H7xx_HAL_Driver/Src/stm32h7xx_hal.o
                0x08003374                HAL_GetTick
 .text.HAL_Delay
                0x08003380       0x24 ./Drivers/STM32H7xx_HAL_Driver/Src/stm32h7xx_hal.o
                0x08003380                HAL_Delay
 .text.HAL_GetREVID
                0x080033a4        0xc ./Drivers/STM32H7xx_HAL_Driver/Src/stm32h7xx_hal.o
                0x080033a4                HAL_GetREVID
 .text.LL_ADC_SetChannelSamplingTime
                0x080033b0       0x20 ./Drivers/STM32H7xx_HAL_Driver/Src/stm32h7xx_hal_adc.o
 .text.LL_ADC_IsEnabled
                0x080033d0        0x8 ./Drivers/STM32H7xx_HAL_Driver/Src/stm32h7xx_hal_adc.o
 .text.LL_ADC_REG_IsConversionOngoing
                0x080033d8        0x8 ./Drivers/STM32H7xx_HAL_Driver/Src/stm32h7xx_hal_adc.o
 .text.HAL_ADC_ConfigChannel
                0x080033e0      0x390 ./Drivers/STM32H7xx_HAL_Driver/Src/stm32h7xx_hal_adc.o
                0x080033e0                HAL_ADC_ConfigChannel
 .text.ADC_Disable
                0x08003770       0x6a ./Drivers/STM32H7xx_HAL_Driver/Src/stm32h7xx_hal_adc.o
                0x08003770                ADC_Disable
 *fill*         0x080037da        0x2 
 .text.ADC_ConfigureBoostMode
                0x080037dc      0x12c ./Drivers/STM32H7xx_HAL_Driver/Src/stm32h7xx_hal_adc.o
                0x080037dc                ADC_ConfigureBoostMode
 .text.HAL_ADC_Init
                0x08003908      0x218 ./Drivers/STM32H7xx_HAL_Driver/Src/stm32h7xx_hal_adc.o
                0x08003908                HAL_ADC_Init
 .text.LL_ADC_IsEnabled
                0x08003b20        0x8 ./Drivers/STM32H7xx_HAL_Driver/Src/stm32h7xx_hal_adc_ex.o
 .text.LL_ADC_REG_IsConversionOngoing
                0x08003b28        0x8 ./Drivers/STM32H7xx_HAL_Driver/Src/stm32h7xx_hal_adc_ex.o
 .text.HAL_ADCEx_Calibration_Start
                0x08003b30       0xa0 ./Drivers/STM32H7xx_HAL_Driver/Src/stm32h7xx_hal_adc_ex.o
                0x08003b30                HAL_ADCEx_Calibration_Start
 .text.HAL_ADCEx_MultiModeConfigChannel
                0x08003bd0       0xcc ./Drivers/STM32H7xx_HAL_Driver/Src/stm32h7xx_hal_adc_ex.o
                0x08003bd0                HAL_ADCEx_MultiModeConfigChannel
 .text.HAL_NVIC_SetPriorityGrouping
                0x08003c9c       0x24 ./Drivers/STM32H7xx_HAL_Driver/Src/stm32h7xx_hal_cortex.o
                0x08003c9c                HAL_NVIC_SetPriorityGrouping
 .text.HAL_NVIC_SetPriority
                0x08003cc0       0x64 ./Drivers/STM32H7xx_HAL_Driver/Src/stm32h7xx_hal_cortex.o
                0x08003cc0                HAL_NVIC_SetPriority
 .text.HAL_NVIC_EnableIRQ
                0x08003d24       0x1c ./Drivers/STM32H7xx_HAL_Driver/Src/stm32h7xx_hal_cortex.o
                0x08003d24                HAL_NVIC_EnableIRQ
 .text.DMA_SetConfig
                0x08003d40      0x184 ./Drivers/STM32H7xx_HAL_Driver/Src/stm32h7xx_hal_dma.o
 .text.DMA_CalcBaseAndBitshift
                0x08003ec4       0x9c ./Drivers/STM32H7xx_HAL_Driver/Src/stm32h7xx_hal_dma.o
 .text.DMA_CalcDMAMUXChannelBaseAndMask
                0x08003f60       0x98 ./Drivers/STM32H7xx_HAL_Driver/Src/stm32h7xx_hal_dma.o
 .text.DMA_CalcDMAMUXRequestGenBaseAndMask
                0x08003ff8       0x70 ./Drivers/STM32H7xx_HAL_Driver/Src/stm32h7xx_hal_dma.o
 .text.HAL_DMA_Init
                0x08004068      0x380 ./Drivers/STM32H7xx_HAL_Driver/Src/stm32h7xx_hal_dma.o
                0x08004068                HAL_DMA_Init
 .text.HAL_DMA_Start_IT
                0x080043e8      0x234 ./Drivers/STM32H7xx_HAL_Driver/Src/stm32h7xx_hal_dma.o
                0x080043e8                HAL_DMA_Start_IT
 .text.HAL_DMA_Abort
                0x0800461c      0x34c ./Drivers/STM32H7xx_HAL_Driver/Src/stm32h7xx_hal_dma.o
                0x0800461c                HAL_DMA_Abort
 .text.HAL_DMA_Abort_IT
                0x08004968      0x120 ./Drivers/STM32H7xx_HAL_Driver/Src/stm32h7xx_hal_dma.o
                0x08004968                HAL_DMA_Abort_IT
 .text.HAL_DMA_IRQHandler
                0x08004a88      0x548 ./Drivers/STM32H7xx_HAL_Driver/Src/stm32h7xx_hal_dma.o
                0x08004a88                HAL_DMA_IRQHandler
 .text.FDCAN_CopyMessageToRAM
                0x08004fd0       0x7c ./Drivers/STM32H7xx_HAL_Driver/Src/stm32h7xx_hal_fdcan.o
 .text.HAL_FDCAN_Init
                0x0800504c      0x3d4 ./Drivers/STM32H7xx_HAL_Driver/Src/stm32h7xx_hal_fdcan.o
                0x0800504c                HAL_FDCAN_Init
 .text.HAL_FDCAN_ConfigGlobalFilter
                0x08005420       0x32 ./Drivers/STM32H7xx_HAL_Driver/Src/stm32h7xx_hal_fdcan.o
                0x08005420                HAL_FDCAN_ConfigGlobalFilter
 .text.HAL_FDCAN_Start
                0x08005452       0x32 ./Drivers/STM32H7xx_HAL_Driver/Src/stm32h7xx_hal_fdcan.o
                0x08005452                HAL_FDCAN_Start
 .text.HAL_FDCAN_AddMessageToTxFifoQ
                0x08005484       0x64 ./Drivers/STM32H7xx_HAL_Driver/Src/stm32h7xx_hal_fdcan.o
                0x08005484                HAL_FDCAN_AddMessageToTxFifoQ
 .text.HAL_FDCAN_GetRxMessage
                0x080054e8      0x164 ./Drivers/STM32H7xx_HAL_Driver/Src/stm32h7xx_hal_fdcan.o
                0x080054e8                HAL_FDCAN_GetRxMessage
 .text.HAL_FDCAN_ActivateNotification
                0x0800564c       0x7c ./Drivers/STM32H7xx_HAL_Driver/Src/stm32h7xx_hal_fdcan.o
                0x0800564c                HAL_FDCAN_ActivateNotification
 .text.HAL_FDCAN_ClockCalibrationCallback
                0x080056c8        0x2 ./Drivers/STM32H7xx_HAL_Driver/Src/stm32h7xx_hal_fdcan.o
                0x080056c8                HAL_FDCAN_ClockCalibrationCallback
 .text.HAL_FDCAN_TxEventFifoCallback
                0x080056ca        0x2 ./Drivers/STM32H7xx_HAL_Driver/Src/stm32h7xx_hal_fdcan.o
                0x080056ca                HAL_FDCAN_TxEventFifoCallback
 .text.HAL_FDCAN_RxFifo1Callback
                0x080056cc        0x2 ./Drivers/STM32H7xx_HAL_Driver/Src/stm32h7xx_hal_fdcan.o
                0x080056cc                HAL_FDCAN_RxFifo1Callback
 .text.HAL_FDCAN_TxFifoEmptyCallback
                0x080056ce        0x2 ./Drivers/STM32H7xx_HAL_Driver/Src/stm32h7xx_hal_fdcan.o
                0x080056ce                HAL_FDCAN_TxFifoEmptyCallback
 .text.HAL_FDCAN_TxBufferCompleteCallback
                0x080056d0        0x2 ./Drivers/STM32H7xx_HAL_Driver/Src/stm32h7xx_hal_fdcan.o
                0x080056d0                HAL_FDCAN_TxBufferCompleteCallback
 .text.HAL_FDCAN_TxBufferAbortCallback
                0x080056d2        0x2 ./Drivers/STM32H7xx_HAL_Driver/Src/stm32h7xx_hal_fdcan.o
                0x080056d2                HAL_FDCAN_TxBufferAbortCallback
 .text.HAL_FDCAN_RxBufferNewMessageCallback
                0x080056d4        0x2 ./Drivers/STM32H7xx_HAL_Driver/Src/stm32h7xx_hal_fdcan.o
                0x080056d4                HAL_FDCAN_RxBufferNewMessageCallback
 .text.HAL_FDCAN_TimestampWraparoundCallback
                0x080056d6        0x2 ./Drivers/STM32H7xx_HAL_Driver/Src/stm32h7xx_hal_fdcan.o
                0x080056d6                HAL_FDCAN_TimestampWraparoundCallback
 .text.HAL_FDCAN_TimeoutOccurredCallback
                0x080056d8        0x2 ./Drivers/STM32H7xx_HAL_Driver/Src/stm32h7xx_hal_fdcan.o
                0x080056d8                HAL_FDCAN_TimeoutOccurredCallback
 .text.HAL_FDCAN_HighPriorityMessageCallback
                0x080056da        0x2 ./Drivers/STM32H7xx_HAL_Driver/Src/stm32h7xx_hal_fdcan.o
                0x080056da                HAL_FDCAN_HighPriorityMessageCallback
 .text.HAL_FDCAN_ErrorStatusCallback
                0x080056dc        0x2 ./Drivers/STM32H7xx_HAL_Driver/Src/stm32h7xx_hal_fdcan.o
                0x080056dc                HAL_FDCAN_ErrorStatusCallback
 .text.HAL_FDCAN_TT_ScheduleSyncCallback
                0x080056de        0x2 ./Drivers/STM32H7xx_HAL_Driver/Src/stm32h7xx_hal_fdcan.o
                0x080056de                HAL_FDCAN_TT_ScheduleSyncCallback
 .text.HAL_FDCAN_TT_TimeMarkCallback
                0x080056e0        0x2 ./Drivers/STM32H7xx_HAL_Driver/Src/stm32h7xx_hal_fdcan.o
                0x080056e0                HAL_FDCAN_TT_TimeMarkCallback
 .text.HAL_FDCAN_TT_StopWatchCallback
                0x080056e2        0x2 ./Drivers/STM32H7xx_HAL_Driver/Src/stm32h7xx_hal_fdcan.o
                0x080056e2                HAL_FDCAN_TT_StopWatchCallback
 .text.HAL_FDCAN_TT_GlobalTimeCallback
                0x080056e4        0x2 ./Drivers/STM32H7xx_HAL_Driver/Src/stm32h7xx_hal_fdcan.o
                0x080056e4                HAL_FDCAN_TT_GlobalTimeCallback
 *fill*         0x080056e6        0x2 
 .text.HAL_FDCAN_IRQHandler
                0x080056e8      0x2d0 ./Drivers/STM32H7xx_HAL_Driver/Src/stm32h7xx_hal_fdcan.o
                0x080056e8                HAL_FDCAN_IRQHandler
 .text.HAL_GPIO_Init
                0x080059b8      0x1d0 ./Drivers/STM32H7xx_HAL_Driver/Src/stm32h7xx_hal_gpio.o
                0x080059b8                HAL_GPIO_Init
 .text.HAL_GPIO_WritePin
                0x08005b88        0xa ./Drivers/STM32H7xx_HAL_Driver/Src/stm32h7xx_hal_gpio.o
                0x08005b88                HAL_GPIO_WritePin
 .text.I2C_Flush_TXDR
                0x08005b92       0x1c ./Drivers/STM32H7xx_HAL_Driver/Src/stm32h7xx_hal_i2c.o
 *fill*         0x08005bae        0x2 
 .text.I2C_TransferConfig
                0x08005bb0       0x2c ./Drivers/STM32H7xx_HAL_Driver/Src/stm32h7xx_hal_i2c.o
 .text.I2C_IsErrorOccurred
                0x08005bdc      0x114 ./Drivers/STM32H7xx_HAL_Driver/Src/stm32h7xx_hal_i2c.o
 .text.I2C_WaitOnTXISFlagUntilTimeout
                0x08005cf0       0x4e ./Drivers/STM32H7xx_HAL_Driver/Src/stm32h7xx_hal_i2c.o
 .text.I2C_WaitOnSTOPFlagUntilTimeout
                0x08005d3e       0x4a ./Drivers/STM32H7xx_HAL_Driver/Src/stm32h7xx_hal_i2c.o
 .text.I2C_WaitOnFlagUntilTimeout
                0x08005d88       0x54 ./Drivers/STM32H7xx_HAL_Driver/Src/stm32h7xx_hal_i2c.o
 .text.I2C_RequestMemoryWrite
                0x08005ddc       0x6c ./Drivers/STM32H7xx_HAL_Driver/Src/stm32h7xx_hal_i2c.o
 .text.HAL_I2C_Init
                0x08005e48       0xa2 ./Drivers/STM32H7xx_HAL_Driver/Src/stm32h7xx_hal_i2c.o
                0x08005e48                HAL_I2C_Init
 .text.HAL_I2C_Mem_Write
                0x08005eea      0x16a ./Drivers/STM32H7xx_HAL_Driver/Src/stm32h7xx_hal_i2c.o
                0x08005eea                HAL_I2C_Mem_Write
 .text.HAL_I2C_IsDeviceReady
                0x08006054      0x114 ./Drivers/STM32H7xx_HAL_Driver/Src/stm32h7xx_hal_i2c.o
                0x08006054                HAL_I2C_IsDeviceReady
 .text.HAL_I2C_EV_IRQHandler
                0x08006168        0xe ./Drivers/STM32H7xx_HAL_Driver/Src/stm32h7xx_hal_i2c.o
                0x08006168                HAL_I2C_EV_IRQHandler
 .text.HAL_I2CEx_ConfigAnalogFilter
                0x08006176       0x4c ./Drivers/STM32H7xx_HAL_Driver/Src/stm32h7xx_hal_i2c_ex.o
                0x08006176                HAL_I2CEx_ConfigAnalogFilter
 .text.HAL_I2CEx_ConfigDigitalFilter
                0x080061c2       0x4a ./Drivers/STM32H7xx_HAL_Driver/Src/stm32h7xx_hal_i2c_ex.o
                0x080061c2                HAL_I2CEx_ConfigDigitalFilter
 .text.HAL_PWREx_ConfigSupply
                0x0800620c       0x48 ./Drivers/STM32H7xx_HAL_Driver/Src/stm32h7xx_hal_pwr_ex.o
                0x0800620c                HAL_PWREx_ConfigSupply
 .text.HAL_RCC_OscConfig
                0x08006254      0x518 ./Drivers/STM32H7xx_HAL_Driver/Src/stm32h7xx_hal_rcc.o
                0x08006254                HAL_RCC_OscConfig
 .text.HAL_RCC_GetSysClockFreq
                0x0800676c      0x144 ./Drivers/STM32H7xx_HAL_Driver/Src/stm32h7xx_hal_rcc.o
                0x0800676c                HAL_RCC_GetSysClockFreq
 .text.HAL_RCC_ClockConfig
                0x080068b0      0x24c ./Drivers/STM32H7xx_HAL_Driver/Src/stm32h7xx_hal_rcc.o
                0x080068b0                HAL_RCC_ClockConfig
 .text.HAL_RCC_GetHCLKFreq
                0x08006afc       0x44 ./Drivers/STM32H7xx_HAL_Driver/Src/stm32h7xx_hal_rcc.o
                0x08006afc                HAL_RCC_GetHCLKFreq
 .text.HAL_RCC_GetPCLK1Freq
                0x08006b40       0x24 ./Drivers/STM32H7xx_HAL_Driver/Src/stm32h7xx_hal_rcc.o
                0x08006b40                HAL_RCC_GetPCLK1Freq
 .text.HAL_RCC_GetPCLK2Freq
                0x08006b64       0x24 ./Drivers/STM32H7xx_HAL_Driver/Src/stm32h7xx_hal_rcc.o
                0x08006b64                HAL_RCC_GetPCLK2Freq
 .text.HAL_RCC_GetClockConfig
                0x08006b88       0x54 ./Drivers/STM32H7xx_HAL_Driver/Src/stm32h7xx_hal_rcc.o
                0x08006b88                HAL_RCC_GetClockConfig
 .text.RCCEx_PLL2_Config
                0x08006bdc       0xf0 ./Drivers/STM32H7xx_HAL_Driver/Src/stm32h7xx_hal_rcc_ex.o
 .text.RCCEx_PLL3_Config
                0x08006ccc       0xf0 ./Drivers/STM32H7xx_HAL_Driver/Src/stm32h7xx_hal_rcc_ex.o
 .text.HAL_RCCEx_PeriphCLKConfig
                0x08006dbc      0x914 ./Drivers/STM32H7xx_HAL_Driver/Src/stm32h7xx_hal_rcc_ex.o
                0x08006dbc                HAL_RCCEx_PeriphCLKConfig
 .text.HAL_RCCEx_GetD3PCLK1Freq
                0x080076d0       0x24 ./Drivers/STM32H7xx_HAL_Driver/Src/stm32h7xx_hal_rcc_ex.o
                0x080076d0                HAL_RCCEx_GetD3PCLK1Freq
 .text.HAL_RCCEx_GetPLL2ClockFreq
                0x080076f4      0x154 ./Drivers/STM32H7xx_HAL_Driver/Src/stm32h7xx_hal_rcc_ex.o
                0x080076f4                HAL_RCCEx_GetPLL2ClockFreq
 .text.HAL_RCCEx_GetPLL3ClockFreq
                0x08007848      0x154 ./Drivers/STM32H7xx_HAL_Driver/Src/stm32h7xx_hal_rcc_ex.o
                0x08007848                HAL_RCCEx_GetPLL3ClockFreq
 .text.HAL_RCCEx_GetPLL1ClockFreq
                0x0800799c      0x154 ./Drivers/STM32H7xx_HAL_Driver/Src/stm32h7xx_hal_rcc_ex.o
                0x0800799c                HAL_RCCEx_GetPLL1ClockFreq
 .text.HAL_RCCEx_GetPeriphCLKFreq
                0x08007af0      0x2a0 ./Drivers/STM32H7xx_HAL_Driver/Src/stm32h7xx_hal_rcc_ex.o
                0x08007af0                HAL_RCCEx_GetPeriphCLKFreq
 .text.SD_FindSCR.constprop.0
                0x08007d90       0xcc ./Drivers/STM32H7xx_HAL_Driver/Src/stm32h7xx_hal_sd.o
 .text.HAL_SD_TxCpltCallback
                0x08007e5c        0x2 ./Drivers/STM32H7xx_HAL_Driver/Src/stm32h7xx_hal_sd.o
                0x08007e5c                HAL_SD_TxCpltCallback
 .text.HAL_SD_RxCpltCallback
                0x08007e5e        0x2 ./Drivers/STM32H7xx_HAL_Driver/Src/stm32h7xx_hal_sd.o
                0x08007e5e                HAL_SD_RxCpltCallback
 .text.HAL_SD_ErrorCallback
                0x08007e60        0x2 ./Drivers/STM32H7xx_HAL_Driver/Src/stm32h7xx_hal_sd.o
                0x08007e60                HAL_SD_ErrorCallback
 *fill*         0x08007e62        0x2 
 .text.HAL_SD_GetCardCSD
                0x08007e64      0x16c ./Drivers/STM32H7xx_HAL_Driver/Src/stm32h7xx_hal_sd.o
                0x08007e64                HAL_SD_GetCardCSD
 .text.HAL_SD_InitCard
                0x08007fd0      0x224 ./Drivers/STM32H7xx_HAL_Driver/Src/stm32h7xx_hal_sd.o
                0x08007fd0                HAL_SD_InitCard
 .text.HAL_SD_GetCardStatus
                0x080081f4      0x18c ./Drivers/STM32H7xx_HAL_Driver/Src/stm32h7xx_hal_sd.o
                0x080081f4                HAL_SD_GetCardStatus
 .text.HAL_SD_ConfigWideBusOperation
                0x08008380      0x170 ./Drivers/STM32H7xx_HAL_Driver/Src/stm32h7xx_hal_sd.o
                0x08008380                HAL_SD_ConfigWideBusOperation
 .text.HAL_SD_GetCardState
                0x080084f0       0x28 ./Drivers/STM32H7xx_HAL_Driver/Src/stm32h7xx_hal_sd.o
                0x080084f0                HAL_SD_GetCardState
 .text.HAL_SD_Init
                0x08008518       0xa2 ./Drivers/STM32H7xx_HAL_Driver/Src/stm32h7xx_hal_sd.o
                0x08008518                HAL_SD_Init
 .text.HAL_SDEx_Read_DMADoubleBuf0CpltCallback
                0x080085ba        0x2 ./Drivers/STM32H7xx_HAL_Driver/Src/stm32h7xx_hal_sd.o
                0x080085ba                HAL_SDEx_Read_DMADoubleBuf0CpltCallback
 .text.HAL_SDEx_Read_DMADoubleBuf1CpltCallback
                0x080085bc        0x2 ./Drivers/STM32H7xx_HAL_Driver/Src/stm32h7xx_hal_sd.o
                0x080085bc                HAL_SDEx_Read_DMADoubleBuf1CpltCallback
 .text.HAL_SDEx_Write_DMADoubleBuf0CpltCallback
                0x080085be        0x2 ./Drivers/STM32H7xx_HAL_Driver/Src/stm32h7xx_hal_sd.o
                0x080085be                HAL_SDEx_Write_DMADoubleBuf0CpltCallback
 .text.HAL_SDEx_Write_DMADoubleBuf1CpltCallback
                0x080085c0        0x2 ./Drivers/STM32H7xx_HAL_Driver/Src/stm32h7xx_hal_sd.o
                0x080085c0                HAL_SDEx_Write_DMADoubleBuf1CpltCallback
 *fill*         0x080085c2        0x2 
 .text.HAL_SD_IRQHandler
                0x080085c4      0x244 ./Drivers/STM32H7xx_HAL_Driver/Src/stm32h7xx_hal_sd.o
                0x080085c4                HAL_SD_IRQHandler
 .text.TIM_OC1_SetConfig
                0x08008808       0x98 ./Drivers/STM32H7xx_HAL_Driver/Src/stm32h7xx_hal_tim.o
 .text.TIM_OC3_SetConfig
                0x080088a0       0x88 ./Drivers/STM32H7xx_HAL_Driver/Src/stm32h7xx_hal_tim.o
 .text.TIM_OC4_SetConfig
                0x08008928       0x68 ./Drivers/STM32H7xx_HAL_Driver/Src/stm32h7xx_hal_tim.o
 .text.TIM_OC5_SetConfig
                0x08008990       0x68 ./Drivers/STM32H7xx_HAL_Driver/Src/stm32h7xx_hal_tim.o
 .text.TIM_OC6_SetConfig
                0x080089f8       0x68 ./Drivers/STM32H7xx_HAL_Driver/Src/stm32h7xx_hal_tim.o
 .text.HAL_TIM_Base_Start_IT
                0x08008a60       0x7c ./Drivers/STM32H7xx_HAL_Driver/Src/stm32h7xx_hal_tim.o
                0x08008a60                HAL_TIM_Base_Start_IT
 .text.HAL_TIM_Base_Stop_IT
                0x08008adc       0x30 ./Drivers/STM32H7xx_HAL_Driver/Src/stm32h7xx_hal_tim.o
                0x08008adc                HAL_TIM_Base_Stop_IT
 .text.HAL_TIM_PWM_MspInit
                0x08008b0c        0x2 ./Drivers/STM32H7xx_HAL_Driver/Src/stm32h7xx_hal_tim.o
                0x08008b0c                HAL_TIM_PWM_MspInit
 .text.HAL_TIM_OC_DelayElapsedCallback
                0x08008b0e        0x2 ./Drivers/STM32H7xx_HAL_Driver/Src/stm32h7xx_hal_tim.o
                0x08008b0e                HAL_TIM_OC_DelayElapsedCallback
 .text.HAL_TIM_IC_CaptureCallback
                0x08008b10        0x2 ./Drivers/STM32H7xx_HAL_Driver/Src/stm32h7xx_hal_tim.o
                0x08008b10                HAL_TIM_IC_CaptureCallback
 .text.HAL_TIM_PWM_PulseFinishedCallback
                0x08008b12        0x2 ./Drivers/STM32H7xx_HAL_Driver/Src/stm32h7xx_hal_tim.o
                0x08008b12                HAL_TIM_PWM_PulseFinishedCallback
 .text.HAL_TIM_TriggerCallback
                0x08008b14        0x2 ./Drivers/STM32H7xx_HAL_Driver/Src/stm32h7xx_hal_tim.o
                0x08008b14                HAL_TIM_TriggerCallback
 .text.HAL_TIM_IRQHandler
                0x08008b16      0x160 ./Drivers/STM32H7xx_HAL_Driver/Src/stm32h7xx_hal_tim.o
                0x08008b16                HAL_TIM_IRQHandler
 *fill*         0x08008c76        0x2 
 .text.TIM_Base_SetConfig
                0x08008c78       0xcc ./Drivers/STM32H7xx_HAL_Driver/Src/stm32h7xx_hal_tim.o
                0x08008c78                TIM_Base_SetConfig
 .text.HAL_TIM_Base_Init
                0x08008d44       0x60 ./Drivers/STM32H7xx_HAL_Driver/Src/stm32h7xx_hal_tim.o
                0x08008d44                HAL_TIM_Base_Init
 .text.HAL_TIM_PWM_Init
                0x08008da4       0x60 ./Drivers/STM32H7xx_HAL_Driver/Src/stm32h7xx_hal_tim.o
                0x08008da4                HAL_TIM_PWM_Init
 .text.TIM_OC2_SetConfig
                0x08008e04       0x8c ./Drivers/STM32H7xx_HAL_Driver/Src/stm32h7xx_hal_tim.o
                0x08008e04                TIM_OC2_SetConfig
 .text.HAL_TIM_PWM_ConfigChannel
                0x08008e90       0xf8 ./Drivers/STM32H7xx_HAL_Driver/Src/stm32h7xx_hal_tim.o
                0x08008e90                HAL_TIM_PWM_ConfigChannel
 .text.TIM_ETR_SetConfig
                0x08008f88       0x14 ./Drivers/STM32H7xx_HAL_Driver/Src/stm32h7xx_hal_tim.o
                0x08008f88                TIM_ETR_SetConfig
 .text.HAL_TIM_ConfigClockSource
                0x08008f9c      0x174 ./Drivers/STM32H7xx_HAL_Driver/Src/stm32h7xx_hal_tim.o
                0x08008f9c                HAL_TIM_ConfigClockSource
 .text.TIM_CCxChannelCmd
                0x08009110       0x1c ./Drivers/STM32H7xx_HAL_Driver/Src/stm32h7xx_hal_tim.o
                0x08009110                TIM_CCxChannelCmd
 .text.HAL_TIM_OC_Start
                0x0800912c      0x120 ./Drivers/STM32H7xx_HAL_Driver/Src/stm32h7xx_hal_tim.o
                0x0800912c                HAL_TIM_OC_Start
 .text.HAL_TIM_PWM_Start
                0x0800924c        0x4 ./Drivers/STM32H7xx_HAL_Driver/Src/stm32h7xx_hal_tim.o
                0x0800924c                HAL_TIM_PWM_Start
 .text.HAL_TIMEx_MasterConfigSynchronization
                0x08009250       0x94 ./Drivers/STM32H7xx_HAL_Driver/Src/stm32h7xx_hal_tim_ex.o
                0x08009250                HAL_TIMEx_MasterConfigSynchronization
 .text.HAL_TIMEx_CommutCallback
                0x080092e4        0x2 ./Drivers/STM32H7xx_HAL_Driver/Src/stm32h7xx_hal_tim_ex.o
                0x080092e4                HAL_TIMEx_CommutCallback
 .text.HAL_TIMEx_BreakCallback
                0x080092e6        0x2 ./Drivers/STM32H7xx_HAL_Driver/Src/stm32h7xx_hal_tim_ex.o
                0x080092e6                HAL_TIMEx_BreakCallback
 .text.HAL_TIMEx_Break2Callback
                0x080092e8        0x2 ./Drivers/STM32H7xx_HAL_Driver/Src/stm32h7xx_hal_tim_ex.o
                0x080092e8                HAL_TIMEx_Break2Callback
 .text.UART_EndTxTransfer
                0x080092ea       0x34 ./Drivers/STM32H7xx_HAL_Driver/Src/stm32h7xx_hal_uart.o
 *fill*         0x0800931e        0x2 
 .text.UART_EndRxTransfer
                0x08009320       0x58 ./Drivers/STM32H7xx_HAL_Driver/Src/stm32h7xx_hal_uart.o
 .text.HAL_UART_Transmit_DMA
                0x08009378       0x9c ./Drivers/STM32H7xx_HAL_Driver/Src/stm32h7xx_hal_uart.o
                0x08009378                HAL_UART_Transmit_DMA
 .text.HAL_UART_TxCpltCallback
                0x08009414        0x2 ./Drivers/STM32H7xx_HAL_Driver/Src/stm32h7xx_hal_uart.o
                0x08009414                HAL_UART_TxCpltCallback
 .text.UART_DMATransmitCplt
                0x08009416       0x46 ./Drivers/STM32H7xx_HAL_Driver/Src/stm32h7xx_hal_uart.o
 .text.HAL_UART_TxHalfCpltCallback
                0x0800945c        0x2 ./Drivers/STM32H7xx_HAL_Driver/Src/stm32h7xx_hal_uart.o
                0x0800945c                HAL_UART_TxHalfCpltCallback
 .text.UART_DMATxHalfCplt
                0x0800945e        0xa ./Drivers/STM32H7xx_HAL_Driver/Src/stm32h7xx_hal_uart.o
 .text.HAL_UART_RxCpltCallback
                0x08009468        0x2 ./Drivers/STM32H7xx_HAL_Driver/Src/stm32h7xx_hal_uart.o
                0x08009468                HAL_UART_RxCpltCallback
 .text.HAL_UART_RxHalfCpltCallback
                0x0800946a        0x2 ./Drivers/STM32H7xx_HAL_Driver/Src/stm32h7xx_hal_uart.o
                0x0800946a                HAL_UART_RxHalfCpltCallback
 .text.UART_DMAError
                0x0800946c       0x48 ./Drivers/STM32H7xx_HAL_Driver/Src/stm32h7xx_hal_uart.o
 .text.UART_DMAAbortOnError
                0x080094b4       0x14 ./Drivers/STM32H7xx_HAL_Driver/Src/stm32h7xx_hal_uart.o
 .text.HAL_UART_IRQHandler
                0x080094c8      0x334 ./Drivers/STM32H7xx_HAL_Driver/Src/stm32h7xx_hal_uart.o
                0x080094c8                HAL_UART_IRQHandler
 .text.UART_DMARxHalfCplt
                0x080097fc       0x1c ./Drivers/STM32H7xx_HAL_Driver/Src/stm32h7xx_hal_uart.o
 .text.UART_DMAReceiveCplt
                0x08009818       0x8a ./Drivers/STM32H7xx_HAL_Driver/Src/stm32h7xx_hal_uart.o
 *fill*         0x080098a2        0x2 
 .text.UART_SetConfig
                0x080098a4      0x32c ./Drivers/STM32H7xx_HAL_Driver/Src/stm32h7xx_hal_uart.o
                0x080098a4                UART_SetConfig
 .text.UART_AdvFeatureConfig
                0x08009bd0       0xaa ./Drivers/STM32H7xx_HAL_Driver/Src/stm32h7xx_hal_uart.o
                0x08009bd0                UART_AdvFeatureConfig
 .text.UART_WaitOnFlagUntilTimeout
                0x08009c7a       0xc8 ./Drivers/STM32H7xx_HAL_Driver/Src/stm32h7xx_hal_uart.o
                0x08009c7a                UART_WaitOnFlagUntilTimeout
 .text.UART_CheckIdleState
                0x08009d42       0x68 ./Drivers/STM32H7xx_HAL_Driver/Src/stm32h7xx_hal_uart.o
                0x08009d42                UART_CheckIdleState
 .text.HAL_UART_Init
                0x08009daa       0x60 ./Drivers/STM32H7xx_HAL_Driver/Src/stm32h7xx_hal_uart.o
                0x08009daa                HAL_UART_Init
 *fill*         0x08009e0a        0x2 
 .text.UART_Start_Receive_DMA
                0x08009e0c       0xa8 ./Drivers/STM32H7xx_HAL_Driver/Src/stm32h7xx_hal_uart.o
                0x08009e0c                UART_Start_Receive_DMA
 .text.UARTEx_SetNbDataToProcess
                0x08009eb4       0x44 ./Drivers/STM32H7xx_HAL_Driver/Src/stm32h7xx_hal_uart_ex.o
 .text.HAL_RS485Ex_Init
                0x08009ef8       0x7e ./Drivers/STM32H7xx_HAL_Driver/Src/stm32h7xx_hal_uart_ex.o
                0x08009ef8                HAL_RS485Ex_Init
 .text.HAL_UARTEx_WakeupCallback
                0x08009f76        0x2 ./Drivers/STM32H7xx_HAL_Driver/Src/stm32h7xx_hal_uart_ex.o
                0x08009f76                HAL_UARTEx_WakeupCallback
 .text.HAL_UARTEx_RxFifoFullCallback
                0x08009f78        0x2 ./Drivers/STM32H7xx_HAL_Driver/Src/stm32h7xx_hal_uart_ex.o
                0x08009f78                HAL_UARTEx_RxFifoFullCallback
 .text.HAL_UARTEx_TxFifoEmptyCallback
                0x08009f7a        0x2 ./Drivers/STM32H7xx_HAL_Driver/Src/stm32h7xx_hal_uart_ex.o
                0x08009f7a                HAL_UARTEx_TxFifoEmptyCallback
 .text.HAL_UARTEx_DisableFifoMode
                0x08009f7c       0x36 ./Drivers/STM32H7xx_HAL_Driver/Src/stm32h7xx_hal_uart_ex.o
                0x08009f7c                HAL_UARTEx_DisableFifoMode
 .text.HAL_UARTEx_SetTxFifoThreshold
                0x08009fb2       0x40 ./Drivers/STM32H7xx_HAL_Driver/Src/stm32h7xx_hal_uart_ex.o
                0x08009fb2                HAL_UARTEx_SetTxFifoThreshold
 .text.HAL_UARTEx_SetRxFifoThreshold
                0x08009ff2       0x40 ./Drivers/STM32H7xx_HAL_Driver/Src/stm32h7xx_hal_uart_ex.o
                0x08009ff2                HAL_UARTEx_SetRxFifoThreshold
 .text.HAL_UARTEx_ReceiveToIdle_DMA
                0x0800a032       0x52 ./Drivers/STM32H7xx_HAL_Driver/Src/stm32h7xx_hal_uart_ex.o
                0x0800a032                HAL_UARTEx_ReceiveToIdle_DMA
 .text.SDMMC_Init
                0x0800a084       0x34 ./Drivers/STM32H7xx_HAL_Driver/Src/stm32h7xx_ll_sdmmc.o
                0x0800a084                SDMMC_Init
 .text.SDMMC_ReadFIFO
                0x0800a0b8        0x6 ./Drivers/STM32H7xx_HAL_Driver/Src/stm32h7xx_ll_sdmmc.o
                0x0800a0b8                SDMMC_ReadFIFO
 .text.SDMMC_WriteFIFO
                0x0800a0be        0xa ./Drivers/STM32H7xx_HAL_Driver/Src/stm32h7xx_ll_sdmmc.o
                0x0800a0be                SDMMC_WriteFIFO
 .text.SDMMC_PowerState_ON
                0x0800a0c8        0xc ./Drivers/STM32H7xx_HAL_Driver/Src/stm32h7xx_ll_sdmmc.o
                0x0800a0c8                SDMMC_PowerState_ON
 .text.SDMMC_GetPowerState
                0x0800a0d4        0x8 ./Drivers/STM32H7xx_HAL_Driver/Src/stm32h7xx_ll_sdmmc.o
                0x0800a0d4                SDMMC_GetPowerState
 .text.SDMMC_SendCommand
                0x0800a0dc       0x28 ./Drivers/STM32H7xx_HAL_Driver/Src/stm32h7xx_ll_sdmmc.o
                0x0800a0dc                SDMMC_SendCommand
 .text.SDMMC_GetResponse
                0x0800a104        0x6 ./Drivers/STM32H7xx_HAL_Driver/Src/stm32h7xx_ll_sdmmc.o
                0x0800a104                SDMMC_GetResponse
 .text.SDMMC_ConfigData
                0x0800a10a       0x26 ./Drivers/STM32H7xx_HAL_Driver/Src/stm32h7xx_ll_sdmmc.o
                0x0800a10a                SDMMC_ConfigData
 .text.SDMMC_CmdGoIdleState
                0x0800a130       0x50 ./Drivers/STM32H7xx_HAL_Driver/Src/stm32h7xx_ll_sdmmc.o
                0x0800a130                SDMMC_CmdGoIdleState
 .text.SDMMC_GetCmdResp1
                0x0800a180      0x124 ./Drivers/STM32H7xx_HAL_Driver/Src/stm32h7xx_ll_sdmmc.o
                0x0800a180                SDMMC_GetCmdResp1
 .text.SDMMC_CmdBlockLength
                0x0800a2a4       0x34 ./Drivers/STM32H7xx_HAL_Driver/Src/stm32h7xx_ll_sdmmc.o
                0x0800a2a4                SDMMC_CmdBlockLength
 .text.SDMMC_CmdStopTransfer
                0x0800a2d8       0x54 ./Drivers/STM32H7xx_HAL_Driver/Src/stm32h7xx_ll_sdmmc.o
                0x0800a2d8                SDMMC_CmdStopTransfer
 .text.SDMMC_CmdSelDesel
                0x0800a32c       0x34 ./Drivers/STM32H7xx_HAL_Driver/Src/stm32h7xx_ll_sdmmc.o
                0x0800a32c                SDMMC_CmdSelDesel
 .text.SDMMC_CmdAppCommand
                0x0800a360       0x34 ./Drivers/STM32H7xx_HAL_Driver/Src/stm32h7xx_ll_sdmmc.o
                0x0800a360                SDMMC_CmdAppCommand
 .text.SDMMC_CmdBusWidth
                0x0800a394       0x34 ./Drivers/STM32H7xx_HAL_Driver/Src/stm32h7xx_ll_sdmmc.o
                0x0800a394                SDMMC_CmdBusWidth
 .text.SDMMC_CmdSendSCR
                0x0800a3c8       0x34 ./Drivers/STM32H7xx_HAL_Driver/Src/stm32h7xx_ll_sdmmc.o
                0x0800a3c8                SDMMC_CmdSendSCR
 .text.SDMMC_CmdSendStatus
                0x0800a3fc       0x34 ./Drivers/STM32H7xx_HAL_Driver/Src/stm32h7xx_ll_sdmmc.o
                0x0800a3fc                SDMMC_CmdSendStatus
 .text.SDMMC_CmdStatusRegister
                0x0800a430       0x34 ./Drivers/STM32H7xx_HAL_Driver/Src/stm32h7xx_ll_sdmmc.o
                0x0800a430                SDMMC_CmdStatusRegister
 .text.SDMMC_GetCmdResp2
                0x0800a464       0x50 ./Drivers/STM32H7xx_HAL_Driver/Src/stm32h7xx_ll_sdmmc.o
                0x0800a464                SDMMC_GetCmdResp2
 .text.SDMMC_CmdSendCID
                0x0800a4b4       0x2e ./Drivers/STM32H7xx_HAL_Driver/Src/stm32h7xx_ll_sdmmc.o
                0x0800a4b4                SDMMC_CmdSendCID
 .text.SDMMC_CmdSendCSD
                0x0800a4e2       0x2e ./Drivers/STM32H7xx_HAL_Driver/Src/stm32h7xx_ll_sdmmc.o
                0x0800a4e2                SDMMC_CmdSendCSD
 .text.SDMMC_GetCmdResp3
                0x0800a510       0x48 ./Drivers/STM32H7xx_HAL_Driver/Src/stm32h7xx_ll_sdmmc.o
                0x0800a510                SDMMC_GetCmdResp3
 .text.SDMMC_CmdAppOperCommand
                0x0800a558       0x2e ./Drivers/STM32H7xx_HAL_Driver/Src/stm32h7xx_ll_sdmmc.o
                0x0800a558                SDMMC_CmdAppOperCommand
 *fill*         0x0800a586        0x2 
 .text.SDMMC_GetCmdResp6
                0x0800a588       0x84 ./Drivers/STM32H7xx_HAL_Driver/Src/stm32h7xx_ll_sdmmc.o
                0x0800a588                SDMMC_GetCmdResp6
 .text.SDMMC_CmdSetRelAdd
                0x0800a60c       0x34 ./Drivers/STM32H7xx_HAL_Driver/Src/stm32h7xx_ll_sdmmc.o
                0x0800a60c                SDMMC_CmdSetRelAdd
 .text.SDMMC_GetCmdResp7
                0x0800a640       0x54 ./Drivers/STM32H7xx_HAL_Driver/Src/stm32h7xx_ll_sdmmc.o
                0x0800a640                SDMMC_GetCmdResp7
 .text.SDMMC_CmdOperCond
                0x0800a694       0x32 ./Drivers/STM32H7xx_HAL_Driver/Src/stm32h7xx_ll_sdmmc.o
                0x0800a694                SDMMC_CmdOperCond
 .text.SysTick_Handler
                0x0800a6c6       0x1a ./Middlewares/Third_Party/FreeRTOS/Source/CMSIS_RTOS_V2/cmsis_os2.o
                0x0800a6c6                SysTick_Handler
 .text.osKernelInitialize
                0x0800a6e0       0x24 ./Middlewares/Third_Party/FreeRTOS/Source/CMSIS_RTOS_V2/cmsis_os2.o
                0x0800a6e0                osKernelInitialize
 .text.osKernelStart
                0x0800a704       0x34 ./Middlewares/Third_Party/FreeRTOS/Source/CMSIS_RTOS_V2/cmsis_os2.o
                0x0800a704                osKernelStart
 .text.osThreadNew
                0x0800a738       0x8e ./Middlewares/Third_Party/FreeRTOS/Source/CMSIS_RTOS_V2/cmsis_os2.o
                0x0800a738                osThreadNew
 .text.osDelay  0x0800a7c6       0x18 ./Middlewares/Third_Party/FreeRTOS/Source/CMSIS_RTOS_V2/cmsis_os2.o
                0x0800a7c6                osDelay
 .text.osSemaphoreNew
                0x0800a7de       0x94 ./Middlewares/Third_Party/FreeRTOS/Source/CMSIS_RTOS_V2/cmsis_os2.o
                0x0800a7de                osSemaphoreNew
 .text.osSemaphoreAcquire
                0x0800a872       0x58 ./Middlewares/Third_Party/FreeRTOS/Source/CMSIS_RTOS_V2/cmsis_os2.o
                0x0800a872                osSemaphoreAcquire
 .text.osSemaphoreRelease
                0x0800a8ca       0x52 ./Middlewares/Third_Party/FreeRTOS/Source/CMSIS_RTOS_V2/cmsis_os2.o
                0x0800a8ca                osSemaphoreRelease
 .text.vApplicationGetIdleTaskMemory
                0x0800a91c       0x18 ./Middlewares/Third_Party/FreeRTOS/Source/CMSIS_RTOS_V2/cmsis_os2.o
                0x0800a91c                vApplicationGetIdleTaskMemory
 .text.vApplicationGetTimerTaskMemory
                0x0800a934       0x18 ./Middlewares/Third_Party/FreeRTOS/Source/CMSIS_RTOS_V2/cmsis_os2.o
                0x0800a934                vApplicationGetTimerTaskMemory
 .text.vListInitialise
                0x0800a94c       0x16 ./Middlewares/Third_Party/FreeRTOS/Source/list.o
                0x0800a94c                vListInitialise
 .text.vListInitialiseItem
                0x0800a962        0x6 ./Middlewares/Third_Party/FreeRTOS/Source/list.o
                0x0800a962                vListInitialiseItem
 .text.vListInsertEnd
                0x0800a968       0x16 ./Middlewares/Third_Party/FreeRTOS/Source/list.o
                0x0800a968                vListInsertEnd
 .text.vListInsert
                0x0800a97e       0x2e ./Middlewares/Third_Party/FreeRTOS/Source/list.o
                0x0800a97e                vListInsert
 .text.uxListRemove
                0x0800a9ac       0x20 ./Middlewares/Third_Party/FreeRTOS/Source/list.o
                0x0800a9ac                uxListRemove
 .text.prvIsQueueEmpty
                0x0800a9cc       0x16 ./Middlewares/Third_Party/FreeRTOS/Source/queue.o
 .text.prvCopyDataToQueue
                0x0800a9e2       0x66 ./Middlewares/Third_Party/FreeRTOS/Source/queue.o
 .text.prvCopyDataFromQueue
                0x0800aa48       0x2a ./Middlewares/Third_Party/FreeRTOS/Source/queue.o
 .text.prvUnlockQueue
                0x0800aa72       0x70 ./Middlewares/Third_Party/FreeRTOS/Source/queue.o
 .text.xQueueGenericReset
                0x0800aae2       0x7e ./Middlewares/Third_Party/FreeRTOS/Source/queue.o
                0x0800aae2                xQueueGenericReset
 .text.xQueueGenericCreateStatic
                0x0800ab60       0x9c ./Middlewares/Third_Party/FreeRTOS/Source/queue.o
                0x0800ab60                xQueueGenericCreateStatic
 .text.xQueueGenericCreate
                0x0800abfc       0x4e ./Middlewares/Third_Party/FreeRTOS/Source/queue.o
                0x0800abfc                xQueueGenericCreate
 .text.xQueueCreateCountingSemaphoreStatic
                0x0800ac4a       0x44 ./Middlewares/Third_Party/FreeRTOS/Source/queue.o
                0x0800ac4a                xQueueCreateCountingSemaphoreStatic
 .text.xQueueCreateCountingSemaphore
                0x0800ac8e       0x3c ./Middlewares/Third_Party/FreeRTOS/Source/queue.o
                0x0800ac8e                xQueueCreateCountingSemaphore
 .text.xQueueGenericSend
                0x0800acca      0x164 ./Middlewares/Third_Party/FreeRTOS/Source/queue.o
                0x0800acca                xQueueGenericSend
 .text.xQueueGenericSendFromISR
                0x0800ae2e       0xba ./Middlewares/Third_Party/FreeRTOS/Source/queue.o
                0x0800ae2e                xQueueGenericSendFromISR
 .text.xQueueGiveFromISR
                0x0800aee8       0xa2 ./Middlewares/Third_Party/FreeRTOS/Source/queue.o
                0x0800aee8                xQueueGiveFromISR
 .text.xQueueReceive
                0x0800af8a      0x13c ./Middlewares/Third_Party/FreeRTOS/Source/queue.o
                0x0800af8a                xQueueReceive
 .text.xQueueSemaphoreTake
                0x0800b0c6      0x17a ./Middlewares/Third_Party/FreeRTOS/Source/queue.o
                0x0800b0c6                xQueueSemaphoreTake
 .text.xQueueReceiveFromISR
                0x0800b240       0x9a ./Middlewares/Third_Party/FreeRTOS/Source/queue.o
                0x0800b240                xQueueReceiveFromISR
 *fill*         0x0800b2da        0x2 
 .text.vQueueAddToRegistry
                0x0800b2dc       0x24 ./Middlewares/Third_Party/FreeRTOS/Source/queue.o
                0x0800b2dc                vQueueAddToRegistry
 .text.vQueueUnregisterQueue
                0x0800b300       0x30 ./Middlewares/Third_Party/FreeRTOS/Source/queue.o
                0x0800b300                vQueueUnregisterQueue
 .text.vQueueDelete
                0x0800b330       0x2a ./Middlewares/Third_Party/FreeRTOS/Source/queue.o
                0x0800b330                vQueueDelete
 .text.vQueueWaitForMessageRestricted
                0x0800b35a       0x46 ./Middlewares/Third_Party/FreeRTOS/Source/queue.o
                0x0800b35a                vQueueWaitForMessageRestricted
 .text.prvAddNewTaskToReadyList
                0x0800b3a0       0xfc ./Middlewares/Third_Party/FreeRTOS/Source/tasks.o
 .text.prvAddCurrentTaskToDelayedList
                0x0800b49c       0x70 ./Middlewares/Third_Party/FreeRTOS/Source/tasks.o
 .text.prvResetNextTaskUnblockTime
                0x0800b50c       0x24 ./Middlewares/Third_Party/FreeRTOS/Source/tasks.o
 .text.prvDeleteTCB
                0x0800b530       0x3c ./Middlewares/Third_Party/FreeRTOS/Source/tasks.o
 .text.prvIdleTask
                0x0800b56c       0x60 ./Middlewares/Third_Party/FreeRTOS/Source/tasks.o
 .text.prvInitialiseNewTask.constprop.0
                0x0800b5cc       0xb8 ./Middlewares/Third_Party/FreeRTOS/Source/tasks.o
 .text.xTaskCreateStatic
                0x0800b684       0x70 ./Middlewares/Third_Party/FreeRTOS/Source/tasks.o
                0x0800b684                xTaskCreateStatic
 .text.xTaskCreate
                0x0800b6f4       0x5c ./Middlewares/Third_Party/FreeRTOS/Source/tasks.o
                0x0800b6f4                xTaskCreate
 .text.vTaskStartScheduler
                0x0800b750       0xa0 ./Middlewares/Third_Party/FreeRTOS/Source/tasks.o
                0x0800b750                vTaskStartScheduler
 .text.vTaskSuspendAll
                0x0800b7f0       0x10 ./Middlewares/Third_Party/FreeRTOS/Source/tasks.o
                0x0800b7f0                vTaskSuspendAll
 .text.xTaskGetTickCount
                0x0800b800        0xc ./Middlewares/Third_Party/FreeRTOS/Source/tasks.o
                0x0800b800                xTaskGetTickCount
 .text.xTaskIncrementTick
                0x0800b80c      0x12c ./Middlewares/Third_Party/FreeRTOS/Source/tasks.o
                0x0800b80c                xTaskIncrementTick
 .text.xTaskResumeAll
                0x0800b938       0xe8 ./Middlewares/Third_Party/FreeRTOS/Source/tasks.o
                0x0800b938                xTaskResumeAll
 .text.vTaskDelay
                0x0800ba20       0x48 ./Middlewares/Third_Party/FreeRTOS/Source/tasks.o
                0x0800ba20                vTaskDelay
 .text.vTaskSwitchContext
                0x0800ba68       0x80 ./Middlewares/Third_Party/FreeRTOS/Source/tasks.o
                0x0800ba68                vTaskSwitchContext
 .text.vTaskPlaceOnEventList
                0x0800bae8       0x34 ./Middlewares/Third_Party/FreeRTOS/Source/tasks.o
                0x0800bae8                vTaskPlaceOnEventList
 .text.vTaskPlaceOnEventListRestricted
                0x0800bb1c       0x3c ./Middlewares/Third_Party/FreeRTOS/Source/tasks.o
                0x0800bb1c                vTaskPlaceOnEventListRestricted
 .text.xTaskRemoveFromEventList
                0x0800bb58       0x84 ./Middlewares/Third_Party/FreeRTOS/Source/tasks.o
                0x0800bb58                xTaskRemoveFromEventList
 .text.vTaskInternalSetTimeOutState
                0x0800bbdc       0x18 ./Middlewares/Third_Party/FreeRTOS/Source/tasks.o
                0x0800bbdc                vTaskInternalSetTimeOutState
 .text.xTaskCheckForTimeOut
                0x0800bbf4       0x78 ./Middlewares/Third_Party/FreeRTOS/Source/tasks.o
                0x0800bbf4                xTaskCheckForTimeOut
 .text.vTaskMissedYield
                0x0800bc6c        0xc ./Middlewares/Third_Party/FreeRTOS/Source/tasks.o
                0x0800bc6c                vTaskMissedYield
 .text.xTaskGetSchedulerState
                0x0800bc78       0x20 ./Middlewares/Third_Party/FreeRTOS/Source/tasks.o
                0x0800bc78                xTaskGetSchedulerState
 .text.xTaskPriorityInherit
                0x0800bc98       0x7c ./Middlewares/Third_Party/FreeRTOS/Source/tasks.o
                0x0800bc98                xTaskPriorityInherit
 .text.xTaskPriorityDisinherit
                0x0800bd14       0x84 ./Middlewares/Third_Party/FreeRTOS/Source/tasks.o
                0x0800bd14                xTaskPriorityDisinherit
 .text.vTaskPriorityDisinheritAfterTimeout
                0x0800bd98       0x9c ./Middlewares/Third_Party/FreeRTOS/Source/tasks.o
                0x0800bd98                vTaskPriorityDisinheritAfterTimeout
 .text.pvTaskIncrementMutexHeldCount
                0x0800be34       0x18 ./Middlewares/Third_Party/FreeRTOS/Source/tasks.o
                0x0800be34                pvTaskIncrementMutexHeldCount
 .text.prvInsertTimerInActiveList
                0x0800be4c       0x3c ./Middlewares/Third_Party/FreeRTOS/Source/timers.o
 .text.prvCheckForValidListAndQueue
                0x0800be88       0x68 ./Middlewares/Third_Party/FreeRTOS/Source/timers.o
 .text.xTimerCreateTimerTask
                0x0800bef0       0x64 ./Middlewares/Third_Party/FreeRTOS/Source/timers.o
                0x0800bef0                xTimerCreateTimerTask
 .text.xTimerGenericCommand
                0x0800bf54       0x54 ./Middlewares/Third_Party/FreeRTOS/Source/timers.o
                0x0800bf54                xTimerGenericCommand
 .text.prvSampleTimeNow
                0x0800bfa8       0xa4 ./Middlewares/Third_Party/FreeRTOS/Source/timers.o
 .text.prvTimerTask
                0x0800c04c      0x1cc ./Middlewares/Third_Party/FreeRTOS/Source/timers.o
 .text.prvPortStartFirstTask
                0x0800c218       0x28 ./Middlewares/Third_Party/FreeRTOS/Source/portable/GCC/ARM_CM4F/port.o
 .text.vPortEnableVFP
                0x0800c240       0x14 ./Middlewares/Third_Party/FreeRTOS/Source/portable/GCC/ARM_CM4F/port.o
 .text.prvTaskExitError
                0x0800c254       0x40 ./Middlewares/Third_Party/FreeRTOS/Source/portable/GCC/ARM_CM4F/port.o
 .text.pxPortInitialiseStack
                0x0800c294       0x24 ./Middlewares/Third_Party/FreeRTOS/Source/portable/GCC/ARM_CM4F/port.o
                0x0800c294                pxPortInitialiseStack
 *fill*         0x0800c2b8        0x8 
 .text.SVC_Handler
                0x0800c2c0       0x24 ./Middlewares/Third_Party/FreeRTOS/Source/portable/GCC/ARM_CM4F/port.o
                0x0800c2c0                SVC_Handler
 .text.vPortEnterCritical
                0x0800c2e4       0x40 ./Middlewares/Third_Party/FreeRTOS/Source/portable/GCC/ARM_CM4F/port.o
                0x0800c2e4                vPortEnterCritical
 .text.vPortExitCritical
                0x0800c324       0x28 ./Middlewares/Third_Party/FreeRTOS/Source/portable/GCC/ARM_CM4F/port.o
                0x0800c324                vPortExitCritical
 *fill*         0x0800c34c        0x4 
 .text.PendSV_Handler
                0x0800c350       0x64 ./Middlewares/Third_Party/FreeRTOS/Source/portable/GCC/ARM_CM4F/port.o
                0x0800c350                PendSV_Handler
 .text.xPortSysTickHandler
                0x0800c3b4       0x2c ./Middlewares/Third_Party/FreeRTOS/Source/portable/GCC/ARM_CM4F/port.o
                0x0800c3b4                xPortSysTickHandler
 .text.vPortSetupTimerInterrupt
                0x0800c3e0       0x24 ./Middlewares/Third_Party/FreeRTOS/Source/portable/GCC/ARM_CM4F/port.o
                0x0800c3e0                vPortSetupTimerInterrupt
 .text.xPortStartScheduler
                0x0800c404      0x104 ./Middlewares/Third_Party/FreeRTOS/Source/portable/GCC/ARM_CM4F/port.o
                0x0800c404                xPortStartScheduler
 .text.vPortValidateInterruptPriority
                0x0800c508       0x5c ./Middlewares/Third_Party/FreeRTOS/Source/portable/GCC/ARM_CM4F/port.o
                0x0800c508                vPortValidateInterruptPriority
 .text.prvInsertBlockIntoFreeList
                0x0800c564       0x4c ./Middlewares/Third_Party/FreeRTOS/Source/portable/MemMang/heap_4.o
 .text.pvPortMalloc
                0x0800c5b0      0x130 ./Middlewares/Third_Party/FreeRTOS/Source/portable/MemMang/heap_4.o
                0x0800c5b0                pvPortMalloc
 .text.vPortFree
                0x0800c6e0       0x7c ./Middlewares/Third_Party/FreeRTOS/Source/portable/MemMang/heap_4.o
                0x0800c6e0                vPortFree
 .text._Z11StartupLEDSP4LEDS
                0x0800c75c       0x52 ./Platform/PlatformLEDs/PlatformLEDs.o
                0x0800c75c                StartupLEDS(LEDS*)
 .text._Z11IDFoundLEDSP4LEDS
                0x0800c7ae        0x8 ./Platform/PlatformLEDs/PlatformLEDs.o
                0x0800c7ae                IDFoundLEDS(LEDS*)
 .text._Z16CommunicationLEDP4LEDSh
                0x0800c7b6        0xc ./Platform/PlatformLEDs/PlatformLEDs.o
                0x0800c7b6                CommunicationLED(LEDS*, unsigned char)
 *fill*         0x0800c7c2        0x2 
 .text._ZN9Registers9GetTypeIDIfEEhPb.isra.0
                0x0800c7c4       0xc4 ./Platform/PlatformSensors/PlatformSensors.o
 .text._ZN15PlatformSensorsC2Ev
                0x0800c888        0x2 ./Platform/PlatformSensors/PlatformSensors.o
                0x0800c888                PlatformSensors::PlatformSensors()
                0x0800c888                PlatformSensors::PlatformSensors()
 *fill*         0x0800c88a        0x2 
 .text._ZN9Registers12ReadRegisterIfEEbtPT_Ptb
                0x0800c88c      0x174 ./Platform/PlatformSensors/PlatformSensors.o
                0x0800c88c                bool Registers::ReadRegister<float>(unsigned short, float*, unsigned short*, bool)
 .text._ZNSt12_Vector_baseIP21CommunicationProtocolSaIS1_EE13_M_deallocateEPS1_j.part.0
                0x0800ca00        0x6 ./Src/Communication/Communication.o
 .text._ZNSt12_Vector_baseIfSaIfEE11_M_allocateEj.isra.0
                0x0800ca06       0x24 ./Src/Communication/Communication.o
 .text._ZNSt12_Vector_baseIaSaIaEE11_M_allocateEj.isra.0
                0x0800ca2a       0x16 ./Src/Communication/Communication.o
 .text._ZNSt12_Vector_baseImSaImEE11_M_allocateEj.isra.0
                0x0800ca40       0x24 ./Src/Communication/Communication.o
 .text._ZN9Registers9GetTypeIDIfEEhPb.isra.0
                0x0800ca64       0xc4 ./Src/Communication/Communication.o
 .text._ZN9Registers9GetTypeIDIaEEhPb.isra.0
                0x0800cb28       0xc4 ./Src/Communication/Communication.o
 .text._ZN9Registers9GetTypeIDImEEhPb.isra.0
                0x0800cbec       0xc4 ./Src/Communication/Communication.o
 .text._ZN13Communication13ExtractSingleIfEET_St6vectorIhSaIhEEtPb.isra.0
                0x0800ccb0       0x3c ./Src/Communication/Communication.o
 .text._ZN13Communication13ExtractSingleIaEET_St6vectorIhSaIhEEtPb.isra.0
                0x0800ccec       0x1a ./Src/Communication/Communication.o
 .text._ZN13Communication13ExtractSingleImEET_St6vectorIhSaIhEEtPb.isra.0
                0x0800cd06       0x32 ./Src/Communication/Communication.o
 .text._ZN13Communication13ExtractSingleIhEET_St6vectorIhSaIhEEtPb.isra.0
                0x0800cd38       0x1a ./Src/Communication/Communication.o
 .text._ZNSt12_Vector_baseIhSaIhEE11_M_allocateEj.isra.0
                0x0800cd52       0x16 ./Src/Communication/Communication.o
 .text._ZN9Registers9GetTypeIDIhEEhPb.isra.0
                0x0800cd68       0xc4 ./Src/Communication/Communication.o
 .text._ZN13CommunicationC2Ev
                0x0800ce2c       0x1a ./Src/Communication/Communication.o
                0x0800ce2c                Communication::Communication()
                0x0800ce2c                Communication::Communication()
 .text._ZN13Communication4InitEP9RegistersP8ServicesP17MasterSubscribersP4LEDS
                0x0800ce46       0x22 ./Src/Communication/Communication.o
                0x0800ce46                Communication::Init(Registers*, Services*, MasterSubscribers*, LEDS*)
 .text._ZN13Communication12FindProtocolEhPb
                0x0800ce68       0x30 ./Src/Communication/Communication.o
                0x0800ce68                Communication::FindProtocol(unsigned char, bool*)
 .text._ZN13Communication16InGroupAddressesEh
                0x0800ce98       0x18 ./Src/Communication/Communication.o
                0x0800ce98                Communication::InGroupAddresses(unsigned char)
 .text._ZN13Communication13AcceptMessageE13MessageHeader
                0x0800ceb0       0x14 ./Src/Communication/Communication.o
                0x0800ceb0                Communication::AcceptMessage(MessageHeader)
 .text._ZN13Communication5GetIDEPvPb
                0x0800cec4       0x28 ./Src/Communication/Communication.o
                0x0800cec4                Communication::GetID(void*, bool*)
 .text._ZN13Communication9GetBufferEhPb
                0x0800ceec       0x16 ./Src/Communication/Communication.o
                0x0800ceec                Communication::GetBuffer(unsigned char, bool*)
 .text._ZN13Communication14GetBufferIndexEhPb
                0x0800cf02       0x1e ./Src/Communication/Communication.o
                0x0800cf02                Communication::GetBufferIndex(unsigned char, bool*)
 .text._ZN13Communication27GetProtocolPayloadMaxLengthEhPb
                0x0800cf20       0x18 ./Src/Communication/Communication.o
                0x0800cf20                Communication::GetProtocolPayloadMaxLength(unsigned char, bool*)
 .text._ZN13Communication17ActivateReceptionEh
                0x0800cf38       0x26 ./Src/Communication/Communication.o
                0x0800cf38                Communication::ActivateReception(unsigned char)
 .text._ZN13Communication16SetModuleAddressEh
                0x0800cf5e       0x1c ./Src/Communication/Communication.o
                0x0800cf5e                Communication::SetModuleAddress(unsigned char)
 .text._ZNSt6vectorIhSaIhEEaSEOS1_.isra.0
                0x0800cf7a       0x2e ./Src/Communication/Communication.o
 .text._ZNSt6vectorIhSaIhEE5clearEv
                0x0800cfa8        0xc ./Src/Communication/Communication.o
                0x0800cfa8                std::vector<unsigned char, std::allocator<unsigned char> >::clear()
 .text._ZN13Communication17ClearGroupAddressEv
                0x0800cfb4       0x22 ./Src/Communication/Communication.o
                0x0800cfb4                Communication::ClearGroupAddress()
 .text._ZZN13Communication12AddRegistersEvENUlPvtPhtE2_4_FUNES0_tS1_t
                0x0800cfd6        0x4 ./Src/Communication/Communication.o
 *fill*         0x0800cfda        0x2 
 .text._ZNSt6vectorI17RegisterCallbacksIhESaIS1_EE2atEj
                0x0800cfdc       0x24 ./Src/Communication/Communication.o
                0x0800cfdc                std::vector<RegisterCallbacks<unsigned char>, std::allocator<RegisterCallbacks<unsigned char> > >::at(unsigned int)
 .text._ZNSt6vectorI13MessageHeaderSaIS0_EE8_M_eraseEN9__gnu_cxx17__normal_iteratorIPS0_S2_EE
                0x0800d000       0x58 ./Src/Communication/Communication.o
                0x0800d000                std::vector<MessageHeader, std::allocator<MessageHeader> >::_M_erase(__gnu_cxx::__normal_iterator<MessageHeader*, std::vector<MessageHeader, std::allocator<MessageHeader> > >)
 .text._ZNSt6vectorIP21CommunicationProtocolSaIS1_EE17_M_realloc_insertIJRKS1_EEEvN9__gnu_cxx17__normal_iteratorIPS1_S3_EEDpOT_
                0x0800d058       0xa4 ./Src/Communication/Communication.o
                0x0800d058                void std::vector<CommunicationProtocol*, std::allocator<CommunicationProtocol*> >::_M_realloc_insert<CommunicationProtocol* const&>(__gnu_cxx::__normal_iterator<CommunicationProtocol**, std::vector<CommunicationProtocol*, std::allocator<CommunicationProtocol*> > >, CommunicationProtocol* const&)
 .text._ZN13Communication11AddProtocolEP21CommunicationProtocol
                0x0800d0fc       0x36 ./Src/Communication/Communication.o
                0x0800d0fc                Communication::AddProtocol(CommunicationProtocol*)
 *fill*         0x0800d132        0x2 
 .text._ZNSt6vectorI21RegisterConfigurationSaIS0_EE17_M_realloc_insertIJRKS0_EEEvN9__gnu_cxx17__normal_iteratorIPS0_S2_EEDpOT_
                0x0800d134       0xc0 ./Src/Communication/Communication.o
                0x0800d134                void std::vector<RegisterConfiguration, std::allocator<RegisterConfiguration> >::_M_realloc_insert<RegisterConfiguration const&>(__gnu_cxx::__normal_iterator<RegisterConfiguration*, std::vector<RegisterConfiguration, std::allocator<RegisterConfiguration> > >, RegisterConfiguration const&)
 .text._ZN9Registers11AddRegisterIhEEbt.isra.0
                0x0800d1f4       0x78 ./Src/Communication/Communication.o
 .text._ZNSt6vectorI17RegisterCallbacksIhESaIS1_EE17_M_realloc_insertIJRKS1_EEEvN9__gnu_cxx17__normal_iteratorIPS1_S3_EEDpOT_
                0x0800d26c       0xa8 ./Src/Communication/Communication.o
                0x0800d26c                void std::vector<RegisterCallbacks<unsigned char>, std::allocator<RegisterCallbacks<unsigned char> > >::_M_realloc_insert<RegisterCallbacks<unsigned char> const&>(__gnu_cxx::__normal_iterator<RegisterCallbacks<unsigned char>*, std::vector<RegisterCallbacks<unsigned char>, std::allocator<RegisterCallbacks<unsigned char> > > >, RegisterCallbacks<unsigned char> const&)
 .text._ZNSt6vectorI17RegisterCallbacksIhESaIS1_EE9push_backERKS1_
                0x0800d314       0x22 ./Src/Communication/Communication.o
                0x0800d314                std::vector<RegisterCallbacks<unsigned char>, std::allocator<RegisterCallbacks<unsigned char> > >::push_back(RegisterCallbacks<unsigned char> const&)
 .text._ZN9Registers18AddRegisterPointerIhEEbtPT_.isra.0
                0x0800d336       0x82 ./Src/Communication/Communication.o
 .text._ZN9Registers16AddWriteCallbackIhEEbtPvPFbS1_tPT_tE.isra.0
                0x0800d3b8       0x86 ./Src/Communication/Communication.o
 *fill*         0x0800d43e        0x2 
 .text._ZN13Communication12AddRegistersEv
                0x0800d440       0xf4 ./Src/Communication/Communication.o
                0x0800d440                Communication::AddRegisters()
 .text._ZNSt12_Vector_baseImSaImEED2Ev
                0x0800d534       0x16 ./Src/Communication/Communication.o
                0x0800d534                std::_Vector_base<unsigned long, std::allocator<unsigned long> >::~_Vector_base()
                0x0800d534                std::_Vector_base<unsigned long, std::allocator<unsigned long> >::~_Vector_base()
 .text._ZNSt6vectorImSaImEEaSEOS1_.isra.0
                0x0800d54a       0x2e ./Src/Communication/Communication.o
 .text._ZN23SubscriberConfigurationD2Ev
                0x0800d578       0x26 ./Src/Communication/Communication.o
                0x0800d578                SubscriberConfiguration::~SubscriberConfiguration()
                0x0800d578                SubscriberConfiguration::~SubscriberConfiguration()
 .text._ZNSt12_Vector_baseIaSaIaEED2Ev
                0x0800d59e       0x14 ./Src/Communication/Communication.o
                0x0800d59e                std::_Vector_base<signed char, std::allocator<signed char> >::~_Vector_base()
                0x0800d59e                std::_Vector_base<signed char, std::allocator<signed char> >::~_Vector_base()
 .text._ZNSt6vectorIaSaIaEEaSEOS1_.isra.0
                0x0800d5b2       0x2e ./Src/Communication/Communication.o
 .text._ZNSt6vectorIfSaIfEEaSEOS1_.isra.0
                0x0800d5e0       0x2e ./Src/Communication/Communication.o
 *fill*         0x0800d60e        0x2 
 .text._ZNSt6vectorIhSaIhEE12emplace_backIJhEEEvDpOT_
                0x0800d610       0x64 ./Src/Communication/Communication.o
                0x0800d610                void std::vector<unsigned char, std::allocator<unsigned char> >::emplace_back<unsigned char>(unsigned char&&)
 .text._ZN13Communication15AddGroupAddressEh
                0x0800d674       0x80 ./Src/Communication/Communication.o
                0x0800d674                Communication::AddGroupAddress(unsigned char)
 .text._ZZN13Communication12AddRegistersEvENUlPvtPhtE0_4_FUNES0_tS1_t