Archive member included to satisfy reference by file (symbol)

C:/ST/STM32CubeIDE_1.16.1/STM32CubeIDE/plugins/com.st.stm32cube.ide.mcu.externaltools.gnu-tools-for-stm32.12.3.rel1.win32_1.0.200.202406191623/tools/bin/../lib/gcc/arm-none-eabi/12.3.1/../../../../arm-none-eabi/lib/thumb/v7e-m+dp/hard\libstdc++_nano.a(class_type_info.o)
                              ./Src/Protocols/Communication/Core/CommunicationProtocol.o (vtable for __cxxabiv1::__class_type_info)
C:/ST/STM32CubeIDE_1.16.1/STM32CubeIDE/plugins/com.st.stm32cube.ide.mcu.externaltools.gnu-tools-for-stm32.12.3.rel1.win32_1.0.200.202406191623/tools/bin/../lib/gcc/arm-none-eabi/12.3.1/../../../../arm-none-eabi/lib/thumb/v7e-m+dp/hard\libstdc++_nano.a(del_ops.o)
                              ./Core/Src/main.o (operator delete(void*, unsigned int))
C:/ST/STM32CubeIDE_1.16.1/STM32CubeIDE/plugins/com.st.stm32cube.ide.mcu.externaltools.gnu-tools-for-stm32.12.3.rel1.win32_1.0.200.202406191623/tools/bin/../lib/gcc/arm-none-eabi/12.3.1/../../../../arm-none-eabi/lib/thumb/v7e-m+dp/hard\libstdc++_nano.a(fundamental_type_info.o)
                              ./Core/Src/main.o (typeinfo for double)
C:/ST/STM32CubeIDE_1.16.1/STM32CubeIDE/plugins/com.st.stm32cube.ide.mcu.externaltools.gnu-tools-for-stm32.12.3.rel1.win32_1.0.200.202406191623/tools/bin/../lib/gcc/arm-none-eabi/12.3.1/../../../../arm-none-eabi/lib/thumb/v7e-m+dp/hard\libstdc++_nano.a(guard.o)
                              ./User/User.o (__cxa_guard_acquire)
C:/ST/STM32CubeIDE_1.16.1/STM32CubeIDE/plugins/com.st.stm32cube.ide.mcu.externaltools.gnu-tools-for-stm32.12.3.rel1.win32_1.0.200.202406191623/tools/bin/../lib/gcc/arm-none-eabi/12.3.1/../../../../arm-none-eabi/lib/thumb/v7e-m+dp/hard\libstdc++_nano.a(new_op.o)
                              ./Core/Src/main.o (operator new(unsigned int))
C:/ST/STM32CubeIDE_1.16.1/STM32CubeIDE/plugins/com.st.stm32cube.ide.mcu.externaltools.gnu-tools-for-stm32.12.3.rel1.win32_1.0.200.202406191623/tools/bin/../lib/gcc/arm-none-eabi/12.3.1/../../../../arm-none-eabi/lib/thumb/v7e-m+dp/hard\libstdc++_nano.a(pointer_type_info.o)
                              C:/ST/STM32CubeIDE_1.16.1/STM32CubeIDE/plugins/com.st.stm32cube.ide.mcu.externaltools.gnu-tools-for-stm32.12.3.rel1.win32_1.0.200.202406191623/tools/bin/../lib/gcc/arm-none-eabi/12.3.1/../../../../arm-none-eabi/lib/thumb/v7e-m+dp/hard\libstdc++_nano.a(fundamental_type_info.o) (vtable for __cxxabiv1::__pointer_type_info)
C:/ST/STM32CubeIDE_1.16.1/STM32CubeIDE/plugins/com.st.stm32cube.ide.mcu.externaltools.gnu-tools-for-stm32.12.3.rel1.win32_1.0.200.202406191623/tools/bin/../lib/gcc/arm-none-eabi/12.3.1/../../../../arm-none-eabi/lib/thumb/v7e-m+dp/hard\libstdc++_nano.a(si_class_type_info.o)
                              ./Core/Src/main.o (vtable for __cxxabiv1::__si_class_type_info)
C:/ST/STM32CubeIDE_1.16.1/STM32CubeIDE/plugins/com.st.stm32cube.ide.mcu.externaltools.gnu-tools-for-stm32.12.3.rel1.win32_1.0.200.202406191623/tools/bin/../lib/gcc/arm-none-eabi/12.3.1/../../../../arm-none-eabi/lib/thumb/v7e-m+dp/hard\libstdc++_nano.a(tinfo.o)
                              C:/ST/STM32CubeIDE_1.16.1/STM32CubeIDE/plugins/com.st.stm32cube.ide.mcu.externaltools.gnu-tools-for-stm32.12.3.rel1.win32_1.0.200.202406191623/tools/bin/../lib/gcc/arm-none-eabi/12.3.1/../../../../arm-none-eabi/lib/thumb/v7e-m+dp/hard\libstdc++_nano.a(class_type_info.o) (std::type_info::~type_info())
C:/ST/STM32CubeIDE_1.16.1/STM32CubeIDE/plugins/com.st.stm32cube.ide.mcu.externaltools.gnu-tools-for-stm32.12.3.rel1.win32_1.0.200.202406191623/tools/bin/../lib/gcc/arm-none-eabi/12.3.1/../../../../arm-none-eabi/lib/thumb/v7e-m+dp/hard\libstdc++_nano.a(functexcept.o)
                              ./Core/Src/main.o (std::__throw_bad_alloc())
C:/ST/STM32CubeIDE_1.16.1/STM32CubeIDE/plugins/com.st.stm32cube.ide.mcu.externaltools.gnu-tools-for-stm32.12.3.rel1.win32_1.0.200.202406191623/tools/bin/../lib/gcc/arm-none-eabi/12.3.1/../../../../arm-none-eabi/lib/thumb/v7e-m+dp/hard\libstdc++_nano.a(del_op.o)
                              C:/ST/STM32CubeIDE_1.16.1/STM32CubeIDE/plugins/com.st.stm32cube.ide.mcu.externaltools.gnu-tools-for-stm32.12.3.rel1.win32_1.0.200.202406191623/tools/bin/../lib/gcc/arm-none-eabi/12.3.1/../../../../arm-none-eabi/lib/thumb/v7e-m+dp/hard\libstdc++_nano.a(del_ops.o) (operator delete(void*))
C:/ST/STM32CubeIDE_1.16.1/STM32CubeIDE/plugins/com.st.stm32cube.ide.mcu.externaltools.gnu-tools-for-stm32.12.3.rel1.win32_1.0.200.202406191623/tools/bin/../lib/gcc/arm-none-eabi/12.3.1/../../../../arm-none-eabi/lib/thumb/v7e-m+dp/hard\libstdc++_nano.a(new_handler.o)
                              C:/ST/STM32CubeIDE_1.16.1/STM32CubeIDE/plugins/com.st.stm32cube.ide.mcu.externaltools.gnu-tools-for-stm32.12.3.rel1.win32_1.0.200.202406191623/tools/bin/../lib/gcc/arm-none-eabi/12.3.1/../../../../arm-none-eabi/lib/thumb/v7e-m+dp/hard\libstdc++_nano.a(new_op.o) (std::get_new_handler())
[...]
Memory Configuration

Name             Origin             Length             Attributes
FLASH            0x08000000         0x00020000         xr
DTCMRAM          0x20000000         0x00020000         xrw
RAM_D1           0x24000000         0x00080000         xrw
RAM_D2           0x30000000         0x00048000         xrw
RAM_D3           0x38000000         0x00010000         xrw
ITCMRAM          0x00000000         0x00010000         xrw
*default*        0x00000000         0xffffffff

Linker script and memory map

LOAD C:/ST/STM32CubeIDE_1.16.1/STM32CubeIDE/plugins/com.st.stm32cube.ide.mcu.externaltools.gnu-tools-for-stm32.12.3.rel1.win32_1.0.200.202406191623/tools/bin/../lib/gcc/arm-none-eabi/12.3.1/thumb/v7e-m+dp/hard/crti.o
LOAD C:/ST/STM32CubeIDE_1.16.1/STM32CubeIDE/plugins/com.st.stm32cube.ide.mcu.externaltools.gnu-tools-for-stm32.12.3.rel1.win32_1.0.200.202406191623/tools/bin/../lib/gcc/arm-none-eabi/12.3.1/thumb/v7e-m+dp/hard/crtbegin.o
LOAD C:/ST/STM32CubeIDE_1.16.1/STM32CubeIDE/plugins/com.st.stm32cube.ide.mcu.externaltools.gnu-tools-for-stm32.12.3.rel1.win32_1.0.200.202406191623/tools/bin/../lib/gcc/arm-none-eabi/12.3.1/../../../../arm-none-eabi/lib/thumb/v7e-m+dp/hard/crt0.o
LOAD ./Core/Src/freertos.o
LOAD ./Core/Src/main.o
LOAD ./Core/Src/stm32h7xx_hal_msp.o
LOAD ./Core/Src/stm32h7xx_hal_timebase_tim.o
LOAD ./Core/Src/stm32h7xx_it.o
LOAD ./Core/Src/syscalls.o
LOAD ./Core/Src/sysmem.o
LOAD ./Core/Src/system_stm32h7xx.o
LOAD ./Core/Startup/startup_stm32h750vbtx.o
LOAD ./Drivers/STM32H7xx_HAL_Driver/Src/stm32h7xx_hal.o
LOAD ./Drivers/STM32H7xx_HAL_Driver/Src/stm32h7xx_hal_adc.o
LOAD ./Drivers/STM32H7xx_HAL_Driver/Src/stm32h7xx_hal_adc_ex.o
LOAD ./Drivers/STM32H7xx_HAL_Driver/Src/stm32h7xx_hal_cortex.o
LOAD ./Drivers/STM32H7xx_HAL_Driver/Src/stm32h7xx_hal_dma.o
LOAD ./Drivers/STM32H7xx_HAL_Driver/Src/stm32h7xx_hal_dma_ex.o
LOAD ./Drivers/STM32H7xx_HAL_Driver/Src/stm32h7xx_hal_exti.o
LOAD ./Drivers/STM32H7xx_HAL_Driver/Src/stm32h7xx_hal_fdcan.o
LOAD ./Drivers/STM32H7xx_HAL_Driver/Src/stm32h7xx_hal_flash.o
LOAD ./Drivers/STM32H7xx_HAL_Driver/Src/stm32h7xx_hal_flash_ex.o
LOAD ./Drivers/STM32H7xx_HAL_Driver/Src/stm32h7xx_hal_gpio.o
LOAD ./Drivers/STM32H7xx_HAL_Driver/Src/stm32h7xx_hal_hsem.o
LOAD ./Drivers/STM32H7xx_HAL_Driver/Src/stm32h7xx_hal_i2c.o
LOAD ./Drivers/STM32H7xx_HAL_Driver/Src/stm32h7xx_hal_i2c_ex.o
LOAD ./Drivers/STM32H7xx_HAL_Driver/Src/stm32h7xx_hal_mdma.o
LOAD ./Drivers/STM32H7xx_HAL_Driver/Src/stm32h7xx_hal_pwr.o
LOAD ./Drivers/STM32H7xx_HAL_Driver/Src/stm32h7xx_hal_pwr_ex.o
LOAD ./Drivers/STM32H7xx_HAL_Driver/Src/stm32h7xx_hal_rcc.o
LOAD ./Drivers/STM32H7xx_HAL_Driver/Src/stm32h7xx_hal_rcc_ex.o
LOAD ./Drivers/STM32H7xx_HAL_Driver/Src/stm32h7xx_hal_sd.o
LOAD ./Drivers/STM32H7xx_HAL_Driver/Src/stm32h7xx_hal_sd_ex.o
LOAD ./Drivers/STM32H7xx_HAL_Driver/Src/stm32h7xx_hal_tim.o
LOAD ./Drivers/STM32H7xx_HAL_Driver/Src/stm32h7xx_hal_tim_ex.o
LOAD ./Drivers/STM32H7xx_HAL_Driver/Src/stm32h7xx_hal_uart.o
LOAD ./Drivers/STM32H7xx_HAL_Driver/Src/stm32h7xx_hal_uart_ex.o
LOAD ./Drivers/STM32H7xx_HAL_Driver/Src/stm32h7xx_ll_delayblock.o
LOAD ./Drivers/STM32H7xx_HAL_Driver/Src/stm32h7xx_ll_sdmmc.o
LOAD ./Middlewares/Third_Party/FreeRTOS/Source/CMSIS_RTOS_V2/cmsis_os2.o
LOAD ./Middlewares/Third_Party/FreeRTOS/Source/croutine.o
LOAD ./Middlewares/Third_Party/FreeRTOS/Source/event_groups.o
LOAD ./Middlewares/Third_Party/FreeRTOS/Source/list.o
LOAD ./Middlewares/Third_Party/FreeRTOS/Source/queue.o
LOAD ./Middlewares/Third_Party/FreeRTOS/Source/stream_buffer.o
LOAD ./Middlewares/Third_Party/FreeRTOS/Source/tasks.o
LOAD ./Middlewares/Third_Party/FreeRTOS/Source/timers.o
LOAD ./Middlewares/Third_Party/FreeRTOS/Source/portable/GCC/ARM_CM4F/port.o
LOAD ./Middlewares/Third_Party/FreeRTOS/Source/portable/MemMang/heap_4.o
LOAD ./Platform/PlatformLEDs/PlatformLEDs.o
LOAD ./Platform/PlatformSensors/PlatformSensors.o
LOAD ./Src/Communication/Communication.o
LOAD ./Src/HardwareDelay/HardwareDelay.o
LOAD ./Src/LEDs/LEDS.o
LOAD ./Src/MotionGenerator/MotionGenerator.o
LOAD ./Src/Protocols/Communication/Core/CommunicationProtocol.o
LOAD ./Src/Protocols/Communication/FDCAN/CANProtocol.o
LOAD ./Src/Protocols/Communication/UART/UARTProtocol.o
LOAD ./Src/Publishers/Publishers.o
LOAD ./Src/Registers/Registers.o
LOAD ./Src/Sensors/Sensors.o
LOAD ./Src/Services/Services.o
LOAD ./Src/Subscribers/Core/Subscriber.o
LOAD ./Src/Subscribers/Example/ExampleSubscriber.o
LOAD ./Src/Subscribers/MasterSubscribers.o
LOAD ./User/CPG.o
LOAD ./User/User.o
START GROUP
LOAD C:/ST/STM32CubeIDE_1.16.1/STM32CubeIDE/plugins/com.st.stm32cube.ide.mcu.externaltools.gnu-tools-for-stm32.12.3.rel1.win32_1.0.200.202406191623/tools/bin/../lib/gcc/arm-none-eabi/12.3.1/../../../../arm-none-eabi/lib/thumb/v7e-m+dp/hard\libstdc++_nano.a
LOAD C:/ST/STM32CubeIDE_1.16.1/STM32CubeIDE/plugins/com.st.stm32cube.ide.mcu.externaltools.gnu-tools-for-stm32.12.3.rel1.win32_1.0.200.202406191623/tools/bin/../lib/gcc/arm-none-eabi/12.3.1/../../../../arm-none-eabi/lib/thumb/v7e-m+dp/hard\libsupc++_nano.a
END GROUP
LOAD C:/ST/STM32CubeIDE_1.16.1/STM32CubeIDE/plugins/com.st.stm32cube.ide.mcu.externaltools.gnu-tools-for-stm32.12.3.rel1.win32_1.0.200.202406191623/tools/bin/../lib/gcc/arm-none-eabi/12.3.1/../../../../arm-none-eabi/lib/thumb/v7e-m+dp/hard\libstdc++_nano.a
LOAD C:/ST/STM32CubeIDE_1.16.1/STM32CubeIDE/plugins/com.st.stm32cube.ide.mcu.externaltools.gnu-tools-for-stm32.12.3.rel1.win32_1.0.200.202406191623/tools/bin/../lib/gcc/arm-none-eabi/12.3.1/../../../../arm-none-eabi/lib/thumb/v7e-m+dp/hard\libm.a
LOAD C:/ST/STM32CubeIDE_1.16.1/STM32CubeIDE/plugins/com.st.stm32cube.ide.mcu.externaltools.gnu-tools-for-stm32.12.3.rel1.win32_1.0.200.202406191623/tools/bin/../lib/gcc/arm-none-eabi/12.3.1/../../../../arm-none-eabi/lib/thumb/v7e-m+dp/hard\libc_nano.a
START GROUP
LOAD C:/ST/STM32CubeIDE_1.16.1/STM32CubeIDE/plugins/com.st.stm32cube.ide.mcu.externaltools.gnu-tools-for-stm32.12.3.rel1.win32_1.0.200.202406191623/tools/bin/../lib/gcc/arm-none-eabi/12.3.1/thumb/v7e-m+dp/hard\libgcc.a
LOAD C:/ST/STM32CubeIDE_1.16.1/STM32CubeIDE/plugins/com.st.stm32cube.ide.mcu.externaltools.gnu-tools-for-stm32.12.3.rel1.win32_1.0.200.202406191623/tools/bin/../lib/gcc/arm-none-eabi/12.3.1/../../../../arm-none-eabi/lib/thumb/v7e-m+dp/hard\libc_nano.a
END GROUP
START GROUP
LOAD C:/ST/STM32CubeIDE_1.16.1/STM32CubeIDE/plugins/com.st.stm32cube.ide.mcu.externaltools.gnu-tools-for-stm32.12.3.rel1.win32_1.0.200.202406191623/tools/bin/../lib/gcc/arm-none-eabi/12.3.1/thumb/v7e-m+dp/hard\libgcc.a
LOAD C:/ST/STM32CubeIDE_1.16.1/STM32CubeIDE/plugins/com.st.stm32cube.ide.mcu.externaltools.gnu-tools-for-stm32.12.3.rel1.win32_1.0.200.202406191623/tools/bin/../lib/gcc/arm-none-eabi/12.3.1/../../../../arm-none-eabi/lib/thumb/v7e-m+dp/hard\libc_nano.a
LOAD C:/ST/STM32CubeIDE_1.16.1/STM32CubeIDE/plugins/com.st.stm32cube.ide.mcu.externaltools.gnu-tools-for-stm32.12.3.rel1.win32_1.0.200.202406191623/tools/bin/../lib/gcc/arm-none-eabi/12.3.1/../../../../arm-none-eabi/lib/thumb/v7e-m+dp/hard\libnosys.a
END GROUP
START GROUP
LOAD C:/ST/STM32CubeIDE_1.16.1/STM32CubeIDE/plugins/com.st.stm32cube.ide.mcu.externaltools.gnu-tools-for-stm32.12.3.rel1.win32_1.0.200.202406191623/tools/bin/../lib/gcc/arm-none-eabi/12.3.1/thumb/v7e-m+dp/hard\libgcc.a
LOAD C:/ST/STM32CubeIDE_1.16.1/STM32CubeIDE/plugins/com.st.stm32cube.ide.mcu.externaltools.gnu-tools-for-stm32.12.3.rel1.win32_1.0.200.202406191623/tools/bin/../lib/gcc/arm-none-eabi/12.3.1/../../../../arm-none-eabi/lib/thumb/v7e-m+dp/hard\libc_nano.a
LOAD C:/ST/STM32CubeIDE_1.16.1/STM32CubeIDE/plugins/com.st.stm32cube.ide.mcu.externaltools.gnu-tools-for-stm32.12.3.rel1.win32_1.0.200.202406191623/tools/bin/../lib/gcc/arm-none-eabi/12.3.1/../../../../arm-none-eabi/lib/thumb/v7e-m+dp/hard\libnosys.a
END GROUP
LOAD C:/ST/STM32CubeIDE_1.16.1/STM32CubeIDE/plugins/com.st.stm32cube.ide.mcu.externaltools.gnu-tools-for-stm32.12.3.rel1.win32_1.0.200.202406191623/tools/bin/../lib/gcc/arm-none-eabi/12.3.1/thumb/v7e-m+dp/hard/crtend.o
LOAD C:/ST/STM32CubeIDE_1.16.1/STM32CubeIDE/plugins/com.st.stm32cube.ide.mcu.externaltools.gnu-tools-for-stm32.12.3.rel1.win32_1.0.200.202406191623/tools/bin/../lib/gcc/arm-none-eabi/12.3.1/thumb/v7e-m+dp/hard/crtn.o
                0x24080000                        _estack = (ORIGIN (RAM_D1) + LENGTH (RAM_D1))
                0x00000200                        _Min_Heap_Size = 0x200
                0x00000400                        _Min_Stack_Size = 0x400

.isr_vector     0x08000000      0x298
                0x08000000                        . = ALIGN (0x4)
 *(.isr_vector)
 .isr_vector    0x08000000      0x298 ./Core/Startup/startup_stm32h750vbtx.o
                0x08000000                g_pfnVectors
                0x08000298                        . = ALIGN (0x4)

.text           0x080002a0    0x1a764
                0x080002a0                        . = ALIGN (0x4)
 *(.text)
 .text          0x080002a0       0x40 C:/ST/STM32CubeIDE_1.16.1/STM32CubeIDE/plugins/com.st.stm32cube.ide.mcu.externaltools.gnu-tools-for-stm32.12.3.rel1.win32_1.0.200.202406191623/tools/bin/../lib/gcc/arm-none-eabi/12.3.1/thumb/v7e-m+dp/hard/crtbegin.o
 .text          0x080002e0       0x14 C:/ST/STM32CubeIDE_1.16.1/STM32CubeIDE/plugins/com.st.stm32cube.ide.mcu.externaltools.gnu-tools-for-stm32.12.3.rel1.win32_1.0.200.202406191623/tools/bin/../lib/gcc/arm-none-eabi/12.3.1/../../../../arm-none-eabi/lib/thumb/v7e-m+dp/hard\libc_nano.a(libc_a-strcmp.o)
                0x080002e0                strcmp
 .text          0x080002f4      0x378 C:/ST/STM32CubeIDE_1.16.1/STM32CubeIDE/plugins/com.st.stm32cube.ide.mcu.externaltools.gnu-tools-for-stm32.12.3.rel1.win32_1.0.200.202406191623/tools/bin/../lib/gcc/arm-none-eabi/12.3.1/thumb/v7e-m+dp/hard\libgcc.a(_arm_addsubdf3.o)
                0x080002f4                __aeabi_drsub
                0x080002fc                __aeabi_dsub
                0x080002fc                __subdf3
                0x08000300                __aeabi_dadd
                0x08000300                __adddf3
                0x08000578                __floatunsidf
                0x08000578                __aeabi_ui2d
                0x08000598                __floatsidf
                0x08000598                __aeabi_i2d
                0x080005bc                __aeabi_f2d
                0x080005bc                __extendsfdf2
                0x08000600                __floatundidf
                0x08000600                __aeabi_ul2d
                0x08000610                __floatdidf
                0x08000610                __aeabi_l2d
 .text          0x0800066c       0x30 C:/ST/STM32CubeIDE_1.16.1/STM32CubeIDE/plugins/com.st.stm32cube.ide.mcu.externaltools.gnu-tools-for-stm32.12.3.rel1.win32_1.0.200.202406191623/tools/bin/../lib/gcc/arm-none-eabi/12.3.1/thumb/v7e-m+dp/hard\libgcc.a(_aeabi_uldivmod.o)
                0x0800066c                __aeabi_uldivmod
 .text          0x0800069c      0x2bc C:/ST/STM32CubeIDE_1.16.1/STM32CubeIDE/plugins/com.st.stm32cube.ide.mcu.externaltools.gnu-tools-for-stm32.12.3.rel1.win32_1.0.200.202406191623/tools/bin/../lib/gcc/arm-none-eabi/12.3.1/thumb/v7e-m+dp/hard\libgcc.a(_udivmoddi4.o)
                0x0800069c                __udivmoddi4
 .text          0x08000958        0x4 C:/ST/STM32CubeIDE_1.16.1/STM32CubeIDE/plugins/com.st.stm32cube.ide.mcu.externaltools.gnu-tools-for-stm32.12.3.rel1.win32_1.0.200.202406191623/tools/bin/../lib/gcc/arm-none-eabi/12.3.1/thumb/v7e-m+dp/hard\libgcc.a(_dvmd_tls.o)
                0x08000958                __aeabi_idiv0
                0x08000958                __aeabi_ldiv0
 *(.text*)
 .text._Z11SensorsTaskPv
                0x0800095c        0xc ./Core/Src/main.o
                0x0800095c                SensorsTask(void*)
 .text._Z17CommunicationTaskPv
                0x08000968       0x10 ./Core/Src/main.o
                0x08000968                CommunicationTask(void*)
 .text._Z8LEDsTaskPv
                0x08000978       0x10 ./Core/Src/main.o
                0x08000978                LEDsTask(void*)
 .text._ZN29TemplateCommunicationProtocolI20__UART_HandleTypeDefE5GetIDEPvPb
                0x08000988       0x2c ./Core/Src/main.o
                0x08000988                TemplateCommunicationProtocol<__UART_HandleTypeDef>::GetID(void*, bool*)
 .text._ZN29TemplateCommunicationProtocolI19FDCAN_HandleTypeDefE5GetIDEPvPb
                0x080009b4       0x2c ./Core/Src/main.o
                0x080009b4                TemplateCommunicationProtocol<FDCAN_HandleTypeDef>::GetID(void*, bool*)
 .text._ZNSt12_Vector_baseIP20__UART_HandleTypeDefSaIS1_EE13_M_deallocateEPS1_j.part.0
                0x080009e0        0x6 ./Core/Src/main.o
 .text._ZNSt12_Vector_baseI6RGBLEDSaIS0_EE13_M_deallocateEPS0_j.part.0
                0x080009e6        0x6 ./Core/Src/main.o
 .text._ZNSt12_Vector_baseIhSaIhEE11_M_allocateEj.isra.0
                0x080009ec       0x16 ./Core/Src/main.o
 *fill*         0x08000a02        0x2 
 .text.HAL_UART_ErrorCallback
                0x08000a04       0x38 ./Core/Src/main.o
                0x08000a04                HAL_UART_ErrorCallback
 .text.HAL_FDCAN_ErrorCallback
                0x08000a3c       0x28 ./Core/Src/main.o
                0x08000a3c                HAL_FDCAN_ErrorCallback
 .text._Z18SystemClock_Configv
                0x08000a64      0x118 ./Core/Src/main.o
                0x08000a64                SystemClock_Config()
 .text._Z24PeriphCommonClock_Configv
                0x08000b7c       0x58 ./Core/Src/main.o
                0x08000b7c                PeriphCommonClock_Config()
 .text.HAL_TIM_PeriodElapsedCallback
                0x08000bd4       0x30 ./Core/Src/main.o
                0x08000bd4                HAL_TIM_PeriodElapsedCallback
 .text.Error_Handler
                0x08000c04        0x4 ./Core/Src/main.o
                0x08000c04                Error_Handler
 .text._ZNSt12_Vector_baseIhSaIhEED2Ev
                0x08000c08       0x14 ./Core/Src/main.o
                0x08000c08                std::_Vector_base<unsigned char, std::allocator<unsigned char> >::~_Vector_base()
                0x08000c08                std::_Vector_base<unsigned char, std::allocator<unsigned char> >::~_Vector_base()
 .text._ZNSt6vectorIhSaIhEEaSEOS1_.isra.0
                0x08000c1c       0x2e ./Core/Src/main.o
 .text._ZNKSt6vectorIhSaIhEE12_M_check_lenEjPKc
                0x08000c4a       0x32 ./Core/Src/main.o
                0x08000c4a                std::vector<unsigned char, std::allocator<unsigned char> >::_M_check_len(unsigned int, char const*) const
 .text._ZNSt6vectorIP20__UART_HandleTypeDefSaIS1_EE17_M_realloc_insertIJRKS1_EEEvN9__gnu_cxx17__normal_iteratorIPS1_S3_EEDpOT_
                0x08000c7c       0xa4 ./Core/Src/main.o
                0x08000c7c                void std::vector<__UART_HandleTypeDef*, std::allocator<__UART_HandleTypeDef*> >::_M_realloc_insert<__UART_HandleTypeDef* const&>(__gnu_cxx::__normal_iterator<__UART_HandleTypeDef**, std::vector<__UART_HandleTypeDef*, std::allocator<__UART_HandleTypeDef*> > >, __UART_HandleTypeDef* const&)
 .text._ZN29TemplateCommunicationProtocolI20__UART_HandleTypeDefE12AddInterfaceEhPS0_
                0x08000d20       0x30 ./Core/Src/main.o
                0x08000d20                TemplateCommunicationProtocol<__UART_HandleTypeDef>::AddInterface(unsigned char, __UART_HandleTypeDef*)
 .text._ZNSt27__uninitialized_default_n_1ILb1EE18__uninit_default_nIPhjEET_S3_T0_
                0x08000d50       0x22 ./Core/Src/main.o
                0x08000d50                unsigned char* std::__uninitialized_default_n_1<true>::__uninit_default_n<unsigned char*, unsigned int>(unsigned char*, unsigned int)
 *fill*         0x08000d72        0x2 
 .text._ZNSt6vectorIhSaIhEE17_M_default_appendEj
                0x08000d74       0x70 ./Core/Src/main.o
                0x08000d74                std::vector<unsigned char, std::allocator<unsigned char> >::_M_default_append(unsigned int)
 .text._ZNSt11__copy_moveILb0ELb1ESt26random_access_iterator_tagE8__copy_mIhEEPT_PKS3_S6_S4_
                0x08000de4       0x18 ./Core/Src/main.o
                0x08000de4                unsigned char* std::__copy_move<false, true, std::random_access_iterator_tag>::__copy_m<unsigned char>(unsigned char const*, unsigned char const*, unsigned char*)
 .text._ZNSt6vectorIhSaIhEEC2ERKS1_
                0x08000dfc       0x32 ./Core/Src/main.o
                0x08000dfc                std::vector<unsigned char, std::allocator<unsigned char> >::vector(std::vector<unsigned char, std::allocator<unsigned char> > const&)
                0x08000dfc                std::vector<unsigned char, std::allocator<unsigned char> >::vector(std::vector<unsigned char, std::allocator<unsigned char> > const&)
 *fill*         0x08000e2e        0x2 
 .text.HAL_FDCAN_RxFifo0Callback
                0x08000e30       0xd8 ./Core/Src/main.o
                0x08000e30                HAL_FDCAN_RxFifo0Callback
 .text._Z14TrajectoryTaskPv
                0x08000f08      0x1d0 ./Core/Src/main.o
                0x08000f08                TrajectoryTask(void*)
 .text._ZNSt6vectorIhSaIhEEC2IN9__gnu_cxx17__normal_iteratorIPhS1_EEvEET_S7_RKS0_
                0x080010d8       0x3c ./Core/Src/main.o
                0x080010d8                std::vector<unsigned char, std::allocator<unsigned char> >::vector<__gnu_cxx::__normal_iterator<unsigned char*, std::vector<unsigned char, std::allocator<unsigned char> > >, void>(__gnu_cxx::__normal_iterator<unsigned char*, std::vector<unsigned char, std::allocator<unsigned char> > >, __gnu_cxx::__normal_iterator<unsigned char*, std::vector<unsigned char, std::allocator<unsigned char> > >, std::allocator<unsigned char> const&)
                0x080010d8                std::vector<unsigned char, std::allocator<unsigned char> >::vector<__gnu_cxx::__normal_iterator<unsigned char*, std::vector<unsigned char, std::allocator<unsigned char> > >, void>(__gnu_cxx::__normal_iterator<unsigned char*, std::vector<unsigned char, std::allocator<unsigned char> > >, __gnu_cxx::__normal_iterator<unsigned char*, std::vector<unsigned char, std::allocator<unsigned char> > >, std::allocator<unsigned char> const&)
 .text._ZNSt6vectorIhSaIhEEC2ESt16initializer_listIhERKS0_
                0x08001114       0x44 ./Core/Src/main.o
                0x08001114                std::vector<unsigned char, std::allocator<unsigned char> >::vector(std::initializer_list<unsigned char>, std::allocator<unsigned char> const&)
                0x08001114                std::vector<unsigned char, std::allocator<unsigned char> >::vector(std::initializer_list<unsigned char>, std::allocator<unsigned char> const&)
 .text.startup.main
                0x08001158      0xd7c ./Core/Src/main.o
                0x08001158                main
 .text._ZNSt11__copy_moveILb1ELb1ESt26random_access_iterator_tagE8__copy_mIhEEPT_PKS3_S6_S4_
                0x08001ed4       0x18 ./Core/Src/main.o
                0x08001ed4                unsigned char* std::__copy_move<true, true, std::random_access_iterator_tag>::__copy_m<unsigned char>(unsigned char const*, unsigned char const*, unsigned char*)
 .text.HAL_UARTEx_RxEventCallback
                0x08001eec      0x164 ./Core/Src/main.o
                0x08001eec                HAL_UARTEx_RxEventCallback
 .text._ZN4LEDSD2Ev
                0x08002050       0x50 ./Core/Src/main.o
                0x08002050                LEDS::~LEDS()
                0x08002050                LEDS::~LEDS()
 .text._ZN13CommunicationD2Ev
                0x080020a0       0x3c ./Core/Src/main.o
                0x080020a0                Communication::~Communication()
                0x080020a0                Communication::~Communication()
 .text._ZN17MasterSubscribersD2Ev
                0x080020dc       0x4e ./Core/Src/main.o
                0x080020dc                MasterSubscribers::~MasterSubscribers()
                0x080020dc                MasterSubscribers::~MasterSubscribers()
 .text._ZN9RegistersD2Ev
                0x0800212a       0xb2 ./Core/Src/main.o
                0x0800212a                Registers::~Registers()
                0x0800212a                Registers::~Registers()
 .text._ZNSt6vectorI9PublisherSaIS0_EED2Ev
                0x080021dc       0x3a ./Core/Src/main.o
                0x080021dc                std::vector<Publisher, std::allocator<Publisher> >::~vector()
                0x080021dc                std::vector<Publisher, std::allocator<Publisher> >::~vector()
 .text._ZNSt6vectorIS_IhSaIhEESaIS1_EED2Ev
                0x08002216       0x26 ./Core/Src/main.o
                0x08002216                std::vector<std::vector<unsigned char, std::allocator<unsigned char> >, std::allocator<std::vector<unsigned char, std::allocator<unsigned char> > > >::~vector()
                0x08002216                std::vector<std::vector<unsigned char, std::allocator<unsigned char> >, std::allocator<std::vector<unsigned char, std::allocator<unsigned char> > > >::~vector()
 .text._ZN21CommunicationProtocolD2Ev
                0x0800223c       0x34 ./Core/Src/main.o
                0x0800223c                CommunicationProtocol::~CommunicationProtocol()
                0x0800223c                CommunicationProtocol::~CommunicationProtocol()
 .text._ZNSt12_Vector_baseIfSaIfEED2Ev
                0x08002270       0x16 ./Core/Src/main.o
                0x08002270                std::_Vector_base<float, std::allocator<float> >::~_Vector_base()
                0x08002270                std::_Vector_base<float, std::allocator<float> >::~_Vector_base()
 .text._ZNSt12_Vector_baseI9I2CAccessSaIS0_EED2Ev
                0x08002286       0x14 ./Core/Src/main.o
                0x08002286                std::_Vector_base<I2CAccess, std::allocator<I2CAccess> >::~_Vector_base()
                0x08002286                std::_Vector_base<I2CAccess, std::allocator<I2CAccess> >::~_Vector_base()
 .text._ZNSt12_Destroy_auxILb0EE9__destroyIP11SensorGroupEEvT_S4_
                0x0800229a       0x4c ./Core/Src/main.o
                0x0800229a                void std::_Destroy_aux<false>::__destroy<SensorGroup*>(SensorGroup*, SensorGroup*)
 .text._ZNSt12_Destroy_auxILb0EE9__destroyIP12I2CInterfaceEEvT_S4_
                0x080022e6       0x52 ./Core/Src/main.o
                0x080022e6                void std::_Destroy_aux<false>::__destroy<I2CInterface*>(I2CInterface*, I2CInterface*)
 .text._ZNSt6vectorIP19FDCAN_HandleTypeDefSaIS1_EE17_M_realloc_insertIJRKS1_EEEvN9__gnu_cxx17__normal_iteratorIPS1_S3_EEDpOT_
                0x08002338       0xa4 ./Core/Src/main.o
                0x08002338                void std::vector<FDCAN_HandleTypeDef*, std::allocator<FDCAN_HandleTypeDef*> >::_M_realloc_insert<FDCAN_HandleTypeDef* const&>(__gnu_cxx::__normal_iterator<FDCAN_HandleTypeDef**, std::vector<FDCAN_HandleTypeDef*, std::allocator<FDCAN_HandleTypeDef*> > >, FDCAN_HandleTypeDef* const&)
 .text._ZN29TemplateCommunicationProtocolI19FDCAN_HandleTypeDefE12AddInterfaceEhPS0_
                0x080023dc       0x30 ./Core/Src/main.o
                0x080023dc                TemplateCommunicationProtocol<FDCAN_HandleTypeDef>::AddInterface(unsigned char, FDCAN_HandleTypeDef*)
 .text.startup._GLOBAL__sub_I_hadc1
                0x0800240c       0xbc ./Core/Src/main.o
 .text.exit._GLOBAL__sub_D_hadc1
                0x080024c8      0x110 ./Core/Src/main.o
 .text.HAL_MspInit
                0x080025d8       0x30 ./Core/Src/stm32h7xx_hal_msp.o
                0x080025d8                HAL_MspInit
 .text.HAL_ADC_MspInit
                0x08002608       0x90 ./Core/Src/stm32h7xx_hal_msp.o
                0x08002608                HAL_ADC_MspInit
 .text.HAL_FDCAN_MspInit
                0x08002698      0x10c ./Core/Src/stm32h7xx_hal_msp.o
                0x08002698                HAL_FDCAN_MspInit
 .text.HAL_I2C_MspInit
                0x080027a4      0x17c ./Core/Src/stm32h7xx_hal_msp.o
                0x080027a4                HAL_I2C_MspInit
 .text.HAL_SD_MspInit
                0x08002920       0xf4 ./Core/Src/stm32h7xx_hal_msp.o
                0x08002920                HAL_SD_MspInit
 .text.HAL_TIM_Base_MspInit
                0x08002a14       0x6c ./Core/Src/stm32h7xx_hal_msp.o
                0x08002a14                HAL_TIM_Base_MspInit
 .text.HAL_TIM_MspPostInit
                0x08002a80       0x88 ./Core/Src/stm32h7xx_hal_msp.o
                0x08002a80                HAL_TIM_MspPostInit
 .text.HAL_UART_MspInit
                0x08002b08      0x6e4 ./Core/Src/stm32h7xx_hal_msp.o
                0x08002b08                HAL_UART_MspInit
 .text.HAL_InitTick
                0x080031ec       0x98 ./Core/Src/stm32h7xx_hal_timebase_tim.o
                0x080031ec                HAL_InitTick
 .text.NMI_Handler
                0x08003284        0x2 ./Core/Src/stm32h7xx_it.o
                0x08003284                NMI_Handler
 .text.HardFault_Handler
                0x08003286        0x2 ./Core/Src/stm32h7xx_it.o
                0x08003286                HardFault_Handler
 .text.MemManage_Handler
                0x08003288        0x2 ./Core/Src/stm32h7xx_it.o
                0x08003288                MemManage_Handler
 .text.BusFault_Handler
                0x0800328a        0x2 ./Core/Src/stm32h7xx_it.o
                0x0800328a                BusFault_Handler
 .text.UsageFault_Handler
                0x0800328c        0x2 ./Core/Src/stm32h7xx_it.o
                0x0800328c                UsageFault_Handler
 .text.DebugMon_Handler
                0x0800328e        0x2 ./Core/Src/stm32h7xx_it.o
                0x0800328e                DebugMon_Handler
 .text.DMA1_Stream0_IRQHandler
                0x08003290        0xc ./Core/Src/stm32h7xx_it.o
                0x08003290                DMA1_Stream0_IRQHandler
 .text.DMA1_Stream1_IRQHandler
                0x0800329c        0xc ./Core/Src/stm32h7xx_it.o
                0x0800329c                DMA1_Stream1_IRQHandler
 .text.DMA1_Stream2_IRQHandler
                0x080032a8        0xc ./Core/Src/stm32h7xx_it.o
                0x080032a8                DMA1_Stream2_IRQHandler
 .text.DMA1_Stream3_IRQHandler
                0x080032b4        0xc ./Core/Src/stm32h7xx_it.o
                0x080032b4                DMA1_Stream3_IRQHandler
 .text.DMA1_Stream4_IRQHandler
                0x080032c0        0xc ./Core/Src/stm32h7xx_it.o
                0x080032c0                DMA1_Stream4_IRQHandler
 .text.DMA1_Stream5_IRQHandler
                0x080032cc        0xc ./Core/Src/stm32h7xx_it.o
                0x080032cc                DMA1_Stream5_IRQHandler
 .text.DMA1_Stream6_IRQHandler
                0x080032d8        0xc ./Core/Src/stm32h7xx_it.o
                0x080032d8                DMA1_Stream6_IRQHandler
 .text.FDCAN1_IT0_IRQHandler
                0x080032e4        0xc ./Core/Src/stm32h7xx_it.o
                0x080032e4                FDCAN1_IT0_IRQHandler
 .text.FDCAN2_IT0_IRQHandler
                0x080032f0        0xc ./Core/Src/stm32h7xx_it.o
                0x080032f0                FDCAN2_IT0_IRQHandler
 .text.TIM4_IRQHandler
                0x080032fc        0xc ./Core/Src/stm32h7xx_it.o
                0x080032fc                TIM4_IRQHandler
 .text.I2C1_EV_IRQHandler
                0x08003308        0xc ./Core/Src/stm32h7xx_it.o
                0x08003308                I2C1_EV_IRQHandler
 .text.USART1_IRQHandler
                0x08003314        0xc ./Core/Src/stm32h7xx_it.o
                0x08003314                USART1_IRQHandler
 .text.USART2_IRQHandler
                0x08003320        0xc ./Core/Src/stm32h7xx_it.o
                0x08003320                USART2_IRQHandler
 .text.USART3_IRQHandler
                0x0800332c        0xc ./Core/Src/stm32h7xx_it.o
                0x0800332c                USART3_IRQHandler
 .text.DMA1_Stream7_IRQHandler
                0x08003338        0xc ./Core/Src/stm32h7xx_it.o
                0x08003338                DMA1_Stream7_IRQHandler
 .text.SDMMC1_IRQHandler
                0x08003344        0xc ./Core/Src/stm32h7xx_it.o
                0x08003344                SDMMC1_IRQHandler
 .text.TIM5_IRQHandler
                0x08003350        0xc ./Core/Src/stm32h7xx_it.o
                0x08003350                TIM5_IRQHandler
 .text.UART4_IRQHandler
                0x0800335c        0xc ./Core/Src/stm32h7xx_it.o
                0x0800335c                UART4_IRQHandler
 .text.DMA2_Stream0_IRQHandler
                0x08003368        0xc ./Core/Src/stm32h7xx_it.o
                0x08003368                DMA2_Stream0_IRQHandler
 .text.DMA2_Stream1_IRQHandler
                0x08003374        0xc ./Core/Src/stm32h7xx_it.o
                0x08003374                DMA2_Stream1_IRQHandler
 .text.DMA2_Stream2_IRQHandler
                0x08003380        0xc ./Core/Src/stm32h7xx_it.o
                0x08003380                DMA2_Stream2_IRQHandler
 .text.DMA2_Stream3_IRQHandler
                0x0800338c        0xc ./Core/Src/stm32h7xx_it.o
                0x0800338c                DMA2_Stream3_IRQHandler
 .text.DMA2_Stream4_IRQHandler
                0x08003398        0xc ./Core/Src/stm32h7xx_it.o
                0x08003398                DMA2_Stream4_IRQHandler
 .text.DMA2_Stream5_IRQHandler
                0x080033a4        0xc ./Core/Src/stm32h7xx_it.o
                0x080033a4                DMA2_Stream5_IRQHandler
 .text.DMA2_Stream6_IRQHandler
                0x080033b0        0xc ./Core/Src/stm32h7xx_it.o
                0x080033b0                DMA2_Stream6_IRQHandler
 .text.DMA2_Stream7_IRQHandler
                0x080033bc        0xc ./Core/Src/stm32h7xx_it.o
                0x080033bc                DMA2_Stream7_IRQHandler
 .text.USART6_IRQHandler
                0x080033c8        0xc ./Core/Src/stm32h7xx_it.o
                0x080033c8                USART6_IRQHandler
 .text.UART7_IRQHandler
                0x080033d4        0xc ./Core/Src/stm32h7xx_it.o
                0x080033d4                UART7_IRQHandler
 .text.UART8_IRQHandler
                0x080033e0        0xc ./Core/Src/stm32h7xx_it.o
                0x080033e0                UART8_IRQHandler
 .text._getpid  0x080033ec        0x4 ./Core/Src/syscalls.o
                0x080033ec                _getpid
 .text._kill    0x080033f0       0x10 ./Core/Src/syscalls.o
                0x080033f0                _kill
 .text._exit    0x08003400        0xc ./Core/Src/syscalls.o
                0x08003400                _exit
 .text._sbrk    0x0800340c       0x40 ./Core/Src/sysmem.o
                0x0800340c                _sbrk
 .text.SystemInit
                0x0800344c       0xc0 ./Core/Src/system_stm32h7xx.o
                0x0800344c                SystemInit
 .text.Reset_Handler
                0x0800350c       0x50 ./Core/Startup/startup_stm32h750vbtx.o
                0x0800350c                Reset_Handler
 .text.Default_Handler
                0x0800355c        0x2 ./Core/Startup/startup_stm32h750vbtx.o
                0x0800355c                RTC_Alarm_IRQHandler
                0x0800355c                HASH_RNG_IRQHandler
                0x0800355c                EXTI2_IRQHandler
                0x0800355c                TIM8_CC_IRQHandler
                0x0800355c                HRTIM1_Master_IRQHandler
                0x0800355c                SPI4_IRQHandler
                0x0800355c                TIM1_CC_IRQHandler
                0x0800355c                BDMA_Channel6_IRQHandler
                0x0800355c                HRTIM1_FLT_IRQHandler
                0x0800355c                JPEG_IRQHandler
                0x0800355c                BDMA_Channel1_IRQHandler
                0x0800355c                HRTIM1_TIMD_IRQHandler
                0x0800355c                TAMP_STAMP_IRQHandler
                0x0800355c                EXTI3_IRQHandler
                0x0800355c                LPTIM4_IRQHandler
                0x0800355c                TIM8_TRG_COM_TIM14_IRQHandler
                0x0800355c                LPTIM2_IRQHandler
                0x0800355c                DFSDM1_FLT1_IRQHandler
                0x0800355c                DMAMUX2_OVR_IRQHandler
                0x0800355c                TIM8_UP_TIM13_IRQHandler
                0x0800355c                I2C3_ER_IRQHandler
                0x0800355c                DFSDM1_FLT2_IRQHandler
                0x0800355c                MDMA_IRQHandler
                0x0800355c                LPTIM3_IRQHandler
                0x0800355c                HSEM1_IRQHandler
                0x0800355c                EXTI0_IRQHandler
                0x0800355c                I2C2_EV_IRQHandler
                0x0800355c                FPU_IRQHandler
                0x0800355c                OTG_HS_WKUP_IRQHandler
                0x0800355c                FDCAN1_IT1_IRQHandler
                0x0800355c                LTDC_ER_IRQHandler
                0x0800355c                HRTIM1_TIME_IRQHandler
                0x0800355c                SPI1_IRQHandler
                0x0800355c                TIM6_DAC_IRQHandler
                0x0800355c                DCMI_IRQHandler
                0x0800355c                HRTIM1_TIMC_IRQHandler
                0x0800355c                SAI2_IRQHandler
                0x0800355c                DFSDM1_FLT3_IRQHandler
                0x0800355c                TIM17_IRQHandler
                0x0800355c                BDMA_Channel7_IRQHandler
                0x0800355c                CRYP_IRQHandler
                0x0800355c                LPTIM5_IRQHandler
                0x0800355c                UART5_IRQHandler
                0x0800355c                ADC3_IRQHandler
                0x0800355c                BDMA_Channel2_IRQHandler
                0x0800355c                QUADSPI_IRQHandler
                0x0800355c                DMAMUX1_OVR_IRQHandler
                0x0800355c                TIM16_IRQHandler
                0x0800355c                BDMA_Channel5_IRQHandler
                0x0800355c                TIM3_IRQHandler
                0x0800355c                RCC_IRQHandler
                0x0800355c                TIM8_BRK_TIM12_IRQHandler
                0x0800355c                TIM1_TRG_COM_IRQHandler
                0x0800355c                Default_Handler
                0x0800355c                ECC_IRQHandler
                0x0800355c                CEC_IRQHandler
                0x0800355c                EXTI15_10_IRQHandler
                0x0800355c                BDMA_Channel0_IRQHandler
                0x0800355c                ADC_IRQHandler
                0x0800355c                HRTIM1_TIMA_IRQHandler
                0x0800355c                SPI5_IRQHandler
                0x0800355c                TIM7_IRQHandler
                0x0800355c                TIM15_IRQHandler
                0x0800355c                PVD_AVD_IRQHandler
                0x0800355c                I2C3_EV_IRQHandler
                0x0800355c                EXTI9_5_IRQHandler
                0x0800355c                RTC_WKUP_IRQHandler
                0x0800355c                LTDC_IRQHandler
                0x0800355c                SAI3_IRQHandler
                0x0800355c                ETH_WKUP_IRQHandler
                0x0800355c                SPDIF_RX_IRQHandler
                0x0800355c                SPI2_IRQHandler
                0x0800355c                OTG_HS_EP1_IN_IRQHandler
                0x0800355c                CRS_IRQHandler
                0x0800355c                EXTI4_IRQHandler
                0x0800355c                HRTIM1_TIMB_IRQHandler
                0x0800355c                FDCAN2_IT1_IRQHandler
                0x0800355c                ETH_IRQHandler
                0x0800355c                TIM1_UP_IRQHandler
                0x0800355c                BDMA_Channel4_IRQHandler
                0x0800355c                OTG_HS_EP1_OUT_IRQHandler
                0x0800355c                WWDG_IRQHandler
                0x0800355c                SPI6_IRQHandler
                0x0800355c                MDIOS_IRQHandler
                0x0800355c                I2C4_EV_IRQHandler
                0x0800355c                LPUART1_IRQHandler
                0x0800355c                TIM2_IRQHandler
                0x0800355c                OTG_FS_WKUP_IRQHandler
                0x0800355c                OTG_HS_IRQHandler
                0x0800355c                DMA2D_IRQHandler
                0x0800355c                TIM1_BRK_IRQHandler
                0x0800355c                EXTI1_IRQHandler
                0x0800355c                SDMMC2_IRQHandler
                0x0800355c                OTG_FS_EP1_OUT_IRQHandler
                0x0800355c                BDMA_Channel3_IRQHandler
                0x0800355c                MDIOS_WKUP_IRQHandler
                0x0800355c                DFSDM1_FLT0_IRQHandler
                0x0800355c                SAI4_IRQHandler
                0x0800355c                I2C2_ER_IRQHandler
                0x0800355c                FLASH_IRQHandler
                0x0800355c                OTG_FS_IRQHandler
                0x0800355c                SPI3_IRQHandler
                0x0800355c                WAKEUP_PIN_IRQHandler
                0x0800355c                OTG_FS_EP1_IN_IRQHandler
                0x0800355c                I2C1_ER_IRQHandler
                0x0800355c                FMC_IRQHandler
                0x0800355c                FDCAN_CAL_IRQHandler
                0x0800355c                SWPMI1_IRQHandler
                0x0800355c                COMP1_IRQHandler
                0x0800355c                LPTIM1_IRQHandler
                0x0800355c                I2C4_ER_IRQHandler
                0x0800355c                SAI1_IRQHandler
 *fill*         0x0800355e        0x2 
 .text.HAL_Init
                0x08003560       0x5c ./Drivers/STM32H7xx_HAL_Driver/Src/stm32h7xx_hal.o
                0x08003560                HAL_Init
 .text.HAL_IncTick
                0x080035bc       0x18 ./Drivers/STM32H7xx_HAL_Driver/Src/stm32h7xx_hal.o
                0x080035bc                HAL_IncTick
 .text.HAL_GetTick
                0x080035d4        0xc ./Drivers/STM32H7xx_HAL_Driver/Src/stm32h7xx_hal.o
                0x080035d4                HAL_GetTick
 .text.HAL_Delay
                0x080035e0       0x24 ./Drivers/STM32H7xx_HAL_Driver/Src/stm32h7xx_hal.o
                0x080035e0                HAL_Delay
 .text.HAL_GetREVID
                0x08003604        0xc ./Drivers/STM32H7xx_HAL_Driver/Src/stm32h7xx_hal.o
                0x08003604                HAL_GetREVID
 .text.LL_ADC_SetChannelSamplingTime
                0x08003610       0x20 ./Drivers/STM32H7xx_HAL_Driver/Src/stm32h7xx_hal_adc.o
 .text.LL_ADC_IsEnabled
                0x08003630        0x8 ./Drivers/STM32H7xx_HAL_Driver/Src/stm32h7xx_hal_adc.o
 .text.LL_ADC_REG_IsConversionOngoing
                0x08003638        0x8 ./Drivers/STM32H7xx_HAL_Driver/Src/stm32h7xx_hal_adc.o
 .text.HAL_ADC_ConfigChannel
                0x08003640      0x390 ./Drivers/STM32H7xx_HAL_Driver/Src/stm32h7xx_hal_adc.o
                0x08003640                HAL_ADC_ConfigChannel
 .text.ADC_Disable
                0x080039d0       0x6a ./Drivers/STM32H7xx_HAL_Driver/Src/stm32h7xx_hal_adc.o
                0x080039d0                ADC_Disable
 *fill*         0x08003a3a        0x2 
 .text.ADC_ConfigureBoostMode
                0x08003a3c      0x12c ./Drivers/STM32H7xx_HAL_Driver/Src/stm32h7xx_hal_adc.o
                0x08003a3c                ADC_ConfigureBoostMode
 .text.HAL_ADC_Init
                0x08003b68      0x218 ./Drivers/STM32H7xx_HAL_Driver/Src/stm32h7xx_hal_adc.o
                0x08003b68                HAL_ADC_Init
 .text.LL_ADC_IsEnabled
                0x08003d80        0x8 ./Drivers/STM32H7xx_HAL_Driver/Src/stm32h7xx_hal_adc_ex.o
 .text.LL_ADC_REG_IsConversionOngoing
                0x08003d88        0x8 ./Drivers/STM32H7xx_HAL_Driver/Src/stm32h7xx_hal_adc_ex.o
 .text.HAL_ADCEx_Calibration_Start
                0x08003d90       0xa0 ./Drivers/STM32H7xx_HAL_Driver/Src/stm32h7xx_hal_adc_ex.o
                0x08003d90                HAL_ADCEx_Calibration_Start
 .text.HAL_ADCEx_MultiModeConfigChannel
                0x08003e30       0xcc ./Drivers/STM32H7xx_HAL_Driver/Src/stm32h7xx_hal_adc_ex.o
                0x08003e30                HAL_ADCEx_MultiModeConfigChannel
 .text.HAL_NVIC_SetPriorityGrouping
                0x08003efc       0x24 ./Drivers/STM32H7xx_HAL_Driver/Src/stm32h7xx_hal_cortex.o
                0x08003efc                HAL_NVIC_SetPriorityGrouping
 .text.HAL_NVIC_SetPriority
                0x08003f20       0x64 ./Drivers/STM32H7xx_HAL_Driver/Src/stm32h7xx_hal_cortex.o
                0x08003f20                HAL_NVIC_SetPriority
 .text.HAL_NVIC_EnableIRQ
                0x08003f84       0x1c ./Drivers/STM32H7xx_HAL_Driver/Src/stm32h7xx_hal_cortex.o
                0x08003f84                HAL_NVIC_EnableIRQ
 .text.DMA_SetConfig
                0x08003fa0      0x184 ./Drivers/STM32H7xx_HAL_Driver/Src/stm32h7xx_hal_dma.o
 .text.DMA_CalcBaseAndBitshift
                0x08004124       0x9c ./Drivers/STM32H7xx_HAL_Driver/Src/stm32h7xx_hal_dma.o
 .text.DMA_CalcDMAMUXChannelBaseAndMask
                0x080041c0       0x98 ./Drivers/STM32H7xx_HAL_Driver/Src/stm32h7xx_hal_dma.o
 .text.DMA_CalcDMAMUXRequestGenBaseAndMask
                0x08004258       0x70 ./Drivers/STM32H7xx_HAL_Driver/Src/stm32h7xx_hal_dma.o
 .text.HAL_DMA_Init
                0x080042c8      0x380 ./Drivers/STM32H7xx_HAL_Driver/Src/stm32h7xx_hal_dma.o
                0x080042c8                HAL_DMA_Init
 .text.HAL_DMA_Start_IT
                0x08004648      0x234 ./Drivers/STM32H7xx_HAL_Driver/Src/stm32h7xx_hal_dma.o
                0x08004648                HAL_DMA_Start_IT
 .text.HAL_DMA_Abort
                0x0800487c      0x34c ./Drivers/STM32H7xx_HAL_Driver/Src/stm32h7xx_hal_dma.o
                0x0800487c                HAL_DMA_Abort
 .text.HAL_DMA_Abort_IT
                0x08004bc8      0x120 ./Drivers/STM32H7xx_HAL_Driver/Src/stm32h7xx_hal_dma.o
                0x08004bc8                HAL_DMA_Abort_IT
 .text.HAL_DMA_IRQHandler
                0x08004ce8      0x548 ./Drivers/STM32H7xx_HAL_Driver/Src/stm32h7xx_hal_dma.o
                0x08004ce8                HAL_DMA_IRQHandler
 .text.FDCAN_CopyMessageToRAM
                0x08005230       0x7c ./Drivers/STM32H7xx_HAL_Driver/Src/stm32h7xx_hal_fdcan.o
 .text.HAL_FDCAN_Init
                0x080052ac      0x3d4 ./Drivers/STM32H7xx_HAL_Driver/Src/stm32h7xx_hal_fdcan.o
                0x080052ac                HAL_FDCAN_Init
 .text.HAL_FDCAN_ConfigGlobalFilter
                0x08005680       0x32 ./Drivers/STM32H7xx_HAL_Driver/Src/stm32h7xx_hal_fdcan.o
                0x08005680                HAL_FDCAN_ConfigGlobalFilter
 .text.HAL_FDCAN_Start
                0x080056b2       0x32 ./Drivers/STM32H7xx_HAL_Driver/Src/stm32h7xx_hal_fdcan.o
                0x080056b2                HAL_FDCAN_Start
 .text.HAL_FDCAN_AddMessageToTxFifoQ
                0x080056e4       0x64 ./Drivers/STM32H7xx_HAL_Driver/Src/stm32h7xx_hal_fdcan.o
                0x080056e4                HAL_FDCAN_AddMessageToTxFifoQ
 .text.HAL_FDCAN_GetRxMessage
                0x08005748      0x164 ./Drivers/STM32H7xx_HAL_Driver/Src/stm32h7xx_hal_fdcan.o
                0x08005748                HAL_FDCAN_GetRxMessage
 .text.HAL_FDCAN_ActivateNotification
                0x080058ac       0x7c ./Drivers/STM32H7xx_HAL_Driver/Src/stm32h7xx_hal_fdcan.o
                0x080058ac                HAL_FDCAN_ActivateNotification
 .text.HAL_FDCAN_ClockCalibrationCallback
                0x08005928        0x2 ./Drivers/STM32H7xx_HAL_Driver/Src/stm32h7xx_hal_fdcan.o
                0x08005928                HAL_FDCAN_ClockCalibrationCallback
 .text.HAL_FDCAN_TxEventFifoCallback
                0x0800592a        0x2 ./Drivers/STM32H7xx_HAL_Driver/Src/stm32h7xx_hal_fdcan.o
                0x0800592a                HAL_FDCAN_TxEventFifoCallback
 .text.HAL_FDCAN_RxFifo1Callback
                0x0800592c        0x2 ./Drivers/STM32H7xx_HAL_Driver/Src/stm32h7xx_hal_fdcan.o
                0x0800592c                HAL_FDCAN_RxFifo1Callback
 .text.HAL_FDCAN_TxFifoEmptyCallback
                0x0800592e        0x2 ./Drivers/STM32H7xx_HAL_Driver/Src/stm32h7xx_hal_fdcan.o
                0x0800592e                HAL_FDCAN_TxFifoEmptyCallback
 .text.HAL_FDCAN_TxBufferCompleteCallback
                0x08005930        0x2 ./Drivers/STM32H7xx_HAL_Driver/Src/stm32h7xx_hal_fdcan.o
                0x08005930                HAL_FDCAN_TxBufferCompleteCallback
 .text.HAL_FDCAN_TxBufferAbortCallback
                0x08005932        0x2 ./Drivers/STM32H7xx_HAL_Driver/Src/stm32h7xx_hal_fdcan.o
                0x08005932                HAL_FDCAN_TxBufferAbortCallback
 .text.HAL_FDCAN_RxBufferNewMessageCallback
                0x08005934        0x2 ./Drivers/STM32H7xx_HAL_Driver/Src/stm32h7xx_hal_fdcan.o
                0x08005934                HAL_FDCAN_RxBufferNewMessageCallback
 .text.HAL_FDCAN_TimestampWraparoundCallback
                0x08005936        0x2 ./Drivers/STM32H7xx_HAL_Driver/Src/stm32h7xx_hal_fdcan.o
                0x08005936                HAL_FDCAN_TimestampWraparoundCallback
 .text.HAL_FDCAN_TimeoutOccurredCallback
                0x08005938        0x2 ./Drivers/STM32H7xx_HAL_Driver/Src/stm32h7xx_hal_fdcan.o
                0x08005938                HAL_FDCAN_TimeoutOccurredCallback
 .text.HAL_FDCAN_HighPriorityMessageCallback
                0x0800593a        0x2 ./Drivers/STM32H7xx_HAL_Driver/Src/stm32h7xx_hal_fdcan.o
                0x0800593a                HAL_FDCAN_HighPriorityMessageCallback
 .text.HAL_FDCAN_ErrorStatusCallback
                0x0800593c        0x2 ./Drivers/STM32H7xx_HAL_Driver/Src/stm32h7xx_hal_fdcan.o
                0x0800593c                HAL_FDCAN_ErrorStatusCallback
 .text.HAL_FDCAN_TT_ScheduleSyncCallback
                0x0800593e        0x2 ./Drivers/STM32H7xx_HAL_Driver/Src/stm32h7xx_hal_fdcan.o
                0x0800593e                HAL_FDCAN_TT_ScheduleSyncCallback
 .text.HAL_FDCAN_TT_TimeMarkCallback
                0x08005940        0x2 ./Drivers/STM32H7xx_HAL_Driver/Src/stm32h7xx_hal_fdcan.o
                0x08005940                HAL_FDCAN_TT_TimeMarkCallback
 .text.HAL_FDCAN_TT_StopWatchCallback
                0x08005942        0x2 ./Drivers/STM32H7xx_HAL_Driver/Src/stm32h7xx_hal_fdcan.o
                0x08005942                HAL_FDCAN_TT_StopWatchCallback
 .text.HAL_FDCAN_TT_GlobalTimeCallback
                0x08005944        0x2 ./Drivers/STM32H7xx_HAL_Driver/Src/stm32h7xx_hal_fdcan.o
                0x08005944                HAL_FDCAN_TT_GlobalTimeCallback
 *fill*         0x08005946        0x2 
 .text.HAL_FDCAN_IRQHandler
                0x08005948      0x2d0 ./Drivers/STM32H7xx_HAL_Driver/Src/stm32h7xx_hal_fdcan.o
                0x08005948                HAL_FDCAN_IRQHandler
 .text.HAL_GPIO_Init
                0x08005c18      0x1d0 ./Drivers/STM32H7xx_HAL_Driver/Src/stm32h7xx_hal_gpio.o
                0x08005c18                HAL_GPIO_Init
 .text.HAL_GPIO_WritePin
                0x08005de8        0xa ./Drivers/STM32H7xx_HAL_Driver/Src/stm32h7xx_hal_gpio.o
                0x08005de8                HAL_GPIO_WritePin
 .text.I2C_Flush_TXDR
                0x08005df2       0x1c ./Drivers/STM32H7xx_HAL_Driver/Src/stm32h7xx_hal_i2c.o
 *fill*         0x08005e0e        0x2 
 .text.I2C_TransferConfig
                0x08005e10       0x2c ./Drivers/STM32H7xx_HAL_Driver/Src/stm32h7xx_hal_i2c.o
 .text.I2C_IsErrorOccurred
                0x08005e3c      0x114 ./Drivers/STM32H7xx_HAL_Driver/Src/stm32h7xx_hal_i2c.o
 .text.I2C_WaitOnTXISFlagUntilTimeout
                0x08005f50       0x4e ./Drivers/STM32H7xx_HAL_Driver/Src/stm32h7xx_hal_i2c.o
 .text.I2C_WaitOnSTOPFlagUntilTimeout
                0x08005f9e       0x4a ./Drivers/STM32H7xx_HAL_Driver/Src/stm32h7xx_hal_i2c.o
 .text.I2C_WaitOnFlagUntilTimeout
                0x08005fe8       0x54 ./Drivers/STM32H7xx_HAL_Driver/Src/stm32h7xx_hal_i2c.o
 .text.I2C_RequestMemoryWrite
                0x0800603c       0x6c ./Drivers/STM32H7xx_HAL_Driver/Src/stm32h7xx_hal_i2c.o
 .text.HAL_I2C_Init
                0x080060a8       0xa2 ./Drivers/STM32H7xx_HAL_Driver/Src/stm32h7xx_hal_i2c.o
                0x080060a8                HAL_I2C_Init
 .text.HAL_I2C_Mem_Write
                0x0800614a      0x16a ./Drivers/STM32H7xx_HAL_Driver/Src/stm32h7xx_hal_i2c.o
                0x0800614a                HAL_I2C_Mem_Write
 .text.HAL_I2C_IsDeviceReady
                0x080062b4      0x114 ./Drivers/STM32H7xx_HAL_Driver/Src/stm32h7xx_hal_i2c.o
                0x080062b4                HAL_I2C_IsDeviceReady
 .text.HAL_I2C_EV_IRQHandler
                0x080063c8        0xe ./Drivers/STM32H7xx_HAL_Driver/Src/stm32h7xx_hal_i2c.o
                0x080063c8                HAL_I2C_EV_IRQHandler
 .text.HAL_I2CEx_ConfigAnalogFilter
                0x080063d6       0x4c ./Drivers/STM32H7xx_HAL_Driver/Src/stm32h7xx_hal_i2c_ex.o
                0x080063d6                HAL_I2CEx_ConfigAnalogFilter
 .text.HAL_I2CEx_ConfigDigitalFilter
                0x08006422       0x4a ./Drivers/STM32H7xx_HAL_Driver/Src/stm32h7xx_hal_i2c_ex.o
                0x08006422                HAL_I2CEx_ConfigDigitalFilter
 .text.HAL_PWREx_ConfigSupply
                0x0800646c       0x48 ./Drivers/STM32H7xx_HAL_Driver/Src/stm32h7xx_hal_pwr_ex.o
                0x0800646c                HAL_PWREx_ConfigSupply
 .text.HAL_RCC_OscConfig
                0x080064b4      0x518 ./Drivers/STM32H7xx_HAL_Driver/Src/stm32h7xx_hal_rcc.o
                0x080064b4                HAL_RCC_OscConfig
 .text.HAL_RCC_GetSysClockFreq
                0x080069cc      0x144 ./Drivers/STM32H7xx_HAL_Driver/Src/stm32h7xx_hal_rcc.o
                0x080069cc                HAL_RCC_GetSysClockFreq
 .text.HAL_RCC_ClockConfig
                0x08006b10      0x24c ./Drivers/STM32H7xx_HAL_Driver/Src/stm32h7xx_hal_rcc.o
                0x08006b10                HAL_RCC_ClockConfig
 .text.HAL_RCC_GetHCLKFreq
                0x08006d5c       0x44 ./Drivers/STM32H7xx_HAL_Driver/Src/stm32h7xx_hal_rcc.o
                0x08006d5c                HAL_RCC_GetHCLKFreq
 .text.HAL_RCC_GetPCLK1Freq
                0x08006da0       0x24 ./Drivers/STM32H7xx_HAL_Driver/Src/stm32h7xx_hal_rcc.o
                0x08006da0                HAL_RCC_GetPCLK1Freq
 .text.HAL_RCC_GetPCLK2Freq
                0x08006dc4       0x24 ./Drivers/STM32H7xx_HAL_Driver/Src/stm32h7xx_hal_rcc.o
                0x08006dc4                HAL_RCC_GetPCLK2Freq
 .text.HAL_RCC_GetClockConfig
                0x08006de8       0x54 ./Drivers/STM32H7xx_HAL_Driver/Src/stm32h7xx_hal_rcc.o
                0x08006de8                HAL_RCC_GetClockConfig
 .text.RCCEx_PLL2_Config
                0x08006e3c       0xf0 ./Drivers/STM32H7xx_HAL_Driver/Src/stm32h7xx_hal_rcc_ex.o
 .text.RCCEx_PLL3_Config
                0x08006f2c       0xf0 ./Drivers/STM32H7xx_HAL_Driver/Src/stm32h7xx_hal_rcc_ex.o
 .text.HAL_RCCEx_PeriphCLKConfig
                0x0800701c      0x914 ./Drivers/STM32H7xx_HAL_Driver/Src/stm32h7xx_hal_rcc_ex.o
                0x0800701c                HAL_RCCEx_PeriphCLKConfig
 .text.HAL_RCCEx_GetD3PCLK1Freq
                0x08007930       0x24 ./Drivers/STM32H7xx_HAL_Driver/Src/stm32h7xx_hal_rcc_ex.o
                0x08007930                HAL_RCCEx_GetD3PCLK1Freq
 .text.HAL_RCCEx_GetPLL2ClockFreq
                0x08007954      0x154 ./Drivers/STM32H7xx_HAL_Driver/Src/stm32h7xx_hal_rcc_ex.o
                0x08007954                HAL_RCCEx_GetPLL2ClockFreq
 .text.HAL_RCCEx_GetPLL3ClockFreq
                0x08007aa8      0x154 ./Drivers/STM32H7xx_HAL_Driver/Src/stm32h7xx_hal_rcc_ex.o
                0x08007aa8                HAL_RCCEx_GetPLL3ClockFreq
 .text.HAL_RCCEx_GetPLL1ClockFreq
                0x08007bfc      0x154 ./Drivers/STM32H7xx_HAL_Driver/Src/stm32h7xx_hal_rcc_ex.o
                0x08007bfc                HAL_RCCEx_GetPLL1ClockFreq
 .text.HAL_RCCEx_GetPeriphCLKFreq
                0x08007d50      0x2a0 ./Drivers/STM32H7xx_HAL_Driver/Src/stm32h7xx_hal_rcc_ex.o
                0x08007d50                HAL_RCCEx_GetPeriphCLKFreq
 .text.SD_FindSCR.constprop.0
                0x08007ff0       0xcc ./Drivers/STM32H7xx_HAL_Driver/Src/stm32h7xx_hal_sd.o
 .text.HAL_SD_TxCpltCallback
                0x080080bc        0x2 ./Drivers/STM32H7xx_HAL_Driver/Src/stm32h7xx_hal_sd.o
                0x080080bc                HAL_SD_TxCpltCallback
 .text.HAL_SD_RxCpltCallback
                0x080080be        0x2 ./Drivers/STM32H7xx_HAL_Driver/Src/stm32h7xx_hal_sd.o
                0x080080be                HAL_SD_RxCpltCallback
 .text.HAL_SD_ErrorCallback
                0x080080c0        0x2 ./Drivers/STM32H7xx_HAL_Driver/Src/stm32h7xx_hal_sd.o
                0x080080c0                HAL_SD_ErrorCallback
 *fill*         0x080080c2        0x2 
 .text.HAL_SD_GetCardCSD
                0x080080c4      0x16c ./Drivers/STM32H7xx_HAL_Driver/Src/stm32h7xx_hal_sd.o
                0x080080c4                HAL_SD_GetCardCSD
 .text.HAL_SD_InitCard
                0x08008230      0x224 ./Drivers/STM32H7xx_HAL_Driver/Src/stm32h7xx_hal_sd.o
                0x08008230                HAL_SD_InitCard
 .text.HAL_SD_GetCardStatus
                0x08008454      0x18c ./Drivers/STM32H7xx_HAL_Driver/Src/stm32h7xx_hal_sd.o
                0x08008454                HAL_SD_GetCardStatus
 .text.HAL_SD_ConfigWideBusOperation
                0x080085e0      0x170 ./Drivers/STM32H7xx_HAL_Driver/Src/stm32h7xx_hal_sd.o
                0x080085e0                HAL_SD_ConfigWideBusOperation
 .text.HAL_SD_GetCardState
                0x08008750       0x28 ./Drivers/STM32H7xx_HAL_Driver/Src/stm32h7xx_hal_sd.o
                0x08008750                HAL_SD_GetCardState
 .text.HAL_SD_Init
                0x08008778       0xa2 ./Drivers/STM32H7xx_HAL_Driver/Src/stm32h7xx_hal_sd.o
                0x08008778                HAL_SD_Init
 .text.HAL_SDEx_Read_DMADoubleBuf0CpltCallback
                0x0800881a        0x2 ./Drivers/STM32H7xx_HAL_Driver/Src/stm32h7xx_hal_sd.o
                0x0800881a                HAL_SDEx_Read_DMADoubleBuf0CpltCallback
 .text.HAL_SDEx_Read_DMADoubleBuf1CpltCallback
                0x0800881c        0x2 ./Drivers/STM32H7xx_HAL_Driver/Src/stm32h7xx_hal_sd.o
                0x0800881c                HAL_SDEx_Read_DMADoubleBuf1CpltCallback
 .text.HAL_SDEx_Write_DMADoubleBuf0CpltCallback
                0x0800881e        0x2 ./Drivers/STM32H7xx_HAL_Driver/Src/stm32h7xx_hal_sd.o
                0x0800881e                HAL_SDEx_Write_DMADoubleBuf0CpltCallback
 .text.HAL_SDEx_Write_DMADoubleBuf1CpltCallback
                0x08008820        0x2 ./Drivers/STM32H7xx_HAL_Driver/Src/stm32h7xx_hal_sd.o
                0x08008820                HAL_SDEx_Write_DMADoubleBuf1CpltCallback
 *fill*         0x08008822        0x2 
 .text.HAL_SD_IRQHandler
                0x08008824      0x244 ./Drivers/STM32H7xx_HAL_Driver/Src/stm32h7xx_hal_sd.o
                0x08008824                HAL_SD_IRQHandler
 .text.TIM_OC1_SetConfig
                0x08008a68       0x98 ./Drivers/STM32H7xx_HAL_Driver/Src/stm32h7xx_hal_tim.o
 .text.TIM_OC3_SetConfig
                0x08008b00       0x88 ./Drivers/STM32H7xx_HAL_Driver/Src/stm32h7xx_hal_tim.o
 .text.TIM_OC4_SetConfig
                0x08008b88       0x68 ./Drivers/STM32H7xx_HAL_Driver/Src/stm32h7xx_hal_tim.o
 .text.TIM_OC5_SetConfig
                0x08008bf0       0x68 ./Drivers/STM32H7xx_HAL_Driver/Src/stm32h7xx_hal_tim.o
 .text.TIM_OC6_SetConfig
                0x08008c58       0x68 ./Drivers/STM32H7xx_HAL_Driver/Src/stm32h7xx_hal_tim.o
 .text.HAL_TIM_Base_Start_IT
                0x08008cc0       0x7c ./Drivers/STM32H7xx_HAL_Driver/Src/stm32h7xx_hal_tim.o
                0x08008cc0                HAL_TIM_Base_Start_IT
 .text.HAL_TIM_Base_Stop_IT
                0x08008d3c       0x30 ./Drivers/STM32H7xx_HAL_Driver/Src/stm32h7xx_hal_tim.o
                0x08008d3c                HAL_TIM_Base_Stop_IT
 .text.HAL_TIM_PWM_MspInit
                0x08008d6c        0x2 ./Drivers/STM32H7xx_HAL_Driver/Src/stm32h7xx_hal_tim.o
                0x08008d6c                HAL_TIM_PWM_MspInit
 .text.HAL_TIM_OC_DelayElapsedCallback
                0x08008d6e        0x2 ./Drivers/STM32H7xx_HAL_Driver/Src/stm32h7xx_hal_tim.o
                0x08008d6e                HAL_TIM_OC_DelayElapsedCallback
 .text.HAL_TIM_IC_CaptureCallback
                0x08008d70        0x2 ./Drivers/STM32H7xx_HAL_Driver/Src/stm32h7xx_hal_tim.o
                0x08008d70                HAL_TIM_IC_CaptureCallback
 .text.HAL_TIM_PWM_PulseFinishedCallback
                0x08008d72        0x2 ./Drivers/STM32H7xx_HAL_Driver/Src/stm32h7xx_hal_tim.o
                0x08008d72                HAL_TIM_PWM_PulseFinishedCallback
 .text.HAL_TIM_TriggerCallback
                0x08008d74        0x2 ./Drivers/STM32H7xx_HAL_Driver/Src/stm32h7xx_hal_tim.o
                0x08008d74                HAL_TIM_TriggerCallback
 .text.HAL_TIM_IRQHandler
                0x08008d76      0x160 ./Drivers/STM32H7xx_HAL_Driver/Src/stm32h7xx_hal_tim.o
                0x08008d76                HAL_TIM_IRQHandler
 *fill*         0x08008ed6        0x2 
 .text.TIM_Base_SetConfig
                0x08008ed8       0xcc ./Drivers/STM32H7xx_HAL_Driver/Src/stm32h7xx_hal_tim.o
                0x08008ed8                TIM_Base_SetConfig
 .text.HAL_TIM_Base_Init
                0x08008fa4       0x60 ./Drivers/STM32H7xx_HAL_Driver/Src/stm32h7xx_hal_tim.o
                0x08008fa4                HAL_TIM_Base_Init
 .text.HAL_TIM_PWM_Init
                0x08009004       0x60 ./Drivers/STM32H7xx_HAL_Driver/Src/stm32h7xx_hal_tim.o
                0x08009004                HAL_TIM_PWM_Init
 .text.TIM_OC2_SetConfig
                0x08009064       0x8c ./Drivers/STM32H7xx_HAL_Driver/Src/stm32h7xx_hal_tim.o
                0x08009064                TIM_OC2_SetConfig
 .text.HAL_TIM_PWM_ConfigChannel
                0x080090f0       0xf8 ./Drivers/STM32H7xx_HAL_Driver/Src/stm32h7xx_hal_tim.o
                0x080090f0                HAL_TIM_PWM_ConfigChannel
 .text.TIM_ETR_SetConfig
                0x080091e8       0x14 ./Drivers/STM32H7xx_HAL_Driver/Src/stm32h7xx_hal_tim.o
                0x080091e8                TIM_ETR_SetConfig
 .text.HAL_TIM_ConfigClockSource
                0x080091fc      0x174 ./Drivers/STM32H7xx_HAL_Driver/Src/stm32h7xx_hal_tim.o
                0x080091fc                HAL_TIM_ConfigClockSource
 .text.TIM_CCxChannelCmd
                0x08009370       0x1c ./Drivers/STM32H7xx_HAL_Driver/Src/stm32h7xx_hal_tim.o
                0x08009370                TIM_CCxChannelCmd
 .text.HAL_TIM_OC_Start
                0x0800938c      0x120 ./Drivers/STM32H7xx_HAL_Driver/Src/stm32h7xx_hal_tim.o
                0x0800938c                HAL_TIM_OC_Start
 .text.HAL_TIM_PWM_Start
                0x080094ac        0x4 ./Drivers/STM32H7xx_HAL_Driver/Src/stm32h7xx_hal_tim.o
                0x080094ac                HAL_TIM_PWM_Start
 .text.HAL_TIMEx_MasterConfigSynchronization
                0x080094b0       0x94 ./Drivers/STM32H7xx_HAL_Driver/Src/stm32h7xx_hal_tim_ex.o
                0x080094b0                HAL_TIMEx_MasterConfigSynchronization
 .text.HAL_TIMEx_CommutCallback
                0x08009544        0x2 ./Drivers/STM32H7xx_HAL_Driver/Src/stm32h7xx_hal_tim_ex.o
                0x08009544                HAL_TIMEx_CommutCallback
 .text.HAL_TIMEx_BreakCallback
                0x08009546        0x2 ./Drivers/STM32H7xx_HAL_Driver/Src/stm32h7xx_hal_tim_ex.o
                0x08009546                HAL_TIMEx_BreakCallback
 .text.HAL_TIMEx_Break2Callback
                0x08009548        0x2 ./Drivers/STM32H7xx_HAL_Driver/Src/stm32h7xx_hal_tim_ex.o
                0x08009548                HAL_TIMEx_Break2Callback
 .text.UART_EndTxTransfer
                0x0800954a       0x34 ./Drivers/STM32H7xx_HAL_Driver/Src/stm32h7xx_hal_uart.o
 *fill*         0x0800957e        0x2 
 .text.UART_EndRxTransfer
                0x08009580       0x58 ./Drivers/STM32H7xx_HAL_Driver/Src/stm32h7xx_hal_uart.o
 .text.HAL_UART_Transmit_DMA
                0x080095d8       0x9c ./Drivers/STM32H7xx_HAL_Driver/Src/stm32h7xx_hal_uart.o
                0x080095d8                HAL_UART_Transmit_DMA
 .text.HAL_UART_TxCpltCallback
                0x08009674        0x2 ./Drivers/STM32H7xx_HAL_Driver/Src/stm32h7xx_hal_uart.o
                0x08009674                HAL_UART_TxCpltCallback
 .text.UART_DMATransmitCplt
                0x08009676       0x46 ./Drivers/STM32H7xx_HAL_Driver/Src/stm32h7xx_hal_uart.o
 .text.HAL_UART_TxHalfCpltCallback
                0x080096bc        0x2 ./Drivers/STM32H7xx_HAL_Driver/Src/stm32h7xx_hal_uart.o
                0x080096bc                HAL_UART_TxHalfCpltCallback
 .text.UART_DMATxHalfCplt
                0x080096be        0xa ./Drivers/STM32H7xx_HAL_Driver/Src/stm32h7xx_hal_uart.o
 .text.HAL_UART_RxCpltCallback
                0x080096c8        0x2 ./Drivers/STM32H7xx_HAL_Driver/Src/stm32h7xx_hal_uart.o
                0x080096c8                HAL_UART_RxCpltCallback
 .text.HAL_UART_RxHalfCpltCallback
                0x080096ca        0x2 ./Drivers/STM32H7xx_HAL_Driver/Src/stm32h7xx_hal_uart.o
                0x080096ca                HAL_UART_RxHalfCpltCallback
 .text.UART_DMAError
                0x080096cc       0x48 ./Drivers/STM32H7xx_HAL_Driver/Src/stm32h7xx_hal_uart.o
 .text.UART_DMAAbortOnError
                0x08009714       0x14 ./Drivers/STM32H7xx_HAL_Driver/Src/stm32h7xx_hal_uart.o
 .text.HAL_UART_IRQHandler
                0x08009728      0x334 ./Drivers/STM32H7xx_HAL_Driver/Src/stm32h7xx_hal_uart.o
                0x08009728                HAL_UART_IRQHandler
 .text.UART_DMARxHalfCplt
                0x08009a5c       0x1c ./Drivers/STM32H7xx_HAL_Driver/Src/stm32h7xx_hal_uart.o
 .text.UART_DMAReceiveCplt
                0x08009a78       0x8a ./Drivers/STM32H7xx_HAL_Driver/Src/stm32h7xx_hal_uart.o
 *fill*         0x08009b02        0x2 
 .text.UART_SetConfig
                0x08009b04      0x32c ./Drivers/STM32H7xx_HAL_Driver/Src/stm32h7xx_hal_uart.o
                0x08009b04                UART_SetConfig
 .text.UART_AdvFeatureConfig
                0x08009e30       0xaa ./Drivers/STM32H7xx_HAL_Driver/Src/stm32h7xx_hal_uart.o
                0x08009e30                UART_AdvFeatureConfig
 .text.UART_WaitOnFlagUntilTimeout
                0x08009eda       0xc8 ./Drivers/STM32H7xx_HAL_Driver/Src/stm32h7xx_hal_uart.o
                0x08009eda                UART_WaitOnFlagUntilTimeout
 .text.UART_CheckIdleState
                0x08009fa2       0x68 ./Drivers/STM32H7xx_HAL_Driver/Src/stm32h7xx_hal_uart.o
                0x08009fa2                UART_CheckIdleState
 .text.HAL_UART_Init
                0x0800a00a       0x60 ./Drivers/STM32H7xx_HAL_Driver/Src/stm32h7xx_hal_uart.o
                0x0800a00a                HAL_UART_Init
 *fill*         0x0800a06a        0x2 
 .text.UART_Start_Receive_DMA
                0x0800a06c       0xa8 ./Drivers/STM32H7xx_HAL_Driver/Src/stm32h7xx_hal_uart.o
                0x0800a06c                UART_Start_Receive_DMA
 .text.UARTEx_SetNbDataToProcess
                0x0800a114       0x44 ./Drivers/STM32H7xx_HAL_Driver/Src/stm32h7xx_hal_uart_ex.o
 .text.HAL_RS485Ex_Init
                0x0800a158       0x7e ./Drivers/STM32H7xx_HAL_Driver/Src/stm32h7xx_hal_uart_ex.o
                0x0800a158                HAL_RS485Ex_Init
 .text.HAL_UARTEx_WakeupCallback
                0x0800a1d6        0x2 ./Drivers/STM32H7xx_HAL_Driver/Src/stm32h7xx_hal_uart_ex.o
                0x0800a1d6                HAL_UARTEx_WakeupCallback
 .text.HAL_UARTEx_RxFifoFullCallback
                0x0800a1d8        0x2 ./Drivers/STM32H7xx_HAL_Driver/Src/stm32h7xx_hal_uart_ex.o
                0x0800a1d8                HAL_UARTEx_RxFifoFullCallback
 .text.HAL_UARTEx_TxFifoEmptyCallback
                0x0800a1da        0x2 ./Drivers/STM32H7xx_HAL_Driver/Src/stm32h7xx_hal_uart_ex.o
                0x0800a1da                HAL_UARTEx_TxFifoEmptyCallback
 .text.HAL_UARTEx_DisableFifoMode
                0x0800a1dc       0x36 ./Drivers/STM32H7xx_HAL_Driver/Src/stm32h7xx_hal_uart_ex.o
                0x0800a1dc                HAL_UARTEx_DisableFifoMode
 .text.HAL_UARTEx_SetTxFifoThreshold
                0x0800a212       0x40 ./Drivers/STM32H7xx_HAL_Driver/Src/stm32h7xx_hal_uart_ex.o
                0x0800a212                HAL_UARTEx_SetTxFifoThreshold
 .text.HAL_UARTEx_SetRxFifoThreshold
                0x0800a252       0x40 ./Drivers/STM32H7xx_HAL_Driver/Src/stm32h7xx_hal_uart_ex.o
                0x0800a252                HAL_UARTEx_SetRxFifoThreshold
 .text.HAL_UARTEx_ReceiveToIdle_DMA
                0x0800a292       0x52 ./Drivers/STM32H7xx_HAL_Driver/Src/stm32h7xx_hal_uart_ex.o
                0x0800a292                HAL_UARTEx_ReceiveToIdle_DMA
 .text.SDMMC_Init
                0x0800a2e4       0x34 ./Drivers/STM32H7xx_HAL_Driver/Src/stm32h7xx_ll_sdmmc.o
                0x0800a2e4                SDMMC_Init
 .text.SDMMC_ReadFIFO
                0x0800a318        0x6 ./Drivers/STM32H7xx_HAL_Driver/Src/stm32h7xx_ll_sdmmc.o
                0x0800a318                SDMMC_ReadFIFO
 .text.SDMMC_WriteFIFO
                0x0800a31e        0xa ./Drivers/STM32H7xx_HAL_Driver/Src/stm32h7xx_ll_sdmmc.o
                0x0800a31e                SDMMC_WriteFIFO
 .text.SDMMC_PowerState_ON
                0x0800a328        0xc ./Drivers/STM32H7xx_HAL_Driver/Src/stm32h7xx_ll_sdmmc.o
                0x0800a328                SDMMC_PowerState_ON
 .text.SDMMC_GetPowerState
                0x0800a334        0x8 ./Drivers/STM32H7xx_HAL_Driver/Src/stm32h7xx_ll_sdmmc.o
                0x0800a334                SDMMC_GetPowerState
 .text.SDMMC_SendCommand
                0x0800a33c       0x28 ./Drivers/STM32H7xx_HAL_Driver/Src/stm32h7xx_ll_sdmmc.o
                0x0800a33c                SDMMC_SendCommand
 .text.SDMMC_GetResponse
                0x0800a364        0x6 ./Drivers/STM32H7xx_HAL_Driver/Src/stm32h7xx_ll_sdmmc.o
                0x0800a364                SDMMC_GetResponse
 .text.SDMMC_ConfigData
                0x0800a36a       0x26 ./Drivers/STM32H7xx_HAL_Driver/Src/stm32h7xx_ll_sdmmc.o
                0x0800a36a                SDMMC_ConfigData
 .text.SDMMC_CmdGoIdleState
                0x0800a390       0x50 ./Drivers/STM32H7xx_HAL_Driver/Src/stm32h7xx_ll_sdmmc.o
                0x0800a390                SDMMC_CmdGoIdleState
 .text.SDMMC_GetCmdResp1
                0x0800a3e0      0x124 ./Drivers/STM32H7xx_HAL_Driver/Src/stm32h7xx_ll_sdmmc.o
                0x0800a3e0                SDMMC_GetCmdResp1
 .text.SDMMC_CmdBlockLength
                0x0800a504       0x34 ./Drivers/STM32H7xx_HAL_Driver/Src/stm32h7xx_ll_sdmmc.o
                0x0800a504                SDMMC_CmdBlockLength
 .text.SDMMC_CmdStopTransfer
                0x0800a538       0x54 ./Drivers/STM32H7xx_HAL_Driver/Src/stm32h7xx_ll_sdmmc.o
                0x0800a538                SDMMC_CmdStopTransfer
 .text.SDMMC_CmdSelDesel
                0x0800a58c       0x34 ./Drivers/STM32H7xx_HAL_Driver/Src/stm32h7xx_ll_sdmmc.o
                0x0800a58c                SDMMC_CmdSelDesel
 .text.SDMMC_CmdAppCommand
                0x0800a5c0       0x34 ./Drivers/STM32H7xx_HAL_Driver/Src/stm32h7xx_ll_sdmmc.o
                0x0800a5c0                SDMMC_CmdAppCommand
 .text.SDMMC_CmdBusWidth
                0x0800a5f4       0x34 ./Drivers/STM32H7xx_HAL_Driver/Src/stm32h7xx_ll_sdmmc.o
                0x0800a5f4                SDMMC_CmdBusWidth
 .text.SDMMC_CmdSendSCR
                0x0800a628       0x34 ./Drivers/STM32H7xx_HAL_Driver/Src/stm32h7xx_ll_sdmmc.o
                0x0800a628                SDMMC_CmdSendSCR
 .text.SDMMC_CmdSendStatus
                0x0800a65c       0x34 ./Drivers/STM32H7xx_HAL_Driver/Src/stm32h7xx_ll_sdmmc.o
                0x0800a65c                SDMMC_CmdSendStatus
 .text.SDMMC_CmdStatusRegister
                0x0800a690       0x34 ./Drivers/STM32H7xx_HAL_Driver/Src/stm32h7xx_ll_sdmmc.o
                0x0800a690                SDMMC_CmdStatusRegister
 .text.SDMMC_GetCmdResp2
                0x0800a6c4       0x50 ./Drivers/STM32H7xx_HAL_Driver/Src/stm32h7xx_ll_sdmmc.o
                0x0800a6c4                SDMMC_GetCmdResp2
 .text.SDMMC_CmdSendCID
                0x0800a714       0x2e ./Drivers/STM32H7xx_HAL_Driver/Src/stm32h7xx_ll_sdmmc.o
                0x0800a714                SDMMC_CmdSendCID
 .text.SDMMC_CmdSendCSD
                0x0800a742       0x2e ./Drivers/STM32H7xx_HAL_Driver/Src/stm32h7xx_ll_sdmmc.o
                0x0800a742                SDMMC_CmdSendCSD
 .text.SDMMC_GetCmdResp3
                0x0800a770       0x48 ./Drivers/STM32H7xx_HAL_Driver/Src/stm32h7xx_ll_sdmmc.o
                0x0800a770                SDMMC_GetCmdResp3
 .text.SDMMC_CmdAppOperCommand
                0x0800a7b8       0x2e ./Drivers/STM32H7xx_HAL_Driver/Src/stm32h7xx_ll_sdmmc.o
                0x0800a7b8                SDMMC_CmdAppOperCommand
 *fill*         0x0800a7e6        0x2 
 .text.SDMMC_GetCmdResp6
                0x0800a7e8       0x84 ./Drivers/STM32H7xx_HAL_Driver/Src/stm32h7xx_ll_sdmmc.o
                0x0800a7e8                SDMMC_GetCmdResp6
 .text.SDMMC_CmdSetRelAdd
                0x0800a86c       0x34 ./Drivers/STM32H7xx_HAL_Driver/Src/stm32h7xx_ll_sdmmc.o
                0x0800a86c                SDMMC_CmdSetRelAdd
 .text.SDMMC_GetCmdResp7
                0x0800a8a0       0x54 ./Drivers/STM32H7xx_HAL_Driver/Src/stm32h7xx_ll_sdmmc.o
                0x0800a8a0                SDMMC_GetCmdResp7
 .text.SDMMC_CmdOperCond
                0x0800a8f4       0x32 ./Drivers/STM32H7xx_HAL_Driver/Src/stm32h7xx_ll_sdmmc.o
                0x0800a8f4                SDMMC_CmdOperCond
 .text.SysTick_Handler
                0x0800a926       0x1a ./Middlewares/Third_Party/FreeRTOS/Source/CMSIS_RTOS_V2/cmsis_os2.o
                0x0800a926                SysTick_Handler
 .text.osKernelInitialize
                0x0800a940       0x24 ./Middlewares/Third_Party/FreeRTOS/Source/CMSIS_RTOS_V2/cmsis_os2.o
                0x0800a940                osKernelInitialize
 .text.osKernelStart
                0x0800a964       0x34 ./Middlewares/Third_Party/FreeRTOS/Source/CMSIS_RTOS_V2/cmsis_os2.o
                0x0800a964                osKernelStart
 .text.osThreadNew
                0x0800a998       0x8e ./Middlewares/Third_Party/FreeRTOS/Source/CMSIS_RTOS_V2/cmsis_os2.o
                0x0800a998                osThreadNew
 .text.osDelay  0x0800aa26       0x18 ./Middlewares/Third_Party/FreeRTOS/Source/CMSIS_RTOS_V2/cmsis_os2.o
                0x0800aa26                osDelay
 .text.osSemaphoreNew
                0x0800aa3e       0x94 ./Middlewares/Third_Party/FreeRTOS/Source/CMSIS_RTOS_V2/cmsis_os2.o
                0x0800aa3e                osSemaphoreNew
 .text.osSemaphoreAcquire
                0x0800aad2       0x58 ./Middlewares/Third_Party/FreeRTOS/Source/CMSIS_RTOS_V2/cmsis_os2.o
                0x0800aad2                osSemaphoreAcquire
 .text.osSemaphoreRelease
                0x0800ab2a       0x52 ./Middlewares/Third_Party/FreeRTOS/Source/CMSIS_RTOS_V2/cmsis_os2.o
                0x0800ab2a                osSemaphoreRelease
 .text.vApplicationGetIdleTaskMemory
                0x0800ab7c       0x18 ./Middlewares/Third_Party/FreeRTOS/Source/CMSIS_RTOS_V2/cmsis_os2.o
                0x0800ab7c                vApplicationGetIdleTaskMemory
 .text.vApplicationGetTimerTaskMemory
                0x0800ab94       0x18 ./Middlewares/Third_Party/FreeRTOS/Source/CMSIS_RTOS_V2/cmsis_os2.o
                0x0800ab94                vApplicationGetTimerTaskMemory
 .text.vListInitialise
                0x0800abac       0x16 ./Middlewares/Third_Party/FreeRTOS/Source/list.o
                0x0800abac                vListInitialise
 .text.vListInitialiseItem
                0x0800abc2        0x6 ./Middlewares/Third_Party/FreeRTOS/Source/list.o
                0x0800abc2                vListInitialiseItem
 .text.vListInsertEnd
                0x0800abc8       0x16 ./Middlewares/Third_Party/FreeRTOS/Source/list.o
                0x0800abc8                vListInsertEnd
 .text.vListInsert
                0x0800abde       0x2e ./Middlewares/Third_Party/FreeRTOS/Source/list.o
                0x0800abde                vListInsert
 .text.uxListRemove
                0x0800ac0c       0x20 ./Middlewares/Third_Party/FreeRTOS/Source/list.o
                0x0800ac0c                uxListRemove
 .text.prvIsQueueEmpty
                0x0800ac2c       0x16 ./Middlewares/Third_Party/FreeRTOS/Source/queue.o
 .text.prvCopyDataToQueue
                0x0800ac42       0x66 ./Middlewares/Third_Party/FreeRTOS/Source/queue.o
 .text.prvCopyDataFromQueue
                0x0800aca8       0x2a ./Middlewares/Third_Party/FreeRTOS/Source/queue.o
 .text.prvUnlockQueue
                0x0800acd2       0x70 ./Middlewares/Third_Party/FreeRTOS/Source/queue.o
 .text.xQueueGenericReset
                0x0800ad42       0x7e ./Middlewares/Third_Party/FreeRTOS/Source/queue.o
                0x0800ad42                xQueueGenericReset
 .text.xQueueGenericCreateStatic
                0x0800adc0       0x9c ./Middlewares/Third_Party/FreeRTOS/Source/queue.o
                0x0800adc0                xQueueGenericCreateStatic
 .text.xQueueGenericCreate
                0x0800ae5c       0x4e ./Middlewares/Third_Party/FreeRTOS/Source/queue.o
                0x0800ae5c                xQueueGenericCreate
 .text.xQueueCreateCountingSemaphoreStatic
                0x0800aeaa       0x44 ./Middlewares/Third_Party/FreeRTOS/Source/queue.o
                0x0800aeaa                xQueueCreateCountingSemaphoreStatic
 .text.xQueueCreateCountingSemaphore
                0x0800aeee       0x3c ./Middlewares/Third_Party/FreeRTOS/Source/queue.o
                0x0800aeee                xQueueCreateCountingSemaphore
 .text.xQueueGenericSend
                0x0800af2a      0x164 ./Middlewares/Third_Party/FreeRTOS/Source/queue.o
                0x0800af2a                xQueueGenericSend
 .text.xQueueGenericSendFromISR
                0x0800b08e       0xba ./Middlewares/Third_Party/FreeRTOS/Source/queue.o
                0x0800b08e                xQueueGenericSendFromISR
 .text.xQueueGiveFromISR
                0x0800b148       0xa2 ./Middlewares/Third_Party/FreeRTOS/Source/queue.o
                0x0800b148                xQueueGiveFromISR
 .text.xQueueReceive
                0x0800b1ea      0x13c ./Middlewares/Third_Party/FreeRTOS/Source/queue.o
                0x0800b1ea                xQueueReceive
 .text.xQueueSemaphoreTake
                0x0800b326      0x17a ./Middlewares/Third_Party/FreeRTOS/Source/queue.o
                0x0800b326                xQueueSemaphoreTake
 .text.xQueueReceiveFromISR
                0x0800b4a0       0x9a ./Middlewares/Third_Party/FreeRTOS/Source/queue.o
                0x0800b4a0                xQueueReceiveFromISR
 *fill*         0x0800b53a        0x2 
 .text.vQueueAddToRegistry
                0x0800b53c       0x24 ./Middlewares/Third_Party/FreeRTOS/Source/queue.o
                0x0800b53c                vQueueAddToRegistry
 .text.vQueueUnregisterQueue
                0x0800b560       0x30 ./Middlewares/Third_Party/FreeRTOS/Source/queue.o
                0x0800b560                vQueueUnregisterQueue
 .text.vQueueDelete
                0x0800b590       0x2a ./Middlewares/Third_Party/FreeRTOS/Source/queue.o
                0x0800b590                vQueueDelete
 .text.vQueueWaitForMessageRestricted
                0x0800b5ba       0x46 ./Middlewares/Third_Party/FreeRTOS/Source/queue.o
                0x0800b5ba                vQueueWaitForMessageRestricted
 .text.prvAddNewTaskToReadyList
                0x0800b600       0xfc ./Middlewares/Third_Party/FreeRTOS/Source/tasks.o
 .text.prvAddCurrentTaskToDelayedList
                0x0800b6fc       0x70 ./Middlewares/Third_Party/FreeRTOS/Source/tasks.o
 .text.prvResetNextTaskUnblockTime
                0x0800b76c       0x24 ./Middlewares/Third_Party/FreeRTOS/Source/tasks.o
 .text.prvDeleteTCB
                0x0800b790       0x3c ./Middlewares/Third_Party/FreeRTOS/Source/tasks.o
 .text.prvIdleTask
                0x0800b7cc       0x60 ./Middlewares/Third_Party/FreeRTOS/Source/tasks.o
 .text.prvInitialiseNewTask.constprop.0
                0x0800b82c       0xb8 ./Middlewares/Third_Party/FreeRTOS/Source/tasks.o
 .text.xTaskCreateStatic
                0x0800b8e4       0x70 ./Middlewares/Third_Party/FreeRTOS/Source/tasks.o
                0x0800b8e4                xTaskCreateStatic
 .text.xTaskCreate
                0x0800b954       0x5c ./Middlewares/Third_Party/FreeRTOS/Source/tasks.o
                0x0800b954                xTaskCreate
 .text.vTaskStartScheduler
                0x0800b9b0       0xa0 ./Middlewares/Third_Party/FreeRTOS/Source/tasks.o
                0x0800b9b0                vTaskStartScheduler
 .text.vTaskSuspendAll
                0x0800ba50       0x10 ./Middlewares/Third_Party/FreeRTOS/Source/tasks.o
                0x0800ba50                vTaskSuspendAll
 .text.xTaskGetTickCount
                0x0800ba60        0xc ./Middlewares/Third_Party/FreeRTOS/Source/tasks.o
                0x0800ba60                xTaskGetTickCount
 .text.xTaskIncrementTick
                0x0800ba6c      0x12c ./Middlewares/Third_Party/FreeRTOS/Source/tasks.o
                0x0800ba6c                xTaskIncrementTick
 .text.xTaskResumeAll
                0x0800bb98       0xe8 ./Middlewares/Third_Party/FreeRTOS/Source/tasks.o
                0x0800bb98                xTaskResumeAll
 .text.vTaskDelay
                0x0800bc80       0x48 ./Middlewares/Third_Party/FreeRTOS/Source/tasks.o
                0x0800bc80                vTaskDelay
 .text.vTaskSwitchContext
                0x0800bcc8       0x80 ./Middlewares/Third_Party/FreeRTOS/Source/tasks.o
                0x0800bcc8                vTaskSwitchContext
 .text.vTaskPlaceOnEventList
                0x0800bd48       0x34 ./Middlewares/Third_Party/FreeRTOS/Source/tasks.o
                0x0800bd48                vTaskPlaceOnEventList
 .text.vTaskPlaceOnEventListRestricted
                0x0800bd7c       0x3c ./Middlewares/Third_Party/FreeRTOS/Source/tasks.o
                0x0800bd7c                vTaskPlaceOnEventListRestricted
 .text.xTaskRemoveFromEventList
                0x0800bdb8       0x84 ./Middlewares/Third_Party/FreeRTOS/Source/tasks.o
                0x0800bdb8                xTaskRemoveFromEventList
 .text.vTaskInternalSetTimeOutState
                0x0800be3c       0x18 ./Middlewares/Third_Party/FreeRTOS/Source/tasks.o
                0x0800be3c                vTaskInternalSetTimeOutState
 .text.xTaskCheckForTimeOut
                0x0800be54       0x78 ./Middlewares/Third_Party/FreeRTOS/Source/tasks.o
                0x0800be54                xTaskCheckForTimeOut
 .text.vTaskMissedYield
                0x0800becc        0xc ./Middlewares/Third_Party/FreeRTOS/Source/tasks.o
                0x0800becc                vTaskMissedYield
 .text.xTaskGetSchedulerState
                0x0800bed8       0x20 ./Middlewares/Third_Party/FreeRTOS/Source/tasks.o
                0x0800bed8                xTaskGetSchedulerState
 .text.xTaskPriorityInherit
                0x0800bef8       0x7c ./Middlewares/Third_Party/FreeRTOS/Source/tasks.o
                0x0800bef8                xTaskPriorityInherit
 .text.xTaskPriorityDisinherit
                0x0800bf74       0x84 ./Middlewares/Third_Party/FreeRTOS/Source/tasks.o
                0x0800bf74                xTaskPriorityDisinherit
 .text.vTaskPriorityDisinheritAfterTimeout
                0x0800bff8       0x9c ./Middlewares/Third_Party/FreeRTOS/Source/tasks.o
                0x0800bff8                vTaskPriorityDisinheritAfterTimeout
 .text.pvTaskIncrementMutexHeldCount
                0x0800c094       0x18 ./Middlewares/Third_Party/FreeRTOS/Source/tasks.o
                0x0800c094                pvTaskIncrementMutexHeldCount
 .text.prvInsertTimerInActiveList
                0x0800c0ac       0x3c ./Middlewares/Third_Party/FreeRTOS/Source/timers.o
 .text.prvCheckForValidListAndQueue
                0x0800c0e8       0x68 ./Middlewares/Third_Party/FreeRTOS/Source/timers.o
 .text.xTimerCreateTimerTask
                0x0800c150       0x64 ./Middlewares/Third_Party/FreeRTOS/Source/timers.o
                0x0800c150                xTimerCreateTimerTask
 .text.xTimerGenericCommand
                0x0800c1b4       0x54 ./Middlewares/Third_Party/FreeRTOS/Source/timers.o
                0x0800c1b4                xTimerGenericCommand
 .text.prvSampleTimeNow
                0x0800c208       0xa4 ./Middlewares/Third_Party/FreeRTOS/Source/timers.o
 .text.prvTimerTask
                0x0800c2ac      0x1cc ./Middlewares/Third_Party/FreeRTOS/Source/timers.o
 .text.prvPortStartFirstTask
                0x0800c478       0x28 ./Middlewares/Third_Party/FreeRTOS/Source/portable/GCC/ARM_CM4F/port.o
 .text.vPortEnableVFP
                0x0800c4a0       0x14 ./Middlewares/Third_Party/FreeRTOS/Source/portable/GCC/ARM_CM4F/port.o
 .text.prvTaskExitError
                0x0800c4b4       0x40 ./Middlewares/Third_Party/FreeRTOS/Source/portable/GCC/ARM_CM4F/port.o
 .text.pxPortInitialiseStack
                0x0800c4f4       0x24 ./Middlewares/Third_Party/FreeRTOS/Source/portable/GCC/ARM_CM4F/port.o
                0x0800c4f4                pxPortInitialiseStack
 *fill*         0x0800c518        0x8 
 .text.SVC_Handler
                0x0800c520       0x24 ./Middlewares/Third_Party/FreeRTOS/Source/portable/GCC/ARM_CM4F/port.o
                0x0800c520                SVC_Handler
 .text.vPortEnterCritical
                0x0800c544       0x40 ./Middlewares/Third_Party/FreeRTOS/Source/portable/GCC/ARM_CM4F/port.o
                0x0800c544                vPortEnterCritical
 .text.vPortExitCritical
                0x0800c584       0x28 ./Middlewares/Third_Party/FreeRTOS/Source/portable/GCC/ARM_CM4F/port.o
                0x0800c584                vPortExitCritical
 *fill*         0x0800c5ac        0x4 
 .text.PendSV_Handler
                0x0800c5b0       0x64 ./Middlewares/Third_Party/FreeRTOS/Source/portable/GCC/ARM_CM4F/port.o
                0x0800c5b0                PendSV_Handler
 .text.xPortSysTickHandler
                0x0800c614       0x2c ./Middlewares/Third_Party/FreeRTOS/Source/portable/GCC/ARM_CM4F/port.o
                0x0800c614                xPortSysTickHandler
 .text.vPortSetupTimerInterrupt
                0x0800c640       0x24 ./Middlewares/Third_Party/FreeRTOS/Source/portable/GCC/ARM_CM4F/port.o
                0x0800c640                vPortSetupTimerInterrupt
 .text.xPortStartScheduler
                0x0800c664      0x104 ./Middlewares/Third_Party/FreeRTOS/Source/portable/GCC/ARM_CM4F/port.o
                0x0800c664                xPortStartScheduler
 .text.vPortValidateInterruptPriority
                0x0800c768       0x5c ./Middlewares/Third_Party/FreeRTOS/Source/portable/GCC/ARM_CM4F/port.o
                0x0800c768                vPortValidateInterruptPriority
 .text.prvInsertBlockIntoFreeList
                0x0800c7c4       0x4c ./Middlewares/Third_Party/FreeRTOS/Source/portable/MemMang/heap_4.o
 .text.pvPortMalloc
                0x0800c810      0x130 ./Middlewares/Third_Party/FreeRTOS/Source/portable/MemMang/heap_4.o
                0x0800c810                pvPortMalloc
 .text.vPortFree
                0x0800c940       0x7c ./Middlewares/Third_Party/FreeRTOS/Source/portable/MemMang/heap_4.o
                0x0800c940                vPortFree
 .text._Z11StartupLEDSP4LEDS
                0x0800c9bc       0x52 ./Platform/PlatformLEDs/PlatformLEDs.o
                0x0800c9bc                StartupLEDS(LEDS*)
 .text._Z11IDFoundLEDSP4LEDS
                0x0800ca0e        0x8 ./Platform/PlatformLEDs/PlatformLEDs.o
                0x0800ca0e                IDFoundLEDS(LEDS*)
 .text._Z16CommunicationLEDP4LEDSh
                0x0800ca16        0xc ./Platform/PlatformLEDs/PlatformLEDs.o
                0x0800ca16                CommunicationLED(LEDS*, unsigned char)
 *fill*         0x0800ca22        0x2 
 .text._ZN9Registers9GetTypeIDIfEEhPb.isra.0
                0x0800ca24       0xc4 ./Platform/PlatformSensors/PlatformSensors.o
 .text._ZN15PlatformSensorsC2Ev
                0x0800cae8        0x2 ./Platform/PlatformSensors/PlatformSensors.o
                0x0800cae8                PlatformSensors::PlatformSensors()
                0x0800cae8                PlatformSensors::PlatformSensors()
 *fill*         0x0800caea        0x2 
 .text._ZN9Registers12ReadRegisterIfEEbtPT_Ptb
                0x0800caec      0x174 ./Platform/PlatformSensors/PlatformSensors.o
                0x0800caec                bool Registers::ReadRegister<float>(unsigned short, float*, unsigned short*, bool)
 .text._ZNSt12_Vector_baseIP21CommunicationProtocolSaIS1_EE13_M_deallocateEPS1_j.part.0
                0x0800cc60        0x6 ./Src/Communication/Communication.o
 .text._ZNSt12_Vector_baseIfSaIfEE11_M_allocateEj.isra.0
                0x0800cc66       0x24 ./Src/Communication/Communication.o
 .text._ZNSt12_Vector_baseIaSaIaEE11_M_allocateEj.isra.0
                0x0800cc8a       0x16 ./Src/Communication/Communication.o
 .text._ZNSt12_Vector_baseImSaImEE11_M_allocateEj.isra.0
                0x0800cca0       0x24 ./Src/Communication/Communication.o
 .text._ZN9Registers9GetTypeIDIfEEhPb.isra.0
                0x0800ccc4       0xc4 ./Src/Communication/Communication.o
 .text._ZN9Registers9GetTypeIDIaEEhPb.isra.0
                0x0800cd88       0xc4 ./Src/Communication/Communication.o
 .text._ZN9Registers9GetTypeIDImEEhPb.isra.0
                0x0800ce4c       0xc4 ./Src/Communication/Communication.o
 .text._ZN8Services11TranferDataIfEEvPT_S2_t.isra.0
                0x0800cf10       0x14 ./Src/Communication/Communication.o
 .text._ZN8Services11TranferDataImEEvPT_S2_t.isra.0
                0x0800cf24       0x18 ./Src/Communication/Communication.o
 .text._ZN13Communication13ExtractSingleIfEET_St6vectorIhSaIhEEtPb.isra.0
                0x0800cf3c       0x3c ./Src/Communication/Communication.o
 .text._ZN13Communication13ExtractSingleIaEET_St6vectorIhSaIhEEtPb.isra.0
                0x0800cf78       0x1a ./Src/Communication/Communication.o
 .text._ZN13Communication13ExtractSingleImEET_St6vectorIhSaIhEEtPb.isra.0
                0x0800cf92       0x32 ./Src/Communication/Communication.o
 .text._ZN13Communication13ExtractSingleIhEET_St6vectorIhSaIhEEtPb.isra.0
                0x0800cfc4       0x1a ./Src/Communication/Communication.o
 .text._ZNSt12_Vector_baseIhSaIhEE11_M_allocateEj.isra.0
                0x0800cfde       0x16 ./Src/Communication/Communication.o
 .text._ZN9Registers9GetTypeIDIhEEhPb.isra.0
                0x0800cff4       0xc4 ./Src/Communication/Communication.o
 .text._ZN13CommunicationC2Ev
                0x0800d0b8       0x1a ./Src/Communication/Communication.o
                0x0800d0b8                Communication::Communication()
                0x0800d0b8                Communication::Communication()
 .text._ZN13Communication4InitEP9RegistersP8ServicesP17MasterSubscribersP4LEDS
                0x0800d0d2       0x22 ./Src/Communication/Communication.o
                0x0800d0d2                Communication::Init(Registers*, Services*, MasterSubscribers*, LEDS*)
 .text._ZN13Communication12FindProtocolEhPb
                0x0800d0f4       0x30 ./Src/Communication/Communication.o
                0x0800d0f4                Communication::FindProtocol(unsigned char, bool*)
 .text._ZN13Communication16InGroupAddressesEh
                0x0800d124       0x18 ./Src/Communication/Communication.o
                0x0800d124                Communication::InGroupAddresses(unsigned char)
 .text._ZN13Communication13AcceptMessageE13MessageHeader
                0x0800d13c       0x14 ./Src/Communication/Communication.o
                0x0800d13c                Communication::AcceptMessage(MessageHeader)
 .text._ZN13Communication5GetIDEPvPb
                0x0800d150       0x28 ./Src/Communication/Communication.o
                0x0800d150                Communication::GetID(void*, bool*)
 .text._ZN13Communication9GetBufferEhPb
                0x0800d178       0x16 ./Src/Communication/Communication.o
                0x0800d178                Communication::GetBuffer(unsigned char, bool*)
 .text._ZN13Communication14GetBufferIndexEhPb
                0x0800d18e       0x1e ./Src/Communication/Communication.o
                0x0800d18e                Communication::GetBufferIndex(unsigned char, bool*)
 .text._ZN13Communication27GetProtocolPayloadMaxLengthEhPb
                0x0800d1ac       0x18 ./Src/Communication/Communication.o
                0x0800d1ac                Communication::GetProtocolPayloadMaxLength(unsigned char, bool*)
 .text._ZN13Communication17ActivateReceptionEh
                0x0800d1c4       0x26 ./Src/Communication/Communication.o
                0x0800d1c4                Communication::ActivateReception(unsigned char)
 .text._ZN13Communication16SetModuleAddressEh
                0x0800d1ea       0x1c ./Src/Communication/Communication.o
                0x0800d1ea                Communication::SetModuleAddress(unsigned char)
 .text._ZNSt6vectorIhSaIhEEaSEOS1_.isra.0
                0x0800d206       0x2e ./Src/Communication/Communication.o
 .text._ZNSt6vectorIhSaIhEE5clearEv
                0x0800d234        0xc ./Src/Communication/Communication.o
                0x0800d234                std::vector<unsigned char, std::allocator<unsigned char> >::clear()
 .text._ZN13Communication17ClearGroupAddressEv
                0x0800d240       0x22 ./Src/Communication/Communication.o
                0x0800d240                Communication::ClearGroupAddress()
 .text._ZZN13Communication12AddRegistersEvENUlPvtPhtE2_4_FUNES0_tS1_t
                0x0800d262        0x4 ./Src/Communication/Communication.o
 *fill*         0x0800d266        0x2 
 .text._ZNSt6vectorI17RegisterCallbacksIhESaIS1_EE2atEj
                0x0800d268       0x24 ./Src/Communication/Communication.o
                0x0800d268                std::vector<RegisterCallbacks<unsigned char>, std::allocator<RegisterCallbacks<unsigned char> > >::at(unsigned int)
 .text._ZNSt6vectorI13MessageHeaderSaIS0_EE8_M_eraseEN9__gnu_cxx17__normal_iteratorIPS0_S2_EE
                0x0800d28c       0x58 ./Src/Communication/Communication.o
                0x0800d28c                std::vector<MessageHeader, std::allocator<MessageHeader> >::_M_erase(__gnu_cxx::__normal_iterator<MessageHeader*, std::vector<MessageHeader, std::allocator<MessageHeader> > >)
 .text._ZNSt6vectorIP21CommunicationProtocolSaIS1_EE17_M_realloc_insertIJRKS1_EEEvN9__gnu_cxx17__normal_iteratorIPS1_S3_EEDpOT_
                0x0800d2e4       0xa4 ./Src/Communication/Communication.o
                0x0800d2e4                void std::vector<CommunicationProtocol*, std::allocator<CommunicationProtocol*> >::_M_realloc_insert<CommunicationProtocol* const&>(__gnu_cxx::__normal_iterator<CommunicationProtocol**, std::vector<CommunicationProtocol*, std::allocator<CommunicationProtocol*> > >, CommunicationProtocol* const&)
 .text._ZN13Communication11AddProtocolEP21CommunicationProtocol
                0x0800d388       0x36 ./Src/Communication/Communication.o
                0x0800d388                Communication::AddProtocol(CommunicationProtocol*)
 *fill*         0x0800d3be        0x2 
 .text._ZNSt6vectorI21RegisterConfigurationSaIS0_EE17_M_realloc_insertIJRKS0_EEEvN9__gnu_cxx17__normal_iteratorIPS0_S2_EEDpOT_
                0x0800d3c0       0xc0 ./Src/Communication/Communication.o
                0x0800d3c0                void std::vector<RegisterConfiguration, std::allocator<RegisterConfiguration> >::_M_realloc_insert<RegisterConfiguration const&>(__gnu_cxx::__normal_iterator<RegisterConfiguration*, std::vector<RegisterConfiguration, std::allocator<RegisterConfiguration> > >, RegisterConfiguration const&)
 .text._ZN9Registers11AddRegisterIhEEbt.isra.0
                0x0800d480       0x78 ./Src/Communication/Communication.o
 .text._ZNSt6vectorI17RegisterCallbacksIhESaIS1_EE17_M_realloc_insertIJRKS1_EEEvN9__gnu_cxx17__normal_iteratorIPS1_S3_EEDpOT_
                0x0800d4f8       0xa8 ./Src/Communication/Communication.o
                0x0800d4f8                void std::vector<RegisterCallbacks<unsigned char>, std::allocator<RegisterCallbacks<unsigned char> > >::_M_realloc_insert<RegisterCallbacks<unsigned char> const&>(__gnu_cxx::__normal_iterator<RegisterCallbacks<unsigned char>*, std::vector<RegisterCallbacks<unsigned char>, std::allocator<RegisterCallbacks<unsigned char> > > >, RegisterCallbacks<unsigned char> const&)
 .text._ZNSt6vectorI17RegisterCallbacksIhESaIS1_EE9push_backERKS1_
                0x0800d5a0       0x22 ./Src/Communication/Communication.o
                0x0800d5a0                std::vector<RegisterCallbacks<unsigned char>, std::allocator<RegisterCallbacks<unsigned char> > >::push_back(RegisterCallbacks<unsigned char> const&)
 .text._ZN9Registers18AddRegisterPointerIhEEbtPT_.isra.0
                0x0800d5c2       0x82 ./Src/Communication/Communication.o
 .text._ZN9Registers16AddWriteCallbackIhEEbtPvPFbS1_tPT_tE.isra.0
                0x0800d644       0x86 ./Src/Communication/Communication.o
 *fill*         0x0800d6ca        0x2 
 .text._ZN13Communication12AddRegistersEv
                0x0800d6cc       0xf4 ./Src/Communication/Communication.o
                0x0800d6cc                Communication::AddRegisters()
 .text._ZN23SubscriberConfigurationD2Ev
                0x0800d7c0       0x26 ./Src/Communication/Communication.o
                0x0800d7c0                SubscriberConfiguration::~SubscriberConfiguration()
                0x0800d7c0                SubscriberConfiguration::~SubscriberConfiguration()
 .text._ZNSt12_Vector_baseImSaImEED2Ev
                0x0800d7e6       0x16 ./Src/Communication/Communication.o
                0x0800d7e6                std::_Vector_base<unsigned long, std::allocator<unsigned long> >::~_Vector_base()
                0x0800d7e6                std::_Vector_base<unsigned long, std::allocator<unsigned long> >::~_Vector_base()
 .text._ZNSt6vectorImSaImEEaSEOS1_.isra.0
                0x0800d7fc       0x2e ./Src/Communication/Communication.o
 .text._ZNSt12_Vector_baseIaSaIaEED2Ev
                0x0800d82a       0x14 ./Src/Communication/Communication.o
                0x0800d82a                std::_Vector_base<signed char, std::allocator<signed char> >::~_Vector_base()