../Src/MotionGenerator/MotionGenerator.cpp:62:3:static bool MotionGenerator::AddRegisters()::<lambda(void*, uint16_t, uint8_t*, uint16_t)>::_FUN(void*, uint16_t, uint8_t*, uint16_t)	0	static
../Src/MotionGenerator/MotionGenerator.cpp:74:3:static bool MotionGenerator::AddRegisters()::<lambda(void*, uint16_t, uint8_t*, uint16_t)>::_FUN(void*, uint16_t, uint8_t*, uint16_t)	0	static
../Src/MotionGenerator/MotionGenerator.cpp:90:3:static bool MotionGenerator::AddRegisters()::<lambda(void*, uint16_t, uint8_t**, uint16_t*)>::_FUN(void*, uint16_t, uint8_t**, uint16_t*)	24	static
../Src/MotionGenerator/MotionGenerator.cpp:127:3:static bool MotionGenerator::AddRegisters()::<lambda(void*, uint16_t, uint8_t**, uint16_t*)>::_FUN(void*, uint16_t, uint8_t**, uint16_t*)	24	static
../Src/MotionGenerator/MotionGenerator.cpp:180:3:static bool MotionGenerator::AddRegisters()::<lambda(void*, uint16_t, uint8_t*, uint16_t)>::_FUN(void*, uint16_t, uint8_t*, uint16_t)	0	static
../Src/MotionGenerator/MotionGenerator.cpp:158:3:static bool MotionGenerator::AddRegisters()::<lambda(void*, uint16_t, uint8_t*, uint16_t)>::_FUN(void*, uint16_t, uint8_t*, uint16_t)	0	static
../Src/MotionGenerator/MotionGenerator.cpp:13:1:MotionGenerator::MotionGenerator()	0	static
../Src/MotionGenerator/MotionGenerator.cpp:223:6:void MotionGenerator::SetupPublisher(uint8_t)	16	static
../Src/MotionGenerator/MotionGenerator.cpp:398:6:bool MotionGenerator::SetGeneratorStatus(bool)	48	static
../Src/MotionGenerator/MotionGenerator.cpp:420:6:bool MotionGenerator::ActivateGenerator()	8	static
../Src/MotionGenerator/MotionGenerator.cpp:430:6:bool MotionGenerator::DeactivateGenerator()	8	static
../Src/MotionGenerator/MotionGenerator.cpp:100:3:static bool MotionGenerator::AddRegisters()::<lambda(void*, uint16_t, uint8_t*, uint16_t)>::_FUN(void*, uint16_t, uint8_t*, uint16_t)	8	static
../Src/MotionGenerator/MotionGenerator.cpp:440:6:bool MotionGenerator::SetGeneratorPeriod(uint32_t)	16	static
../Src/MotionGenerator/MotionGenerator.cpp:478:6:bool MotionGenerator::SetGeneratorOffset(uint8_t, float)	16	static
../Src/MotionGenerator/MotionGenerator.cpp:147:3:static bool MotionGenerator::AddRegisters()::<lambda(void*, uint16_t, float*, uint16_t)>::_FUN(void*, uint16_t, float*, uint16_t)	16	static
../Src/MotionGenerator/MotionGenerator.cpp:492:6:bool MotionGenerator::ResetGeneratorOffsets()	8	static
../Src/MotionGenerator/MotionGenerator.cpp:508:6:bool MotionGenerator::SetPositionOffset(uint8_t, float)	16	static
../Src/MotionGenerator/MotionGenerator.cpp:169:3:static bool MotionGenerator::AddRegisters()::<lambda(void*, uint16_t, float*, uint16_t)>::_FUN(void*, uint16_t, float*, uint16_t)	16	static
../Src/MotionGenerator/MotionGenerator.cpp:523:6:bool MotionGenerator::SetModuleLength(float)	16	static
../Src/MotionGenerator/MotionGenerator.cpp:536:6:bool MotionGenerator::SetGeneratorAmplitude(float)	16	static
../Src/MotionGenerator/MotionGenerator.cpp:549:6:bool MotionGenerator::SetGeneratorFrequency(float)	16	static
../Src/MotionGenerator/MotionGenerator.cpp:562:6:bool MotionGenerator::SetGeneratorWavelengthInverse(float)	16	static
../Src/MotionGenerator/MotionGenerator.cpp:575:6:bool MotionGenerator::SetGeneratorPhase(float)	16	static
../Src/MotionGenerator/MotionGenerator.cpp:588:10:uint32_t MotionGenerator::GetGeneratorPeriod(bool*)	16	static
../Src/MotionGenerator/MotionGenerator.cpp:602:9:uint8_t MotionGenerator::GetNumberOfModules(bool*)	16	static
../Src/MotionGenerator/MotionGenerator.cpp:617:7:float MotionGenerator::GetGeneratorOffset(uint8_t, bool*)	24	static
../Src/MotionGenerator/MotionGenerator.cpp:633:7:float MotionGenerator::GetPositionOffset(uint8_t, bool*)	24	static
../Src/MotionGenerator/MotionGenerator.cpp:648:7:float MotionGenerator::GetModuleLength(bool*)	24	static
../Src/MotionGenerator/MotionGenerator.cpp:662:7:float MotionGenerator::GetGeneratorAmplitude(bool*)	24	static
../Src/MotionGenerator/MotionGenerator.cpp:676:7:float MotionGenerator::GetGeneratorFrequency(bool*)	24	static
../Src/MotionGenerator/MotionGenerator.cpp:690:7:float MotionGenerator::GetGeneratorWavelengthInverse(bool*)	24	static
../Src/MotionGenerator/MotionGenerator.cpp:704:7:float MotionGenerator::GetGeneratorPhase(bool*)	24	static
D:/Code/Envirobot2_0_STM32_Head/Src/Registers/Registers.hpp:199:9:uint8_t Registers::GetTypeID(bool*) [with T = unsigned char]	8	static
D:/Code/Envirobot2_0_STM32_Head/Src/Registers/Registers.hpp:199:9:uint8_t Registers::GetTypeID(bool*) [with T = float]	8	static
D:/Code/Envirobot2_0_STM32_Head/Src/Registers/Registers.hpp:199:9:uint8_t Registers::GetTypeID(bool*) [with T = long unsigned int]	8	static
c:\st\stm32cubeide_1.10.1\stm32cubeide\plugins\com.st.stm32cube.ide.mcu.externaltools.gnu-tools-for-stm32.10.3-2021.10.win32_1.0.0.202111181127\tools\arm-none-eabi\include\c++\10.3.1\bits\vector.tcc:611:5:void std::vector<_Tp, _Alloc>::_M_default_append(std::vector<_Tp, _Alloc>::size_type) [with _Tp = float; _Alloc = std::allocator<float>]	40	static
../Src/MotionGenerator/MotionGenerator.cpp:453:6:bool MotionGenerator::SetNumberOfModules(uint8_t)	16	static
../Src/MotionGenerator/MotionGenerator.cpp:25:6:void MotionGenerator::Init(Registers*, Publishers*, Services*, LEDS*)	16	static
../Src/MotionGenerator/MotionGenerator.cpp:137:3:static bool MotionGenerator::AddRegisters()::<lambda(void*, uint16_t, uint8_t*, uint16_t)>::_FUN(void*, uint16_t, uint8_t*, uint16_t)	8	static
c:\st\stm32cubeide_1.10.1\stm32cubeide\plugins\com.st.stm32cube.ide.mcu.externaltools.gnu-tools-for-stm32.10.3-2021.10.win32_1.0.0.202111181127\tools\arm-none-eabi\include\c++\10.3.1\bits\vector.tcc:426:7:) [with _Args = {const RegisterConfiguration&}; _Tp = RegisterConfiguration; _Alloc = std::allocator<RegisterConfiguration>]	48	static
D:/Code/Envirobot2_0_STM32_Head/Src/Registers/Registers.hpp:162:6:bool Registers::AddRegister(uint16_t) [with T = unsigned char]	64	static
D:/Code/Envirobot2_0_STM32_Head/Src/Registers/Registers.hpp:162:6:bool Registers::AddRegister(uint16_t) [with T = float]	64	static
D:/Code/Envirobot2_0_STM32_Head/Src/Registers/Registers.hpp:162:6:bool Registers::AddRegister(uint16_t) [with T = long unsigned int]	64	static
c:\st\stm32cubeide_1.10.1\stm32cubeide\plugins\com.st.stm32cube.ide.mcu.externaltools.gnu-tools-for-stm32.10.3-2021.10.win32_1.0.0.202111181127\tools\arm-none-eabi\include\c++\10.3.1\bits\vector.tcc:426:7:) [with _Args = {const RegisterCallbacks<unsigned char>&}; _Tp = RegisterCallbacks<unsigned char>; _Alloc = std::allocator<RegisterCallbacks<unsigned char> >]	48	static
D:/Code/Envirobot2_0_STM32_Head/Src/Registers/Registers.hpp:294:6:bool Registers::AddWriteCallback(uint16_t, void*, bool (*)(void*, uint16_t, T*, uint16_t)) [with T = unsigned char]	48	static
D:/Code/Envirobot2_0_STM32_Head/Src/Registers/Registers.hpp:344:6:bool Registers::AddReadCallback(uint16_t, void*, bool (*)(void*, uint16_t, T**, uint16_t*)) [with T = unsigned char]	48	static
c:\st\stm32cubeide_1.10.1\stm32cubeide\plugins\com.st.stm32cube.ide.mcu.externaltools.gnu-tools-for-stm32.10.3-2021.10.win32_1.0.0.202111181127\tools\arm-none-eabi\include\c++\10.3.1\bits\vector.tcc:426:7:) [with _Args = {const RegisterCallbacks<long unsigned int>&}; _Tp = RegisterCallbacks<long unsigned int>; _Alloc = std::allocator<RegisterCallbacks<long unsigned int> >]	48	static
D:/Code/Envirobot2_0_STM32_Head/Src/Registers/Registers.hpp:240:6:bool Registers::AddRegisterPointer(uint16_t, T*) [with T = long unsigned int]	48	static
c:\st\stm32cubeide_1.10.1\stm32cubeide\plugins\com.st.stm32cube.ide.mcu.externaltools.gnu-tools-for-stm32.10.3-2021.10.win32_1.0.0.202111181127\tools\arm-none-eabi\include\c++\10.3.1\bits\vector.tcc:426:7:) [with _Args = {const RegisterCallbacks<float>&}; _Tp = RegisterCallbacks<float>; _Alloc = std::allocator<RegisterCallbacks<float> >]	48	static
D:/Code/Envirobot2_0_STM32_Head/Src/Registers/Registers.hpp:294:6:bool Registers::AddWriteCallback(uint16_t, void*, bool (*)(void*, uint16_t, T*, uint16_t)) [with T = float]	48	static
D:/Code/Envirobot2_0_STM32_Head/Src/Registers/Registers.hpp:240:6:bool Registers::AddRegisterPointer(uint16_t, T*) [with T = float]	48	static
D:/Code/Envirobot2_0_STM32_Head/Src/Registers/Registers.hpp:288:6:bool Registers::AddVectorRegisterPointer(uint16_t, std::vector<T>*) [with T = float]	8	static
../Src/MotionGenerator/MotionGenerator.cpp:56:6:void MotionGenerator::AddRegisters()	16	static
c:\st\stm32cubeide_1.10.1\stm32cubeide\plugins\com.st.stm32cube.ide.mcu.externaltools.gnu-tools-for-stm32.10.3-2021.10.win32_1.0.0.202111181127\tools\arm-none-eabi\include\c++\10.3.1\bits\stl_iterator.h:1225:5:_Iterator std::__niter_base(__gnu_cxx::__normal_iterator<_Iterator, _Container>) [with _Iterator = const unsigned char*; _Container = std::vector<unsigned char>]	0	static
c:\st\stm32cubeide_1.10.1\stm32cubeide\plugins\com.st.stm32cube.ide.mcu.externaltools.gnu-tools-for-stm32.10.3-2021.10.win32_1.0.0.202111181127\tools\arm-none-eabi\include\c++\10.3.1\bits\stl_iterator.h:1225:5:_Iterator std::__niter_base(__gnu_cxx::__normal_iterator<_Iterator, _Container>) [with _Iterator = unsigned char*; _Container = std::vector<unsigned char>]	0	static
c:\st\stm32cubeide_1.10.1\stm32cubeide\plugins\com.st.stm32cube.ide.mcu.externaltools.gnu-tools-for-stm32.10.3-2021.10.win32_1.0.0.202111181127\tools\arm-none-eabi\include\c++\10.3.1\bits\vector.tcc:198:5:std::vector<_Tp, _Alloc>& std::vector<_Tp, _Alloc>::operator=(const std::vector<_Tp, _Alloc>&) [with _Tp = unsigned char; _Alloc = std::allocator<unsigned char>]	32	static
D:/Code/Envirobot2_0_STM32_Head/Src/Communication/Communication.hpp:177:16:std::vector<T> Communication::BuildTVector(MessageElement, T*) [with T = unsigned char]	88	static
c:\st\stm32cubeide_1.10.1\stm32cubeide\plugins\com.st.stm32cube.ide.mcu.externaltools.gnu-tools-for-stm32.10.3-2021.10.win32_1.0.0.202111181127\tools\arm-none-eabi\include\c++\10.3.1\bits\vector.tcc:426:7:) [with _Args = {unsigned char}; _Tp = unsigned char; _Alloc = std::allocator<unsigned char>]	48	static
c:\st\stm32cubeide_1.10.1\stm32cubeide\plugins\com.st.stm32cube.ide.mcu.externaltools.gnu-tools-for-stm32.10.3-2021.10.win32_1.0.0.202111181127\tools\arm-none-eabi\include\c++\10.3.1\bits\vector.tcc:109:7:) [with _Args = {unsigned char}; _Tp = unsigned char; _Alloc = std::allocator<unsigned char>]	8	static
D:/Code/Envirobot2_0_STM32_Head/Src/Communication/Communication.hpp:189:22:std::vector<unsigned char> Communication::BuildSingle(T) [with T = unsigned char]	32	static
D:/Code/Envirobot2_0_STM32_Head/Src/Communication/Communication.hpp:189:22:std::vector<unsigned char> Communication::BuildSingle(T) [with T = float]	40	static
c:\st\stm32cubeide_1.10.1\stm32cubeide\plugins\com.st.stm32cube.ide.mcu.externaltools.gnu-tools-for-stm32.10.3-2021.10.win32_1.0.0.202111181127\tools\arm-none-eabi\include\c++\10.3.1\bits\stl_iterator.h:1225:5:_Iterator std::__niter_base(__gnu_cxx::__normal_iterator<_Iterator, _Container>) [with _Iterator = const float*; _Container = std::vector<float>]	0	static
c:\st\stm32cubeide_1.10.1\stm32cubeide\plugins\com.st.stm32cube.ide.mcu.externaltools.gnu-tools-for-stm32.10.3-2021.10.win32_1.0.0.202111181127\tools\arm-none-eabi\include\c++\10.3.1\bits\stl_iterator.h:1225:5:_Iterator std::__niter_base(__gnu_cxx::__normal_iterator<_Iterator, _Container>) [with _Iterator = float*; _Container = std::vector<float>]	0	static
c:\st\stm32cubeide_1.10.1\stm32cubeide\plugins\com.st.stm32cube.ide.mcu.externaltools.gnu-tools-for-stm32.10.3-2021.10.win32_1.0.0.202111181127\tools\arm-none-eabi\include\c++\10.3.1\bits\vector.tcc:198:5:std::vector<_Tp, _Alloc>& std::vector<_Tp, _Alloc>::operator=(const std::vector<_Tp, _Alloc>&) [with _Tp = float; _Alloc = std::allocator<float>]	32	static
D:/Code/Envirobot2_0_STM32_Head/Src/Communication/Communication.hpp:177:16:std::vector<T> Communication::BuildTVector(MessageElement, T*) [with T = float]	88	static
c:\st\stm32cubeide_1.10.1\stm32cubeide\plugins\com.st.stm32cube.ide.mcu.externaltools.gnu-tools-for-stm32.10.3-2021.10.win32_1.0.0.202111181127\tools\arm-none-eabi\include\c++\10.3.1\bits\stl_iterator.h:2291:5:base())) std::__miter_base(std::move_iterator<_IteratorL>) [with _Iterator = unsigned char*]	0	static
c:\st\stm32cubeide_1.10.1\stm32cubeide\plugins\com.st.stm32cube.ide.mcu.externaltools.gnu-tools-for-stm32.10.3-2021.10.win32_1.0.0.202111181127\tools\arm-none-eabi\include\c++\10.3.1\bits\vector.tcc:721:7:void std::vector<_Tp, _Alloc>::_M_range_insert(std::vector<_Tp, _Alloc>::iterator, _ForwardIterator, _ForwardIterator, std::forward_iterator_tag) [with _ForwardIterator = __gnu_cxx::__normal_iterator<unsigned char*, std::vector<unsigned char> >; _Tp = unsigned char; _Alloc = std::allocator<unsigned char>]	56	static
D:/Code/Envirobot2_0_STM32_Head/Src/Communication/Communication.hpp:203:22:std::vector<unsigned char> Communication::BuildVector(std::vector<T>) [with T = float]	48	static
D:/Code/Envirobot2_0_STM32_Head/Src/Services/Services.hpp:428:9:uint8_t Services::AccessRemoteRegister(uint8_t*, Register, ServiceInterface, bool, T*, uint16_t, uint8_t) [with T = float]	232	static
D:/Code/Envirobot2_0_STM32_Head/Src/Services/Services.hpp:168:9:uint8_t Services::WriteRemoteRegister(Register, ServiceInterface, T*, uint16_t, uint8_t) [with T = float]	64	static
D:/Code/Envirobot2_0_STM32_Head/Src/Communication/Communication.hpp:203:22:std::vector<unsigned char> Communication::BuildVector(std::vector<T>) [with T = unsigned char]	48	static
D:/Code/Envirobot2_0_STM32_Head/Src/Services/Services.hpp:428:9:uint8_t Services::AccessRemoteRegister(uint8_t*, Register, ServiceInterface, bool, T*, uint16_t, uint8_t) [with T = unsigned char]	232	static
D:/Code/Envirobot2_0_STM32_Head/Src/Services/Services.hpp:168:9:uint8_t Services::WriteRemoteRegister(Register, ServiceInterface, T*, uint16_t, uint8_t) [with T = unsigned char]	64	static
../Src/MotionGenerator/MotionGenerator.cpp:255:6:bool MotionGenerator::ConfigureModules()	80	static
../Src/MotionGenerator/MotionGenerator.cpp:298:6:bool MotionGenerator::ActivateModuleControllers()	56	static
../Src/MotionGenerator/MotionGenerator.cpp:323:6:bool MotionGenerator::DeactivateModuleControllers()	64	static
../Src/MotionGenerator/MotionGenerator.cpp:345:6:void MotionGenerator::Spin()	64	static
