../Src/Sensors/Sensors.cpp:113:4:static bool Sensors::AddRegisters()::<lambda(void*, uint16_t, uint8_t**, uint16_t*)>::_FUN(void*, uint16_t, uint8_t**, uint16_t*)	16	static
../Src/Sensors/Sensors.cpp:254:6:bool Sensors::SetReadingStatus(bool)	16	static
../Src/Sensors/Sensors.cpp:122:3:static bool Sensors::AddRegisters()::<lambda(void*, uint16_t, uint8_t*, uint16_t)>::_FUN(void*, uint16_t, uint8_t*, uint16_t)	8	static
../Src/Sensors/Sensors.cpp:275:6:bool Sensors::ActivateReading()	8	static
../Src/Sensors/Sensors.cpp:279:6:bool Sensors::DeactivateReading()	8	static
../Src/Sensors/Sensors.cpp:338:6:bool Sensors::DeactivateAllSensorGroups()	8	static
../Src/Sensors/Sensors.cpp:143:3:static bool Sensors::AddRegisters()::<lambda(void*, uint16_t, uint8_t*, uint16_t)>::_FUN(void*, uint16_t, uint8_t*, uint16_t)	8	static
../Src/Sensors/Sensors.cpp:808:6:void Sensors::DetectSensors(uint32_t, uint32_t)	48	static
../Src/Sensors/Sensors.cpp:203:3:static bool Sensors::AddRegisters()::<lambda(void*, uint16_t, uint32_t*, uint16_t)>::_FUN(void*, uint16_t, uint32_t*, uint16_t)	8	static
../Src/Sensors/Sensors.cpp:1468:6:bool Sensors::RegularInterfaceTermination(I2CInterface*)	0	static
../Src/Sensors/Sensors.cpp:1490:6:bool Sensors::RegularGroupTermination(I2CInterface*, SensorGroup*)	8	static
../Src/Sensors/Sensors.cpp:1509:6:bool Sensors::PendingGroupTermination(I2CInterface*, SensorGroup*)	12	static
../Src/Sensors/Sensors.cpp:1479:6:void Sensors::ProccessGroupTermination(I2CInterface*, SensorGroup*)	16	static
../Src/Sensors/Sensors.cpp:1528:9:uint8_t Sensors::FindInterfaceIndex(uint8_t, bool*)	4	static
../Src/Sensors/Sensors.cpp:1518:15:I2CInterface* Sensors::FindInterface(uint8_t, bool*)	16	static
../Src/Sensors/Sensors.cpp:243:6:bool Sensors::SetInterfaceTimeout(uint8_t, uint32_t)	32	static
../Src/Sensors/Sensors.cpp:1541:9:uint8_t Sensors::FindInterfaceIndexWithHandle(I2C_HandleTypeDef*, bool*)	4	static
../Src/Sensors/Sensors.cpp:1577:14:SensorGroup* Sensors::FindSensorGroupPath(uint8_t, I2CInterface**, bool*)	16	static
../Src/Sensors/Sensors.cpp:1554:14:SensorGroup* Sensors::FindSensorGroup(uint8_t, bool*)	8	static
../Src/Sensors/Sensors.cpp:349:6:bool Sensors::SetSensorGroupPrescaler(uint8_t, uint16_t)	32	static
../Src/Sensors/Sensors.cpp:192:3:static bool Sensors::AddRegisters()::<lambda(void*, uint16_t, uint16_t*, uint16_t)>::_FUN(void*, uint16_t, uint16_t*, uint16_t)	8	static
../Src/Sensors/Sensors.cpp:313:6:bool Sensors::SetSensorGroupStatus(uint8_t, bool)	32	static
../Src/Sensors/Sensors.cpp:132:3:static bool Sensors::AddRegisters()::<lambda(void*, uint16_t, uint8_t*, uint16_t)>::_FUN(void*, uint16_t, uint8_t*, uint16_t)	8	static
../Src/Sensors/Sensors.cpp:330:6:bool Sensors::ActivateSensorGroup(uint8_t)	8	static
../Src/Sensors/Sensors.cpp:334:6:bool Sensors::DeactivateSensorGroup(uint8_t)	8	static
../Src/Sensors/Sensors.cpp:423:6:bool Sensors::DeactivateAllSensors(uint8_t)	24	static
../Src/Sensors/Sensors.cpp:163:3:static bool Sensors::AddRegisters()::<lambda(void*, uint16_t, uint8_t*, uint16_t)>::_FUN(void*, uint16_t, uint8_t*, uint16_t)	8	static
../Src/Sensors/Sensors.cpp:1592:9:Sensor* Sensors::FindSensorPath(uint8_t, I2CInterface**, SensorGroup**, bool*)	20	static
../Src/Sensors/Sensors.cpp:1558:9:Sensor* Sensors::FindSensor(uint8_t, bool*)	16	static
../Src/Sensors/Sensors.cpp:392:6:bool Sensors::AddSensorCallback(uint8_t, void*, void (*)(void*))	32	static
../Src/Sensors/Sensors.cpp:404:6:bool Sensors::SetSensorStatus(uint8_t, bool)	32	static
../Src/Sensors/Sensors.cpp:152:3:static bool Sensors::AddRegisters()::<lambda(void*, uint16_t, uint8_t*, uint16_t)>::_FUN(void*, uint16_t, uint8_t*, uint16_t)	8	static
../Src/Sensors/Sensors.cpp:415:6:bool Sensors::ActivateSensor(uint8_t)	8	static
../Src/Sensors/Sensors.cpp:419:6:bool Sensors::DeactivateSensor(uint8_t)	8	static
../Src/Sensors/Sensors.cpp:437:6:bool Sensors::SetSensorMemoryAddressSize(uint8_t, uint16_t)	32	static
../Src/Sensors/Sensors.cpp:453:19:HAL_StatusTypeDef Sensors::ConfigureSensor(uint8_t, uint8_t*, uint16_t, uint32_t)	48	static
../Src/Sensors/Sensors.cpp:448:19:HAL_StatusTypeDef Sensors::ConfigureSensor(uint8_t, uint8_t, uint32_t)	24	static
../Src/Sensors/Sensors.cpp:484:19:HAL_StatusTypeDef Sensors::ConfigureSensor(uint8_t, uint16_t, uint8_t*, uint16_t, uint32_t)	64	static
../Src/Sensors/Sensors.cpp:479:19:HAL_StatusTypeDef Sensors::ConfigureSensor(uint8_t, uint16_t, uint8_t, uint32_t)	24	static
../Src/Sensors/Sensors.cpp:825:6:bool Sensors::ForcePresence(uint8_t)	24	static
../Src/Sensors/Sensors.cpp:688:6:bool Sensors::DeactivateAllSensorData(uint8_t)	24	static
../Src/Sensors/Sensors.cpp:183:3:static bool Sensors::AddRegisters()::<lambda(void*, uint16_t, uint8_t*, uint16_t)>::_FUN(void*, uint16_t, uint8_t*, uint16_t)	8	static
../Src/Sensors/Sensors.cpp:1562:13:SensorData* Sensors::FindSensorData(uint8_t, uint16_t, bool*)	16	static
../Src/Sensors/Sensors.cpp:659:6:bool Sensors::IsSensorDataActive(uint8_t, uint16_t)	16	static
../Src/Sensors/Sensors.cpp:669:6:bool Sensors::SetSensorDataStatus(uint8_t, uint16_t, bool)	32	static
../Src/Sensors/Sensors.cpp:172:3:static bool Sensors::AddRegisters()::<lambda(void*, uint16_t, uint16_t*, uint16_t)>::_FUN(void*, uint16_t, uint16_t*, uint16_t)	8	static
../Src/Sensors/Sensors.cpp:680:6:bool Sensors::ActivateSensorData(uint8_t, uint16_t)	8	static
../Src/Sensors/Sensors.cpp:684:6:bool Sensors::DeactivateSensorData(uint8_t, uint16_t)	8	static
../Src/Sensors/Sensors.cpp:1610:6:bool Sensors::IsSensorPending(I2CInterface*, uint8_t)	4	static
../Src/Sensors/Sensors.cpp:1619:6:bool Sensors::IsSensorRequested(I2CInterface*, uint8_t)	32	static
../Src/Sensors/Sensors.cpp:1632:6:bool Sensors::MoveToNextGroup(I2CInterface*, bool)	0	static
../Src/Sensors/Sensors.cpp:1641:6:bool Sensors::MoveToNextSensor(I2CInterface*, SensorGroup*, bool)	16	static
../Src/Sensors/Sensors.cpp:1653:6:bool Sensors::MoveToNextData(Sensor*, bool)	16	static
../Src/Sensors/Sensors.cpp:1672:6:bool Sensors::MoveToNextSequence(SensorData*, bool)	24	static
../Src/Sensors/Sensors.cpp:1692:7:float Sensors::ReadVoltage3_3V(uint32_t)	24	static
../Src/Sensors/Sensors.cpp:1738:3:static float Sensors::AddVoltageSensor()::<lambda(void*)>::_FUN(void*)	8	static
../Src/Sensors/Sensors.cpp:1717:9:uint8_t Sensors::GetADCResolution(ADC_HandleTypeDef*)	0	static
../Src/Sensors/Sensors.cpp:85:6:void Sensors::Init(Registers*, Publishers*, HardwareDelay*, LEDS*, ADC_HandleTypeDef*, ADC_HandleTypeDef*)	8	static
../Src/Sensors/Sensors.cpp:1753:6:void Sensors::ActivateVoltageSensor()	8	static
../Src/Sensors/Sensors.cpp:1770:6:void Sensors::SetupVoltageSensorPublisher(uint8_t)	16	static
c:\st\stm32cubeide_1.10.1\stm32cubeide\plugins\com.st.stm32cube.ide.mcu.externaltools.gnu-tools-for-stm32.10.3-2021.10.win32_1.0.0.202111181127\tools\arm-none-eabi\include\c++\10.3.1\bits\vector.tcc:66:5:void std::vector<_Tp, _Alloc>::reserve(std::vector<_Tp, _Alloc>::size_type) [with _Tp = float; _Alloc = std::allocator<float>]	24	static
../Src/Sensors/Sensors.cpp:10:1:Sensors::Sensors()	16	static
c:\st\stm32cubeide_1.10.1\stm32cubeide\plugins\com.st.stm32cube.ide.mcu.externaltools.gnu-tools-for-stm32.10.3-2021.10.win32_1.0.0.202111181127\tools\arm-none-eabi\include\c++\10.3.1\bits\vector.tcc:66:5:void std::vector<_Tp, _Alloc>::reserve(std::vector<_Tp, _Alloc>::size_type) [with _Tp = Sensor*; _Alloc = std::allocator<Sensor*>]	24	static
c:\st\stm32cubeide_1.10.1\stm32cubeide\plugins\com.st.stm32cube.ide.mcu.externaltools.gnu-tools-for-stm32.10.3-2021.10.win32_1.0.0.202111181127\tools\arm-none-eabi\include\c++\10.3.1\bits\vector.tcc:66:5:void std::vector<_Tp, _Alloc>::reserve(std::vector<_Tp, _Alloc>::size_type) [with _Tp = ReadRequest; _Alloc = std::allocator<ReadRequest>]	32	static
D:/Code/Envirobot2_0_STM32_Head/Src/Sensors/Sensors.hpp:521:6:void Sensors::ProcessCode(I2CInterface*, SensorData*, I2CAccess*) [with T = float]	40	dynamic
D:/Code/Envirobot2_0_STM32_Head/Src/Sensors/Sensors.hpp:507:6:void Sensors::TransferBuffer(T*, uint8_t*, uint16_t) [with T = float]	24	static
D:/Code/Envirobot2_0_STM32_Head/Src/Registers/Registers.hpp:199:9:uint8_t Registers::GetTypeID(bool*) [with T = unsigned char]	8	static
D:/Code/Envirobot2_0_STM32_Head/Src/Registers/Registers.hpp:199:9:uint8_t Registers::GetTypeID(bool*) [with T = short unsigned int]	8	static
D:/Code/Envirobot2_0_STM32_Head/Src/Registers/Registers.hpp:199:9:uint8_t Registers::GetTypeID(bool*) [with T = long unsigned int]	8	static
D:/Code/Envirobot2_0_STM32_Head/Src/Registers/Registers.hpp:199:9:uint8_t Registers::GetTypeID(bool*) [with T = float]	8	static
D:/Code/Envirobot2_0_STM32_Head/Src/Registers/Registers.hpp:496:6:bool Registers::ReadRegister(uint16_t, T*, uint16_t*, bool) [with T = float]	1088	static
../Src/Sensors/Sensors.cpp:1701:7:float Sensors::ReadVoltage5V(uint32_t)	40	static
../Src/Sensors/Sensors.cpp:1746:3:static float Sensors::AddVoltageSensor()::<lambda(void*)>::_FUN(void*)	8	static
c:\st\stm32cubeide_1.10.1\stm32cubeide\plugins\com.st.stm32cube.ide.mcu.externaltools.gnu-tools-for-stm32.10.3-2021.10.win32_1.0.0.202111181127\tools\arm-none-eabi\include\c++\10.3.1\bits\vector.tcc:426:7:) [with _Args = {const I2CAccess&}; _Tp = I2CAccess; _Alloc = std::allocator<I2CAccess>]	48	static
../Src/Sensors/Sensors.cpp:793:6:bool Sensors::AddDelaySequence(uint8_t, uint16_t, uint32_t)	112	static
../Src/Sensors/Sensors.cpp:753:6:bool Sensors::AddWriteSequence(uint8_t, uint16_t, uint8_t*, uint16_t)	112	static
../Src/Sensors/Sensors.cpp:748:6:bool Sensors::AddWriteSequence(uint8_t, uint16_t, uint8_t)	24	static
../Src/Sensors/Sensors.cpp:706:6:bool Sensors::AddMemoryWriteSequence(uint8_t, uint16_t, uint16_t, uint8_t*, uint16_t)	120	static
../Src/Sensors/Sensors.cpp:701:6:bool Sensors::AddMemoryWriteSequence(uint8_t, uint16_t, uint16_t, uint8_t)	24	static
../Src/Sensors/Sensors.cpp:774:6:bool Sensors::AddReadSequence(uint8_t, uint16_t, uint16_t)	112	static
../Src/Sensors/Sensors.cpp:728:6:bool Sensors::AddMemoryReadSequence(uint8_t, uint16_t, uint16_t, uint16_t)	112	static
c:\st\stm32cubeide_1.10.1\stm32cubeide\plugins\com.st.stm32cube.ide.mcu.externaltools.gnu-tools-for-stm32.10.3-2021.10.win32_1.0.0.202111181127\tools\arm-none-eabi\include\c++\10.3.1\bits\vector.tcc:426:7:) [with _Args = {Sensor* const&}; _Tp = Sensor*; _Alloc = std::allocator<Sensor*>]	48	static
c:\st\stm32cubeide_1.10.1\stm32cubeide\plugins\com.st.stm32cube.ide.mcu.externaltools.gnu-tools-for-stm32.10.3-2021.10.win32_1.0.0.202111181127\tools\arm-none-eabi\include\c++\10.3.1\bits\vector.tcc:426:7:) [with _Args = {const RegisterConfiguration&}; _Tp = RegisterConfiguration; _Alloc = std::allocator<RegisterConfiguration>]	48	static
D:/Code/Envirobot2_0_STM32_Head/Src/Registers/Registers.hpp:162:6:bool Registers::AddRegister(uint16_t) [with T = unsigned char]	64	static
D:/Code/Envirobot2_0_STM32_Head/Src/Registers/Registers.hpp:162:6:bool Registers::AddRegister(uint16_t) [with T = float]	64	static
D:/Code/Envirobot2_0_STM32_Head/Src/Registers/Registers.hpp:162:6:bool Registers::AddRegister(uint16_t) [with T = long unsigned int]	64	static
D:/Code/Envirobot2_0_STM32_Head/Src/Registers/Registers.hpp:162:6:bool Registers::AddRegister(uint16_t) [with T = short unsigned int]	64	static
c:\st\stm32cubeide_1.10.1\stm32cubeide\plugins\com.st.stm32cube.ide.mcu.externaltools.gnu-tools-for-stm32.10.3-2021.10.win32_1.0.0.202111181127\tools\arm-none-eabi\include\c++\10.3.1\bits\vector.tcc:426:7:) [with _Args = {const RegisterCallbacks<unsigned char>&}; _Tp = RegisterCallbacks<unsigned char>; _Alloc = std::allocator<RegisterCallbacks<unsigned char> >]	48	static
D:/Code/Envirobot2_0_STM32_Head/Src/Registers/Registers.hpp:344:6:bool Registers::AddReadCallback(uint16_t, void*, bool (*)(void*, uint16_t, T**, uint16_t*)) [with T = unsigned char]	48	static
D:/Code/Envirobot2_0_STM32_Head/Src/Registers/Registers.hpp:294:6:bool Registers::AddWriteCallback(uint16_t, void*, bool (*)(void*, uint16_t, T*, uint16_t)) [with T = unsigned char]	48	static
c:\st\stm32cubeide_1.10.1\stm32cubeide\plugins\com.st.stm32cube.ide.mcu.externaltools.gnu-tools-for-stm32.10.3-2021.10.win32_1.0.0.202111181127\tools\arm-none-eabi\include\c++\10.3.1\bits\vector.tcc:426:7:) [with _Args = {const RegisterCallbacks<short unsigned int>&}; _Tp = RegisterCallbacks<short unsigned int>; _Alloc = std::allocator<RegisterCallbacks<short unsigned int> >]	48	static
D:/Code/Envirobot2_0_STM32_Head/Src/Registers/Registers.hpp:294:6:bool Registers::AddWriteCallback(uint16_t, void*, bool (*)(void*, uint16_t, T*, uint16_t)) [with T = short unsigned int]	48	static
c:\st\stm32cubeide_1.10.1\stm32cubeide\plugins\com.st.stm32cube.ide.mcu.externaltools.gnu-tools-for-stm32.10.3-2021.10.win32_1.0.0.202111181127\tools\arm-none-eabi\include\c++\10.3.1\bits\vector.tcc:426:7:) [with _Args = {const RegisterCallbacks<long unsigned int>&}; _Tp = RegisterCallbacks<long unsigned int>; _Alloc = std::allocator<RegisterCallbacks<long unsigned int> >]	48	static
D:/Code/Envirobot2_0_STM32_Head/Src/Registers/Registers.hpp:294:6:bool Registers::AddWriteCallback(uint16_t, void*, bool (*)(void*, uint16_t, T*, uint16_t)) [with T = long unsigned int]	48	static
../Src/Sensors/Sensors.cpp:109:6:void Sensors::AddRegisters()	8	static
c:\st\stm32cubeide_1.10.1\stm32cubeide\plugins\com.st.stm32cube.ide.mcu.externaltools.gnu-tools-for-stm32.10.3-2021.10.win32_1.0.0.202111181127\tools\arm-none-eabi\include\c++\10.3.1\bits\vector.tcc:426:7:) [with _Args = {float}; _Tp = float; _Alloc = std::allocator<float>]	48	static
c:\st\stm32cubeide_1.10.1\stm32cubeide\plugins\com.st.stm32cube.ide.mcu.externaltools.gnu-tools-for-stm32.10.3-2021.10.win32_1.0.0.202111181127\tools\arm-none-eabi\include\c++\10.3.1\bits\vector.tcc:109:7:) [with _Args = {float}; _Tp = float; _Alloc = std::allocator<float>]	8	static
c:\st\stm32cubeide_1.10.1\stm32cubeide\plugins\com.st.stm32cube.ide.mcu.externaltools.gnu-tools-for-stm32.10.3-2021.10.win32_1.0.0.202111181127\tools\arm-none-eabi\include\c++\10.3.1\bits\vector.tcc:426:7:) [with _Args = {const RegisterCallbacks<float>&}; _Tp = RegisterCallbacks<float>; _Alloc = std::allocator<RegisterCallbacks<float> >]	48	static
D:/Code/Envirobot2_0_STM32_Head/Src/Registers/Registers.hpp:240:6:bool Registers::AddRegisterPointer(uint16_t, T*) [with T = float]	48	static
c:\st\stm32cubeide_1.10.1\stm32cubeide\plugins\com.st.stm32cube.ide.mcu.externaltools.gnu-tools-for-stm32.10.3-2021.10.win32_1.0.0.202111181127\tools\arm-none-eabi\include\c++\10.3.1\bits\vector.tcc:426:7:) [with _Args = {const SensorFunction<float>&}; _Tp = SensorFunction<float>; _Alloc = std::allocator<SensorFunction<float> >]	48	static
D:/Code/Envirobot2_0_STM32_Head/Src/Sensors/Sensors.hpp:473:6:bool Sensors::AddCodeSequence(uint8_t, uint16_t, void*, T (*)(void*), uint16_t) [with T = float]	128	static
c:\st\stm32cubeide_1.10.1\stm32cubeide\plugins\com.st.stm32cube.ide.mcu.externaltools.gnu-tools-for-stm32.10.3-2021.10.win32_1.0.0.202111181127\tools\arm-none-eabi\include\c++\10.3.1\bits\stl_iterator.h:1225:5:_Iterator std::__niter_base(__gnu_cxx::__normal_iterator<_Iterator, _Container>) [with _Iterator = float*; _Container = std::vector<float>]	0	static
c:\st\stm32cubeide_1.10.1\stm32cubeide\plugins\com.st.stm32cube.ide.mcu.externaltools.gnu-tools-for-stm32.10.3-2021.10.win32_1.0.0.202111181127\tools\arm-none-eabi\include\c++\10.3.1\bits\vector.tcc:171:5:std::vector<_Tp, _Alloc>::iterator std::vector<_Tp, _Alloc>::_M_erase(std::vector<_Tp, _Alloc>::iterator) [with _Tp = float; _Alloc = std::allocator<float>]	24	static
c:\st\stm32cubeide_1.10.1\stm32cubeide\plugins\com.st.stm32cube.ide.mcu.externaltools.gnu-tools-for-stm32.10.3-2021.10.win32_1.0.0.202111181127\tools\arm-none-eabi\include\c++\10.3.1\bits\stl_iterator.h:1225:5:_Iterator std::__niter_base(__gnu_cxx::__normal_iterator<_Iterator, _Container>) [with _Iterator = ReadRequest*; _Container = std::vector<ReadRequest>]	0	static
c:\st\stm32cubeide_1.10.1\stm32cubeide\plugins\com.st.stm32cube.ide.mcu.externaltools.gnu-tools-for-stm32.10.3-2021.10.win32_1.0.0.202111181127\tools\arm-none-eabi\include\c++\10.3.1\bits\stl_algobase.h:593:5:_OI std::move(_II, _II, _OI) [with _II = __gnu_cxx::__normal_iterator<ReadRequest*, std::vector<ReadRequest> >; _OI = __gnu_cxx::__normal_iterator<ReadRequest*, std::vector<ReadRequest> >]	56	static
c:\st\stm32cubeide_1.10.1\stm32cubeide\plugins\com.st.stm32cube.ide.mcu.externaltools.gnu-tools-for-stm32.10.3-2021.10.win32_1.0.0.202111181127\tools\arm-none-eabi\include\c++\10.3.1\bits\vector.tcc:171:5:std::vector<_Tp, _Alloc>::iterator std::vector<_Tp, _Alloc>::_M_erase(std::vector<_Tp, _Alloc>::iterator) [with _Tp = ReadRequest; _Alloc = std::allocator<ReadRequest>]	16	static
c:\st\stm32cubeide_1.10.1\stm32cubeide\plugins\com.st.stm32cube.ide.mcu.externaltools.gnu-tools-for-stm32.10.3-2021.10.win32_1.0.0.202111181127\tools\arm-none-eabi\include\c++\10.3.1\bits\stl_iterator.h:1225:5:_Iterator std::__niter_base(__gnu_cxx::__normal_iterator<_Iterator, _Container>) [with _Iterator = Sensor**; _Container = std::vector<Sensor*>]	0	static
c:\st\stm32cubeide_1.10.1\stm32cubeide\plugins\com.st.stm32cube.ide.mcu.externaltools.gnu-tools-for-stm32.10.3-2021.10.win32_1.0.0.202111181127\tools\arm-none-eabi\include\c++\10.3.1\bits\vector.tcc:171:5:std::vector<_Tp, _Alloc>::iterator std::vector<_Tp, _Alloc>::_M_erase(std::vector<_Tp, _Alloc>::iterator) [with _Tp = Sensor*; _Alloc = std::allocator<Sensor*>]	24	static
c:\st\stm32cubeide_1.10.1\stm32cubeide\plugins\com.st.stm32cube.ide.mcu.externaltools.gnu-tools-for-stm32.10.3-2021.10.win32_1.0.0.202111181127\tools\arm-none-eabi\include\c++\10.3.1\bits\stl_vector.h:1430:7:std::vector<_Tp, _Alloc>::iterator std::vector<_Tp, _Alloc>::erase(std::vector<_Tp, _Alloc>::const_iterator) [with _Tp = Sensor*; _Alloc = std::allocator<Sensor*>]	8	static
c:\st\stm32cubeide_1.10.1\stm32cubeide\plugins\com.st.stm32cube.ide.mcu.externaltools.gnu-tools-for-stm32.10.3-2021.10.win32_1.0.0.202111181127\tools\arm-none-eabi\include\c++\10.3.1\bits\stl_uninitialized.h:1000:5:_ForwardIterator std::__relocate_a_1(_InputIterator, _InputIterator, _ForwardIterator, _Allocator&) [with _InputIterator = I2CInterface*; _ForwardIterator = I2CInterface*; _Allocator = std::allocator<I2CInterface>]	56	static
c:\st\stm32cubeide_1.10.1\stm32cubeide\plugins\com.st.stm32cube.ide.mcu.externaltools.gnu-tools-for-stm32.10.3-2021.10.win32_1.0.0.202111181127\tools\arm-none-eabi\include\c++\10.3.1\bits\stl_iterator.h:1225:5:_Iterator std::__niter_base(__gnu_cxx::__normal_iterator<_Iterator, _Container>) [with _Iterator = const I2CAccess*; _Container = std::vector<I2CAccess>]	0	static
D:/Code/Envirobot2_0_STM32_Head/Src/Sensors/Sensors.hpp:109:8:SensorGroup::SensorGroup(const SensorGroup&)	64	static
c:\st\stm32cubeide_1.10.1\stm32cubeide\plugins\com.st.stm32cube.ide.mcu.externaltools.gnu-tools-for-stm32.10.3-2021.10.win32_1.0.0.202111181127\tools\arm-none-eabi\include\c++\10.3.1\bits\vector.tcc:426:7:) [with _Args = {const SensorGroup&}; _Tp = SensorGroup; _Alloc = std::allocator<SensorGroup>]	72	static
../Src/Sensors/Sensors.cpp:283:6:bool Sensors::AddSensorGroup(uint8_t, uint8_t, bool)	64	static
D:/Code/Envirobot2_0_STM32_Head/Src/Sensors/Sensors.hpp:93:8:Sensor::Sensor(const Sensor&)	48	static
c:\st\stm32cubeide_1.10.1\stm32cubeide\plugins\com.st.stm32cube.ide.mcu.externaltools.gnu-tools-for-stm32.10.3-2021.10.win32_1.0.0.202111181127\tools\arm-none-eabi\include\c++\10.3.1\bits\vector.tcc:426:7:) [with _Args = {const Sensor&}; _Tp = Sensor; _Alloc = std::allocator<Sensor>]	64	static
../Src/Sensors/Sensors.cpp:360:6:bool Sensors::AddSensor(uint8_t, uint8_t, uint8_t)	72	static
../Src/Sensors/Sensors.cpp:1381:6:void Sensors::ExitRegular(I2CInterface*)	96	static
../Src/Sensors/Sensors.cpp:1021:6:void Sensors::ProcessAccess(I2CInterface*, SensorGroup*, Sensor*, SensorData*, I2CAccess*)	40	static
../Src/Sensors/Sensors.cpp:873:6:void Sensors::ReadNextSensor(uint8_t)	72	static
../Src/Sensors/Sensors.cpp:1463:6:void Sensors::ExitPending(I2CInterface*)	16	static
../Src/Sensors/Sensors.cpp:1125:6:void Sensors::ProccessReceivedData(I2CInterface*)	40	static
../Src/Sensors/Sensors.cpp:1114:6:void Sensors::ReceiveSensorData(I2C_HandleTypeDef*)	24	static
../Src/Sensors/Sensors.cpp:836:6:void Sensors::Spin()	16	static
../Src/Sensors/Sensors.cpp:1339:6:void Sensors::ReceiveDelayInterrupt(uint8_t)	32	static
../Src/Sensors/Sensors.cpp:1331:6:static void Sensors::HardwareDelayISR(void*, uint8_t)	16	static
c:\st\stm32cubeide_1.10.1\stm32cubeide\plugins\com.st.stm32cube.ide.mcu.externaltools.gnu-tools-for-stm32.10.3-2021.10.win32_1.0.0.202111181127\tools\arm-none-eabi\include\c++\10.3.1\bits\vector.tcc:426:7:) [with _Args = {const SensorData&}; _Tp = SensorData; _Alloc = std::allocator<SensorData>]	64	static
../Src/Sensors/Sensors.cpp:510:6:bool Sensors::AddSensorDataWithType(uint8_t, uint16_t, uint8_t, bool)	72	static
D:/Code/Envirobot2_0_STM32_Head/Src/Sensors/Sensors.hpp:406:6:bool Sensors::AddSensorData(uint8_t, uint16_t, bool) [with T = float]	40	static
../Src/Sensors/Sensors.cpp:1729:6:void Sensors::AddVoltageSensor()	24	static
c:\st\stm32cubeide_1.10.1\stm32cubeide\plugins\com.st.stm32cube.ide.mcu.externaltools.gnu-tools-for-stm32.10.3-2021.10.win32_1.0.0.202111181127\tools\arm-none-eabi\include\c++\10.3.1\bits\stl_iterator.h:1225:5:_Iterator std::__niter_base(__gnu_cxx::__normal_iterator<_Iterator, _Container>) [with _Iterator = Sensor* const*; _Container = std::vector<Sensor*>]	0	static
D:/Code/Envirobot2_0_STM32_Head/Src/Sensors/Sensors.hpp:126:8:I2CInterface::I2CInterface(const I2CInterface&)	80	static
c:\st\stm32cubeide_1.10.1\stm32cubeide\plugins\com.st.stm32cube.ide.mcu.externaltools.gnu-tools-for-stm32.10.3-2021.10.win32_1.0.0.202111181127\tools\arm-none-eabi\include\c++\10.3.1\bits\vector.tcc:426:7:) [with _Args = {const I2CInterface&}; _Tp = I2CInterface; _Alloc = std::allocator<I2CInterface>]	48	static
../Src/Sensors/Sensors.cpp:212:6:bool Sensors::AddInterface(uint8_t, I2C_HandleTypeDef*)	168	static
