c:\st\stm32cubeide_1.10.1\stm32cubeide\plugins\com.st.stm32cube.ide.mcu.externaltools.gnu-tools-for-stm32.10.3-2021.10.win32_1.0.0.202111181127\tools\arm-none-eabi\include\c++\10.3.1\bits\stl_vector.h:343:7:std::_Vector_base<_Tp, _Alloc>::pointer std::_Vector_base<_Tp, _Alloc>::_M_allocate(std::size_t) [with _Tp = float; _Alloc = std::allocator<float>]	8	static
c:\st\stm32cubeide_1.10.1\stm32cubeide\plugins\com.st.stm32cube.ide.mcu.externaltools.gnu-tools-for-stm32.10.3-2021.10.win32_1.0.0.202111181127\tools\arm-none-eabi\include\c++\10.3.1\bits\stl_vector.h:343:7:std::_Vector_base<_Tp, _Alloc>::pointer std::_Vector_base<_Tp, _Alloc>::_M_allocate(std::size_t) [with _Tp = long unsigned int; _Alloc = std::allocator<long unsigned int>]	8	static
../Src/Registers/Registers.hpp:220:9:uint8_t Registers::GetTypeID(bool*) [with T = float]	8	static
../Src/Registers/Registers.hpp:220:9:uint8_t Registers::GetTypeID(bool*) [with T = long unsigned int]	8	static
../Src/Communication/Communication.hpp:137:3:T Communication::ExtractSingle(std::vector<unsigned char>, uint16_t, bool*) [with T = float]	8	static
../Src/Communication/Communication.hpp:137:3:T Communication::ExtractSingle(std::vector<unsigned char>, uint16_t, bool*) [with T = long unsigned int]	8	static
../Src/Communication/Communication.hpp:137:3:T Communication::ExtractSingle(std::vector<unsigned char>, uint16_t, bool*) [with T = unsigned char]	8	static
c:\st\stm32cubeide_1.10.1\stm32cubeide\plugins\com.st.stm32cube.ide.mcu.externaltools.gnu-tools-for-stm32.10.3-2021.10.win32_1.0.0.202111181127\tools\arm-none-eabi\include\c++\10.3.1\bits\stl_vector.h:343:7:std::_Vector_base<_Tp, _Alloc>::pointer std::_Vector_base<_Tp, _Alloc>::_M_allocate(std::size_t) [with _Tp = unsigned char; _Alloc = std::allocator<unsigned char>]	8	static
../Src/Registers/Registers.hpp:220:9:uint8_t Registers::GetTypeID(bool*) [with T = unsigned char]	8	static
../Src/Communication/Communication.cpp:14:1:Communication::Communication()	0	static
../Src/Communication/Communication.cpp:26:6:void Communication::Init(Registers*, Services*, MasterSubscribers*, LEDS*)	8	static
../Src/Communication/Communication.cpp:179:24:CommunicationProtocol* Communication::FindProtocol(uint8_t, bool*)	24	static
../Src/Communication/Communication.cpp:265:6:bool Communication::InGroupAddresses(uint8_t)	0	static
../Src/Communication/Communication.cpp:255:6:bool Communication::AcceptMessage(MessageHeader)	0	static
../Src/Communication/Communication.cpp:279:9:uint8_t Communication::GetID(void*, bool*)	24	static
../Src/Communication/Communication.cpp:296:23:std::vector<unsigned char>* Communication::GetBuffer(uint8_t, bool*)	16	static
../Src/Communication/Communication.cpp:312:11:uint16_t* Communication::GetBufferIndex(uint8_t, bool*)	16	static
../Src/Communication/Communication.cpp:329:10:uint16_t Communication::GetProtocolPayloadMaxLength(uint8_t, bool*)	8	static
../Src/Communication/Communication.cpp:343:19:HAL_StatusTypeDef Communication::ActivateReception(uint8_t)	16	static
../Src/Communication/Communication.cpp:773:6:bool Communication::SetModuleAddress(uint8_t)	16	static
c:\st\stm32cubeide_1.10.1\stm32cubeide\plugins\com.st.stm32cube.ide.mcu.externaltools.gnu-tools-for-stm32.10.3-2021.10.win32_1.0.0.202111181127\tools\arm-none-eabi\include\c++\10.3.1\bits\stl_vector.h:333:7:std::_Vector_base<_Tp, _Alloc>::~_Vector_base() [with _Tp = unsigned char; _Alloc = std::allocator<unsigned char>]	8	static
c:\st\stm32cubeide_1.10.1\stm32cubeide\plugins\com.st.stm32cube.ide.mcu.externaltools.gnu-tools-for-stm32.10.3-2021.10.win32_1.0.0.202111181127\tools\arm-none-eabi\include\c++\10.3.1\bits\stl_vector.h:709:7:std::vector<_Tp, _Alloc>& std::vector<_Tp, _Alloc>::operator=(std::vector<_Tp, _Alloc>&&) [with _Tp = unsigned char; _Alloc = std::allocator<unsigned char>]	32	static
c:\st\stm32cubeide_1.10.1\stm32cubeide\plugins\com.st.stm32cube.ide.mcu.externaltools.gnu-tools-for-stm32.10.3-2021.10.win32_1.0.0.202111181127\tools\arm-none-eabi\include\c++\10.3.1\bits\stl_vector.h:1498:7:void std::vector<_Tp, _Alloc>::clear() [with _Tp = unsigned char; _Alloc = std::allocator<unsigned char>]	0	static
../Src/Communication/Communication.cpp:818:6:bool Communication::ClearGroupAddress()	16	static
../Src/Communication/Communication.cpp:101:3:static bool Communication::AddRegisters()::<lambda(void*, uint16_t, uint8_t*, uint16_t)>::_FUN(void*, uint16_t, uint8_t*, uint16_t)	0	static
c:\st\stm32cubeide_1.10.1\stm32cubeide\plugins\com.st.stm32cube.ide.mcu.externaltools.gnu-tools-for-stm32.10.3-2021.10.win32_1.0.0.202111181127\tools\arm-none-eabi\include\c++\10.3.1\bits\stl_vector.h:1092:7:std::vector<_Tp, _Alloc>::reference std::vector<_Tp, _Alloc>::at(std::vector<_Tp, _Alloc>::size_type) [with _Tp = RegisterCallbacks<unsigned char>; _Alloc = std::allocator<RegisterCallbacks<unsigned char> >]	16	static
c:\st\stm32cubeide_1.10.1\stm32cubeide\plugins\com.st.stm32cube.ide.mcu.externaltools.gnu-tools-for-stm32.10.3-2021.10.win32_1.0.0.202111181127\tools\arm-none-eabi\include\c++\10.3.1\bits\vector.tcc:171:5:std::vector<_Tp, _Alloc>::iterator std::vector<_Tp, _Alloc>::_M_erase(std::vector<_Tp, _Alloc>::iterator) [with _Tp = MessageHeader; _Alloc = std::allocator<MessageHeader>]	24	static
c:\st\stm32cubeide_1.10.1\stm32cubeide\plugins\com.st.stm32cube.ide.mcu.externaltools.gnu-tools-for-stm32.10.3-2021.10.win32_1.0.0.202111181127\tools\arm-none-eabi\include\c++\10.3.1\bits\vector.tcc:426:7:) [with _Args = {CommunicationProtocol* const&}; _Tp = CommunicationProtocol*; _Alloc = std::allocator<CommunicationProtocol*>]	40	static
../Src/Communication/Communication.cpp:166:6:void Communication::AddProtocol(CommunicationProtocol*)	16	static
c:\st\stm32cubeide_1.10.1\stm32cubeide\plugins\com.st.stm32cube.ide.mcu.externaltools.gnu-tools-for-stm32.10.3-2021.10.win32_1.0.0.202111181127\tools\arm-none-eabi\include\c++\10.3.1\bits\vector.tcc:426:7:) [with _Args = {const RegisterConfiguration&}; _Tp = RegisterConfiguration; _Alloc = std::allocator<RegisterConfiguration>]	40	static
../Src/Registers/Registers.hpp:175:6:bool Registers::AddRegister(uint16_t) [with T = unsigned char]	40	static
c:\st\stm32cubeide_1.10.1\stm32cubeide\plugins\com.st.stm32cube.ide.mcu.externaltools.gnu-tools-for-stm32.10.3-2021.10.win32_1.0.0.202111181127\tools\arm-none-eabi\include\c++\10.3.1\bits\vector.tcc:426:7:) [with _Args = {const RegisterCallbacks<unsigned char>&}; _Tp = RegisterCallbacks<unsigned char>; _Alloc = std::allocator<RegisterCallbacks<unsigned char> >]	40	static
c:\st\stm32cubeide_1.10.1\stm32cubeide\plugins\com.st.stm32cube.ide.mcu.externaltools.gnu-tools-for-stm32.10.3-2021.10.win32_1.0.0.202111181127\tools\arm-none-eabi\include\c++\10.3.1\bits\stl_vector.h:1187:7:void std::vector<_Tp, _Alloc>::push_back(const value_type&) [with _Tp = RegisterCallbacks<unsigned char>; _Alloc = std::allocator<RegisterCallbacks<unsigned char> >]	16	static
../Src/Registers/Registers.hpp:268:6:bool Registers::AddRegisterPointer(uint16_t, T*) [with T = unsigned char]	40	static
../Src/Registers/Registers.hpp:347:6:bool Registers::AddWriteCallback(uint16_t, void*, bool (*)(void*, uint16_t, T*, uint16_t)) [with T = unsigned char]	48	static
../Src/Communication/Communication.cpp:39:6:void Communication::AddRegisters()	8	static
../Src/Subscribers/MasterSubscribers.hpp:28:8:SubscriberConfiguration::~SubscriberConfiguration()	8	static
c:\st\stm32cubeide_1.10.1\stm32cubeide\plugins\com.st.stm32cube.ide.mcu.externaltools.gnu-tools-for-stm32.10.3-2021.10.win32_1.0.0.202111181127\tools\arm-none-eabi\include\c++\10.3.1\bits\stl_vector.h:333:7:std::_Vector_base<_Tp, _Alloc>::~_Vector_base() [with _Tp = long unsigned int; _Alloc = std::allocator<long unsigned int>]	8	static
c:\st\stm32cubeide_1.10.1\stm32cubeide\plugins\com.st.stm32cube.ide.mcu.externaltools.gnu-tools-for-stm32.10.3-2021.10.win32_1.0.0.202111181127\tools\arm-none-eabi\include\c++\10.3.1\bits\stl_vector.h:709:7:std::vector<_Tp, _Alloc>& std::vector<_Tp, _Alloc>::operator=(std::vector<_Tp, _Alloc>&&) [with _Tp = long unsigned int; _Alloc = std::allocator<long unsigned int>]	32	static
c:\st\stm32cubeide_1.10.1\stm32cubeide\plugins\com.st.stm32cube.ide.mcu.externaltools.gnu-tools-for-stm32.10.3-2021.10.win32_1.0.0.202111181127\tools\arm-none-eabi\include\c++\10.3.1\bits\stl_vector.h:333:7:std::_Vector_base<_Tp, _Alloc>::~_Vector_base() [with _Tp = float; _Alloc = std::allocator<float>]	8	static
c:\st\stm32cubeide_1.10.1\stm32cubeide\plugins\com.st.stm32cube.ide.mcu.externaltools.gnu-tools-for-stm32.10.3-2021.10.win32_1.0.0.202111181127\tools\arm-none-eabi\include\c++\10.3.1\bits\stl_vector.h:709:7:std::vector<_Tp, _Alloc>& std::vector<_Tp, _Alloc>::operator=(std::vector<_Tp, _Alloc>&&) [with _Tp = float; _Alloc = std::allocator<float>]	32	static
c:\st\stm32cubeide_1.10.1\stm32cubeide\plugins\com.st.stm32cube.ide.mcu.externaltools.gnu-tools-for-stm32.10.3-2021.10.win32_1.0.0.202111181127\tools\arm-none-eabi\include\c++\10.3.1\bits\stl_vector.h:1756:7:std::vector<_Tp, _Alloc>::size_type std::vector<_Tp, _Alloc>::_M_check_len(std::vector<_Tp, _Alloc>::size_type, const char*) const [with _Tp = unsigned char; _Alloc = std::allocator<unsigned char>]	8	static
c:\st\stm32cubeide_1.10.1\stm32cubeide\plugins\com.st.stm32cube.ide.mcu.externaltools.gnu-tools-for-stm32.10.3-2021.10.win32_1.0.0.202111181127\tools\arm-none-eabi\include\c++\10.3.1\bits\vector.tcc:109:7:) [with _Args = {unsigned char}; _Tp = unsigned char; _Alloc = std::allocator<unsigned char>]	32	static
c:\st\stm32cubeide_1.10.1\stm32cubeide\plugins\com.st.stm32cube.ide.mcu.externaltools.gnu-tools-for-stm32.10.3-2021.10.win32_1.0.0.202111181127\tools\arm-none-eabi\include\c++\10.3.1\bits\stl_vector.h:1187:7:void std::vector<_Tp, _Alloc>::push_back(const value_type&) [with _Tp = unsigned char; _Alloc = std::allocator<unsigned char>]	32	static
../Src/Communication/Communication.cpp:786:6:bool Communication::AddGroupAddress(uint8_t)	24	static
../Src/Communication/Communication.cpp:81:3:static bool Communication::AddRegisters()::<lambda(void*, uint16_t, uint8_t*, uint16_t)>::_FUN(void*, uint16_t, uint8_t*, uint16_t)	0	static
c:\st\stm32cubeide_1.10.1\stm32cubeide\plugins\com.st.stm32cube.ide.mcu.externaltools.gnu-tools-for-stm32.10.3-2021.10.win32_1.0.0.202111181127\tools\arm-none-eabi\include\c++\10.3.1\bits\stl_vector.h:1092:7:std::vector<_Tp, _Alloc>::reference std::vector<_Tp, _Alloc>::at(std::vector<_Tp, _Alloc>::size_type) [with _Tp = RegisterCallbacks<long unsigned int>; _Alloc = std::allocator<RegisterCallbacks<long unsigned int> >]	16	static
c:\st\stm32cubeide_1.10.1\stm32cubeide\plugins\com.st.stm32cube.ide.mcu.externaltools.gnu-tools-for-stm32.10.3-2021.10.win32_1.0.0.202111181127\tools\arm-none-eabi\include\c++\10.3.1\bits\stl_vector.h:1092:7:std::vector<_Tp, _Alloc>::reference std::vector<_Tp, _Alloc>::at(std::vector<_Tp, _Alloc>::size_type) [with _Tp = RegisterCallbacks<float>; _Alloc = std::allocator<RegisterCallbacks<float> >]	16	static
c:\st\stm32cubeide_1.10.1\stm32cubeide\plugins\com.st.stm32cube.ide.mcu.externaltools.gnu-tools-for-stm32.10.3-2021.10.win32_1.0.0.202111181127\tools\arm-none-eabi\include\c++\10.3.1\bits\stl_vector.h:1756:7:std::vector<_Tp, _Alloc>::size_type std::vector<_Tp, _Alloc>::_M_check_len(std::vector<_Tp, _Alloc>::size_type, const char*) const [with _Tp = long unsigned int; _Alloc = std::allocator<long unsigned int>]	16	static
c:\st\stm32cubeide_1.10.1\stm32cubeide\plugins\com.st.stm32cube.ide.mcu.externaltools.gnu-tools-for-stm32.10.3-2021.10.win32_1.0.0.202111181127\tools\arm-none-eabi\include\c++\10.3.1\bits\stl_vector.h:1756:7:std::vector<_Tp, _Alloc>::size_type std::vector<_Tp, _Alloc>::_M_check_len(std::vector<_Tp, _Alloc>::size_type, const char*) const [with _Tp = float; _Alloc = std::allocator<float>]	16	static
c:\st\stm32cubeide_1.10.1\stm32cubeide\plugins\com.st.stm32cube.ide.mcu.externaltools.gnu-tools-for-stm32.10.3-2021.10.win32_1.0.0.202111181127\tools\arm-none-eabi\include\c++\10.3.1\bits\stl_algobase.h:415:2:static _Tp* std::__copy_move<_IsMove, true, std::random_access_iterator_tag>::__copy_m(const _Tp*, const _Tp*, _Tp*) [with _Tp = unsigned char; bool _IsMove = true]	8	static
../Src/Communication/Communication.cpp:799:6:bool Communication::RemoveGroupAddress(uint8_t)	16	static
../Src/Communication/Communication.cpp:91:3:static bool Communication::AddRegisters()::<lambda(void*, uint16_t, uint8_t*, uint16_t)>::_FUN(void*, uint16_t, uint8_t*, uint16_t)	0	static
c:\st\stm32cubeide_1.10.1\stm32cubeide\plugins\com.st.stm32cube.ide.mcu.externaltools.gnu-tools-for-stm32.10.3-2021.10.win32_1.0.0.202111181127\tools\arm-none-eabi\include\c++\10.3.1\bits\stl_algobase.h:415:2:static _Tp* std::__copy_move<_IsMove, true, std::random_access_iterator_tag>::__copy_m(const _Tp*, const _Tp*, _Tp*) [with _Tp = unsigned char; bool _IsMove = false]	8	static
c:\st\stm32cubeide_1.10.1\stm32cubeide\plugins\com.st.stm32cube.ide.mcu.externaltools.gnu-tools-for-stm32.10.3-2021.10.win32_1.0.0.202111181127\tools\arm-none-eabi\include\c++\10.3.1\bits\stl_vector.h:553:7:std::vector<_Tp, _Alloc>::vector(const std::vector<_Tp, _Alloc>&) [with _Tp = unsigned char; _Alloc = std::allocator<unsigned char>]	16	static
../Src/Communication/Communication.hpp:30:8:MessageElement::MessageElement(const MessageElement&)	8	static
../Src/Protocols/Communication/Core/CommunicationProtocol.hpp:18:8:MessageHeader::MessageHeader(const MessageHeader&)	16	static
../Src/Communication/Communication.cpp:134:6:void Communication::Spin()	80	static
c:\st\stm32cubeide_1.10.1\stm32cubeide\plugins\com.st.stm32cube.ide.mcu.externaltools.gnu-tools-for-stm32.10.3-2021.10.win32_1.0.0.202111181127\tools\arm-none-eabi\include\c++\10.3.1\bits\vector.tcc:426:7:) [with _Args = {const MessageHeader&}; _Tp = MessageHeader; _Alloc = std::allocator<MessageHeader>]	48	static
../Src/Communication/Communication.cpp:196:19:HAL_StatusTypeDef Communication::Send(MessageHeader)	48	static
../Src/Subscribers/MasterSubscribers.hpp:28:8:SubscriberConfiguration::SubscriberConfiguration(const SubscriberConfiguration&)	16	static
../Src/Subscribers/MasterSubscribers.hpp:89:6:void MasterSubscribers::Receive(SubscriberInput, T*) [with T = unsigned char]	96	static
../Src/Subscribers/MasterSubscribers.hpp:89:6:void MasterSubscribers::Receive(SubscriberInput, T*) [with T = long unsigned int]	96	static
../Src/Subscribers/MasterSubscribers.hpp:89:6:void MasterSubscribers::Receive(SubscriberInput, T*) [with T = float]	96	static
../Src/Communication/Communication.hpp:191:16:std::vector<T> Communication::ExtractVector(std::vector<unsigned char>, uint16_t, uint16_t, bool*) [with T = float]	72	static
../Src/Communication/Communication.hpp:170:6:void Communication::ExtractArray(T*, std::vector<unsigned char>, uint16_t, uint16_t, bool*) [with T = float]	64	static
../Src/Communication/Communication.cpp:731:10:uint16_t Communication::ProcessSubscriber(MessageHeader, MessageElement, uint16_t) [with T = float]	96	dynamic
../Src/Communication/Communication.cpp:664:10:uint16_t Communication::ProcessService(MessageHeader, MessageElement, uint16_t) [with T = float]	144	dynamic
../Src/Communication/Communication.hpp:191:16:std::vector<T> Communication::ExtractVector(std::vector<unsigned char>, uint16_t, uint16_t, bool*) [with T = long unsigned int]	72	static
../Src/Communication/Communication.hpp:170:6:void Communication::ExtractArray(T*, std::vector<unsigned char>, uint16_t, uint16_t, bool*) [with T = long unsigned int]	56	static
../Src/Communication/Communication.cpp:731:10:uint16_t Communication::ProcessSubscriber(MessageHeader, MessageElement, uint16_t) [with T = long unsigned int]	96	dynamic
../Src/Communication/Communication.cpp:664:10:uint16_t Communication::ProcessService(MessageHeader, MessageElement, uint16_t) [with T = long unsigned int]	144	dynamic
../Src/Communication/Communication.hpp:191:16:std::vector<T> Communication::ExtractVector(std::vector<unsigned char>, uint16_t, uint16_t, bool*) [with T = unsigned char]	48	static
../Src/Communication/Communication.hpp:170:6:void Communication::ExtractArray(T*, std::vector<unsigned char>, uint16_t, uint16_t, bool*) [with T = unsigned char]	56	static
../Src/Communication/Communication.cpp:731:10:uint16_t Communication::ProcessSubscriber(MessageHeader, MessageElement, uint16_t) [with T = unsigned char]	96	dynamic
../Src/Communication/Communication.cpp:664:10:uint16_t Communication::ProcessService(MessageHeader, MessageElement, uint16_t) [with T = unsigned char]	136	dynamic
c:\st\stm32cubeide_1.10.1\stm32cubeide\plugins\com.st.stm32cube.ide.mcu.externaltools.gnu-tools-for-stm32.10.3-2021.10.win32_1.0.0.202111181127\tools\arm-none-eabi\include\c++\10.3.1\bits\stl_vector.h:625:7:std::vector<_Tp, _Alloc>::vector(std::initializer_list<_Tp>, const allocator_type&) [with _Tp = unsigned char; _Alloc = std::allocator<unsigned char>]	32	static
c:\st\stm32cubeide_1.10.1\stm32cubeide\plugins\com.st.stm32cube.ide.mcu.externaltools.gnu-tools-for-stm32.10.3-2021.10.win32_1.0.0.202111181127\tools\arm-none-eabi\include\c++\10.3.1\bits\stl_vector.h:1577:2:void std::vector<_Tp, _Alloc>::_M_range_initialize(_ForwardIterator, _ForwardIterator, std::forward_iterator_tag) [with _ForwardIterator = unsigned char*; _Tp = unsigned char; _Alloc = std::allocator<unsigned char>]	24	static
../Src/Communication/Communication.cpp:118:3:static bool Communication::AddRegisters()::<lambda(void*, uint16_t, uint8_t*, uint16_t)>::_FUN(void*, uint16_t, uint8_t*, uint16_t)	56	static
../Src/Registers/Registers.hpp:620:6:bool Registers::ReadRegister(uint16_t, T*, uint16_t*, bool) [with T = unsigned char]	320	static
c:\st\stm32cubeide_1.10.1\stm32cubeide\plugins\com.st.stm32cube.ide.mcu.externaltools.gnu-tools-for-stm32.10.3-2021.10.win32_1.0.0.202111181127\tools\arm-none-eabi\include\c++\10.3.1\bits\stl_vector.h:1379:2:std::vector<_Tp, _Alloc>::iterator std::vector<_Tp, _Alloc>::insert(std::vector<_Tp, _Alloc>::const_iterator, _InputIterator, _InputIterator) [with _InputIterator = __gnu_cxx::__normal_iterator<unsigned char*, std::vector<unsigned char> >; <template-parameter-2-2> = void; _Tp = unsigned char; _Alloc = std::allocator<unsigned char>]	48	static
../Src/Communication/Communication.cpp:357:6:bool Communication::BuildPayload(MessageHeader*, MessageElement)	40	static
../Src/Communication/Communication.cpp:488:6:bool Communication::FindRegister(MessageHeader, MessageHeader*, MessageElement*)	120	static
../Src/Communication/Communication.cpp:44:3:static bool Communication::AddRegisters()::<lambda(void*, uint16_t, uint8_t*, uint16_t)>::_FUN(void*, uint16_t, uint8_t*, uint16_t)	96	static
c:\st\stm32cubeide_1.10.1\stm32cubeide\plugins\com.st.stm32cube.ide.mcu.externaltools.gnu-tools-for-stm32.10.3-2021.10.win32_1.0.0.202111181127\tools\arm-none-eabi\include\c++\10.3.1\bits\stl_uninitialized.h:583:9:static _ForwardIterator std::__uninitialized_default_n_1<true>::__uninit_default_n(_ForwardIterator, _Size) [with _ForwardIterator = unsigned char*; _Size = unsigned int]	8	static
c:\st\stm32cubeide_1.10.1\stm32cubeide\plugins\com.st.stm32cube.ide.mcu.externaltools.gnu-tools-for-stm32.10.3-2021.10.win32_1.0.0.202111181127\tools\arm-none-eabi\include\c++\10.3.1\bits\stl_vector.h:937:7:void std::vector<_Tp, _Alloc>::resize(std::vector<_Tp, _Alloc>::size_type) [with _Tp = unsigned char; _Alloc = std::allocator<unsigned char>]	32	static
../Src/Registers/Registers.hpp:496:6:bool Registers::WriteRegister(uint16_t, T*, uint16_t, bool) [with T = unsigned char]	56	static
../Src/Communication/Communication.cpp:586:10:uint16_t Communication::ProcessWrite(MessageHeader, MessageHeader*, MessageElement, MessageElement, uint16_t) [with T = unsigned char]	112	dynamic
../Src/Communication/Communication.cpp:554:10:uint16_t Communication::ProcessCommand(MessageHeader, MessageHeader*, MessageElement, uint16_t) [with T = unsigned char]	248	static
../Src/Communication/Communication.cpp:534:10:uint16_t Communication::ProcessElement(MessageHeader, MessageHeader*, MessageElement, uint16_t) [with T = unsigned char]	80	static
c:\st\stm32cubeide_1.10.1\stm32cubeide\plugins\com.st.stm32cube.ide.mcu.externaltools.gnu-tools-for-stm32.10.3-2021.10.win32_1.0.0.202111181127\tools\arm-none-eabi\include\c++\10.3.1\bits\stl_uninitialized.h:583:9:static _ForwardIterator std::__uninitialized_default_n_1<true>::__uninit_default_n(_ForwardIterator, _Size) [with _ForwardIterator = long unsigned int*; _Size = unsigned int]	8	static
c:\st\stm32cubeide_1.10.1\stm32cubeide\plugins\com.st.stm32cube.ide.mcu.externaltools.gnu-tools-for-stm32.10.3-2021.10.win32_1.0.0.202111181127\tools\arm-none-eabi\include\c++\10.3.1\bits\vector.tcc:611:5:void std::vector<_Tp, _Alloc>::_M_default_append(std::vector<_Tp, _Alloc>::size_type) [with _Tp = long unsigned int; _Alloc = std::allocator<long unsigned int>]	32	static
c:\st\stm32cubeide_1.10.1\stm32cubeide\plugins\com.st.stm32cube.ide.mcu.externaltools.gnu-tools-for-stm32.10.3-2021.10.win32_1.0.0.202111181127\tools\arm-none-eabi\include\c++\10.3.1\bits\stl_algobase.h:415:2:static _Tp* std::__copy_move<_IsMove, true, std::random_access_iterator_tag>::__copy_m(const _Tp*, const _Tp*, _Tp*) [with _Tp = long unsigned int; bool _IsMove = false]	8	static
c:\st\stm32cubeide_1.10.1\stm32cubeide\plugins\com.st.stm32cube.ide.mcu.externaltools.gnu-tools-for-stm32.10.3-2021.10.win32_1.0.0.202111181127\tools\arm-none-eabi\include\c++\10.3.1\bits\stl_vector.h:553:7:std::vector<_Tp, _Alloc>::vector(const std::vector<_Tp, _Alloc>&) [with _Tp = long unsigned int; _Alloc = std::allocator<long unsigned int>]	16	static
../Src/Registers/Registers.hpp:620:6:bool Registers::ReadRegister(uint16_t, T*, uint16_t*, bool) [with T = long unsigned int]	1088	static
../Src/Registers/Registers.hpp:496:6:bool Registers::WriteRegister(uint16_t, T*, uint16_t, bool) [with T = long unsigned int]	56	static
../Src/Communication/Communication.cpp:586:10:uint16_t Communication::ProcessWrite(MessageHeader, MessageHeader*, MessageElement, MessageElement, uint16_t) [with T = long unsigned int]	112	dynamic
../Src/Communication/Communication.cpp:554:10:uint16_t Communication::ProcessCommand(MessageHeader, MessageHeader*, MessageElement, uint16_t) [with T = long unsigned int]	248	static
../Src/Communication/Communication.cpp:534:10:uint16_t Communication::ProcessElement(MessageHeader, MessageHeader*, MessageElement, uint16_t) [with T = long unsigned int]	80	static
c:\st\stm32cubeide_1.10.1\stm32cubeide\plugins\com.st.stm32cube.ide.mcu.externaltools.gnu-tools-for-stm32.10.3-2021.10.win32_1.0.0.202111181127\tools\arm-none-eabi\include\c++\10.3.1\bits\stl_uninitialized.h:583:9:static _ForwardIterator std::__uninitialized_default_n_1<true>::__uninit_default_n(_ForwardIterator, _Size) [with _ForwardIterator = float*; _Size = unsigned int]	8	static
c:\st\stm32cubeide_1.10.1\stm32cubeide\plugins\com.st.stm32cube.ide.mcu.externaltools.gnu-tools-for-stm32.10.3-2021.10.win32_1.0.0.202111181127\tools\arm-none-eabi\include\c++\10.3.1\bits\vector.tcc:611:5:void std::vector<_Tp, _Alloc>::_M_default_append(std::vector<_Tp, _Alloc>::size_type) [with _Tp = float; _Alloc = std::allocator<float>]	32	static
c:\st\stm32cubeide_1.10.1\stm32cubeide\plugins\com.st.stm32cube.ide.mcu.externaltools.gnu-tools-for-stm32.10.3-2021.10.win32_1.0.0.202111181127\tools\arm-none-eabi\include\c++\10.3.1\bits\stl_algobase.h:415:2:static _Tp* std::__copy_move<_IsMove, true, std::random_access_iterator_tag>::__copy_m(const _Tp*, const _Tp*, _Tp*) [with _Tp = float; bool _IsMove = false]	8	static
c:\st\stm32cubeide_1.10.1\stm32cubeide\plugins\com.st.stm32cube.ide.mcu.externaltools.gnu-tools-for-stm32.10.3-2021.10.win32_1.0.0.202111181127\tools\arm-none-eabi\include\c++\10.3.1\bits\stl_vector.h:553:7:std::vector<_Tp, _Alloc>::vector(const std::vector<_Tp, _Alloc>&) [with _Tp = float; _Alloc = std::allocator<float>]	16	static
../Src/Registers/Registers.hpp:620:6:bool Registers::ReadRegister(uint16_t, T*, uint16_t*, bool) [with T = float]	1088	static
../Src/Registers/Registers.hpp:496:6:bool Registers::WriteRegister(uint16_t, T*, uint16_t, bool) [with T = float]	56	static
../Src/Communication/Communication.cpp:586:10:uint16_t Communication::ProcessWrite(MessageHeader, MessageHeader*, MessageElement, MessageElement, uint16_t) [with T = float]	112	dynamic
../Src/Communication/Communication.cpp:554:10:uint16_t Communication::ProcessCommand(MessageHeader, MessageHeader*, MessageElement, uint16_t) [with T = float]	248	static
../Src/Communication/Communication.cpp:534:10:uint16_t Communication::ProcessElement(MessageHeader, MessageHeader*, MessageElement, uint16_t) [with T = float]	80	static
../Src/Communication/Communication.cpp:391:6:void Communication::ParseMessage(MessageHeader)	120	static
../Src/Communication/Communication.cpp:225:10:uint16_t Communication::Process(uint8_t, std::vector<unsigned char>, bool*)	88	static
