../Src/Protocols/Communication/Core/CommunicationProtocol.cpp:72:15:virtual MessageHeader CommunicationProtocol::DecodeProtocol(uint8_t, std::vector<unsigned char>, uint16_t*, bool*)	0	static
../Src/Protocols/Communication/Core/CommunicationProtocol.cpp:80:19:virtual HAL_StatusTypeDef CommunicationProtocol::ActivateReception(uint8_t)	0	static
../Src/Protocols/Communication/Core/CommunicationProtocol.cpp:88:19:virtual HAL_StatusTypeDef CommunicationProtocol::Send(MessageHeader)	0	static
../Src/Protocols/Communication/Core/CommunicationProtocol.cpp:97:9:virtual uint8_t CommunicationProtocol::GetID(void*, bool*)	0	static
../Src/Protocols/Communication/Core/CommunicationProtocol.cpp:50:9:uint8_t CommunicationProtocol::GetInterfaceIndex(uint8_t, bool*)	16	static
../Src/Protocols/Communication/Core/CommunicationProtocol.cpp:37:6:bool CommunicationProtocol::InterfaceExists(uint8_t)	16	static
../Src/Protocols/Communication/Core/CommunicationProtocol.cpp:106:9:uint8_t CommunicationProtocol::GetIDFromIndex(uint8_t, bool*)	8	static
../Src/Protocols/Communication/Core/CommunicationProtocol.cpp:123:23:std::vector<unsigned char>* CommunicationProtocol::GetBuffer(uint8_t, bool*)	16	static
../Src/Protocols/Communication/Core/CommunicationProtocol.cpp:137:11:uint16_t* CommunicationProtocol::GetBufferIndex(uint8_t, bool*)	16	static
../Src/Protocols/Communication/Core/CommunicationProtocol.cpp:149:6:void CommunicationProtocol::SetProtocolPayloadMaxLength(uint16_t)	0	static
../Src/Protocols/Communication/Core/CommunicationProtocol.cpp:158:10:uint16_t CommunicationProtocol::GetProtocolPayloadMaxLength()	0	static
c:\st\stm32cubeide_1.10.1\stm32cubeide\plugins\com.st.stm32cube.ide.mcu.externaltools.gnu-tools-for-stm32.10.3-2021.10.win32_1.0.0.202111181127\tools\arm-none-eabi\include\c++\10.3.1\bits\stl_vector.h:333:7:std::_Vector_base<_Tp, _Alloc>::~_Vector_base() [with _Tp = unsigned char; _Alloc = std::allocator<unsigned char>]	8	static
c:\st\stm32cubeide_1.10.1\stm32cubeide\plugins\com.st.stm32cube.ide.mcu.externaltools.gnu-tools-for-stm32.10.3-2021.10.win32_1.0.0.202111181127\tools\arm-none-eabi\include\c++\10.3.1\bits\vector.tcc:426:7:) [with _Args = {const unsigned char&}; _Tp = unsigned char; _Alloc = std::allocator<unsigned char>]	40	static
../Src/Protocols/Communication/Core/CommunicationProtocol.cpp:15:6:void CommunicationProtocol::AddInterfaceID(uint8_t)	16	static
c:\st\stm32cubeide_1.10.1\stm32cubeide\plugins\com.st.stm32cube.ide.mcu.externaltools.gnu-tools-for-stm32.10.3-2021.10.win32_1.0.0.202111181127\tools\arm-none-eabi\include\c++\10.3.1\bits\vector.tcc:426:7:) [with _Args = {short unsigned int}; _Tp = short unsigned int; _Alloc = std::allocator<short unsigned int>]	40	static
c:\st\stm32cubeide_1.10.1\stm32cubeide\plugins\com.st.stm32cube.ide.mcu.externaltools.gnu-tools-for-stm32.10.3-2021.10.win32_1.0.0.202111181127\tools\arm-none-eabi\include\c++\10.3.1\bits\stl_vector.h:359:7:void std::_Vector_base<_Tp, _Alloc>::_M_create_storage(std::size_t) [with _Tp = unsigned char; _Alloc = std::allocator<unsigned char>]	16	static
c:\st\stm32cubeide_1.10.1\stm32cubeide\plugins\com.st.stm32cube.ide.mcu.externaltools.gnu-tools-for-stm32.10.3-2021.10.win32_1.0.0.202111181127\tools\arm-none-eabi\include\c++\10.3.1\bits\stl_vector.h:510:7:std::vector<_Tp, _Alloc>::vector(std::vector<_Tp, _Alloc>::size_type, const allocator_type&) [with _Tp = unsigned char; _Alloc = std::allocator<unsigned char>]	24	static
c:\st\stm32cubeide_1.10.1\stm32cubeide\plugins\com.st.stm32cube.ide.mcu.externaltools.gnu-tools-for-stm32.10.3-2021.10.win32_1.0.0.202111181127\tools\arm-none-eabi\include\c++\10.3.1\bits\stl_vector.h:553:7:std::vector<_Tp, _Alloc>::vector(const std::vector<_Tp, _Alloc>&) [with _Tp = unsigned char; _Alloc = std::allocator<unsigned char>]	16	static
c:\st\stm32cubeide_1.10.1\stm32cubeide\plugins\com.st.stm32cube.ide.mcu.externaltools.gnu-tools-for-stm32.10.3-2021.10.win32_1.0.0.202111181127\tools\arm-none-eabi\include\c++\10.3.1\bits\vector.tcc:426:7:) [with _Args = {const std::vector<unsigned char, std::allocator<unsigned char> >&}; _Tp = std::vector<unsigned char>; _Alloc = std::allocator<std::vector<unsigned char> >]	48	static
c:\st\stm32cubeide_1.10.1\stm32cubeide\plugins\com.st.stm32cube.ide.mcu.externaltools.gnu-tools-for-stm32.10.3-2021.10.win32_1.0.0.202111181127\tools\arm-none-eabi\include\c++\10.3.1\bits\stl_vector.h:1187:7:void std::vector<_Tp, _Alloc>::push_back(const value_type&) [with _Tp = std::vector<unsigned char>; _Alloc = std::allocator<std::vector<unsigned char> >]	16	static
../Src/Protocols/Communication/Core/CommunicationProtocol.cpp:22:6:void CommunicationProtocol::AddInterfaceBuffer()	48	static
