../Core/Src/stm32h7xx_hal_msp.c:96:6:HAL_MspInit	16	static
../Core/Src/stm32h7xx_hal_msp.c:121:6:HAL_ADC_MspInit	48	static
../Core/Src/stm32h7xx_hal_msp.c:192:6:HAL_ADC_MspDeInit	8	static
../Core/Src/stm32h7xx_hal_msp.c:256:6:HAL_FDCAN_MspInit	48	static
../Core/Src/stm32h7xx_hal_msp.c:328:6:HAL_FDCAN_MspDeInit	8	static
../Core/Src/stm32h7xx_hal_msp.c:385:6:HAL_I2C_MspInit	248	static
../Core/Src/stm32h7xx_hal_msp.c:618:6:HAL_I2C_MspDeInit	16	static
../Core/Src/stm32h7xx_hal_msp.c:707:6:HAL_TIM_Base_MspInit	24	static
../Core/Src/stm32h7xx_hal_msp.c:754:6:HAL_TIM_Encoder_MspInit	40	static
../Core/Src/stm32h7xx_hal_msp.c:784:6:HAL_TIM_MspPostInit	40	static
../Core/Src/stm32h7xx_hal_msp.c:837:6:HAL_TIM_Base_MspDeInit	8	static
../Core/Src/stm32h7xx_hal_msp.c:884:6:HAL_TIM_Encoder_MspDeInit	8	static
../Core/Src/stm32h7xx_hal_msp.c:913:6:HAL_UART_MspInit	280	static
../Core/Src/stm32h7xx_hal_msp.c:1310:6:HAL_UART_MspDeInit	8	static
