../Src/MotionGenerator/MotionGenerator.cpp:62:3:static bool MotionGenerator::AddRegisters()::<lambda(void*, uint16_t, uint8_t*, uint16_t)>::_FUN(void*, uint16_t, uint8_t*, uint16_t)	0	static
../Src/MotionGenerator/MotionGenerator.cpp:74:3:static bool MotionGenerator::AddRegisters()::<lambda(void*, uint16_t, uint8_t*, uint16_t)>::_FUN(void*, uint16_t, uint8_t*, uint16_t)	0	static
../Src/MotionGenerator/MotionGenerator.cpp:127:3:static bool MotionGenerator::AddRegisters()::<lambda(void*, uint16_t, uint8_t**, uint16_t*)>::_FUN(void*, uint16_t, uint8_t**, uint16_t*)	24	static
../Src/MotionGenerator/MotionGenerator.cpp:90:3:static bool MotionGenerator::AddRegisters()::<lambda(void*, uint16_t, uint8_t**, uint16_t*)>::_FUN(void*, uint16_t, uint8_t**, uint16_t*)	24	static
c:\st\stm32cubeide_1.10.1\stm32cubeide\plugins\com.st.stm32cube.ide.mcu.externaltools.gnu-tools-for-stm32.10.3-2021.10.win32_1.0.0.202111181127\tools\arm-none-eabi\include\c++\10.3.1\bits\stl_vector.h:343:7:std::_Vector_base<_Tp, _Alloc>::pointer std::_Vector_base<_Tp, _Alloc>::_M_allocate(std::size_t) [with _Tp = float; _Alloc = std::allocator<float>]	8	static
c:\st\stm32cubeide_1.10.1\stm32cubeide\plugins\com.st.stm32cube.ide.mcu.externaltools.gnu-tools-for-stm32.10.3-2021.10.win32_1.0.0.202111181127\tools\arm-none-eabi\include\c++\10.3.1\bits\stl_vector.h:343:7:std::_Vector_base<_Tp, _Alloc>::pointer std::_Vector_base<_Tp, _Alloc>::_M_allocate(std::size_t) [with _Tp = unsigned char; _Alloc = std::allocator<unsigned char>]	8	static
../Src/Registers/Registers.hpp:220:9:uint8_t Registers::GetTypeID(bool*) [with T = long unsigned int]	8	static
../Src/Registers/Registers.hpp:220:9:uint8_t Registers::GetTypeID(bool*) [with T = float]	8	static
../Src/Registers/Registers.hpp:220:9:uint8_t Registers::GetTypeID(bool*) [with T = unsigned char]	8	static
../Src/MotionGenerator/MotionGenerator.cpp:158:3:static bool MotionGenerator::AddRegisters()::<lambda(void*, uint16_t, uint8_t*, uint16_t)>::_FUN(void*, uint16_t, uint8_t*, uint16_t)	8	static
../Src/MotionGenerator/MotionGenerator.cpp:180:3:static bool MotionGenerator::AddRegisters()::<lambda(void*, uint16_t, uint8_t*, uint16_t)>::_FUN(void*, uint16_t, uint8_t*, uint16_t)	8	static
../Src/MotionGenerator/MotionGenerator.cpp:13:1:MotionGenerator::MotionGenerator()	0	static
../Src/MotionGenerator/MotionGenerator.cpp:223:6:void MotionGenerator::SetupPublisher()	8	static
../Src/MotionGenerator/MotionGenerator.cpp:440:6:bool MotionGenerator::SetGeneratorPeriod(uint32_t)	16	static
../Src/MotionGenerator/MotionGenerator.cpp:478:6:bool MotionGenerator::SetGeneratorOffset(uint8_t, float)	24	static
../Src/MotionGenerator/MotionGenerator.cpp:147:3:static bool MotionGenerator::AddRegisters()::<lambda(void*, uint16_t, float*, uint16_t)>::_FUN(void*, uint16_t, float*, uint16_t)	8	static
../Src/MotionGenerator/MotionGenerator.cpp:492:6:bool MotionGenerator::ResetGeneratorOffsets()	8	static
../Src/MotionGenerator/MotionGenerator.cpp:508:6:bool MotionGenerator::SetPositionOffset(uint8_t, float)	24	static
../Src/MotionGenerator/MotionGenerator.cpp:169:3:static bool MotionGenerator::AddRegisters()::<lambda(void*, uint16_t, float*, uint16_t)>::_FUN(void*, uint16_t, float*, uint16_t)	8	static
../Src/MotionGenerator/MotionGenerator.cpp:523:6:bool MotionGenerator::SetModuleLength(float)	16	static
../Src/MotionGenerator/MotionGenerator.cpp:536:6:bool MotionGenerator::SetGeneratorAmplitude(float)	16	static
../Src/MotionGenerator/MotionGenerator.cpp:549:6:bool MotionGenerator::SetGeneratorFrequency(float)	16	static
../Src/MotionGenerator/MotionGenerator.cpp:562:6:bool MotionGenerator::SetGeneratorWavelengthInverse(float)	16	static
../Src/MotionGenerator/MotionGenerator.cpp:575:6:bool MotionGenerator::SetGeneratorPhase(float)	16	static
../Src/MotionGenerator/MotionGenerator.cpp:588:10:uint32_t MotionGenerator::GetGeneratorPeriod(bool*)	16	static
../Src/MotionGenerator/MotionGenerator.cpp:602:9:uint8_t MotionGenerator::GetNumberOfModules(bool*)	16	static
../Src/MotionGenerator/MotionGenerator.cpp:617:7:float MotionGenerator::GetGeneratorOffset(uint8_t, bool*)	24	static
../Src/MotionGenerator/MotionGenerator.cpp:633:7:float MotionGenerator::GetPositionOffset(uint8_t, bool*)	24	static
../Src/MotionGenerator/MotionGenerator.cpp:648:7:float MotionGenerator::GetModuleLength(bool*)	24	static
../Src/MotionGenerator/MotionGenerator.cpp:662:7:float MotionGenerator::GetGeneratorAmplitude(bool*)	24	static
../Src/MotionGenerator/MotionGenerator.cpp:676:7:float MotionGenerator::GetGeneratorFrequency(bool*)	24	static
../Src/MotionGenerator/MotionGenerator.cpp:690:7:float MotionGenerator::GetGeneratorWavelengthInverse(bool*)	24	static
../Src/MotionGenerator/MotionGenerator.cpp:704:7:float MotionGenerator::GetGeneratorPhase(bool*)	24	static
c:\st\stm32cubeide_1.10.1\stm32cubeide\plugins\com.st.stm32cube.ide.mcu.externaltools.gnu-tools-for-stm32.10.3-2021.10.win32_1.0.0.202111181127\tools\arm-none-eabi\include\c++\10.3.1\bits\stl_vector.h:333:7:std::_Vector_base<_Tp, _Alloc>::~_Vector_base() [with _Tp = float; _Alloc = std::allocator<float>]	8	static
c:\st\stm32cubeide_1.10.1\stm32cubeide\plugins\com.st.stm32cube.ide.mcu.externaltools.gnu-tools-for-stm32.10.3-2021.10.win32_1.0.0.202111181127\tools\arm-none-eabi\include\c++\10.3.1\bits\stl_vector.h:1815:7:void std::vector<_Tp, _Alloc>::_M_move_assign(std::vector<_Tp, _Alloc>&&, std::true_type) [with _Tp = float; _Alloc = std::allocator<float>]	32	static
c:\st\stm32cubeide_1.10.1\stm32cubeide\plugins\com.st.stm32cube.ide.mcu.externaltools.gnu-tools-for-stm32.10.3-2021.10.win32_1.0.0.202111181127\tools\arm-none-eabi\include\c++\10.3.1\bits\stl_vector.h:333:7:std::_Vector_base<_Tp, _Alloc>::~_Vector_base() [with _Tp = unsigned char; _Alloc = std::allocator<unsigned char>]	8	static
c:\st\stm32cubeide_1.10.1\stm32cubeide\plugins\com.st.stm32cube.ide.mcu.externaltools.gnu-tools-for-stm32.10.3-2021.10.win32_1.0.0.202111181127\tools\arm-none-eabi\include\c++\10.3.1\bits\stl_vector.h:709:7:std::vector<_Tp, _Alloc>& std::vector<_Tp, _Alloc>::operator=(std::vector<_Tp, _Alloc>&&) [with _Tp = unsigned char; _Alloc = std::allocator<unsigned char>]	32	static
c:\st\stm32cubeide_1.10.1\stm32cubeide\plugins\com.st.stm32cube.ide.mcu.externaltools.gnu-tools-for-stm32.10.3-2021.10.win32_1.0.0.202111181127\tools\arm-none-eabi\include\c++\10.3.1\bits\stl_vector.h:1092:7:std::vector<_Tp, _Alloc>::reference std::vector<_Tp, _Alloc>::at(std::vector<_Tp, _Alloc>::size_type) [with _Tp = RegisterCallbacks<unsigned char>; _Alloc = std::allocator<RegisterCallbacks<unsigned char> >]	16	static
c:\st\stm32cubeide_1.10.1\stm32cubeide\plugins\com.st.stm32cube.ide.mcu.externaltools.gnu-tools-for-stm32.10.3-2021.10.win32_1.0.0.202111181127\tools\arm-none-eabi\include\c++\10.3.1\bits\stl_vector.h:1092:7:std::vector<_Tp, _Alloc>::reference std::vector<_Tp, _Alloc>::at(std::vector<_Tp, _Alloc>::size_type) [with _Tp = RegisterCallbacks<float>; _Alloc = std::allocator<RegisterCallbacks<float> >]	16	static
c:\st\stm32cubeide_1.10.1\stm32cubeide\plugins\com.st.stm32cube.ide.mcu.externaltools.gnu-tools-for-stm32.10.3-2021.10.win32_1.0.0.202111181127\tools\arm-none-eabi\include\c++\10.3.1\bits\vector.tcc:426:7:) [with _Args = {const RegisterConfiguration&}; _Tp = RegisterConfiguration; _Alloc = std::allocator<RegisterConfiguration>]	40	static
c:\st\stm32cubeide_1.10.1\stm32cubeide\plugins\com.st.stm32cube.ide.mcu.externaltools.gnu-tools-for-stm32.10.3-2021.10.win32_1.0.0.202111181127\tools\arm-none-eabi\include\c++\10.3.1\bits\stl_vector.h:1187:7:void std::vector<_Tp, _Alloc>::push_back(const value_type&) [with _Tp = RegisterConfiguration; _Alloc = std::allocator<RegisterConfiguration>]	16	static
../Src/Registers/Registers.hpp:175:6:bool Registers::AddRegister(uint16_t) [with T = float]	40	static
../Src/Registers/Registers.hpp:175:6:bool Registers::AddRegister(uint16_t) [with T = unsigned char]	40	static
c:\st\stm32cubeide_1.10.1\stm32cubeide\plugins\com.st.stm32cube.ide.mcu.externaltools.gnu-tools-for-stm32.10.3-2021.10.win32_1.0.0.202111181127\tools\arm-none-eabi\include\c++\10.3.1\bits\vector.tcc:426:7:) [with _Args = {const RegisterCallbacks<unsigned char>&}; _Tp = RegisterCallbacks<unsigned char>; _Alloc = std::allocator<RegisterCallbacks<unsigned char> >]	40	static
c:\st\stm32cubeide_1.10.1\stm32cubeide\plugins\com.st.stm32cube.ide.mcu.externaltools.gnu-tools-for-stm32.10.3-2021.10.win32_1.0.0.202111181127\tools\arm-none-eabi\include\c++\10.3.1\bits\stl_vector.h:1187:7:void std::vector<_Tp, _Alloc>::push_back(const value_type&) [with _Tp = RegisterCallbacks<unsigned char>; _Alloc = std::allocator<RegisterCallbacks<unsigned char> >]	16	static
../Src/Registers/Registers.hpp:415:6:bool Registers::AddReadCallback(uint16_t, void*, bool (*)(void*, uint16_t, T**, uint16_t*)) [with T = unsigned char]	48	static
../Src/Registers/Registers.hpp:347:6:bool Registers::AddWriteCallback(uint16_t, void*, bool (*)(void*, uint16_t, T*, uint16_t)) [with T = unsigned char]	48	static
c:\st\stm32cubeide_1.10.1\stm32cubeide\plugins\com.st.stm32cube.ide.mcu.externaltools.gnu-tools-for-stm32.10.3-2021.10.win32_1.0.0.202111181127\tools\arm-none-eabi\include\c++\10.3.1\bits\vector.tcc:426:7:) [with _Args = {const RegisterCallbacks<long unsigned int>&}; _Tp = RegisterCallbacks<long unsigned int>; _Alloc = std::allocator<RegisterCallbacks<long unsigned int> >]	40	static
c:\st\stm32cubeide_1.10.1\stm32cubeide\plugins\com.st.stm32cube.ide.mcu.externaltools.gnu-tools-for-stm32.10.3-2021.10.win32_1.0.0.202111181127\tools\arm-none-eabi\include\c++\10.3.1\bits\vector.tcc:426:7:) [with _Args = {const RegisterCallbacks<float>&}; _Tp = RegisterCallbacks<float>; _Alloc = std::allocator<RegisterCallbacks<float> >]	40	static
c:\st\stm32cubeide_1.10.1\stm32cubeide\plugins\com.st.stm32cube.ide.mcu.externaltools.gnu-tools-for-stm32.10.3-2021.10.win32_1.0.0.202111181127\tools\arm-none-eabi\include\c++\10.3.1\bits\stl_vector.h:1187:7:void std::vector<_Tp, _Alloc>::push_back(const value_type&) [with _Tp = RegisterCallbacks<float>; _Alloc = std::allocator<RegisterCallbacks<float> >]	16	static
../Src/Registers/Registers.hpp:268:6:bool Registers::AddRegisterPointer(uint16_t, T*) [with T = float]	40	static
../Src/Registers/Registers.hpp:347:6:bool Registers::AddWriteCallback(uint16_t, void*, bool (*)(void*, uint16_t, T*, uint16_t)) [with T = float]	48	static
../Src/MotionGenerator/MotionGenerator.cpp:56:6:void MotionGenerator::AddRegisters()	48	static
c:\st\stm32cubeide_1.10.1\stm32cubeide\plugins\com.st.stm32cube.ide.mcu.externaltools.gnu-tools-for-stm32.10.3-2021.10.win32_1.0.0.202111181127\tools\arm-none-eabi\include\c++\10.3.1\bits\stl_uninitialized.h:583:9:static _ForwardIterator std::__uninitialized_default_n_1<true>::__uninit_default_n(_ForwardIterator, _Size) [with _ForwardIterator = float*; _Size = unsigned int]	8	static
c:\st\stm32cubeide_1.10.1\stm32cubeide\plugins\com.st.stm32cube.ide.mcu.externaltools.gnu-tools-for-stm32.10.3-2021.10.win32_1.0.0.202111181127\tools\arm-none-eabi\include\c++\10.3.1\bits\vector.tcc:611:5:void std::vector<_Tp, _Alloc>::_M_default_append(std::vector<_Tp, _Alloc>::size_type) [with _Tp = float; _Alloc = std::allocator<float>]	32	static
c:\st\stm32cubeide_1.10.1\stm32cubeide\plugins\com.st.stm32cube.ide.mcu.externaltools.gnu-tools-for-stm32.10.3-2021.10.win32_1.0.0.202111181127\tools\arm-none-eabi\include\c++\10.3.1\bits\stl_vector.h:937:7:void std::vector<_Tp, _Alloc>::resize(std::vector<_Tp, _Alloc>::size_type) [with _Tp = float; _Alloc = std::allocator<float>]	16	static
../Src/MotionGenerator/MotionGenerator.cpp:453:6:bool MotionGenerator::SetNumberOfModules(uint8_t)	16	static
../Src/MotionGenerator/MotionGenerator.cpp:25:6:void MotionGenerator::Init(Registers*, Publishers*, Services*, LEDS*)	16	static
../Src/MotionGenerator/MotionGenerator.cpp:137:3:static bool MotionGenerator::AddRegisters()::<lambda(void*, uint16_t, uint8_t*, uint16_t)>::_FUN(void*, uint16_t, uint8_t*, uint16_t)	0	static
c:\st\stm32cubeide_1.10.1\stm32cubeide\plugins\com.st.stm32cube.ide.mcu.externaltools.gnu-tools-for-stm32.10.3-2021.10.win32_1.0.0.202111181127\tools\arm-none-eabi\include\c++\10.3.1\bits\stl_vector.h:1756:7:std::vector<_Tp, _Alloc>::size_type std::vector<_Tp, _Alloc>::_M_check_len(std::vector<_Tp, _Alloc>::size_type, const char*) const [with _Tp = unsigned char; _Alloc = std::allocator<unsigned char>]	8	static
c:\st\stm32cubeide_1.10.1\stm32cubeide\plugins\com.st.stm32cube.ide.mcu.externaltools.gnu-tools-for-stm32.10.3-2021.10.win32_1.0.0.202111181127\tools\arm-none-eabi\include\c++\10.3.1\bits\vector.tcc:109:7:) [with _Args = {unsigned char}; _Tp = unsigned char; _Alloc = std::allocator<unsigned char>]	32	static
c:\st\stm32cubeide_1.10.1\stm32cubeide\plugins\com.st.stm32cube.ide.mcu.externaltools.gnu-tools-for-stm32.10.3-2021.10.win32_1.0.0.202111181127\tools\arm-none-eabi\include\c++\10.3.1\bits\stl_algobase.h:415:2:static _Tp* std::__copy_move<_IsMove, true, std::random_access_iterator_tag>::__copy_m(const _Tp*, const _Tp*, _Tp*) [with _Tp = unsigned char; bool _IsMove = false]	8	static
c:\st\stm32cubeide_1.10.1\stm32cubeide\plugins\com.st.stm32cube.ide.mcu.externaltools.gnu-tools-for-stm32.10.3-2021.10.win32_1.0.0.202111181127\tools\arm-none-eabi\include\c++\10.3.1\bits\stl_vector.h:553:7:std::vector<_Tp, _Alloc>::vector(const std::vector<_Tp, _Alloc>&) [with _Tp = unsigned char; _Alloc = std::allocator<unsigned char>]	16	static
../Src/Communication/Communication.hpp:30:8:MessageElement::MessageElement(const MessageElement&)	8	static
c:\st\stm32cubeide_1.10.1\stm32cubeide\plugins\com.st.stm32cube.ide.mcu.externaltools.gnu-tools-for-stm32.10.3-2021.10.win32_1.0.0.202111181127\tools\arm-none-eabi\include\c++\10.3.1\bits\stl_vector.h:1577:2:void std::vector<_Tp, _Alloc>::_M_range_initialize(_ForwardIterator, _ForwardIterator, std::forward_iterator_tag) [with _ForwardIterator = const unsigned char*; _Tp = unsigned char; _Alloc = std::allocator<unsigned char>]	24	static
../Src/MotionGenerator/MotionGenerator.cpp:398:6:bool MotionGenerator::SetGeneratorStatus(bool)	32	static
../Src/MotionGenerator/MotionGenerator.cpp:420:6:bool MotionGenerator::ActivateGenerator()	8	static
../Src/MotionGenerator/MotionGenerator.cpp:430:6:bool MotionGenerator::DeactivateGenerator()	0	static
../Src/MotionGenerator/MotionGenerator.cpp:100:3:static bool MotionGenerator::AddRegisters()::<lambda(void*, uint16_t, uint8_t*, uint16_t)>::_FUN(void*, uint16_t, uint8_t*, uint16_t)	8	static
c:\st\stm32cubeide_1.10.1\stm32cubeide\plugins\com.st.stm32cube.ide.mcu.externaltools.gnu-tools-for-stm32.10.3-2021.10.win32_1.0.0.202111181127\tools\arm-none-eabi\include\c++\10.3.1\bits\stl_algobase.h:415:2:static _Tp* std::__copy_move<_IsMove, true, std::random_access_iterator_tag>::__copy_m(const _Tp*, const _Tp*, _Tp*) [with _Tp = float; bool _IsMove = false]	8	static
c:\st\stm32cubeide_1.10.1\stm32cubeide\plugins\com.st.stm32cube.ide.mcu.externaltools.gnu-tools-for-stm32.10.3-2021.10.win32_1.0.0.202111181127\tools\arm-none-eabi\include\c++\10.3.1\bits\stl_algobase.h:415:2:static _Tp* std::__copy_move<_IsMove, true, std::random_access_iterator_tag>::__copy_m(const _Tp*, const _Tp*, _Tp*) [with _Tp = unsigned char; bool _IsMove = true]	8	static
c:\st\stm32cubeide_1.10.1\stm32cubeide\plugins\com.st.stm32cube.ide.mcu.externaltools.gnu-tools-for-stm32.10.3-2021.10.win32_1.0.0.202111181127\tools\arm-none-eabi\include\c++\10.3.1\bits\stl_vector.h:1379:2:std::vector<_Tp, _Alloc>::iterator std::vector<_Tp, _Alloc>::insert(std::vector<_Tp, _Alloc>::const_iterator, _InputIterator, _InputIterator) [with _InputIterator = __gnu_cxx::__normal_iterator<unsigned char*, std::vector<unsigned char> >; <template-parameter-2-2> = void; _Tp = unsigned char; _Alloc = std::allocator<unsigned char>]	48	static
../Src/Services/Services.hpp:539:9:uint8_t Services::AccessRemoteRegister(uint8_t*, Register, ServiceInterface, bool, T*, uint16_t, uint8_t) [with T = float]	192	static
../Src/Services/Services.hpp:539:9:uint8_t Services::AccessRemoteRegister(uint8_t*, Register, ServiceInterface, bool, T*, uint16_t, uint8_t) [with T = unsigned char]	192	static
../Src/Services/Services.hpp:187:9:uint8_t Services::WriteRemoteRegister(Register, ServiceInterface, T*, uint16_t, uint8_t) [with T = unsigned char]	64	static
../Src/MotionGenerator/MotionGenerator.cpp:255:6:bool MotionGenerator::ConfigureModules()	88	static
../Src/MotionGenerator/MotionGenerator.cpp:298:6:bool MotionGenerator::ActivateModuleControllers()	64	static
../Src/MotionGenerator/MotionGenerator.cpp:323:6:bool MotionGenerator::DeactivateModuleControllers()	64	static
../Src/MotionGenerator/MotionGenerator.cpp:345:6:void MotionGenerator::Spin()	104	static
