../Core/Src/main.cpp:1503:13:void MX_GPIO_Init()	88	static
../Core/Src/main.cpp:1439:13:void MX_DMA_Init()	16	static
../Core/Src/main.cpp:1640:6:void TrajectoryTask(void*)	8	static
../Core/Src/main.cpp:1724:6:void SensorsTask(void*)	8	static
../Core/Src/main.cpp:1746:6:void CommunicationTask(void*)	8	static
../Core/Src/main.cpp:1764:6:void LEDsTask(void*)	8	static
D:/Code/Envirobot2_0_STM32_Head/Src/Protocols/Communication/Core/TemplateCommunicationProtocol.hpp:43:9:uint8_t TemplateCommunicationProtocol<H>::GetID(void*, bool*) [with H = __UART_HandleTypeDef]	8	static
D:/Code/Envirobot2_0_STM32_Head/Src/Protocols/Communication/Core/TemplateCommunicationProtocol.hpp:43:9:uint8_t TemplateCommunicationProtocol<H>::GetID(void*, bool*) [with H = FDCAN_HandleTypeDef]	8	static
../Core/Src/main.cpp:202:6:void HAL_UART_ErrorCallback(UART_HandleTypeDef*)	24	static
../Core/Src/main.cpp:237:6:void HAL_I2C_MemRxCpltCallback(I2C_HandleTypeDef*)	8	static
../Core/Src/main.cpp:241:6:void HAL_I2C_MasterTxCpltCallback(I2C_HandleTypeDef*)	8	static
../Core/Src/main.cpp:245:6:void HAL_I2C_MasterRxCpltCallback(I2C_HandleTypeDef*)	8	static
../Core/Src/main.cpp:249:6:void HAL_GPIO_EXTI_Callback(uint16_t)	8	static
../Core/Src/main.cpp:1787:6:void HAL_TIM_PeriodElapsedCallback(TIM_HandleTypeDef*)	8	static
../Core/Src/main.cpp:1806:6:void Error_Handler()	0	static,ignoring_inline_asm
../Core/Src/main.cpp:633:13:void MX_ADC1_Init()	48	static
../Core/Src/main.cpp:760:13:void MX_FDCAN1_Init()	8	static
../Core/Src/main.cpp:813:13:void MX_FDCAN2_Init()	8	static
../Core/Src/main.cpp:866:13:void MX_I2C1_Init()	8	static
../Core/Src/main.cpp:914:13:void MX_I2C4_Init()	8	static
../Core/Src/main.cpp:1249:13:void MX_USART1_UART_Init()	8	static
../Core/Src/main.cpp:1297:13:void MX_USART2_UART_Init()	8	static
../Core/Src/main.cpp:1345:13:void MX_USART3_UART_Init()	8	static
../Core/Src/main.cpp:1393:13:void MX_USART6_UART_Init()	8	static
../Core/Src/main.cpp:1060:13:void MX_TIM4_Init()	40	static
../Core/Src/main.cpp:701:13:void MX_ADC3_Init()	40	static
../Core/Src/main.cpp:1105:13:void MX_UART4_Init()	8	static
../Core/Src/main.cpp:1201:13:void MX_UART8_Init()	8	static
../Core/Src/main.cpp:1153:13:void MX_UART7_Init()	8	static
../Core/Src/main.cpp:962:13:void MX_SDMMC1_SD_Init()	8	static
../Core/Src/main.cpp:993:13:void MX_TIM3_Init()	64	static
../Core/Src/main.cpp:530:6:void SystemClock_Config()	128	static
../Core/Src/main.cpp:597:6:void PeriphCommonClock_Config()	200	static
c:\st\stm32cubeide_1.10.1\stm32cubeide\plugins\com.st.stm32cube.ide.mcu.externaltools.gnu-tools-for-stm32.10.3-2021.10.win32_1.0.0.202111181127\tools\arm-none-eabi\include\c++\10.3.1\bits\stl_vector.h:333:7:std::_Vector_base<_Tp, _Alloc>::~_Vector_base() [with _Tp = unsigned char; _Alloc = std::allocator<unsigned char>]	8	static
c:\st\stm32cubeide_1.10.1\stm32cubeide\plugins\com.st.stm32cube.ide.mcu.externaltools.gnu-tools-for-stm32.10.3-2021.10.win32_1.0.0.202111181127\tools\arm-none-eabi\include\c++\10.3.1\bits\stl_vector.h:1577:2:void std::vector<_Tp, _Alloc>::_M_range_initialize(_ForwardIterator, _ForwardIterator, std::forward_iterator_tag) [with _ForwardIterator = const unsigned char*; _Tp = unsigned char; _Alloc = std::allocator<unsigned char>]	24	static
c:\st\stm32cubeide_1.10.1\stm32cubeide\plugins\com.st.stm32cube.ide.mcu.externaltools.gnu-tools-for-stm32.10.3-2021.10.win32_1.0.0.202111181127\tools\arm-none-eabi\include\c++\10.3.1\bits\vector.tcc:395:7:void std::vector<_Tp, _Alloc>::_M_insert_aux(std::vector<_Tp, _Alloc>::iterator, _Arg&&) [with _Arg = unsigned char; _Tp = unsigned char; _Alloc = std::allocator<unsigned char>]	16	static
c:\st\stm32cubeide_1.10.1\stm32cubeide\plugins\com.st.stm32cube.ide.mcu.externaltools.gnu-tools-for-stm32.10.3-2021.10.win32_1.0.0.202111181127\tools\arm-none-eabi\include\c++\10.3.1\bits\vector.tcc:426:7:) [with _Args = {const unsigned char&}; _Tp = unsigned char; _Alloc = std::allocator<unsigned char>]	48	static
c:\st\stm32cubeide_1.10.1\stm32cubeide\plugins\com.st.stm32cube.ide.mcu.externaltools.gnu-tools-for-stm32.10.3-2021.10.win32_1.0.0.202111181127\tools\arm-none-eabi\include\c++\10.3.1\bits\vector.tcc:130:5:std::vector<_Tp, _Alloc>::iterator std::vector<_Tp, _Alloc>::insert(std::vector<_Tp, _Alloc>::const_iterator, const value_type&) [with _Tp = unsigned char; _Alloc = std::allocator<unsigned char>]	24	static
c:\st\stm32cubeide_1.10.1\stm32cubeide\plugins\com.st.stm32cube.ide.mcu.externaltools.gnu-tools-for-stm32.10.3-2021.10.win32_1.0.0.202111181127\tools\arm-none-eabi\include\c++\10.3.1\bits\vector.tcc:426:7:) [with _Args = {__UART_HandleTypeDef* const&}; _Tp = __UART_HandleTypeDef*; _Alloc = std::allocator<__UART_HandleTypeDef*>]	48	static
D:/Code/Envirobot2_0_STM32_Head/Src/Protocols/Communication/Core/TemplateCommunicationProtocol.hpp:27:6:void TemplateCommunicationProtocol<H>::AddInterface(uint8_t, H*) [with H = __UART_HandleTypeDef]	16	static
../Core/Src/main.cpp:263:5:int main()	248	static
c:\st\stm32cubeide_1.10.1\stm32cubeide\plugins\com.st.stm32cube.ide.mcu.externaltools.gnu-tools-for-stm32.10.3-2021.10.win32_1.0.0.202111181127\tools\arm-none-eabi\include\c++\10.3.1\bits\stl_iterator.h:1225:5:_Iterator std::__niter_base(__gnu_cxx::__normal_iterator<_Iterator, _Container>) [with _Iterator = unsigned char*; _Container = std::vector<unsigned char>]	0	static
c:\st\stm32cubeide_1.10.1\stm32cubeide\plugins\com.st.stm32cube.ide.mcu.externaltools.gnu-tools-for-stm32.10.3-2021.10.win32_1.0.0.202111181127\tools\arm-none-eabi\include\c++\10.3.1\bits\stl_iterator.h:1225:5:_Iterator std::__niter_base(__gnu_cxx::__normal_iterator<_Iterator, _Container>) [with _Iterator = const unsigned char*; _Container = std::vector<unsigned char>]	0	static
../Core/Src/main.cpp:214:6:void HAL_FDCAN_RxFifo0Callback(FDCAN_HandleTypeDef*, uint32_t)	160	static
c:\st\stm32cubeide_1.10.1\stm32cubeide\plugins\com.st.stm32cube.ide.mcu.externaltools.gnu-tools-for-stm32.10.3-2021.10.win32_1.0.0.202111181127\tools\arm-none-eabi\include\c++\10.3.1\bits\stl_iterator.h:2291:5:base())) std::__miter_base(std::move_iterator<_IteratorL>) [with _Iterator = unsigned char*]	0	static
c:\st\stm32cubeide_1.10.1\stm32cubeide\plugins\com.st.stm32cube.ide.mcu.externaltools.gnu-tools-for-stm32.10.3-2021.10.win32_1.0.0.202111181127\tools\arm-none-eabi\include\c++\10.3.1\bits\vector.tcc:721:7:void std::vector<_Tp, _Alloc>::_M_range_insert(std::vector<_Tp, _Alloc>::iterator, _ForwardIterator, _ForwardIterator, std::forward_iterator_tag) [with _ForwardIterator = __gnu_cxx::__normal_iterator<unsigned char*, std::vector<unsigned char> >; _Tp = unsigned char; _Alloc = std::allocator<unsigned char>]	56	static
../Core/Src/main.cpp:171:6:void HAL_UARTEx_RxEventCallback(UART_HandleTypeDef*, uint16_t)	128	static
D:/Code/Envirobot2_0_STM32_Head/Src/LEDS/LEDS.hpp:61:7:LEDS::~LEDS()	24	static
D:/Code/Envirobot2_0_STM32_Head/Src/Registers/Registers.hpp:59:7:Registers::~Registers()	8	static
c:\st\stm32cubeide_1.10.1\stm32cubeide\plugins\com.st.stm32cube.ide.mcu.externaltools.gnu-tools-for-stm32.10.3-2021.10.win32_1.0.0.202111181127\tools\arm-none-eabi\include\c++\10.3.1\bits\stl_vector.h:678:7:std::vector<_Tp, _Alloc>::~vector() [with _Tp = I2CInterface; _Alloc = std::allocator<I2CInterface>]	56	static
../Core/Src/main.cpp:1815:1:void __static_initialization_and_destruction_0(int, int)	64	static
c:\st\stm32cubeide_1.10.1\stm32cubeide\plugins\com.st.stm32cube.ide.mcu.externaltools.gnu-tools-for-stm32.10.3-2021.10.win32_1.0.0.202111181127\tools\arm-none-eabi\include\c++\10.3.1\bits\vector.tcc:426:7:) [with _Args = {FDCAN_HandleTypeDef* const&}; _Tp = FDCAN_HandleTypeDef*; _Alloc = std::allocator<FDCAN_HandleTypeDef*>]	48	static
D:/Code/Envirobot2_0_STM32_Head/Src/Protocols/Communication/Core/TemplateCommunicationProtocol.hpp:27:6:void TemplateCommunicationProtocol<H>::AddInterface(uint8_t, H*) [with H = FDCAN_HandleTypeDef]	16	static
../Core/Src/main.cpp:1815:1:cpp)	8	static
../Core/Src/main.cpp:1815:1:cpp)	8	static
