../Core/Src/stm32h7xx_hal_msp.c:96:6:HAL_MspInit	16	static
../Core/Src/stm32h7xx_hal_msp.c:119:6:HAL_ADC_MspInit	40	static
../Core/Src/stm32h7xx_hal_msp.c:163:6:HAL_ADC_MspDeInit	8	static
../Core/Src/stm32h7xx_hal_msp.c:204:6:HAL_FDCAN_MspInit	48	static
../Core/Src/stm32h7xx_hal_msp.c:276:6:HAL_FDCAN_MspDeInit	8	static
../Core/Src/stm32h7xx_hal_msp.c:333:6:HAL_I2C_MspInit	240	static
../Core/Src/stm32h7xx_hal_msp.c:453:6:HAL_I2C_MspDeInit	16	static
../Core/Src/stm32h7xx_hal_msp.c:510:6:HAL_SD_MspInit	256	static
../Core/Src/stm32h7xx_hal_msp.c:579:6:HAL_SD_MspDeInit	8	static
../Core/Src/stm32h7xx_hal_msp.c:617:6:HAL_TIM_Base_MspInit	16	static
../Core/Src/stm32h7xx_hal_msp.c:647:6:HAL_TIM_MspPostInit	40	static
../Core/Src/stm32h7xx_hal_msp.c:689:6:HAL_TIM_Base_MspDeInit	8	static
../Core/Src/stm32h7xx_hal_msp.c:725:6:HAL_UART_MspInit	296	static
../Core/Src/stm32h7xx_hal_msp.c:1267:6:HAL_UART_MspDeInit	8	static
