../Src/Registers/Registers.cpp:165:3:static bool Registers::AddBaseRegisters()::<lambda(void*, uint16_t, uint32_t**, uint16_t*)>::_FUN(void*, uint16_t, uint32_t**, uint16_t*)	16	static
../Src/Registers/Registers.cpp:10:1:Registers::Registers()	20	static
../Src/Registers/Registers.cpp:54:6:void Registers::Init()	8	static
../Src/Registers/Registers.cpp:178:24:RegisterConfiguration* Registers::FindRegisterConfiguration(uint16_t, bool*)	4	static
../Src/Registers/Registers.cpp:173:10:Register Registers::FindRegister(uint16_t, bool*)	8	static
../Src/Registers/Registers.cpp:190:6:bool Registers::AddRegisterSemaphore(uint16_t, void**)	24	static
../Src/Registers/Registers.cpp:204:6:bool Registers::GroupRegisterCallbacks(uint16_t, uint16_t)	24	static
../Src/Registers/Registers.cpp:227:6:bool Registers::SetRegisterAsSingle(uint16_t)	24	static
../Src/Registers/Registers.cpp:242:6:bool Registers::SetRegisterAsArray(uint16_t, uint16_t)	24	static
../Src/Registers/Registers.cpp:257:6:bool Registers::SetRegisterAsVector(uint16_t)	8	static
../Src/Registers/Registers.cpp:261:6:bool Registers::SetRegisterPermissions(uint16_t, uint8_t)	24	static
../Src/Registers/Registers.cpp:276:6:bool Registers::IsRegistered(uint16_t)	24	static
../Src/Registers/Registers.cpp:284:9:uint8_t Registers::GetTypeSize(uint8_t)	0	static
D:/Code/Envirobot2_0_STM32_Head/Src/Registers/Registers.hpp:199:9:uint8_t Registers::GetTypeID(bool*) [with T = long unsigned int]	8	static
c:\st\stm32cubeide_1.10.1\stm32cubeide\plugins\com.st.stm32cube.ide.mcu.externaltools.gnu-tools-for-stm32.10.3-2021.10.win32_1.0.0.202111181127\tools\arm-none-eabi\include\c++\10.3.1\bits\vector.tcc:426:7:) [with _Args = {const RegisterConfiguration&}; _Tp = RegisterConfiguration; _Alloc = std::allocator<RegisterConfiguration>]	48	static
D:/Code/Envirobot2_0_STM32_Head/Src/Registers/Registers.hpp:162:6:bool Registers::AddRegister(uint16_t) [with T = long unsigned int]	64	static
c:\st\stm32cubeide_1.10.1\stm32cubeide\plugins\com.st.stm32cube.ide.mcu.externaltools.gnu-tools-for-stm32.10.3-2021.10.win32_1.0.0.202111181127\tools\arm-none-eabi\include\c++\10.3.1\bits\vector.tcc:426:7:) [with _Args = {const RegisterCallbacks<long unsigned int>&}; _Tp = RegisterCallbacks<long unsigned int>; _Alloc = std::allocator<RegisterCallbacks<long unsigned int> >]	48	static
D:/Code/Envirobot2_0_STM32_Head/Src/Registers/Registers.hpp:344:6:bool Registers::AddReadCallback(uint16_t, void*, bool (*)(void*, uint16_t, T**, uint16_t*)) [with T = long unsigned int]	48	static
../Src/Registers/Registers.cpp:161:6:void Registers::AddBaseRegisters()	8	static
