Archive member included to satisfy reference by file (symbol)

C:/ST/STM32CubeIDE_1.16.1/STM32CubeIDE/plugins/com.st.stm32cube.ide.mcu.externaltools.gnu-tools-for-stm32.12.3.rel1.win32_1.0.200.202406191623/tools/bin/../lib/gcc/arm-none-eabi/12.3.1/../../../../arm-none-eabi/lib/thumb/v7e-m+dp/hard\libstdc++_nano.a(class_type_info.o)
                              ./Src/Protocols/Communication/Core/CommunicationProtocol.o (vtable for __cxxabiv1::__class_type_info)
C:/ST/STM32CubeIDE_1.16.1/STM32CubeIDE/plugins/com.st.stm32cube.ide.mcu.externaltools.gnu-tools-for-stm32.12.3.rel1.win32_1.0.200.202406191623/tools/bin/../lib/gcc/arm-none-eabi/12.3.1/../../../../arm-none-eabi/lib/thumb/v7e-m+dp/hard\libstdc++_nano.a(del_ops.o)
                              ./Core/Src/main.o (operator delete(void*, unsigned int))
C:/ST/STM32CubeIDE_1.16.1/STM32CubeIDE/plugins/com.st.stm32cube.ide.mcu.externaltools.gnu-tools-for-stm32.12.3.rel1.win32_1.0.200.202406191623/tools/bin/../lib/gcc/arm-none-eabi/12.3.1/../../../../arm-none-eabi/lib/thumb/v7e-m+dp/hard\libstdc++_nano.a(fundamental_type_info.o)
                              ./Platform/PlatformSensors/PlatformSensors.o (typeinfo for double)
C:/ST/STM32CubeIDE_1.16.1/STM32CubeIDE/plugins/com.st.stm32cube.ide.mcu.externaltools.gnu-tools-for-stm32.12.3.rel1.win32_1.0.200.202406191623/tools/bin/../lib/gcc/arm-none-eabi/12.3.1/../../../../arm-none-eabi/lib/thumb/v7e-m+dp/hard\libstdc++_nano.a(guard.o)
                              ./User/User.o (__cxa_guard_acquire)
C:/ST/STM32CubeIDE_1.16.1/STM32CubeIDE/plugins/com.st.stm32cube.ide.mcu.externaltools.gnu-tools-for-stm32.12.3.rel1.win32_1.0.200.202406191623/tools/bin/../lib/gcc/arm-none-eabi/12.3.1/../../../../arm-none-eabi/lib/thumb/v7e-m+dp/hard\libstdc++_nano.a(new_op.o)
                              ./Core/Src/main.o (operator new(unsigned int))
C:/ST/STM32CubeIDE_1.16.1/STM32CubeIDE/plugins/com.st.stm32cube.ide.mcu.externaltools.gnu-tools-for-stm32.12.3.rel1.win32_1.0.200.202406191623/tools/bin/../lib/gcc/arm-none-eabi/12.3.1/../../../../arm-none-eabi/lib/thumb/v7e-m+dp/hard\libstdc++_nano.a(pointer_type_info.o)
                              C:/ST/STM32CubeIDE_1.16.1/STM32CubeIDE/plugins/com.st.stm32cube.ide.mcu.externaltools.gnu-tools-for-stm32.12.3.rel1.win32_1.0.200.202406191623/tools/bin/../lib/gcc/arm-none-eabi/12.3.1/../../../../arm-none-eabi/lib/thumb/v7e-m+dp/hard\libstdc++_nano.a(fundamental_type_info.o) (vtable for __cxxabiv1::__pointer_type_info)
C:/ST/STM32CubeIDE_1.16.1/STM32CubeIDE/plugins/com.st.stm32cube.ide.mcu.externaltools.gnu-tools-for-stm32.12.3.rel1.win32_1.0.200.202406191623/tools/bin/../lib/gcc/arm-none-eabi/12.3.1/../../../../arm-none-eabi/lib/thumb/v7e-m+dp/hard\libstdc++_nano.a(si_class_type_info.o)
                              ./Core/Src/main.o (vtable for __cxxabiv1::__si_class_type_info)
C:/ST/STM32CubeIDE_1.16.1/STM32CubeIDE/plugins/com.st.stm32cube.ide.mcu.externaltools.gnu-tools-for-stm32.12.3.rel1.win32_1.0.200.202406191623/tools/bin/../lib/gcc/arm-none-eabi/12.3.1/../../../../arm-none-eabi/lib/thumb/v7e-m+dp/hard\libstdc++_nano.a(tinfo.o)
                              C:/ST/STM32CubeIDE_1.16.1/STM32CubeIDE/plugins/com.st.stm32cube.ide.mcu.externaltools.gnu-tools-for-stm32.12.3.rel1.win32_1.0.200.202406191623/tools/bin/../lib/gcc/arm-none-eabi/12.3.1/../../../../arm-none-eabi/lib/thumb/v7e-m+dp/hard\libstdc++_nano.a(class_type_info.o) (std::type_info::~type_info())
C:/ST/STM32CubeIDE_1.16.1/STM32CubeIDE/plugins/com.st.stm32cube.ide.mcu.externaltools.gnu-tools-for-stm32.12.3.rel1.win32_1.0.200.202406191623/tools/bin/../lib/gcc/arm-none-eabi/12.3.1/../../../../arm-none-eabi/lib/thumb/v7e-m+dp/hard\libstdc++_nano.a(functexcept.o)
                              ./Core/Src/main.o (std::__throw_bad_alloc())
C:/ST/STM32CubeIDE_1.16.1/STM32CubeIDE/plugins/com.st.stm32cube.ide.mcu.externaltools.gnu-tools-for-stm32.12.3.rel1.win32_1.0.200.202406191623/tools/bin/../lib/gcc/arm-none-eabi/12.3.1/../../../../arm-none-eabi/lib/thumb/v7e-m+dp/hard\libstdc++_nano.a(del_op.o)
                              C:/ST/STM32CubeIDE_1.16.1/STM32CubeIDE/plugins/com.st.stm32cube.ide.mcu.externaltools.gnu-tools-for-stm32.12.3.rel1.win32_1.0.200.202406191623/tools/bin/../lib/gcc/arm-none-eabi/12.3.1/../../../../arm-none-eabi/lib/thumb/v7e-m+dp/hard\libstdc++_nano.a(del_ops.o) (operator delete(void*))
C:/ST/STM32CubeIDE_1.16.1/STM32CubeIDE/plugins/com.st.stm32cube.ide.mcu.externaltools.gnu-tools-for-stm32.12.3.rel1.win32_1.0.200.202406191623/tools/bin/../lib/gcc/arm-none-eabi/12.3.1/../../../../arm-none-eabi/lib/thumb/v7e-m+dp/hard\libstdc++_nano.a(new_handler.o)
                              C:/ST/STM32CubeIDE_1.16.1/STM32CubeIDE/plugins/com.st.stm32cube.ide.mcu.externaltools.gnu-tools-for-stm32.12.3.rel1.win32_1.0.200.202406191623/tools/bin/../lib/gcc/arm-none-eabi/12.3.1/../../../../arm-none-eabi/lib/thumb/v7e-m+dp/hard\libstdc++_nano.a(new_op.o) (std::get_new_handler())
[...]
Memory Configuration

Name             Origin             Length             Attributes
FLASH            0x08000000         0x00020000         xr
DTCMRAM          0x20000000         0x00020000         xrw
RAM_D1           0x24000000         0x00080000         xrw
RAM_D2           0x30000000         0x00048000         xrw
RAM_D3           0x38000000         0x00010000         xrw
ITCMRAM          0x00000000         0x00010000         xrw
*default*        0x00000000         0xffffffff

Linker script and memory map

LOAD C:/ST/STM32CubeIDE_1.16.1/STM32CubeIDE/plugins/com.st.stm32cube.ide.mcu.externaltools.gnu-tools-for-stm32.12.3.rel1.win32_1.0.200.202406191623/tools/bin/../lib/gcc/arm-none-eabi/12.3.1/thumb/v7e-m+dp/hard/crti.o
LOAD C:/ST/STM32CubeIDE_1.16.1/STM32CubeIDE/plugins/com.st.stm32cube.ide.mcu.externaltools.gnu-tools-for-stm32.12.3.rel1.win32_1.0.200.202406191623/tools/bin/../lib/gcc/arm-none-eabi/12.3.1/thumb/v7e-m+dp/hard/crtbegin.o
LOAD C:/ST/STM32CubeIDE_1.16.1/STM32CubeIDE/plugins/com.st.stm32cube.ide.mcu.externaltools.gnu-tools-for-stm32.12.3.rel1.win32_1.0.200.202406191623/tools/bin/../lib/gcc/arm-none-eabi/12.3.1/../../../../arm-none-eabi/lib/thumb/v7e-m+dp/hard/crt0.o
LOAD ./Core/Src/freertos.o
LOAD ./Core/Src/main.o
LOAD ./Core/Src/stm32h7xx_hal_msp.o
LOAD ./Core/Src/stm32h7xx_hal_timebase_tim.o
LOAD ./Core/Src/stm32h7xx_it.o
LOAD ./Core/Src/syscalls.o
LOAD ./Core/Src/sysmem.o
LOAD ./Core/Src/system_stm32h7xx.o
LOAD ./Core/Startup/startup_stm32h750vbtx.o
LOAD ./Drivers/STM32H7xx_HAL_Driver/Src/stm32h7xx_hal.o
LOAD ./Drivers/STM32H7xx_HAL_Driver/Src/stm32h7xx_hal_adc.o
LOAD ./Drivers/STM32H7xx_HAL_Driver/Src/stm32h7xx_hal_adc_ex.o
LOAD ./Drivers/STM32H7xx_HAL_Driver/Src/stm32h7xx_hal_cortex.o
LOAD ./Drivers/STM32H7xx_HAL_Driver/Src/stm32h7xx_hal_dma.o
LOAD ./Drivers/STM32H7xx_HAL_Driver/Src/stm32h7xx_hal_dma_ex.o
LOAD ./Drivers/STM32H7xx_HAL_Driver/Src/stm32h7xx_hal_exti.o
LOAD ./Drivers/STM32H7xx_HAL_Driver/Src/stm32h7xx_hal_fdcan.o
LOAD ./Drivers/STM32H7xx_HAL_Driver/Src/stm32h7xx_hal_flash.o
LOAD ./Drivers/STM32H7xx_HAL_Driver/Src/stm32h7xx_hal_flash_ex.o
LOAD ./Drivers/STM32H7xx_HAL_Driver/Src/stm32h7xx_hal_gpio.o
LOAD ./Drivers/STM32H7xx_HAL_Driver/Src/stm32h7xx_hal_hsem.o
LOAD ./Drivers/STM32H7xx_HAL_Driver/Src/stm32h7xx_hal_i2c.o
LOAD ./Drivers/STM32H7xx_HAL_Driver/Src/stm32h7xx_hal_i2c_ex.o
LOAD ./Drivers/STM32H7xx_HAL_Driver/Src/stm32h7xx_hal_mdma.o
LOAD ./Drivers/STM32H7xx_HAL_Driver/Src/stm32h7xx_hal_pwr.o
LOAD ./Drivers/STM32H7xx_HAL_Driver/Src/stm32h7xx_hal_pwr_ex.o
LOAD ./Drivers/STM32H7xx_HAL_Driver/Src/stm32h7xx_hal_rcc.o
LOAD ./Drivers/STM32H7xx_HAL_Driver/Src/stm32h7xx_hal_rcc_ex.o
LOAD ./Drivers/STM32H7xx_HAL_Driver/Src/stm32h7xx_hal_tim.o
LOAD ./Drivers/STM32H7xx_HAL_Driver/Src/stm32h7xx_hal_tim_ex.o
LOAD ./Drivers/STM32H7xx_HAL_Driver/Src/stm32h7xx_hal_uart.o
LOAD ./Drivers/STM32H7xx_HAL_Driver/Src/stm32h7xx_hal_uart_ex.o
LOAD ./Middlewares/Third_Party/FreeRTOS/Source/CMSIS_RTOS_V2/cmsis_os2.o
LOAD ./Middlewares/Third_Party/FreeRTOS/Source/croutine.o
LOAD ./Middlewares/Third_Party/FreeRTOS/Source/event_groups.o
LOAD ./Middlewares/Third_Party/FreeRTOS/Source/list.o
LOAD ./Middlewares/Third_Party/FreeRTOS/Source/queue.o
LOAD ./Middlewares/Third_Party/FreeRTOS/Source/stream_buffer.o
LOAD ./Middlewares/Third_Party/FreeRTOS/Source/tasks.o
LOAD ./Middlewares/Third_Party/FreeRTOS/Source/timers.o
LOAD ./Middlewares/Third_Party/FreeRTOS/Source/portable/GCC/ARM_CM4F/port.o
LOAD ./Middlewares/Third_Party/FreeRTOS/Source/portable/MemMang/heap_4.o
LOAD ./Platform/PlatformLEDs/PlatformLEDs.o
LOAD ./Platform/PlatformSensors/PlatformSensors.o
LOAD ./Src/Communication/Communication.o
LOAD ./Src/Controller/Controller.o
LOAD ./Src/HardwareDelay/HardwareDelay.o
LOAD ./Src/LEDs/LEDS.o
LOAD ./Src/Protocols/Communication/Core/CommunicationProtocol.o
LOAD ./Src/Protocols/Communication/FDCAN/CANProtocol.o
LOAD ./Src/Protocols/Communication/UART/UARTProtocol.o
LOAD ./Src/Publishers/Publishers.o
LOAD ./Src/Registers/Registers.o
LOAD ./Src/Sensors/Sensors.o
LOAD ./Src/Services/Services.o
LOAD ./Src/Servomotors/Servomotors.o
LOAD ./Src/Subscribers/Core/Subscriber.o
LOAD ./Src/Subscribers/Example/ExampleSubscriber.o
LOAD ./Src/Subscribers/MasterSubscribers.o
LOAD ./Src/Trajectory/TrajectoryGenerator.o
LOAD ./User/User.o
START GROUP
LOAD C:/ST/STM32CubeIDE_1.16.1/STM32CubeIDE/plugins/com.st.stm32cube.ide.mcu.externaltools.gnu-tools-for-stm32.12.3.rel1.win32_1.0.200.202406191623/tools/bin/../lib/gcc/arm-none-eabi/12.3.1/../../../../arm-none-eabi/lib/thumb/v7e-m+dp/hard\libstdc++_nano.a
LOAD C:/ST/STM32CubeIDE_1.16.1/STM32CubeIDE/plugins/com.st.stm32cube.ide.mcu.externaltools.gnu-tools-for-stm32.12.3.rel1.win32_1.0.200.202406191623/tools/bin/../lib/gcc/arm-none-eabi/12.3.1/../../../../arm-none-eabi/lib/thumb/v7e-m+dp/hard\libsupc++_nano.a
END GROUP
LOAD C:/ST/STM32CubeIDE_1.16.1/STM32CubeIDE/plugins/com.st.stm32cube.ide.mcu.externaltools.gnu-tools-for-stm32.12.3.rel1.win32_1.0.200.202406191623/tools/bin/../lib/gcc/arm-none-eabi/12.3.1/../../../../arm-none-eabi/lib/thumb/v7e-m+dp/hard\libstdc++_nano.a
LOAD C:/ST/STM32CubeIDE_1.16.1/STM32CubeIDE/plugins/com.st.stm32cube.ide.mcu.externaltools.gnu-tools-for-stm32.12.3.rel1.win32_1.0.200.202406191623/tools/bin/../lib/gcc/arm-none-eabi/12.3.1/../../../../arm-none-eabi/lib/thumb/v7e-m+dp/hard\libm.a
LOAD C:/ST/STM32CubeIDE_1.16.1/STM32CubeIDE/plugins/com.st.stm32cube.ide.mcu.externaltools.gnu-tools-for-stm32.12.3.rel1.win32_1.0.200.202406191623/tools/bin/../lib/gcc/arm-none-eabi/12.3.1/../../../../arm-none-eabi/lib/thumb/v7e-m+dp/hard\libc_nano.a
START GROUP
LOAD C:/ST/STM32CubeIDE_1.16.1/STM32CubeIDE/plugins/com.st.stm32cube.ide.mcu.externaltools.gnu-tools-for-stm32.12.3.rel1.win32_1.0.200.202406191623/tools/bin/../lib/gcc/arm-none-eabi/12.3.1/thumb/v7e-m+dp/hard\libgcc.a
LOAD C:/ST/STM32CubeIDE_1.16.1/STM32CubeIDE/plugins/com.st.stm32cube.ide.mcu.externaltools.gnu-tools-for-stm32.12.3.rel1.win32_1.0.200.202406191623/tools/bin/../lib/gcc/arm-none-eabi/12.3.1/../../../../arm-none-eabi/lib/thumb/v7e-m+dp/hard\libc_nano.a
END GROUP
START GROUP
LOAD C:/ST/STM32CubeIDE_1.16.1/STM32CubeIDE/plugins/com.st.stm32cube.ide.mcu.externaltools.gnu-tools-for-stm32.12.3.rel1.win32_1.0.200.202406191623/tools/bin/../lib/gcc/arm-none-eabi/12.3.1/thumb/v7e-m+dp/hard\libgcc.a
LOAD C:/ST/STM32CubeIDE_1.16.1/STM32CubeIDE/plugins/com.st.stm32cube.ide.mcu.externaltools.gnu-tools-for-stm32.12.3.rel1.win32_1.0.200.202406191623/tools/bin/../lib/gcc/arm-none-eabi/12.3.1/../../../../arm-none-eabi/lib/thumb/v7e-m+dp/hard\libc_nano.a
LOAD C:/ST/STM32CubeIDE_1.16.1/STM32CubeIDE/plugins/com.st.stm32cube.ide.mcu.externaltools.gnu-tools-for-stm32.12.3.rel1.win32_1.0.200.202406191623/tools/bin/../lib/gcc/arm-none-eabi/12.3.1/../../../../arm-none-eabi/lib/thumb/v7e-m+dp/hard\libnosys.a
END GROUP
START GROUP
LOAD C:/ST/STM32CubeIDE_1.16.1/STM32CubeIDE/plugins/com.st.stm32cube.ide.mcu.externaltools.gnu-tools-for-stm32.12.3.rel1.win32_1.0.200.202406191623/tools/bin/../lib/gcc/arm-none-eabi/12.3.1/thumb/v7e-m+dp/hard\libgcc.a
LOAD C:/ST/STM32CubeIDE_1.16.1/STM32CubeIDE/plugins/com.st.stm32cube.ide.mcu.externaltools.gnu-tools-for-stm32.12.3.rel1.win32_1.0.200.202406191623/tools/bin/../lib/gcc/arm-none-eabi/12.3.1/../../../../arm-none-eabi/lib/thumb/v7e-m+dp/hard\libc_nano.a
LOAD C:/ST/STM32CubeIDE_1.16.1/STM32CubeIDE/plugins/com.st.stm32cube.ide.mcu.externaltools.gnu-tools-for-stm32.12.3.rel1.win32_1.0.200.202406191623/tools/bin/../lib/gcc/arm-none-eabi/12.3.1/../../../../arm-none-eabi/lib/thumb/v7e-m+dp/hard\libnosys.a
END GROUP
LOAD C:/ST/STM32CubeIDE_1.16.1/STM32CubeIDE/plugins/com.st.stm32cube.ide.mcu.externaltools.gnu-tools-for-stm32.12.3.rel1.win32_1.0.200.202406191623/tools/bin/../lib/gcc/arm-none-eabi/12.3.1/thumb/v7e-m+dp/hard/crtend.o
LOAD C:/ST/STM32CubeIDE_1.16.1/STM32CubeIDE/plugins/com.st.stm32cube.ide.mcu.externaltools.gnu-tools-for-stm32.12.3.rel1.win32_1.0.200.202406191623/tools/bin/../lib/gcc/arm-none-eabi/12.3.1/thumb/v7e-m+dp/hard/crtn.o
                0x24080000                        _estack = (ORIGIN (RAM_D1) + LENGTH (RAM_D1))
                0x00000200                        _Min_Heap_Size = 0x200
                0x00000400                        _Min_Stack_Size = 0x400

.isr_vector     0x08000000      0x298
                0x08000000                        . = ALIGN (0x4)
 *(.isr_vector)
 .isr_vector    0x08000000      0x298 ./Core/Startup/startup_stm32h750vbtx.o
                0x08000000                g_pfnVectors
                0x08000298                        . = ALIGN (0x4)

.text           0x080002a0    0x1b88c
                0x080002a0                        . = ALIGN (0x4)
 *(.text)
 .text          0x080002a0       0x40 C:/ST/STM32CubeIDE_1.16.1/STM32CubeIDE/plugins/com.st.stm32cube.ide.mcu.externaltools.gnu-tools-for-stm32.12.3.rel1.win32_1.0.200.202406191623/tools/bin/../lib/gcc/arm-none-eabi/12.3.1/thumb/v7e-m+dp/hard/crtbegin.o
 .text          0x080002e0       0x14 C:/ST/STM32CubeIDE_1.16.1/STM32CubeIDE/plugins/com.st.stm32cube.ide.mcu.externaltools.gnu-tools-for-stm32.12.3.rel1.win32_1.0.200.202406191623/tools/bin/../lib/gcc/arm-none-eabi/12.3.1/../../../../arm-none-eabi/lib/thumb/v7e-m+dp/hard\libc_nano.a(libc_a-strcmp.o)
                0x080002e0                strcmp
 .text          0x080002f4      0x21c C:/ST/STM32CubeIDE_1.16.1/STM32CubeIDE/plugins/com.st.stm32cube.ide.mcu.externaltools.gnu-tools-for-stm32.12.3.rel1.win32_1.0.200.202406191623/tools/bin/../lib/gcc/arm-none-eabi/12.3.1/thumb/v7e-m+dp/hard\libgcc.a(_arm_addsubsf3.o)
                0x080002f4                __aeabi_frsub
                0x080002fc                __subsf3
                0x080002fc                __aeabi_fsub
                0x08000300                __aeabi_fadd
                0x08000300                __addsf3
                0x08000460                __aeabi_ui2f
                0x08000460                __floatunsisf
                0x08000468                __aeabi_i2f
                0x08000468                __floatsisf
                0x08000484                __aeabi_ul2f
                0x08000484                __floatundisf
                0x08000494                __aeabi_l2f
                0x08000494                __floatdisf
 .text          0x08000510       0x30 C:/ST/STM32CubeIDE_1.16.1/STM32CubeIDE/plugins/com.st.stm32cube.ide.mcu.externaltools.gnu-tools-for-stm32.12.3.rel1.win32_1.0.200.202406191623/tools/bin/../lib/gcc/arm-none-eabi/12.3.1/thumb/v7e-m+dp/hard\libgcc.a(_aeabi_uldivmod.o)
                0x08000510                __aeabi_uldivmod
 .text          0x08000540      0x2bc C:/ST/STM32CubeIDE_1.16.1/STM32CubeIDE/plugins/com.st.stm32cube.ide.mcu.externaltools.gnu-tools-for-stm32.12.3.rel1.win32_1.0.200.202406191623/tools/bin/../lib/gcc/arm-none-eabi/12.3.1/thumb/v7e-m+dp/hard\libgcc.a(_udivmoddi4.o)
                0x08000540                __udivmoddi4
 .text          0x080007fc        0x4 C:/ST/STM32CubeIDE_1.16.1/STM32CubeIDE/plugins/com.st.stm32cube.ide.mcu.externaltools.gnu-tools-for-stm32.12.3.rel1.win32_1.0.200.202406191623/tools/bin/../lib/gcc/arm-none-eabi/12.3.1/thumb/v7e-m+dp/hard\libgcc.a(_dvmd_tls.o)
                0x080007fc                __aeabi_idiv0
                0x080007fc                __aeabi_ldiv0
 *(.text*)
 .text._Z11ControlTaskPv
                0x08000800       0x10 ./Core/Src/main.o
                0x08000800                ControlTask(void*)
 .text._Z11SensorsTaskPv
                0x08000810       0x10 ./Core/Src/main.o
                0x08000810                SensorsTask(void*)
 .text._Z17CommunicationTaskPv
                0x08000820       0x10 ./Core/Src/main.o
                0x08000820                CommunicationTask(void*)
 .text._Z8LEDsTaskPv
                0x08000830       0x10 ./Core/Src/main.o
                0x08000830                LEDsTask(void*)
 .text._ZN29TemplateCommunicationProtocolI20__UART_HandleTypeDefE5GetIDEPvPb
                0x08000840       0x2c ./Core/Src/main.o
                0x08000840                TemplateCommunicationProtocol<__UART_HandleTypeDef>::GetID(void*, bool*)
 .text._ZN29TemplateCommunicationProtocolI19FDCAN_HandleTypeDefE5GetIDEPvPb
                0x0800086c       0x2c ./Core/Src/main.o
                0x0800086c                TemplateCommunicationProtocol<FDCAN_HandleTypeDef>::GetID(void*, bool*)
 .text._ZNSt12_Vector_baseIP20__UART_HandleTypeDefSaIS1_EE13_M_deallocateEPS1_j.part.0
                0x08000898        0x6 ./Core/Src/main.o
 .text._ZNSt12_Vector_baseI6RGBLEDSaIS0_EE13_M_deallocateEPS0_j.part.0
                0x0800089e        0x6 ./Core/Src/main.o
 .text._ZNSt12_Vector_baseIhSaIhEE11_M_allocateEj.isra.0
                0x080008a4       0x16 ./Core/Src/main.o
 *fill*         0x080008ba        0x2 
 .text.HAL_UART_ErrorCallback
                0x080008bc       0x38 ./Core/Src/main.o
                0x080008bc                HAL_UART_ErrorCallback
 .text.HAL_FDCAN_ErrorCallback
                0x080008f4       0x28 ./Core/Src/main.o
                0x080008f4                HAL_FDCAN_ErrorCallback
 .text.HAL_I2C_MasterTxCpltCallback
                0x0800091c        0xc ./Core/Src/main.o
                0x0800091c                HAL_I2C_MasterTxCpltCallback
 .text.HAL_I2C_MemRxCpltCallback
                0x08000928        0x4 ./Core/Src/main.o
                0x08000928                HAL_I2C_MemRxCpltCallback
 .text.HAL_I2C_MasterRxCpltCallback
                0x0800092c        0x4 ./Core/Src/main.o
                0x0800092c                HAL_I2C_MasterRxCpltCallback
 .text.HAL_GPIO_EXTI_Callback
                0x08000930       0x10 ./Core/Src/main.o
                0x08000930                HAL_GPIO_EXTI_Callback
 .text._Z18SystemClock_Configv
                0x08000940      0x114 ./Core/Src/main.o
                0x08000940                SystemClock_Config()
 .text._Z24PeriphCommonClock_Configv
                0x08000a54       0x58 ./Core/Src/main.o
                0x08000a54                PeriphCommonClock_Config()
 .text.HAL_TIM_PeriodElapsedCallback
                0x08000aac       0x30 ./Core/Src/main.o
                0x08000aac                HAL_TIM_PeriodElapsedCallback
 .text.Error_Handler
                0x08000adc        0x4 ./Core/Src/main.o
                0x08000adc                Error_Handler
 .text._ZNSt12_Vector_baseIhSaIhEED2Ev
                0x08000ae0       0x14 ./Core/Src/main.o
                0x08000ae0                std::_Vector_base<unsigned char, std::allocator<unsigned char> >::~_Vector_base()
                0x08000ae0                std::_Vector_base<unsigned char, std::allocator<unsigned char> >::~_Vector_base()
 .text._ZNSt6vectorIhSaIhEEaSEOS1_.isra.0
                0x08000af4       0x2e ./Core/Src/main.o
 .text._ZNKSt6vectorIhSaIhEE12_M_check_lenEjPKc
                0x08000b22       0x32 ./Core/Src/main.o
                0x08000b22                std::vector<unsigned char, std::allocator<unsigned char> >::_M_check_len(unsigned int, char const*) const
 .text._ZNSt6vectorIP20__UART_HandleTypeDefSaIS1_EE17_M_realloc_insertIJRKS1_EEEvN9__gnu_cxx17__normal_iteratorIPS1_S3_EEDpOT_
                0x08000b54       0xa4 ./Core/Src/main.o
                0x08000b54                void std::vector<__UART_HandleTypeDef*, std::allocator<__UART_HandleTypeDef*> >::_M_realloc_insert<__UART_HandleTypeDef* const&>(__gnu_cxx::__normal_iterator<__UART_HandleTypeDef**, std::vector<__UART_HandleTypeDef*, std::allocator<__UART_HandleTypeDef*> > >, __UART_HandleTypeDef* const&)
 .text._ZN29TemplateCommunicationProtocolI20__UART_HandleTypeDefE12AddInterfaceEhPS0_
                0x08000bf8       0x30 ./Core/Src/main.o
                0x08000bf8                TemplateCommunicationProtocol<__UART_HandleTypeDef>::AddInterface(unsigned char, __UART_HandleTypeDef*)
 .text._ZNSt11__copy_moveILb0ELb1ESt26random_access_iterator_tagE8__copy_mIhEEPT_PKS3_S6_S4_
                0x08000c28       0x18 ./Core/Src/main.o
                0x08000c28                unsigned char* std::__copy_move<false, true, std::random_access_iterator_tag>::__copy_m<unsigned char>(unsigned char const*, unsigned char const*, unsigned char*)
 .text._ZNSt6vectorIhSaIhEEC2ERKS1_
                0x08000c40       0x32 ./Core/Src/main.o
                0x08000c40                std::vector<unsigned char, std::allocator<unsigned char> >::vector(std::vector<unsigned char, std::allocator<unsigned char> > const&)
                0x08000c40                std::vector<unsigned char, std::allocator<unsigned char> >::vector(std::vector<unsigned char, std::allocator<unsigned char> > const&)
 *fill*         0x08000c72        0x2 
 .text.HAL_FDCAN_RxFifo0Callback
                0x08000c74       0xd8 ./Core/Src/main.o
                0x08000c74                HAL_FDCAN_RxFifo0Callback
 .text._ZNSt6vectorIhSaIhEEC2IN9__gnu_cxx17__normal_iteratorIPhS1_EEvEET_S7_RKS0_
                0x08000d4c       0x3c ./Core/Src/main.o
                0x08000d4c                std::vector<unsigned char, std::allocator<unsigned char> >::vector<__gnu_cxx::__normal_iterator<unsigned char*, std::vector<unsigned char, std::allocator<unsigned char> > >, void>(__gnu_cxx::__normal_iterator<unsigned char*, std::vector<unsigned char, std::allocator<unsigned char> > >, __gnu_cxx::__normal_iterator<unsigned char*, std::vector<unsigned char, std::allocator<unsigned char> > >, std::allocator<unsigned char> const&)
                0x08000d4c                std::vector<unsigned char, std::allocator<unsigned char> >::vector<__gnu_cxx::__normal_iterator<unsigned char*, std::vector<unsigned char, std::allocator<unsigned char> > >, void>(__gnu_cxx::__normal_iterator<unsigned char*, std::vector<unsigned char, std::allocator<unsigned char> > >, __gnu_cxx::__normal_iterator<unsigned char*, std::vector<unsigned char, std::allocator<unsigned char> > >, std::allocator<unsigned char> const&)
 .text._ZNSt6vectorIhSaIhEEC2ESt16initializer_listIhERKS0_
                0x08000d88       0x44 ./Core/Src/main.o
                0x08000d88                std::vector<unsigned char, std::allocator<unsigned char> >::vector(std::initializer_list<unsigned char>, std::allocator<unsigned char> const&)
                0x08000d88                std::vector<unsigned char, std::allocator<unsigned char> >::vector(std::initializer_list<unsigned char>, std::allocator<unsigned char> const&)
 .text.startup.main
                0x08000dcc      0xe68 ./Core/Src/main.o
                0x08000dcc                main
 .text._ZNSt11__copy_moveILb1ELb1ESt26random_access_iterator_tagE8__copy_mIhEEPT_PKS3_S6_S4_
                0x08001c34       0x18 ./Core/Src/main.o
                0x08001c34                unsigned char* std::__copy_move<true, true, std::random_access_iterator_tag>::__copy_m<unsigned char>(unsigned char const*, unsigned char const*, unsigned char*)
 .text.HAL_UARTEx_RxEventCallback
                0x08001c4c      0x164 ./Core/Src/main.o
                0x08001c4c                HAL_UARTEx_RxEventCallback
 .text._ZN23ControllerConfigurationD2Ev
                0x08001db0       0x24 ./Core/Src/main.o
                0x08001db0                ControllerConfiguration::~ControllerConfiguration()
                0x08001db0                ControllerConfiguration::~ControllerConfiguration()
 .text._ZN4LEDSD2Ev
                0x08001dd4       0x50 ./Core/Src/main.o
                0x08001dd4                LEDS::~LEDS()
                0x08001dd4                LEDS::~LEDS()
 .text._ZN13CommunicationD2Ev
                0x08001e24       0x3c ./Core/Src/main.o
                0x08001e24                Communication::~Communication()
                0x08001e24                Communication::~Communication()
 .text._ZN17MasterSubscribersD2Ev
                0x08001e60       0x4e ./Core/Src/main.o
                0x08001e60                MasterSubscribers::~MasterSubscribers()
                0x08001e60                MasterSubscribers::~MasterSubscribers()
 .text._ZN9RegistersD2Ev
                0x08001eae       0x8e ./Core/Src/main.o
                0x08001eae                Registers::~Registers()
                0x08001eae                Registers::~Registers()
 .text._ZNSt6vectorI9PublisherSaIS0_EED2Ev
                0x08001f3c       0x3a ./Core/Src/main.o
                0x08001f3c                std::vector<Publisher, std::allocator<Publisher> >::~vector()
                0x08001f3c                std::vector<Publisher, std::allocator<Publisher> >::~vector()
 .text._ZNSt6vectorIS_IhSaIhEESaIS1_EED2Ev
                0x08001f76       0x26 ./Core/Src/main.o
                0x08001f76                std::vector<std::vector<unsigned char, std::allocator<unsigned char> >, std::allocator<std::vector<unsigned char, std::allocator<unsigned char> > > >::~vector()
                0x08001f76                std::vector<std::vector<unsigned char, std::allocator<unsigned char> >, std::allocator<std::vector<unsigned char, std::allocator<unsigned char> > > >::~vector()
 .text._ZNSt12_Vector_baseIfSaIfEED2Ev
                0x08001f9c       0x16 ./Core/Src/main.o
                0x08001f9c                std::_Vector_base<float, std::allocator<float> >::~_Vector_base()
                0x08001f9c                std::_Vector_base<float, std::allocator<float> >::~_Vector_base()
 .text._ZNSt12_Vector_baseItSaItEED2Ev
                0x08001fb2       0x14 ./Core/Src/main.o
                0x08001fb2                std::_Vector_base<unsigned short, std::allocator<unsigned short> >::~_Vector_base()
                0x08001fb2                std::_Vector_base<unsigned short, std::allocator<unsigned short> >::~_Vector_base()
 *fill*         0x08001fc6        0x2 
 .text._ZN21CommunicationProtocolD2Ev
                0x08001fc8       0x2c ./Core/Src/main.o
                0x08001fc8                CommunicationProtocol::~CommunicationProtocol()
                0x08001fc8                CommunicationProtocol::~CommunicationProtocol()
 .text._ZNSt12_Vector_baseI9I2CAccessSaIS0_EED2Ev
                0x08001ff4       0x14 ./Core/Src/main.o
                0x08001ff4                std::_Vector_base<I2CAccess, std::allocator<I2CAccess> >::~_Vector_base()
                0x08001ff4                std::_Vector_base<I2CAccess, std::allocator<I2CAccess> >::~_Vector_base()
 .text._ZNSt12_Destroy_auxILb0EE9__destroyIP11SensorGroupEEvT_S4_
                0x08002008       0x4c ./Core/Src/main.o
                0x08002008                void std::_Destroy_aux<false>::__destroy<SensorGroup*>(SensorGroup*, SensorGroup*)
 .text._ZNSt12_Destroy_auxILb0EE9__destroyIP12I2CInterfaceEEvT_S4_
                0x08002054       0x52 ./Core/Src/main.o
                0x08002054                void std::_Destroy_aux<false>::__destroy<I2CInterface*>(I2CInterface*, I2CInterface*)
 .text._ZN7SensorsD2Ev
                0x080020a6       0x62 ./Core/Src/main.o
                0x080020a6                Sensors::~Sensors()
                0x080020a6                Sensors::~Sensors()
 .text._ZNSt6vectorIP19FDCAN_HandleTypeDefSaIS1_EE17_M_realloc_insertIJRKS1_EEEvN9__gnu_cxx17__normal_iteratorIPS1_S3_EEDpOT_
                0x08002108       0xa4 ./Core/Src/main.o
                0x08002108                void std::vector<FDCAN_HandleTypeDef*, std::allocator<FDCAN_HandleTypeDef*> >::_M_realloc_insert<FDCAN_HandleTypeDef* const&>(__gnu_cxx::__normal_iterator<FDCAN_HandleTypeDef**, std::vector<FDCAN_HandleTypeDef*, std::allocator<FDCAN_HandleTypeDef*> > >, FDCAN_HandleTypeDef* const&)
 .text._ZN29TemplateCommunicationProtocolI19FDCAN_HandleTypeDefE12AddInterfaceEhPS0_
                0x080021ac       0x30 ./Core/Src/main.o
                0x080021ac                TemplateCommunicationProtocol<FDCAN_HandleTypeDef>::AddInterface(unsigned char, FDCAN_HandleTypeDef*)
 .text.startup._GLOBAL__sub_I_hadc1
                0x080021dc      0x140 ./Core/Src/main.o
 .text.exit._GLOBAL__sub_D_hadc1
                0x0800231c       0xf4 ./Core/Src/main.o
 .text.HAL_MspInit
                0x08002410       0x30 ./Core/Src/stm32h7xx_hal_msp.o
                0x08002410                HAL_MspInit
 .text.HAL_ADC_MspInit
                0x08002440      0x100 ./Core/Src/stm32h7xx_hal_msp.o
                0x08002440                HAL_ADC_MspInit
 .text.HAL_FDCAN_MspInit
                0x08002540      0x10c ./Core/Src/stm32h7xx_hal_msp.o
                0x08002540                HAL_FDCAN_MspInit
 .text.HAL_I2C_MspInit
                0x0800264c      0x2d8 ./Core/Src/stm32h7xx_hal_msp.o
                0x0800264c                HAL_I2C_MspInit
 .text.HAL_TIM_Base_MspInit
                0x08002924       0x94 ./Core/Src/stm32h7xx_hal_msp.o
                0x08002924                HAL_TIM_Base_MspInit
 .text.HAL_TIM_Encoder_MspInit
                0x080029b8       0x6c ./Core/Src/stm32h7xx_hal_msp.o
                0x080029b8                HAL_TIM_Encoder_MspInit
 .text.HAL_TIM_MspPostInit
                0x08002a24       0x90 ./Core/Src/stm32h7xx_hal_msp.o
                0x08002a24                HAL_TIM_MspPostInit
 .text.HAL_UART_MspInit
                0x08002ab4      0x52c ./Core/Src/stm32h7xx_hal_msp.o
                0x08002ab4                HAL_UART_MspInit
 .text.HAL_InitTick
                0x08002fe0       0x98 ./Core/Src/stm32h7xx_hal_timebase_tim.o
                0x08002fe0                HAL_InitTick
 .text.NMI_Handler
                0x08003078        0x2 ./Core/Src/stm32h7xx_it.o
                0x08003078                NMI_Handler
 .text.HardFault_Handler
                0x0800307a        0x2 ./Core/Src/stm32h7xx_it.o
                0x0800307a                HardFault_Handler
 .text.MemManage_Handler
                0x0800307c        0x2 ./Core/Src/stm32h7xx_it.o
                0x0800307c                MemManage_Handler
 .text.BusFault_Handler
                0x0800307e        0x2 ./Core/Src/stm32h7xx_it.o
                0x0800307e                BusFault_Handler
 .text.UsageFault_Handler
                0x08003080        0x2 ./Core/Src/stm32h7xx_it.o
                0x08003080                UsageFault_Handler
 .text.DebugMon_Handler
                0x08003082        0x2 ./Core/Src/stm32h7xx_it.o
                0x08003082                DebugMon_Handler
 .text.EXTI3_IRQHandler
                0x08003084        0x6 ./Core/Src/stm32h7xx_it.o
                0x08003084                EXTI3_IRQHandler
 *fill*         0x0800308a        0x2 
 .text.DMA1_Stream0_IRQHandler
                0x0800308c        0xc ./Core/Src/stm32h7xx_it.o
                0x0800308c                DMA1_Stream0_IRQHandler
 .text.DMA1_Stream1_IRQHandler
                0x08003098        0xc ./Core/Src/stm32h7xx_it.o
                0x08003098                DMA1_Stream1_IRQHandler
 .text.DMA1_Stream2_IRQHandler
                0x080030a4        0xc ./Core/Src/stm32h7xx_it.o
                0x080030a4                DMA1_Stream2_IRQHandler
 .text.DMA1_Stream3_IRQHandler
                0x080030b0        0xc ./Core/Src/stm32h7xx_it.o
                0x080030b0                DMA1_Stream3_IRQHandler
 .text.DMA1_Stream4_IRQHandler
                0x080030bc        0xc ./Core/Src/stm32h7xx_it.o
                0x080030bc                DMA1_Stream4_IRQHandler
 .text.DMA1_Stream5_IRQHandler
                0x080030c8        0xc ./Core/Src/stm32h7xx_it.o
                0x080030c8                DMA1_Stream5_IRQHandler
 .text.DMA1_Stream6_IRQHandler
                0x080030d4        0xc ./Core/Src/stm32h7xx_it.o
                0x080030d4                DMA1_Stream6_IRQHandler
 .text.FDCAN1_IT0_IRQHandler
                0x080030e0        0xc ./Core/Src/stm32h7xx_it.o
                0x080030e0                FDCAN1_IT0_IRQHandler
 .text.FDCAN2_IT0_IRQHandler
                0x080030ec        0xc ./Core/Src/stm32h7xx_it.o
                0x080030ec                FDCAN2_IT0_IRQHandler
 .text.TIM4_IRQHandler
                0x080030f8        0xc ./Core/Src/stm32h7xx_it.o
                0x080030f8                TIM4_IRQHandler
 .text.I2C1_EV_IRQHandler
                0x08003104        0xc ./Core/Src/stm32h7xx_it.o
                0x08003104                I2C1_EV_IRQHandler
 .text.I2C2_EV_IRQHandler
                0x08003110        0xc ./Core/Src/stm32h7xx_it.o
                0x08003110                I2C2_EV_IRQHandler
 .text.USART1_IRQHandler
                0x0800311c       0x14 ./Core/Src/stm32h7xx_it.o
                0x0800311c                USART1_IRQHandler
 .text.USART2_IRQHandler
                0x08003130        0xc ./Core/Src/stm32h7xx_it.o
                0x08003130                USART2_IRQHandler
 .text.USART3_IRQHandler
                0x0800313c        0xc ./Core/Src/stm32h7xx_it.o
                0x0800313c                USART3_IRQHandler
 .text.DMA1_Stream7_IRQHandler
                0x08003148        0xc ./Core/Src/stm32h7xx_it.o
                0x08003148                DMA1_Stream7_IRQHandler
 .text.TIM5_IRQHandler
                0x08003154        0xc ./Core/Src/stm32h7xx_it.o
                0x08003154                TIM5_IRQHandler
 .text.DMA2_Stream0_IRQHandler
                0x08003160        0xc ./Core/Src/stm32h7xx_it.o
                0x08003160                DMA2_Stream0_IRQHandler
 .text.DMA2_Stream1_IRQHandler
                0x0800316c        0xc ./Core/Src/stm32h7xx_it.o
                0x0800316c                DMA2_Stream1_IRQHandler
 .text.DMA2_Stream2_IRQHandler
                0x08003178        0xc ./Core/Src/stm32h7xx_it.o
                0x08003178                DMA2_Stream2_IRQHandler
 .text.DMA2_Stream3_IRQHandler
                0x08003184        0xc ./Core/Src/stm32h7xx_it.o
                0x08003184                DMA2_Stream3_IRQHandler
 .text.DMA2_Stream4_IRQHandler
                0x08003190        0xc ./Core/Src/stm32h7xx_it.o
                0x08003190                DMA2_Stream4_IRQHandler
 .text.DMA2_Stream5_IRQHandler
                0x0800319c        0xc ./Core/Src/stm32h7xx_it.o
                0x0800319c                DMA2_Stream5_IRQHandler
 .text.USART6_IRQHandler
                0x080031a8        0xc ./Core/Src/stm32h7xx_it.o
                0x080031a8                USART6_IRQHandler
 .text.I2C4_EV_IRQHandler
                0x080031b4        0xc ./Core/Src/stm32h7xx_it.o
                0x080031b4                I2C4_EV_IRQHandler
 .text.BDMA_Channel0_IRQHandler
                0x080031c0        0xc ./Core/Src/stm32h7xx_it.o
                0x080031c0                BDMA_Channel0_IRQHandler
 .text.BDMA_Channel1_IRQHandler
                0x080031cc        0xc ./Core/Src/stm32h7xx_it.o
                0x080031cc                BDMA_Channel1_IRQHandler
 .text._getpid  0x080031d8        0x4 ./Core/Src/syscalls.o
                0x080031d8                _getpid
 .text._kill    0x080031dc       0x10 ./Core/Src/syscalls.o
                0x080031dc                _kill
 .text._exit    0x080031ec        0xc ./Core/Src/syscalls.o
                0x080031ec                _exit
 .text._sbrk    0x080031f8       0x40 ./Core/Src/sysmem.o
                0x080031f8                _sbrk
 .text.SystemInit
                0x08003238       0xc0 ./Core/Src/system_stm32h7xx.o
                0x08003238                SystemInit
 .text.Reset_Handler
                0x080032f8       0x50 ./Core/Startup/startup_stm32h750vbtx.o
                0x080032f8                Reset_Handler
 .text.Default_Handler
                0x08003348        0x2 ./Core/Startup/startup_stm32h750vbtx.o
                0x08003348                RTC_Alarm_IRQHandler
                0x08003348                HASH_RNG_IRQHandler
                0x08003348                EXTI2_IRQHandler
                0x08003348                TIM8_CC_IRQHandler
                0x08003348                HRTIM1_Master_IRQHandler
                0x08003348                UART8_IRQHandler
                0x08003348                SPI4_IRQHandler
                0x08003348                TIM1_CC_IRQHandler
                0x08003348                BDMA_Channel6_IRQHandler
                0x08003348                HRTIM1_FLT_IRQHandler
                0x08003348                JPEG_IRQHandler
                0x08003348                HRTIM1_TIMD_IRQHandler
                0x08003348                TAMP_STAMP_IRQHandler
                0x08003348                LPTIM4_IRQHandler
                0x08003348                TIM8_TRG_COM_TIM14_IRQHandler
                0x08003348                LPTIM2_IRQHandler
                0x08003348                DFSDM1_FLT1_IRQHandler
                0x08003348                DMAMUX2_OVR_IRQHandler
                0x08003348                TIM8_UP_TIM13_IRQHandler
                0x08003348                I2C3_ER_IRQHandler
                0x08003348                DFSDM1_FLT2_IRQHandler
                0x08003348                MDMA_IRQHandler
                0x08003348                LPTIM3_IRQHandler
                0x08003348                HSEM1_IRQHandler
                0x08003348                EXTI0_IRQHandler
                0x08003348                FPU_IRQHandler
                0x08003348                OTG_HS_WKUP_IRQHandler
                0x08003348                FDCAN1_IT1_IRQHandler
                0x08003348                LTDC_ER_IRQHandler
                0x08003348                HRTIM1_TIME_IRQHandler
                0x08003348                SPI1_IRQHandler
                0x08003348                TIM6_DAC_IRQHandler
                0x08003348                DCMI_IRQHandler
                0x08003348                HRTIM1_TIMC_IRQHandler
                0x08003348                SAI2_IRQHandler
                0x08003348                DFSDM1_FLT3_IRQHandler
                0x08003348                TIM17_IRQHandler
                0x08003348                BDMA_Channel7_IRQHandler
                0x08003348                CRYP_IRQHandler
                0x08003348                LPTIM5_IRQHandler
                0x08003348                UART5_IRQHandler
                0x08003348                ADC3_IRQHandler
                0x08003348                BDMA_Channel2_IRQHandler
                0x08003348                QUADSPI_IRQHandler
                0x08003348                DMAMUX1_OVR_IRQHandler
                0x08003348                TIM16_IRQHandler
                0x08003348                UART4_IRQHandler
                0x08003348                BDMA_Channel5_IRQHandler
                0x08003348                TIM3_IRQHandler
                0x08003348                RCC_IRQHandler
                0x08003348                TIM8_BRK_TIM12_IRQHandler
                0x08003348                TIM1_TRG_COM_IRQHandler
                0x08003348                Default_Handler
                0x08003348                ECC_IRQHandler
                0x08003348                CEC_IRQHandler
                0x08003348                EXTI15_10_IRQHandler
                0x08003348                ADC_IRQHandler
                0x08003348                HRTIM1_TIMA_IRQHandler
                0x08003348                SPI5_IRQHandler
                0x08003348                TIM7_IRQHandler
                0x08003348                SDMMC1_IRQHandler
                0x08003348                DMA2_Stream7_IRQHandler
                0x08003348                TIM15_IRQHandler
                0x08003348                PVD_AVD_IRQHandler
                0x08003348                I2C3_EV_IRQHandler
                0x08003348                EXTI9_5_IRQHandler
                0x08003348                RTC_WKUP_IRQHandler
                0x08003348                LTDC_IRQHandler
                0x08003348                SAI3_IRQHandler
                0x08003348                ETH_WKUP_IRQHandler
                0x08003348                SPDIF_RX_IRQHandler
                0x08003348                SPI2_IRQHandler
                0x08003348                OTG_HS_EP1_IN_IRQHandler
                0x08003348                CRS_IRQHandler
                0x08003348                EXTI4_IRQHandler
                0x08003348                HRTIM1_TIMB_IRQHandler
                0x08003348                FDCAN2_IT1_IRQHandler
                0x08003348                ETH_IRQHandler
                0x08003348                TIM1_UP_IRQHandler
                0x08003348                BDMA_Channel4_IRQHandler
                0x08003348                OTG_HS_EP1_OUT_IRQHandler
                0x08003348                WWDG_IRQHandler
                0x08003348                SPI6_IRQHandler
                0x08003348                MDIOS_IRQHandler
                0x08003348                LPUART1_IRQHandler
                0x08003348                TIM2_IRQHandler
                0x08003348                OTG_FS_WKUP_IRQHandler
                0x08003348                OTG_HS_IRQHandler
                0x08003348                DMA2D_IRQHandler
                0x08003348                TIM1_BRK_IRQHandler
                0x08003348                EXTI1_IRQHandler
                0x08003348                SDMMC2_IRQHandler
                0x08003348                OTG_FS_EP1_OUT_IRQHandler
                0x08003348                BDMA_Channel3_IRQHandler
                0x08003348                UART7_IRQHandler
                0x08003348                MDIOS_WKUP_IRQHandler
                0x08003348                DFSDM1_FLT0_IRQHandler
                0x08003348                SAI4_IRQHandler
                0x08003348                I2C2_ER_IRQHandler
                0x08003348                FLASH_IRQHandler
                0x08003348                OTG_FS_IRQHandler
                0x08003348                SPI3_IRQHandler
                0x08003348                WAKEUP_PIN_IRQHandler
                0x08003348                OTG_FS_EP1_IN_IRQHandler
                0x08003348                I2C1_ER_IRQHandler
                0x08003348                FMC_IRQHandler
                0x08003348                FDCAN_CAL_IRQHandler
                0x08003348                SWPMI1_IRQHandler
                0x08003348                COMP1_IRQHandler
                0x08003348                LPTIM1_IRQHandler
                0x08003348                I2C4_ER_IRQHandler
                0x08003348                DMA2_Stream6_IRQHandler
                0x08003348                SAI1_IRQHandler
 *fill*         0x0800334a        0x2 
 .text.HAL_Init
                0x0800334c       0x5c ./Drivers/STM32H7xx_HAL_Driver/Src/stm32h7xx_hal.o
                0x0800334c                HAL_Init
 .text.HAL_IncTick
                0x080033a8       0x18 ./Drivers/STM32H7xx_HAL_Driver/Src/stm32h7xx_hal.o
                0x080033a8                HAL_IncTick
 .text.HAL_GetTick
                0x080033c0        0xc ./Drivers/STM32H7xx_HAL_Driver/Src/stm32h7xx_hal.o
                0x080033c0                HAL_GetTick
 .text.HAL_Delay
                0x080033cc       0x24 ./Drivers/STM32H7xx_HAL_Driver/Src/stm32h7xx_hal.o
                0x080033cc                HAL_Delay
 .text.HAL_GetREVID
                0x080033f0        0xc ./Drivers/STM32H7xx_HAL_Driver/Src/stm32h7xx_hal.o
                0x080033f0                HAL_GetREVID
 .text.LL_ADC_SetChannelSamplingTime
                0x080033fc       0x20 ./Drivers/STM32H7xx_HAL_Driver/Src/stm32h7xx_hal_adc.o
 .text.LL_ADC_IsEnabled
                0x0800341c        0x8 ./Drivers/STM32H7xx_HAL_Driver/Src/stm32h7xx_hal_adc.o
 .text.LL_ADC_REG_IsConversionOngoing
                0x08003424        0x8 ./Drivers/STM32H7xx_HAL_Driver/Src/stm32h7xx_hal_adc.o
 .text.HAL_ADC_PollForConversion
                0x0800342c      0x11c ./Drivers/STM32H7xx_HAL_Driver/Src/stm32h7xx_hal_adc.o
                0x0800342c                HAL_ADC_PollForConversion
 .text.HAL_ADC_GetValue
                0x08003548        0x6 ./Drivers/STM32H7xx_HAL_Driver/Src/stm32h7xx_hal_adc.o
                0x08003548                HAL_ADC_GetValue
 *fill*         0x0800354e        0x2 
 .text.HAL_ADC_ConfigChannel
                0x08003550      0x390 ./Drivers/STM32H7xx_HAL_Driver/Src/stm32h7xx_hal_adc.o
                0x08003550                HAL_ADC_ConfigChannel
 .text.ADC_ConversionStop
                0x080038e0       0xcc ./Drivers/STM32H7xx_HAL_Driver/Src/stm32h7xx_hal_adc.o
                0x080038e0                ADC_ConversionStop
 .text.ADC_Enable
                0x080039ac       0xb4 ./Drivers/STM32H7xx_HAL_Driver/Src/stm32h7xx_hal_adc.o
                0x080039ac                ADC_Enable
 .text.HAL_ADC_Start
                0x08003a60       0xfc ./Drivers/STM32H7xx_HAL_Driver/Src/stm32h7xx_hal_adc.o
                0x08003a60                HAL_ADC_Start
 .text.ADC_Disable
                0x08003b5c       0x6a ./Drivers/STM32H7xx_HAL_Driver/Src/stm32h7xx_hal_adc.o
                0x08003b5c                ADC_Disable
 .text.HAL_ADC_Stop
                0x08003bc6       0x3e ./Drivers/STM32H7xx_HAL_Driver/Src/stm32h7xx_hal_adc.o
                0x08003bc6                HAL_ADC_Stop
 .text.ADC_ConfigureBoostMode
                0x08003c04      0x12c ./Drivers/STM32H7xx_HAL_Driver/Src/stm32h7xx_hal_adc.o
                0x08003c04                ADC_ConfigureBoostMode
 .text.HAL_ADC_Init
                0x08003d30      0x218 ./Drivers/STM32H7xx_HAL_Driver/Src/stm32h7xx_hal_adc.o
                0x08003d30                HAL_ADC_Init
 .text.LL_ADC_IsEnabled
                0x08003f48        0x8 ./Drivers/STM32H7xx_HAL_Driver/Src/stm32h7xx_hal_adc_ex.o
 .text.LL_ADC_REG_IsConversionOngoing
                0x08003f50        0x8 ./Drivers/STM32H7xx_HAL_Driver/Src/stm32h7xx_hal_adc_ex.o
 .text.HAL_ADCEx_Calibration_Start
                0x08003f58       0xa0 ./Drivers/STM32H7xx_HAL_Driver/Src/stm32h7xx_hal_adc_ex.o
                0x08003f58                HAL_ADCEx_Calibration_Start
 .text.HAL_ADCEx_MultiModeConfigChannel
                0x08003ff8       0xcc ./Drivers/STM32H7xx_HAL_Driver/Src/stm32h7xx_hal_adc_ex.o
                0x08003ff8                HAL_ADCEx_MultiModeConfigChannel
 .text.HAL_NVIC_SetPriorityGrouping
                0x080040c4       0x24 ./Drivers/STM32H7xx_HAL_Driver/Src/stm32h7xx_hal_cortex.o
                0x080040c4                HAL_NVIC_SetPriorityGrouping
 .text.HAL_NVIC_SetPriority
                0x080040e8       0x64 ./Drivers/STM32H7xx_HAL_Driver/Src/stm32h7xx_hal_cortex.o
                0x080040e8                HAL_NVIC_SetPriority
 .text.HAL_NVIC_EnableIRQ
                0x0800414c       0x1c ./Drivers/STM32H7xx_HAL_Driver/Src/stm32h7xx_hal_cortex.o
                0x0800414c                HAL_NVIC_EnableIRQ
 .text.DMA_SetConfig
                0x08004168      0x184 ./Drivers/STM32H7xx_HAL_Driver/Src/stm32h7xx_hal_dma.o
 .text.DMA_CalcBaseAndBitshift
                0x080042ec       0x9c ./Drivers/STM32H7xx_HAL_Driver/Src/stm32h7xx_hal_dma.o
 .text.DMA_CalcDMAMUXChannelBaseAndMask
                0x08004388       0x98 ./Drivers/STM32H7xx_HAL_Driver/Src/stm32h7xx_hal_dma.o
 .text.DMA_CalcDMAMUXRequestGenBaseAndMask
                0x08004420       0x70 ./Drivers/STM32H7xx_HAL_Driver/Src/stm32h7xx_hal_dma.o
 .text.HAL_DMA_Init
                0x08004490      0x380 ./Drivers/STM32H7xx_HAL_Driver/Src/stm32h7xx_hal_dma.o
                0x08004490                HAL_DMA_Init
 .text.HAL_DMA_Start_IT
                0x08004810      0x234 ./Drivers/STM32H7xx_HAL_Driver/Src/stm32h7xx_hal_dma.o
                0x08004810                HAL_DMA_Start_IT
 .text.HAL_DMA_Abort
                0x08004a44      0x34c ./Drivers/STM32H7xx_HAL_Driver/Src/stm32h7xx_hal_dma.o
                0x08004a44                HAL_DMA_Abort
 .text.HAL_DMA_Abort_IT
                0x08004d90      0x120 ./Drivers/STM32H7xx_HAL_Driver/Src/stm32h7xx_hal_dma.o
                0x08004d90                HAL_DMA_Abort_IT
 .text.HAL_DMA_IRQHandler
                0x08004eb0      0x548 ./Drivers/STM32H7xx_HAL_Driver/Src/stm32h7xx_hal_dma.o
                0x08004eb0                HAL_DMA_IRQHandler
 .text.HAL_DMA_GetState
                0x080053f8        0x6 ./Drivers/STM32H7xx_HAL_Driver/Src/stm32h7xx_hal_dma.o
                0x080053f8                HAL_DMA_GetState
 .text.HAL_DMA_GetError
                0x080053fe        0x4 ./Drivers/STM32H7xx_HAL_Driver/Src/stm32h7xx_hal_dma.o
                0x080053fe                HAL_DMA_GetError
 *fill*         0x08005402        0x2 
 .text.FDCAN_CopyMessageToRAM
                0x08005404       0x7c ./Drivers/STM32H7xx_HAL_Driver/Src/stm32h7xx_hal_fdcan.o
 .text.HAL_FDCAN_Init
                0x08005480      0x3d4 ./Drivers/STM32H7xx_HAL_Driver/Src/stm32h7xx_hal_fdcan.o
                0x08005480                HAL_FDCAN_Init
 .text.HAL_FDCAN_ConfigGlobalFilter
                0x08005854       0x32 ./Drivers/STM32H7xx_HAL_Driver/Src/stm32h7xx_hal_fdcan.o
                0x08005854                HAL_FDCAN_ConfigGlobalFilter
 .text.HAL_FDCAN_Start
                0x08005886       0x32 ./Drivers/STM32H7xx_HAL_Driver/Src/stm32h7xx_hal_fdcan.o
                0x08005886                HAL_FDCAN_Start
 .text.HAL_FDCAN_AddMessageToTxFifoQ
                0x080058b8       0x64 ./Drivers/STM32H7xx_HAL_Driver/Src/stm32h7xx_hal_fdcan.o
                0x080058b8                HAL_FDCAN_AddMessageToTxFifoQ
 .text.HAL_FDCAN_GetRxMessage
                0x0800591c      0x164 ./Drivers/STM32H7xx_HAL_Driver/Src/stm32h7xx_hal_fdcan.o
                0x0800591c                HAL_FDCAN_GetRxMessage
 .text.HAL_FDCAN_ActivateNotification
                0x08005a80       0x7c ./Drivers/STM32H7xx_HAL_Driver/Src/stm32h7xx_hal_fdcan.o
                0x08005a80                HAL_FDCAN_ActivateNotification
 .text.HAL_FDCAN_ClockCalibrationCallback
                0x08005afc        0x2 ./Drivers/STM32H7xx_HAL_Driver/Src/stm32h7xx_hal_fdcan.o
                0x08005afc                HAL_FDCAN_ClockCalibrationCallback
 .text.HAL_FDCAN_TxEventFifoCallback
                0x08005afe        0x2 ./Drivers/STM32H7xx_HAL_Driver/Src/stm32h7xx_hal_fdcan.o
                0x08005afe                HAL_FDCAN_TxEventFifoCallback
 .text.HAL_FDCAN_RxFifo1Callback
                0x08005b00        0x2 ./Drivers/STM32H7xx_HAL_Driver/Src/stm32h7xx_hal_fdcan.o
                0x08005b00                HAL_FDCAN_RxFifo1Callback
 .text.HAL_FDCAN_TxFifoEmptyCallback
                0x08005b02        0x2 ./Drivers/STM32H7xx_HAL_Driver/Src/stm32h7xx_hal_fdcan.o
                0x08005b02                HAL_FDCAN_TxFifoEmptyCallback
 .text.HAL_FDCAN_TxBufferCompleteCallback
                0x08005b04        0x2 ./Drivers/STM32H7xx_HAL_Driver/Src/stm32h7xx_hal_fdcan.o
                0x08005b04                HAL_FDCAN_TxBufferCompleteCallback
 .text.HAL_FDCAN_TxBufferAbortCallback
                0x08005b06        0x2 ./Drivers/STM32H7xx_HAL_Driver/Src/stm32h7xx_hal_fdcan.o
                0x08005b06                HAL_FDCAN_TxBufferAbortCallback
 .text.HAL_FDCAN_RxBufferNewMessageCallback
                0x08005b08        0x2 ./Drivers/STM32H7xx_HAL_Driver/Src/stm32h7xx_hal_fdcan.o
                0x08005b08                HAL_FDCAN_RxBufferNewMessageCallback
 .text.HAL_FDCAN_TimestampWraparoundCallback
                0x08005b0a        0x2 ./Drivers/STM32H7xx_HAL_Driver/Src/stm32h7xx_hal_fdcan.o
                0x08005b0a                HAL_FDCAN_TimestampWraparoundCallback
 .text.HAL_FDCAN_TimeoutOccurredCallback
                0x08005b0c        0x2 ./Drivers/STM32H7xx_HAL_Driver/Src/stm32h7xx_hal_fdcan.o
                0x08005b0c                HAL_FDCAN_TimeoutOccurredCallback
 .text.HAL_FDCAN_HighPriorityMessageCallback
                0x08005b0e        0x2 ./Drivers/STM32H7xx_HAL_Driver/Src/stm32h7xx_hal_fdcan.o
                0x08005b0e                HAL_FDCAN_HighPriorityMessageCallback
 .text.HAL_FDCAN_ErrorStatusCallback
                0x08005b10        0x2 ./Drivers/STM32H7xx_HAL_Driver/Src/stm32h7xx_hal_fdcan.o
                0x08005b10                HAL_FDCAN_ErrorStatusCallback
 .text.HAL_FDCAN_TT_ScheduleSyncCallback
                0x08005b12        0x2 ./Drivers/STM32H7xx_HAL_Driver/Src/stm32h7xx_hal_fdcan.o
                0x08005b12                HAL_FDCAN_TT_ScheduleSyncCallback
 .text.HAL_FDCAN_TT_TimeMarkCallback
                0x08005b14        0x2 ./Drivers/STM32H7xx_HAL_Driver/Src/stm32h7xx_hal_fdcan.o
                0x08005b14                HAL_FDCAN_TT_TimeMarkCallback
 .text.HAL_FDCAN_TT_StopWatchCallback
                0x08005b16        0x2 ./Drivers/STM32H7xx_HAL_Driver/Src/stm32h7xx_hal_fdcan.o
                0x08005b16                HAL_FDCAN_TT_StopWatchCallback
 .text.HAL_FDCAN_TT_GlobalTimeCallback
                0x08005b18        0x2 ./Drivers/STM32H7xx_HAL_Driver/Src/stm32h7xx_hal_fdcan.o
                0x08005b18                HAL_FDCAN_TT_GlobalTimeCallback
 *fill*         0x08005b1a        0x2 
 .text.HAL_FDCAN_IRQHandler
                0x08005b1c      0x2d0 ./Drivers/STM32H7xx_HAL_Driver/Src/stm32h7xx_hal_fdcan.o
                0x08005b1c                HAL_FDCAN_IRQHandler
 .text.HAL_GPIO_Init
                0x08005dec      0x1d0 ./Drivers/STM32H7xx_HAL_Driver/Src/stm32h7xx_hal_gpio.o
                0x08005dec                HAL_GPIO_Init
 .text.HAL_GPIO_ReadPin
                0x08005fbc        0xc ./Drivers/STM32H7xx_HAL_Driver/Src/stm32h7xx_hal_gpio.o
                0x08005fbc                HAL_GPIO_ReadPin
 .text.HAL_GPIO_WritePin
                0x08005fc8        0xa ./Drivers/STM32H7xx_HAL_Driver/Src/stm32h7xx_hal_gpio.o
                0x08005fc8                HAL_GPIO_WritePin
 .text.HAL_GPIO_EXTI_IRQHandler
                0x08005fd2       0x18 ./Drivers/STM32H7xx_HAL_Driver/Src/stm32h7xx_hal_gpio.o
                0x08005fd2                HAL_GPIO_EXTI_IRQHandler
 .text.I2C_Flush_TXDR
                0x08005fea       0x1c ./Drivers/STM32H7xx_HAL_Driver/Src/stm32h7xx_hal_i2c.o
 *fill*         0x08006006        0x2 
 .text.I2C_TransferConfig
                0x08006008       0x2c ./Drivers/STM32H7xx_HAL_Driver/Src/stm32h7xx_hal_i2c.o
 .text.I2C_Enable_IRQ
                0x08006034       0x6c ./Drivers/STM32H7xx_HAL_Driver/Src/stm32h7xx_hal_i2c.o
 .text.I2C_Disable_IRQ
                0x080060a0       0x42 ./Drivers/STM32H7xx_HAL_Driver/Src/stm32h7xx_hal_i2c.o
 .text.I2C_IsErrorOccurred
                0x080060e2      0x114 ./Drivers/STM32H7xx_HAL_Driver/Src/stm32h7xx_hal_i2c.o
 .text.I2C_WaitOnTXISFlagUntilTimeout
                0x080061f6       0x4e ./Drivers/STM32H7xx_HAL_Driver/Src/stm32h7xx_hal_i2c.o
 .text.I2C_WaitOnSTOPFlagUntilTimeout
                0x08006244       0x4a ./Drivers/STM32H7xx_HAL_Driver/Src/stm32h7xx_hal_i2c.o
 .text.I2C_WaitOnFlagUntilTimeout
                0x0800628e       0x54 ./Drivers/STM32H7xx_HAL_Driver/Src/stm32h7xx_hal_i2c.o
 *fill*         0x080062e2        0x2 
 .text.I2C_RequestMemoryWrite
                0x080062e4       0x6c ./Drivers/STM32H7xx_HAL_Driver/Src/stm32h7xx_hal_i2c.o
 .text.I2C_RequestMemoryRead
                0x08006350       0x6c ./Drivers/STM32H7xx_HAL_Driver/Src/stm32h7xx_hal_i2c.o
 .text.HAL_I2C_Init
                0x080063bc       0xa2 ./Drivers/STM32H7xx_HAL_Driver/Src/stm32h7xx_hal_i2c.o
                0x080063bc                HAL_I2C_Init
 *fill*         0x0800645e        0x2 
 .text.HAL_I2C_Master_Transmit_DMA
                0x08006460      0x128 ./Drivers/STM32H7xx_HAL_Driver/Src/stm32h7xx_hal_i2c.o
                0x08006460                HAL_I2C_Master_Transmit_DMA
 .text.HAL_I2C_Master_Receive_DMA
                0x08006588      0x128 ./Drivers/STM32H7xx_HAL_Driver/Src/stm32h7xx_hal_i2c.o
                0x08006588                HAL_I2C_Master_Receive_DMA
 .text.HAL_I2C_Mem_Write
                0x080066b0      0x16a ./Drivers/STM32H7xx_HAL_Driver/Src/stm32h7xx_hal_i2c.o
                0x080066b0                HAL_I2C_Mem_Write
 *fill*         0x0800681a        0x2 
 .text.HAL_I2C_Mem_Write_DMA
                0x0800681c      0x13c ./Drivers/STM32H7xx_HAL_Driver/Src/stm32h7xx_hal_i2c.o
                0x0800681c                HAL_I2C_Mem_Write_DMA
 .text.HAL_I2C_Mem_Read_DMA
                0x08006958      0x144 ./Drivers/STM32H7xx_HAL_Driver/Src/stm32h7xx_hal_i2c.o
                0x08006958                HAL_I2C_Mem_Read_DMA
 .text.HAL_I2C_IsDeviceReady
                0x08006a9c      0x114 ./Drivers/STM32H7xx_HAL_Driver/Src/stm32h7xx_hal_i2c.o
                0x08006a9c                HAL_I2C_IsDeviceReady
 .text.HAL_I2C_EV_IRQHandler
                0x08006bb0        0xe ./Drivers/STM32H7xx_HAL_Driver/Src/stm32h7xx_hal_i2c.o
                0x08006bb0                HAL_I2C_EV_IRQHandler
 .text.I2C_ITMasterSeqCplt
                0x08006bbe       0x44 ./Drivers/STM32H7xx_HAL_Driver/Src/stm32h7xx_hal_i2c.o
 .text.HAL_I2C_SlaveTxCpltCallback
                0x08006c02        0x2 ./Drivers/STM32H7xx_HAL_Driver/Src/stm32h7xx_hal_i2c.o
                0x08006c02                HAL_I2C_SlaveTxCpltCallback
 .text.HAL_I2C_SlaveRxCpltCallback
                0x08006c04        0x2 ./Drivers/STM32H7xx_HAL_Driver/Src/stm32h7xx_hal_i2c.o
                0x08006c04                HAL_I2C_SlaveRxCpltCallback
 .text.I2C_ITSlaveSeqCplt
                0x08006c06       0x6c ./Drivers/STM32H7xx_HAL_Driver/Src/stm32h7xx_hal_i2c.o
 .text.HAL_I2C_AddrCallback
                0x08006c72        0x2 ./Drivers/STM32H7xx_HAL_Driver/Src/stm32h7xx_hal_i2c.o
                0x08006c72                HAL_I2C_AddrCallback
 .text.I2C_ITAddrCplt.constprop.0
                0x08006c74       0x88 ./Drivers/STM32H7xx_HAL_Driver/Src/stm32h7xx_hal_i2c.o
 .text.HAL_I2C_ListenCpltCallback
                0x08006cfc        0x2 ./Drivers/STM32H7xx_HAL_Driver/Src/stm32h7xx_hal_i2c.o
                0x08006cfc                HAL_I2C_ListenCpltCallback
 *fill*         0x08006cfe        0x2 
 .text.I2C_ITListenCplt
                0x08006d00       0x60 ./Drivers/STM32H7xx_HAL_Driver/Src/stm32h7xx_hal_i2c.o
 .text.HAL_I2C_MemTxCpltCallback
                0x08006d60        0x2 ./Drivers/STM32H7xx_HAL_Driver/Src/stm32h7xx_hal_i2c.o
                0x08006d60                HAL_I2C_MemTxCpltCallback
 .text.HAL_I2C_ErrorCallback
                0x08006d62        0x2 ./Drivers/STM32H7xx_HAL_Driver/Src/stm32h7xx_hal_i2c.o
                0x08006d62                HAL_I2C_ErrorCallback
 .text.HAL_I2C_AbortCpltCallback
                0x08006d64        0x2 ./Drivers/STM32H7xx_HAL_Driver/Src/stm32h7xx_hal_i2c.o
                0x08006d64                HAL_I2C_AbortCpltCallback
 .text.I2C_TreatErrorCallback
                0x08006d66       0x2c ./Drivers/STM32H7xx_HAL_Driver/Src/stm32h7xx_hal_i2c.o
 *fill*         0x08006d92        0x2 
 .text.I2C_ITError
                0x08006d94       0xe4 ./Drivers/STM32H7xx_HAL_Driver/Src/stm32h7xx_hal_i2c.o
 .text.I2C_ITMasterCplt
                0x08006e78       0xee ./Drivers/STM32H7xx_HAL_Driver/Src/stm32h7xx_hal_i2c.o
 .text.I2C_Master_ISR_IT
                0x08006f66      0x122 ./Drivers/STM32H7xx_HAL_Driver/Src/stm32h7xx_hal_i2c.o
 .text.I2C_Master_ISR_DMA
                0x08007088      0x104 ./Drivers/STM32H7xx_HAL_Driver/Src/stm32h7xx_hal_i2c.o
 .text.I2C_DMAError
                0x0800718c       0xe4 ./Drivers/STM32H7xx_HAL_Driver/Src/stm32h7xx_hal_i2c.o
 .text.I2C_DMAMasterTransmitCplt
                0x08007270       0x54 ./Drivers/STM32H7xx_HAL_Driver/Src/stm32h7xx_hal_i2c.o
 .text.I2C_DMAMasterReceiveCplt
                0x080072c4       0x54 ./Drivers/STM32H7xx_HAL_Driver/Src/stm32h7xx_hal_i2c.o
 .text.I2C_ITSlaveCplt.constprop.0
                0x08007318      0x174 ./Drivers/STM32H7xx_HAL_Driver/Src/stm32h7xx_hal_i2c.o
 .text.I2C_Slave_ISR_DMA
                0x0800748c      0x190 ./Drivers/STM32H7xx_HAL_Driver/Src/stm32h7xx_hal_i2c.o
 .text.I2C_Slave_ISR_IT
                0x0800761c      0x112 ./Drivers/STM32H7xx_HAL_Driver/Src/stm32h7xx_hal_i2c.o
 .text.I2C_DMAAbort
                0x0800772e       0x16 ./Drivers/STM32H7xx_HAL_Driver/Src/stm32h7xx_hal_i2c.o
 .text.HAL_I2CEx_ConfigAnalogFilter
                0x08007744       0x4c ./Drivers/STM32H7xx_HAL_Driver/Src/stm32h7xx_hal_i2c_ex.o
                0x08007744                HAL_I2CEx_ConfigAnalogFilter
 .text.HAL_I2CEx_ConfigDigitalFilter
                0x08007790       0x4a ./Drivers/STM32H7xx_HAL_Driver/Src/stm32h7xx_hal_i2c_ex.o
                0x08007790                HAL_I2CEx_ConfigDigitalFilter
 *fill*         0x080077da        0x2 
 .text.HAL_PWREx_ConfigSupply
                0x080077dc       0x48 ./Drivers/STM32H7xx_HAL_Driver/Src/stm32h7xx_hal_pwr_ex.o
                0x080077dc                HAL_PWREx_ConfigSupply
 .text.HAL_RCC_OscConfig
                0x08007824      0x518 ./Drivers/STM32H7xx_HAL_Driver/Src/stm32h7xx_hal_rcc.o
                0x08007824                HAL_RCC_OscConfig
 .text.HAL_RCC_GetSysClockFreq
                0x08007d3c      0x144 ./Drivers/STM32H7xx_HAL_Driver/Src/stm32h7xx_hal_rcc.o
                0x08007d3c                HAL_RCC_GetSysClockFreq
 .text.HAL_RCC_ClockConfig
                0x08007e80      0x24c ./Drivers/STM32H7xx_HAL_Driver/Src/stm32h7xx_hal_rcc.o
                0x08007e80                HAL_RCC_ClockConfig
 .text.HAL_RCC_GetHCLKFreq
                0x080080cc       0x44 ./Drivers/STM32H7xx_HAL_Driver/Src/stm32h7xx_hal_rcc.o
                0x080080cc                HAL_RCC_GetHCLKFreq
 .text.HAL_RCC_GetPCLK1Freq
                0x08008110       0x24 ./Drivers/STM32H7xx_HAL_Driver/Src/stm32h7xx_hal_rcc.o
                0x08008110                HAL_RCC_GetPCLK1Freq
 .text.HAL_RCC_GetPCLK2Freq
                0x08008134       0x24 ./Drivers/STM32H7xx_HAL_Driver/Src/stm32h7xx_hal_rcc.o
                0x08008134                HAL_RCC_GetPCLK2Freq
 .text.HAL_RCC_GetClockConfig
                0x08008158       0x54 ./Drivers/STM32H7xx_HAL_Driver/Src/stm32h7xx_hal_rcc.o
                0x08008158                HAL_RCC_GetClockConfig
 .text.RCCEx_PLL2_Config
                0x080081ac       0xf0 ./Drivers/STM32H7xx_HAL_Driver/Src/stm32h7xx_hal_rcc_ex.o
 .text.RCCEx_PLL3_Config
                0x0800829c       0xf0 ./Drivers/STM32H7xx_HAL_Driver/Src/stm32h7xx_hal_rcc_ex.o
 .text.HAL_RCCEx_PeriphCLKConfig
                0x0800838c      0x914 ./Drivers/STM32H7xx_HAL_Driver/Src/stm32h7xx_hal_rcc_ex.o
                0x0800838c                HAL_RCCEx_PeriphCLKConfig
 .text.HAL_RCCEx_GetD3PCLK1Freq
                0x08008ca0       0x24 ./Drivers/STM32H7xx_HAL_Driver/Src/stm32h7xx_hal_rcc_ex.o
                0x08008ca0                HAL_RCCEx_GetD3PCLK1Freq
 .text.HAL_RCCEx_GetPLL2ClockFreq
                0x08008cc4      0x154 ./Drivers/STM32H7xx_HAL_Driver/Src/stm32h7xx_hal_rcc_ex.o
                0x08008cc4                HAL_RCCEx_GetPLL2ClockFreq
 .text.HAL_RCCEx_GetPLL3ClockFreq
                0x08008e18      0x154 ./Drivers/STM32H7xx_HAL_Driver/Src/stm32h7xx_hal_rcc_ex.o
                0x08008e18                HAL_RCCEx_GetPLL3ClockFreq
 .text.HAL_RCCEx_GetPLL1ClockFreq
                0x08008f6c      0x154 ./Drivers/STM32H7xx_HAL_Driver/Src/stm32h7xx_hal_rcc_ex.o
                0x08008f6c                HAL_RCCEx_GetPLL1ClockFreq
 .text.HAL_RCCEx_GetPeriphCLKFreq
                0x080090c0      0x2a0 ./Drivers/STM32H7xx_HAL_Driver/Src/stm32h7xx_hal_rcc_ex.o
                0x080090c0                HAL_RCCEx_GetPeriphCLKFreq
 .text.TIM_OC1_SetConfig
                0x08009360       0x98 ./Drivers/STM32H7xx_HAL_Driver/Src/stm32h7xx_hal_tim.o
 .text.TIM_OC3_SetConfig
                0x080093f8       0x88 ./Drivers/STM32H7xx_HAL_Driver/Src/stm32h7xx_hal_tim.o
 .text.TIM_OC4_SetConfig
                0x08009480       0x68 ./Drivers/STM32H7xx_HAL_Driver/Src/stm32h7xx_hal_tim.o
 .text.TIM_OC5_SetConfig
                0x080094e8       0x68 ./Drivers/STM32H7xx_HAL_Driver/Src/stm32h7xx_hal_tim.o
 .text.TIM_OC6_SetConfig
                0x08009550       0x68 ./Drivers/STM32H7xx_HAL_Driver/Src/stm32h7xx_hal_tim.o
 .text.HAL_TIM_Base_Start_IT
                0x080095b8       0x7c ./Drivers/STM32H7xx_HAL_Driver/Src/stm32h7xx_hal_tim.o
                0x080095b8                HAL_TIM_Base_Start_IT
 .text.HAL_TIM_Base_Stop_IT
                0x08009634       0x30 ./Drivers/STM32H7xx_HAL_Driver/Src/stm32h7xx_hal_tim.o
                0x08009634                HAL_TIM_Base_Stop_IT
 .text.HAL_TIM_PWM_MspInit
                0x08009664        0x2 ./Drivers/STM32H7xx_HAL_Driver/Src/stm32h7xx_hal_tim.o
                0x08009664                HAL_TIM_PWM_MspInit
 .text.HAL_TIM_Encoder_Start
                0x08009666       0xb2 ./Drivers/STM32H7xx_HAL_Driver/Src/stm32h7xx_hal_tim.o
                0x08009666                HAL_TIM_Encoder_Start
 .text.HAL_TIM_OC_DelayElapsedCallback
                0x08009718        0x2 ./Drivers/STM32H7xx_HAL_Driver/Src/stm32h7xx_hal_tim.o
                0x08009718                HAL_TIM_OC_DelayElapsedCallback
 .text.HAL_TIM_IC_CaptureCallback
                0x0800971a        0x2 ./Drivers/STM32H7xx_HAL_Driver/Src/stm32h7xx_hal_tim.o
                0x0800971a                HAL_TIM_IC_CaptureCallback
 .text.HAL_TIM_PWM_PulseFinishedCallback
                0x0800971c        0x2 ./Drivers/STM32H7xx_HAL_Driver/Src/stm32h7xx_hal_tim.o
                0x0800971c                HAL_TIM_PWM_PulseFinishedCallback
 .text.HAL_TIM_TriggerCallback
                0x0800971e        0x2 ./Drivers/STM32H7xx_HAL_Driver/Src/stm32h7xx_hal_tim.o
                0x0800971e                HAL_TIM_TriggerCallback
 .text.HAL_TIM_IRQHandler
                0x08009720      0x160 ./Drivers/STM32H7xx_HAL_Driver/Src/stm32h7xx_hal_tim.o
                0x08009720                HAL_TIM_IRQHandler
 .text.TIM_Base_SetConfig
                0x08009880       0xcc ./Drivers/STM32H7xx_HAL_Driver/Src/stm32h7xx_hal_tim.o
                0x08009880                TIM_Base_SetConfig
 .text.HAL_TIM_Base_Init
                0x0800994c       0x60 ./Drivers/STM32H7xx_HAL_Driver/Src/stm32h7xx_hal_tim.o
                0x0800994c                HAL_TIM_Base_Init
 .text.HAL_TIM_PWM_Init
                0x080099ac       0x60 ./Drivers/STM32H7xx_HAL_Driver/Src/stm32h7xx_hal_tim.o
                0x080099ac                HAL_TIM_PWM_Init
 .text.HAL_TIM_Encoder_Init
                0x08009a0c       0xa8 ./Drivers/STM32H7xx_HAL_Driver/Src/stm32h7xx_hal_tim.o
                0x08009a0c                HAL_TIM_Encoder_Init
 .text.TIM_OC2_SetConfig
                0x08009ab4       0x8c ./Drivers/STM32H7xx_HAL_Driver/Src/stm32h7xx_hal_tim.o
                0x08009ab4                TIM_OC2_SetConfig
 .text.HAL_TIM_PWM_ConfigChannel
                0x08009b40       0xf8 ./Drivers/STM32H7xx_HAL_Driver/Src/stm32h7xx_hal_tim.o
                0x08009b40                HAL_TIM_PWM_ConfigChannel
 .text.TIM_ETR_SetConfig
                0x08009c38       0x14 ./Drivers/STM32H7xx_HAL_Driver/Src/stm32h7xx_hal_tim.o
                0x08009c38                TIM_ETR_SetConfig
 .text.HAL_TIM_ConfigClockSource
                0x08009c4c      0x174 ./Drivers/STM32H7xx_HAL_Driver/Src/stm32h7xx_hal_tim.o
                0x08009c4c                HAL_TIM_ConfigClockSource
 .text.TIM_CCxChannelCmd
                0x08009dc0       0x1c ./Drivers/STM32H7xx_HAL_Driver/Src/stm32h7xx_hal_tim.o
                0x08009dc0                TIM_CCxChannelCmd
 .text.HAL_TIM_OC_Start
                0x08009ddc      0x120 ./Drivers/STM32H7xx_HAL_Driver/Src/stm32h7xx_hal_tim.o
                0x08009ddc                HAL_TIM_OC_Start
 .text.HAL_TIM_PWM_Start
                0x08009efc        0x4 ./Drivers/STM32H7xx_HAL_Driver/Src/stm32h7xx_hal_tim.o
                0x08009efc                HAL_TIM_PWM_Start
 .text.HAL_TIMEx_MasterConfigSynchronization
                0x08009f00       0x94 ./Drivers/STM32H7xx_HAL_Driver/Src/stm32h7xx_hal_tim_ex.o
                0x08009f00                HAL_TIMEx_MasterConfigSynchronization
 .text.HAL_TIMEx_ConfigBreakDeadTime
                0x08009f94       0x84 ./Drivers/STM32H7xx_HAL_Driver/Src/stm32h7xx_hal_tim_ex.o
                0x08009f94                HAL_TIMEx_ConfigBreakDeadTime
 .text.HAL_TIMEx_CommutCallback
                0x0800a018        0x2 ./Drivers/STM32H7xx_HAL_Driver/Src/stm32h7xx_hal_tim_ex.o
                0x0800a018                HAL_TIMEx_CommutCallback
 .text.HAL_TIMEx_BreakCallback
                0x0800a01a        0x2 ./Drivers/STM32H7xx_HAL_Driver/Src/stm32h7xx_hal_tim_ex.o
                0x0800a01a                HAL_TIMEx_BreakCallback
 .text.HAL_TIMEx_Break2Callback
                0x0800a01c        0x2 ./Drivers/STM32H7xx_HAL_Driver/Src/stm32h7xx_hal_tim_ex.o
                0x0800a01c                HAL_TIMEx_Break2Callback
 .text.UART_EndTxTransfer
                0x0800a01e       0x34 ./Drivers/STM32H7xx_HAL_Driver/Src/stm32h7xx_hal_uart.o
 *fill*         0x0800a052        0x2 
 .text.UART_EndRxTransfer
                0x0800a054       0x58 ./Drivers/STM32H7xx_HAL_Driver/Src/stm32h7xx_hal_uart.o
 .text.HAL_UART_Transmit_DMA
                0x0800a0ac       0x9c ./Drivers/STM32H7xx_HAL_Driver/Src/stm32h7xx_hal_uart.o
                0x0800a0ac                HAL_UART_Transmit_DMA
 .text.HAL_UART_TxCpltCallback
                0x0800a148        0x2 ./Drivers/STM32H7xx_HAL_Driver/Src/stm32h7xx_hal_uart.o
                0x0800a148                HAL_UART_TxCpltCallback
 .text.UART_DMATransmitCplt
                0x0800a14a       0x46 ./Drivers/STM32H7xx_HAL_Driver/Src/stm32h7xx_hal_uart.o
 .text.HAL_UART_TxHalfCpltCallback
                0x0800a190        0x2 ./Drivers/STM32H7xx_HAL_Driver/Src/stm32h7xx_hal_uart.o
                0x0800a190                HAL_UART_TxHalfCpltCallback
 .text.UART_DMATxHalfCplt
                0x0800a192        0xa ./Drivers/STM32H7xx_HAL_Driver/Src/stm32h7xx_hal_uart.o
 .text.HAL_UART_RxCpltCallback
                0x0800a19c        0x2 ./Drivers/STM32H7xx_HAL_Driver/Src/stm32h7xx_hal_uart.o
                0x0800a19c                HAL_UART_RxCpltCallback
 .text.HAL_UART_RxHalfCpltCallback
                0x0800a19e        0x2 ./Drivers/STM32H7xx_HAL_Driver/Src/stm32h7xx_hal_uart.o
                0x0800a19e                HAL_UART_RxHalfCpltCallback
 .text.UART_DMAError
                0x0800a1a0       0x48 ./Drivers/STM32H7xx_HAL_Driver/Src/stm32h7xx_hal_uart.o
 .text.UART_DMAAbortOnError
                0x0800a1e8       0x14 ./Drivers/STM32H7xx_HAL_Driver/Src/stm32h7xx_hal_uart.o
 .text.HAL_UART_IRQHandler
                0x0800a1fc      0x334 ./Drivers/STM32H7xx_HAL_Driver/Src/stm32h7xx_hal_uart.o
                0x0800a1fc                HAL_UART_IRQHandler
 .text.UART_DMARxHalfCplt
                0x0800a530       0x1c ./Drivers/STM32H7xx_HAL_Driver/Src/stm32h7xx_hal_uart.o
 .text.UART_DMAReceiveCplt
                0x0800a54c       0x8a ./Drivers/STM32H7xx_HAL_Driver/Src/stm32h7xx_hal_uart.o
 *fill*         0x0800a5d6        0x2 
 .text.UART_SetConfig
                0x0800a5d8      0x32c ./Drivers/STM32H7xx_HAL_Driver/Src/stm32h7xx_hal_uart.o
                0x0800a5d8                UART_SetConfig
 .text.UART_AdvFeatureConfig
                0x0800a904       0xaa ./Drivers/STM32H7xx_HAL_Driver/Src/stm32h7xx_hal_uart.o
                0x0800a904                UART_AdvFeatureConfig
 .text.UART_WaitOnFlagUntilTimeout
                0x0800a9ae       0xc8 ./Drivers/STM32H7xx_HAL_Driver/Src/stm32h7xx_hal_uart.o
                0x0800a9ae                UART_WaitOnFlagUntilTimeout
 .text.UART_CheckIdleState
                0x0800aa76       0x68 ./Drivers/STM32H7xx_HAL_Driver/Src/stm32h7xx_hal_uart.o
                0x0800aa76                UART_CheckIdleState
 .text.HAL_UART_Init
                0x0800aade       0x60 ./Drivers/STM32H7xx_HAL_Driver/Src/stm32h7xx_hal_uart.o
                0x0800aade                HAL_UART_Init
 *fill*         0x0800ab3e        0x2 
 .text.UART_Start_Receive_DMA
                0x0800ab40       0xa8 ./Drivers/STM32H7xx_HAL_Driver/Src/stm32h7xx_hal_uart.o
                0x0800ab40                UART_Start_Receive_DMA
 .text.UARTEx_SetNbDataToProcess
                0x0800abe8       0x44 ./Drivers/STM32H7xx_HAL_Driver/Src/stm32h7xx_hal_uart_ex.o
 .text.HAL_RS485Ex_Init
                0x0800ac2c       0x7e ./Drivers/STM32H7xx_HAL_Driver/Src/stm32h7xx_hal_uart_ex.o
                0x0800ac2c                HAL_RS485Ex_Init
 .text.HAL_UARTEx_WakeupCallback
                0x0800acaa        0x2 ./Drivers/STM32H7xx_HAL_Driver/Src/stm32h7xx_hal_uart_ex.o
                0x0800acaa                HAL_UARTEx_WakeupCallback
 .text.HAL_UARTEx_RxFifoFullCallback
                0x0800acac        0x2 ./Drivers/STM32H7xx_HAL_Driver/Src/stm32h7xx_hal_uart_ex.o
                0x0800acac                HAL_UARTEx_RxFifoFullCallback
 .text.HAL_UARTEx_TxFifoEmptyCallback
                0x0800acae        0x2 ./Drivers/STM32H7xx_HAL_Driver/Src/stm32h7xx_hal_uart_ex.o
                0x0800acae                HAL_UARTEx_TxFifoEmptyCallback
 .text.HAL_UARTEx_DisableFifoMode
                0x0800acb0       0x36 ./Drivers/STM32H7xx_HAL_Driver/Src/stm32h7xx_hal_uart_ex.o
                0x0800acb0                HAL_UARTEx_DisableFifoMode
 .text.HAL_UARTEx_SetTxFifoThreshold
                0x0800ace6       0x40 ./Drivers/STM32H7xx_HAL_Driver/Src/stm32h7xx_hal_uart_ex.o
                0x0800ace6                HAL_UARTEx_SetTxFifoThreshold
 .text.HAL_UARTEx_SetRxFifoThreshold
                0x0800ad26       0x40 ./Drivers/STM32H7xx_HAL_Driver/Src/stm32h7xx_hal_uart_ex.o
                0x0800ad26                HAL_UARTEx_SetRxFifoThreshold
 .text.HAL_UARTEx_ReceiveToIdle_DMA
                0x0800ad66       0x52 ./Drivers/STM32H7xx_HAL_Driver/Src/stm32h7xx_hal_uart_ex.o
                0x0800ad66                HAL_UARTEx_ReceiveToIdle_DMA
 .text.SysTick_Handler
                0x0800adb8       0x1a ./Middlewares/Third_Party/FreeRTOS/Source/CMSIS_RTOS_V2/cmsis_os2.o
                0x0800adb8                SysTick_Handler
 *fill*         0x0800add2        0x2 
 .text.osKernelInitialize
                0x0800add4       0x24 ./Middlewares/Third_Party/FreeRTOS/Source/CMSIS_RTOS_V2/cmsis_os2.o
                0x0800add4                osKernelInitialize
 .text.osKernelStart
                0x0800adf8       0x34 ./Middlewares/Third_Party/FreeRTOS/Source/CMSIS_RTOS_V2/cmsis_os2.o
                0x0800adf8                osKernelStart
 .text.osThreadNew
                0x0800ae2c       0x8e ./Middlewares/Third_Party/FreeRTOS/Source/CMSIS_RTOS_V2/cmsis_os2.o
                0x0800ae2c                osThreadNew
 .text.osDelay  0x0800aeba       0x18 ./Middlewares/Third_Party/FreeRTOS/Source/CMSIS_RTOS_V2/cmsis_os2.o
                0x0800aeba                osDelay
 .text.osSemaphoreNew
                0x0800aed2       0x94 ./Middlewares/Third_Party/FreeRTOS/Source/CMSIS_RTOS_V2/cmsis_os2.o
                0x0800aed2                osSemaphoreNew
 .text.osSemaphoreAcquire
                0x0800af66       0x58 ./Middlewares/Third_Party/FreeRTOS/Source/CMSIS_RTOS_V2/cmsis_os2.o
                0x0800af66                osSemaphoreAcquire
 .text.osSemaphoreRelease
                0x0800afbe       0x52 ./Middlewares/Third_Party/FreeRTOS/Source/CMSIS_RTOS_V2/cmsis_os2.o
                0x0800afbe                osSemaphoreRelease
 .text.vApplicationGetIdleTaskMemory
                0x0800b010       0x18 ./Middlewares/Third_Party/FreeRTOS/Source/CMSIS_RTOS_V2/cmsis_os2.o
                0x0800b010                vApplicationGetIdleTaskMemory
 .text.vApplicationGetTimerTaskMemory
                0x0800b028       0x18 ./Middlewares/Third_Party/FreeRTOS/Source/CMSIS_RTOS_V2/cmsis_os2.o
                0x0800b028                vApplicationGetTimerTaskMemory
 .text.vListInitialise
                0x0800b040       0x16 ./Middlewares/Third_Party/FreeRTOS/Source/list.o
                0x0800b040                vListInitialise
 .text.vListInitialiseItem
                0x0800b056        0x6 ./Middlewares/Third_Party/FreeRTOS/Source/list.o
                0x0800b056                vListInitialiseItem
 .text.vListInsertEnd
                0x0800b05c       0x16 ./Middlewares/Third_Party/FreeRTOS/Source/list.o
                0x0800b05c                vListInsertEnd
 .text.vListInsert
                0x0800b072       0x2e ./Middlewares/Third_Party/FreeRTOS/Source/list.o
                0x0800b072                vListInsert
 .text.uxListRemove
                0x0800b0a0       0x20 ./Middlewares/Third_Party/FreeRTOS/Source/list.o
                0x0800b0a0                uxListRemove
 .text.prvIsQueueEmpty
                0x0800b0c0       0x16 ./Middlewares/Third_Party/FreeRTOS/Source/queue.o
 .text.prvCopyDataToQueue
                0x0800b0d6       0x66 ./Middlewares/Third_Party/FreeRTOS/Source/queue.o
 .text.prvCopyDataFromQueue
                0x0800b13c       0x2a ./Middlewares/Third_Party/FreeRTOS/Source/queue.o
 .text.prvUnlockQueue
                0x0800b166       0x70 ./Middlewares/Third_Party/FreeRTOS/Source/queue.o
 .text.xQueueGenericReset
                0x0800b1d6       0x7e ./Middlewares/Third_Party/FreeRTOS/Source/queue.o
                0x0800b1d6                xQueueGenericReset
 .text.xQueueGenericCreateStatic
                0x0800b254       0x9c ./Middlewares/Third_Party/FreeRTOS/Source/queue.o
                0x0800b254                xQueueGenericCreateStatic
 .text.xQueueGenericCreate
                0x0800b2f0       0x4e ./Middlewares/Third_Party/FreeRTOS/Source/queue.o
                0x0800b2f0                xQueueGenericCreate
 .text.xQueueCreateCountingSemaphoreStatic
                0x0800b33e       0x44 ./Middlewares/Third_Party/FreeRTOS/Source/queue.o
                0x0800b33e                xQueueCreateCountingSemaphoreStatic
 .text.xQueueCreateCountingSemaphore
                0x0800b382       0x3c ./Middlewares/Third_Party/FreeRTOS/Source/queue.o
                0x0800b382                xQueueCreateCountingSemaphore
 .text.xQueueGenericSend
                0x0800b3be      0x164 ./Middlewares/Third_Party/FreeRTOS/Source/queue.o
                0x0800b3be                xQueueGenericSend
 .text.xQueueGenericSendFromISR
                0x0800b522       0xba ./Middlewares/Third_Party/FreeRTOS/Source/queue.o
                0x0800b522                xQueueGenericSendFromISR
 .text.xQueueGiveFromISR
                0x0800b5dc       0xa2 ./Middlewares/Third_Party/FreeRTOS/Source/queue.o
                0x0800b5dc                xQueueGiveFromISR
 .text.xQueueReceive
                0x0800b67e      0x13c ./Middlewares/Third_Party/FreeRTOS/Source/queue.o
                0x0800b67e                xQueueReceive
 .text.xQueueSemaphoreTake
                0x0800b7ba      0x17a ./Middlewares/Third_Party/FreeRTOS/Source/queue.o
                0x0800b7ba                xQueueSemaphoreTake
 .text.xQueueReceiveFromISR
                0x0800b934       0x9a ./Middlewares/Third_Party/FreeRTOS/Source/queue.o
                0x0800b934                xQueueReceiveFromISR
 *fill*         0x0800b9ce        0x2 
 .text.vQueueAddToRegistry
                0x0800b9d0       0x24 ./Middlewares/Third_Party/FreeRTOS/Source/queue.o
                0x0800b9d0                vQueueAddToRegistry
 .text.vQueueUnregisterQueue
                0x0800b9f4       0x30 ./Middlewares/Third_Party/FreeRTOS/Source/queue.o
                0x0800b9f4                vQueueUnregisterQueue
 .text.vQueueDelete
                0x0800ba24       0x2a ./Middlewares/Third_Party/FreeRTOS/Source/queue.o
                0x0800ba24                vQueueDelete
 .text.vQueueWaitForMessageRestricted
                0x0800ba4e       0x46 ./Middlewares/Third_Party/FreeRTOS/Source/queue.o
                0x0800ba4e                vQueueWaitForMessageRestricted
 .text.prvAddNewTaskToReadyList
                0x0800ba94       0xfc ./Middlewares/Third_Party/FreeRTOS/Source/tasks.o
 .text.prvAddCurrentTaskToDelayedList
                0x0800bb90       0x70 ./Middlewares/Third_Party/FreeRTOS/Source/tasks.o
 .text.prvResetNextTaskUnblockTime
                0x0800bc00       0x24 ./Middlewares/Third_Party/FreeRTOS/Source/tasks.o
 .text.prvDeleteTCB
                0x0800bc24       0x3c ./Middlewares/Third_Party/FreeRTOS/Source/tasks.o
 .text.prvIdleTask
                0x0800bc60       0x60 ./Middlewares/Third_Party/FreeRTOS/Source/tasks.o
 .text.prvInitialiseNewTask.constprop.0
                0x0800bcc0       0xb8 ./Middlewares/Third_Party/FreeRTOS/Source/tasks.o
 .text.xTaskCreateStatic
                0x0800bd78       0x70 ./Middlewares/Third_Party/FreeRTOS/Source/tasks.o
                0x0800bd78                xTaskCreateStatic
 .text.xTaskCreate
                0x0800bde8       0x5c ./Middlewares/Third_Party/FreeRTOS/Source/tasks.o
                0x0800bde8                xTaskCreate
 .text.vTaskStartScheduler
                0x0800be44       0xa0 ./Middlewares/Third_Party/FreeRTOS/Source/tasks.o
                0x0800be44                vTaskStartScheduler
 .text.vTaskSuspendAll
                0x0800bee4       0x10 ./Middlewares/Third_Party/FreeRTOS/Source/tasks.o
                0x0800bee4                vTaskSuspendAll
 .text.xTaskGetTickCount
                0x0800bef4        0xc ./Middlewares/Third_Party/FreeRTOS/Source/tasks.o
                0x0800bef4                xTaskGetTickCount
 .text.xTaskIncrementTick
                0x0800bf00      0x12c ./Middlewares/Third_Party/FreeRTOS/Source/tasks.o
                0x0800bf00                xTaskIncrementTick
 .text.xTaskResumeAll
                0x0800c02c       0xe8 ./Middlewares/Third_Party/FreeRTOS/Source/tasks.o
                0x0800c02c                xTaskResumeAll
 .text.vTaskDelay
                0x0800c114       0x48 ./Middlewares/Third_Party/FreeRTOS/Source/tasks.o
                0x0800c114                vTaskDelay
 .text.vTaskSwitchContext
                0x0800c15c       0x80 ./Middlewares/Third_Party/FreeRTOS/Source/tasks.o
                0x0800c15c                vTaskSwitchContext
 .text.vTaskPlaceOnEventList
                0x0800c1dc       0x34 ./Middlewares/Third_Party/FreeRTOS/Source/tasks.o
                0x0800c1dc                vTaskPlaceOnEventList
 .text.vTaskPlaceOnEventListRestricted
                0x0800c210       0x3c ./Middlewares/Third_Party/FreeRTOS/Source/tasks.o
                0x0800c210                vTaskPlaceOnEventListRestricted
 .text.xTaskRemoveFromEventList
                0x0800c24c       0x84 ./Middlewares/Third_Party/FreeRTOS/Source/tasks.o
                0x0800c24c                xTaskRemoveFromEventList
 .text.vTaskInternalSetTimeOutState
                0x0800c2d0       0x18 ./Middlewares/Third_Party/FreeRTOS/Source/tasks.o
                0x0800c2d0                vTaskInternalSetTimeOutState
 .text.xTaskCheckForTimeOut
                0x0800c2e8       0x78 ./Middlewares/Third_Party/FreeRTOS/Source/tasks.o
                0x0800c2e8                xTaskCheckForTimeOut
 .text.vTaskMissedYield
                0x0800c360        0xc ./Middlewares/Third_Party/FreeRTOS/Source/tasks.o
                0x0800c360                vTaskMissedYield
 .text.xTaskGetSchedulerState
                0x0800c36c       0x20 ./Middlewares/Third_Party/FreeRTOS/Source/tasks.o
                0x0800c36c                xTaskGetSchedulerState
 .text.xTaskPriorityInherit
                0x0800c38c       0x7c ./Middlewares/Third_Party/FreeRTOS/Source/tasks.o
                0x0800c38c                xTaskPriorityInherit
 .text.xTaskPriorityDisinherit
                0x0800c408       0x84 ./Middlewares/Third_Party/FreeRTOS/Source/tasks.o
                0x0800c408                xTaskPriorityDisinherit
 .text.vTaskPriorityDisinheritAfterTimeout
                0x0800c48c       0x9c ./Middlewares/Third_Party/FreeRTOS/Source/tasks.o
                0x0800c48c                vTaskPriorityDisinheritAfterTimeout
 .text.pvTaskIncrementMutexHeldCount
                0x0800c528       0x18 ./Middlewares/Third_Party/FreeRTOS/Source/tasks.o
                0x0800c528                pvTaskIncrementMutexHeldCount
 .text.prvInsertTimerInActiveList
                0x0800c540       0x3c ./Middlewares/Third_Party/FreeRTOS/Source/timers.o
 .text.prvCheckForValidListAndQueue
                0x0800c57c       0x68 ./Middlewares/Third_Party/FreeRTOS/Source/timers.o
 .text.xTimerCreateTimerTask
                0x0800c5e4       0x64 ./Middlewares/Third_Party/FreeRTOS/Source/timers.o
                0x0800c5e4                xTimerCreateTimerTask
 .text.xTimerGenericCommand
                0x0800c648       0x54 ./Middlewares/Third_Party/FreeRTOS/Source/timers.o
                0x0800c648                xTimerGenericCommand
 .text.prvSampleTimeNow
                0x0800c69c       0xa4 ./Middlewares/Third_Party/FreeRTOS/Source/timers.o
 .text.prvTimerTask
                0x0800c740      0x1cc ./Middlewares/Third_Party/FreeRTOS/Source/timers.o
 .text.prvPortStartFirstTask
                0x0800c90c       0x28 ./Middlewares/Third_Party/FreeRTOS/Source/portable/GCC/ARM_CM4F/port.o
 .text.vPortEnableVFP
                0x0800c934       0x14 ./Middlewares/Third_Party/FreeRTOS/Source/portable/GCC/ARM_CM4F/port.o
 .text.prvTaskExitError
                0x0800c948       0x40 ./Middlewares/Third_Party/FreeRTOS/Source/portable/GCC/ARM_CM4F/port.o
 .text.pxPortInitialiseStack
                0x0800c988       0x24 ./Middlewares/Third_Party/FreeRTOS/Source/portable/GCC/ARM_CM4F/port.o
                0x0800c988                pxPortInitialiseStack
 *fill*         0x0800c9ac        0x4 
 .text.SVC_Handler
                0x0800c9b0       0x24 ./Middlewares/Third_Party/FreeRTOS/Source/portable/GCC/ARM_CM4F/port.o
                0x0800c9b0                SVC_Handler
 .text.vPortEnterCritical
                0x0800c9d4       0x40 ./Middlewares/Third_Party/FreeRTOS/Source/portable/GCC/ARM_CM4F/port.o
                0x0800c9d4                vPortEnterCritical
 .text.vPortExitCritical
                0x0800ca14       0x28 ./Middlewares/Third_Party/FreeRTOS/Source/portable/GCC/ARM_CM4F/port.o
                0x0800ca14                vPortExitCritical
 *fill*         0x0800ca3c        0x4 
 .text.PendSV_Handler
                0x0800ca40       0x64 ./Middlewares/Third_Party/FreeRTOS/Source/portable/GCC/ARM_CM4F/port.o
                0x0800ca40                PendSV_Handler
 .text.xPortSysTickHandler
                0x0800caa4       0x2c ./Middlewares/Third_Party/FreeRTOS/Source/portable/GCC/ARM_CM4F/port.o
                0x0800caa4                xPortSysTickHandler
 .text.vPortSetupTimerInterrupt
                0x0800cad0       0x24 ./Middlewares/Third_Party/FreeRTOS/Source/portable/GCC/ARM_CM4F/port.o
                0x0800cad0                vPortSetupTimerInterrupt
 .text.xPortStartScheduler
                0x0800caf4      0x104 ./Middlewares/Third_Party/FreeRTOS/Source/portable/GCC/ARM_CM4F/port.o
                0x0800caf4                xPortStartScheduler
 .text.vPortValidateInterruptPriority
                0x0800cbf8       0x5c ./Middlewares/Third_Party/FreeRTOS/Source/portable/GCC/ARM_CM4F/port.o
                0x0800cbf8                vPortValidateInterruptPriority
 .text.prvInsertBlockIntoFreeList
                0x0800cc54       0x4c ./Middlewares/Third_Party/FreeRTOS/Source/portable/MemMang/heap_4.o
 .text.pvPortMalloc
                0x0800cca0      0x130 ./Middlewares/Third_Party/FreeRTOS/Source/portable/MemMang/heap_4.o
                0x0800cca0                pvPortMalloc
 .text.vPortFree
                0x0800cdd0       0x7c ./Middlewares/Third_Party/FreeRTOS/Source/portable/MemMang/heap_4.o
                0x0800cdd0                vPortFree
 .text._Z11IDFoundLEDSP4LEDS
                0x0800ce4c        0x8 ./Platform/PlatformLEDs/PlatformLEDs.o
                0x0800ce4c                IDFoundLEDS(LEDS*)
 .text._Z17WaterDetectedLEDSP4LEDS
                0x0800ce54        0x8 ./Platform/PlatformLEDs/PlatformLEDs.o
                0x0800ce54                WaterDetectedLEDS(LEDS*)
 .text._Z16CommunicationLEDP4LEDSh
                0x0800ce5c        0xc ./Platform/PlatformLEDs/PlatformLEDs.o
                0x0800ce5c                CommunicationLED(LEDS*, unsigned char)
 .text._Z11StartupLEDSP4LEDS
                0x0800ce68       0x40 ./Platform/PlatformLEDs/PlatformLEDs.o
                0x0800ce68                StartupLEDS(LEDS*)
 .text._Z19ControllerFaultLEDSP4LEDS
                0x0800cea8       0x54 ./Platform/PlatformLEDs/PlatformLEDs.o
                0x0800cea8                ControllerFaultLEDS(LEDS*)
 .text._ZN9Registers9GetTypeIDIyEEhPb.isra.0
                0x0800cefc       0x9c ./Platform/PlatformSensors/PlatformSensors.o
 .text._ZN9Registers9GetTypeIDIdEEhPb.isra.0
                0x0800cf98       0x9c ./Platform/PlatformSensors/PlatformSensors.o
 .text._ZN9Registers9GetTypeIDItEEhPb.isra.0
                0x0800d034       0x9c ./Platform/PlatformSensors/PlatformSensors.o
 .text._ZN9Registers9GetTypeIDImEEhPb.isra.0
                0x0800d0d0       0x9c ./Platform/PlatformSensors/PlatformSensors.o
 .text._ZN9Registers9GetTypeIDIfEEhPb.isra.0
                0x0800d16c       0x9c ./Platform/PlatformSensors/PlatformSensors.o
 .text._ZN7Sensors13AddSensorDataItEEbhtb.isra.0
                0x0800d208       0x2c ./Platform/PlatformSensors/PlatformSensors.o
 .text._ZN7Sensors13AddSensorDataImEEbhtb.isra.0
                0x0800d234       0x2c ./Platform/PlatformSensors/PlatformSensors.o
 .text._ZN15PlatformSensorsC2Ev
                0x0800d260        0x2 ./Platform/PlatformSensors/PlatformSensors.o
                0x0800d260                PlatformSensors::PlatformSensors()
                0x0800d260                PlatformSensors::PlatformSensors()
 .text._ZN15PlatformSensors4InitEP7SensorsP9RegistersP10PublishersP4LEDS
                0x0800d262        0xc ./Platform/PlatformSensors/PlatformSensors.o
                0x0800d262                PlatformSensors::Init(Sensors*, Registers*, Publishers*, LEDS*)
 *fill*         0x0800d26e        0x2 
 .text._ZN15PlatformSensors14AddMotorSensorEv
                0x0800d270       0xf0 ./Platform/PlatformSensors/PlatformSensors.o
                0x0800d270                PlatformSensors::AddMotorSensor()
 .text._ZN15PlatformSensors19ActivateMotorSensorEv
                0x0800d360       0x18 ./Platform/PlatformSensors/PlatformSensors.o
                0x0800d360                PlatformSensors::ActivateMotorSensor()
 .text._ZN15PlatformSensors25SetupMotorSensorPublisherEv
                0x0800d378       0x7a ./Platform/PlatformSensors/PlatformSensors.o
                0x0800d378                PlatformSensors::SetupMotorSensorPublisher()
 .text._ZN15PlatformSensors20ConfigureMotorSensorEv
                0x0800d3f2       0x2e ./Platform/PlatformSensors/PlatformSensors.o
                0x0800d3f2                PlatformSensors::ConfigureMotorSensor()
 .text._ZN9Registers12ReadRegisterImEEbtPT_Ptb
                0x0800d420      0x170 ./Platform/PlatformSensors/PlatformSensors.o
                0x0800d420                bool Registers::ReadRegister<unsigned long>(unsigned short, unsigned long*, unsigned short*, bool)
 .text._ZN9Registers12ReadRegisterItEEbtPT_Ptb
                0x0800d590      0x18c ./Platform/PlatformSensors/PlatformSensors.o
                0x0800d590                bool Registers::ReadRegister<unsigned short>(unsigned short, unsigned short*, unsigned short*, bool)
 .text._ZN9Registers12ReadRegisterIyEEbtPT_Ptb
                0x0800d71c      0x178 ./Platform/PlatformSensors/PlatformSensors.o
                0x0800d71c                bool Registers::ReadRegister<unsigned long long>(unsigned short, unsigned long long*, unsigned short*, bool)
 .text._ZZN15PlatformSensors14AddMotorSensorEvENUlPvE_4_FUNES0_
                0x0800d894      0x16c ./Platform/PlatformSensors/PlatformSensors.o
 .text._ZNSt6vectorI17RegisterCallbacksIfESaIS1_EE2atEj
                0x0800da00       0x24 ./Platform/PlatformSensors/PlatformSensors.o
                0x0800da00                std::vector<RegisterCallbacks<float>, std::allocator<RegisterCallbacks<float> > >::at(unsigned int)
 .text._ZN9Registers12ReadRegisterIfEEbtPT_Ptb
                0x0800da24      0x154 ./Platform/PlatformSensors/PlatformSensors.o
                0x0800da24                bool Registers::ReadRegister<float>(unsigned short, float*, unsigned short*, bool)
 .text._ZNSt6vectorI21RegisterConfigurationSaIS0_EE17_M_realloc_insertIJRKS0_EEEvN9__gnu_cxx17__normal_iteratorIPS0_S2_EEDpOT_
                0x0800db78       0xc0 ./Platform/PlatformSensors/PlatformSensors.o
                0x0800db78                void std::vector<RegisterConfiguration, std::allocator<RegisterConfiguration> >::_M_realloc_insert<RegisterConfiguration const&>(__gnu_cxx::__normal_iterator<RegisterConfiguration*, std::vector<RegisterConfiguration, std::allocator<RegisterConfiguration> > >, RegisterConfiguration const&)
 .text._ZNSt6vectorI21RegisterConfigurationSaIS0_EE9push_backERKS0_
                0x0800dc38       0x22 ./Platform/PlatformSensors/PlatformSensors.o
                0x0800dc38                std::vector<RegisterConfiguration, std::allocator<RegisterConfiguration> >::push_back(RegisterConfiguration const&)
 .text._ZN9Registers11AddRegisterIfEEbt.isra.0
                0x0800dc5a       0x62 ./Platform/PlatformSensors/PlatformSensors.o
 .text._ZNSt6vectorI17RegisterCallbacksIfESaIS1_EE17_M_realloc_insertIJRKS1_EEEvN9__gnu_cxx17__normal_iteratorIPS1_S3_EEDpOT_
                0x0800dcbc       0xa8 ./Platform/PlatformSensors/PlatformSensors.o
                0x0800dcbc                void std::vector<RegisterCallbacks<float>, std::allocator<RegisterCallbacks<float> > >::_M_realloc_insert<RegisterCallbacks<float> const&>(__gnu_cxx::__normal_iterator<RegisterCallbacks<float>*, std::vector<RegisterCallbacks<float>, std::allocator<RegisterCallbacks<float> > > >, RegisterCallbacks<float> const&)
 .text._ZN9Registers18AddRegisterPointerIfEEbtPT_.isra.0
                0x0800dd64       0x9a ./Platform/PlatformSensors/PlatformSensors.o
 *fill*         0x0800ddfe        0x2 
 .text._ZNSt6vectorI9I2CAccessSaIS0_EE17_M_realloc_insertIJRKS0_EEEvN9__gnu_cxx17__normal_iteratorIPS0_S2_EEDpOT_
                0x0800de00       0xb0 ./Platform/PlatformSensors/PlatformSensors.o
                0x0800de00                void std::vector<I2CAccess, std::allocator<I2CAccess> >::_M_realloc_insert<I2CAccess const&>(__gnu_cxx::__normal_iterator<I2CAccess*, std::vector<I2CAccess, std::allocator<I2CAccess> > >, I2CAccess const&)
 .text._ZNSt6vectorI9I2CAccessSaIS0_EE9push_backERKS0_
                0x0800deb0       0x26 ./Platform/PlatformSensors/PlatformSensors.o
                0x0800deb0                std::vector<I2CAccess, std::allocator<I2CAccess> >::push_back(I2CAccess const&)
 *fill*         0x0800ded6        0x2 
 .text._ZNSt6vectorI17RegisterCallbacksIdESaIS1_EE17_M_realloc_insertIJRKS1_EEEvN9__gnu_cxx17__normal_iteratorIPS1_S3_EEDpOT_
                0x0800ded8       0xa8 ./Platform/PlatformSensors/PlatformSensors.o
                0x0800ded8                void std::vector<RegisterCallbacks<double>, std::allocator<RegisterCallbacks<double> > >::_M_realloc_insert<RegisterCallbacks<double> const&>(__gnu_cxx::__normal_iterator<RegisterCallbacks<double>*, std::vector<RegisterCallbacks<double>, std::allocator<RegisterCallbacks<double> > > >, RegisterCallbacks<double> const&)
 .text._ZN15PlatformSensors23AddMotorSensorRegistersEv
                0x0800df80      0x274 ./Platform/PlatformSensors/PlatformSensors.o
                0x0800df80                PlatformSensors::AddMotorSensorRegisters()
 .text._ZNSt12_Vector_baseIfSaIfEE11_M_allocateEj.isra.0
                0x0800e1f4       0x24 ./Src/Communication/Communication.o
 .text._ZNSt12_Vector_baseIaSaIaEE11_M_allocateEj.isra.0
                0x0800e218       0x16 ./Src/Communication/Communication.o
 *fill*         0x0800e22e        0x2 
 .text._ZN9Registers9GetTypeIDIfEEhPb.isra.0
                0x0800e230       0x9c ./Src/Communication/Communication.o
 .text._ZN9Registers9GetTypeIDIaEEhPb.isra.0
                0x0800e2cc       0x9c ./Src/Communication/Communication.o
 .text._ZN13Communication13ExtractSingleIfEET_St6vectorIhSaIhEEtPb.isra.0
                0x0800e368       0x3c ./Src/Communication/Communication.o
 .text._ZN13Communication13ExtractSingleIaEET_St6vectorIhSaIhEEtPb.isra.0
                0x0800e3a4       0x1a ./Src/Communication/Communication.o
 .text._ZN13Communication13ExtractSingleIhEET_St6vectorIhSaIhEEtPb.isra.0
                0x0800e3be       0x1a ./Src/Communication/Communication.o
 .text._ZNSt12_Vector_baseIhSaIhEE11_M_allocateEj.isra.0
                0x0800e3d8       0x16 ./Src/Communication/Communication.o
 *fill*         0x0800e3ee        0x2 
 .text._ZN9Registers9GetTypeIDIhEEhPb.isra.0
                0x0800e3f0       0x9c ./Src/Communication/Communication.o
 .text._ZN13CommunicationC2Ev
                0x0800e48c       0x1a ./Src/Communication/Communication.o
                0x0800e48c                Communication::Communication()
                0x0800e48c                Communication::Communication()
 .text._ZN13Communication4InitEP9RegistersP8ServicesP17MasterSubscribersP4LEDS
                0x0800e4a6       0x22 ./Src/Communication/Communication.o
                0x0800e4a6                Communication::Init(Registers*, Services*, MasterSubscribers*, LEDS*)
 .text._ZN13Communication12FindProtocolEhPb
                0x0800e4c8       0x30 ./Src/Communication/Communication.o
                0x0800e4c8                Communication::FindProtocol(unsigned char, bool*)
 .text._ZN13Communication16InGroupAddressesEh
                0x0800e4f8       0x18 ./Src/Communication/Communication.o
                0x0800e4f8                Communication::InGroupAddresses(unsigned char)
 .text._ZN13Communication13AcceptMessageE13MessageHeader
                0x0800e510       0x14 ./Src/Communication/Communication.o
                0x0800e510                Communication::AcceptMessage(MessageHeader)
 .text._ZN13Communication5GetIDEPvPb
                0x0800e524       0x28 ./Src/Communication/Communication.o
                0x0800e524                Communication::GetID(void*, bool*)
 .text._ZN13Communication9GetBufferEhPb
                0x0800e54c       0x16 ./Src/Communication/Communication.o
                0x0800e54c                Communication::GetBuffer(unsigned char, bool*)
 .text._ZN13Communication14GetBufferIndexEhPb
                0x0800e562       0x1e ./Src/Communication/Communication.o
                0x0800e562                Communication::GetBufferIndex(unsigned char, bool*)
 .text._ZN13Communication27GetProtocolPayloadMaxLengthEhPb
                0x0800e580       0x18 ./Src/Communication/Communication.o
                0x0800e580                Communication::GetProtocolPayloadMaxLength(unsigned char, bool*)
 .text._ZN13Communication17ActivateReceptionEh