../Src/Registers/Registers.hpp:220:9:uint8_t Registers::GetTypeID(bool*) [with T = float]	8	static
../Src/Sensors/Sensors.hpp:339:6:bool Sensors::AddSensorData(uint8_t, uint16_t, bool) [with T = float]	40	static
../Platform/PlatformSensors/PlatformSensors.cpp:6:1:PlatformSensors::PlatformSensors()	0	static
../Platform/PlatformSensors/PlatformSensors.cpp:17:6:void PlatformSensors::Init(Sensors*, Registers*, Publishers*, LEDS*)	0	static
../Platform/PlatformSensors/PlatformSensors.cpp:30:7:float PlatformSensors::ReadVoltage3_3V(uint32_t)	16	static
../Platform/PlatformSensors/PlatformSensors.cpp:117:3:static float PlatformSensors::AddVoltageSensor(ADC_HandleTypeDef*, ADC_HandleTypeDef*)::<lambda(void*)>::_FUN(void*)	0	static
../Platform/PlatformSensors/PlatformSensors.cpp:79:9:uint8_t PlatformSensors::GetADCResolution(ADC_HandleTypeDef*)	0	static
../Platform/PlatformSensors/PlatformSensors.cpp:136:6:void PlatformSensors::ActivateVoltageSensor()	8	static
../Platform/PlatformSensors/PlatformSensors.cpp:161:6:void PlatformSensors::SetupVoltageSensorPublisher()	8	static
../Src/Registers/Registers.hpp:620:6:bool Registers::ReadRegister(uint16_t, T*, uint16_t*, bool) [with T = float]	1088	static
../Platform/PlatformSensors/PlatformSensors.cpp:50:7:float PlatformSensors::ReadVoltage5V(uint32_t)	40	static
../Platform/PlatformSensors/PlatformSensors.cpp:126:3:static float PlatformSensors::AddVoltageSensor(ADC_HandleTypeDef*, ADC_HandleTypeDef*)::<lambda(void*)>::_FUN(void*)	0	static
c:\st\stm32cubeide_1.10.1\stm32cubeide\plugins\com.st.stm32cube.ide.mcu.externaltools.gnu-tools-for-stm32.10.3-2021.10.win32_1.0.0.202111181127\tools\arm-none-eabi\include\c++\10.3.1\bits\vector.tcc:426:7:) [with _Args = {const I2CAccess&}; _Tp = I2CAccess; _Alloc = std::allocator<I2CAccess>]	40	static
c:\st\stm32cubeide_1.10.1\stm32cubeide\plugins\com.st.stm32cube.ide.mcu.externaltools.gnu-tools-for-stm32.10.3-2021.10.win32_1.0.0.202111181127\tools\arm-none-eabi\include\c++\10.3.1\bits\vector.tcc:426:7:) [with _Args = {const SensorFunction<float>&}; _Tp = SensorFunction<float>; _Alloc = std::allocator<SensorFunction<float> >]	40	static
../Src/Sensors/Sensors.hpp:443:6:bool Sensors::AddCodeSequence(uint8_t, uint16_t, void*, T (*)(void*), uint16_t) [with T = float]	120	static
../Platform/PlatformSensors/PlatformSensors.cpp:94:6:void PlatformSensors::AddVoltageSensor(ADC_HandleTypeDef*, ADC_HandleTypeDef*)	24	static
