../Src/Subscribers/Core/Subscriber.hpp:56:15:virtual void Subscriber::ReceiveUINT32(SubscriberInput, const uint32_t*)	16	static
../Src/Subscribers/Core/Subscriber.hpp:70:15:virtual void Subscriber::ReceiveINT8(SubscriberInput, const int8_t*)	16	static
../Src/Subscribers/Core/Subscriber.hpp:98:15:virtual void Subscriber::ReceiveFLOAT(SubscriberInput, const float*)	16	static
../User/User.cpp:172:3:static bool UserTask(void*)::<lambda(void*, uint16_t, uint8_t*, uint16_t)>::_FUN(void*, uint16_t, uint8_t*, uint16_t)	8	static
../User/User.cpp:368:3:static bool UserTask(void*)::<lambda(void*, uint16_t, uint8_t*, uint16_t)>::_FUN(void*, uint16_t, uint8_t*, uint16_t)	8	static
../User/User.cpp:184:3:static bool UserTask(void*)::<lambda(void*, uint16_t, float*, uint16_t)>::_FUN(void*, uint16_t, float*, uint16_t)	8	static
../User/User.cpp:285:3:static bool UserTask(void*)::<lambda(void*, uint16_t, float*, uint16_t)>::_FUN(void*, uint16_t, float*, uint16_t)	8	static
../User/User.cpp:305:3:static bool UserTask(void*)::<lambda(void*, uint16_t, float*, uint16_t)>::_FUN(void*, uint16_t, float*, uint16_t)	8	static
../User/User.cpp:325:3:static bool UserTask(void*)::<lambda(void*, uint16_t, float*, uint16_t)>::_FUN(void*, uint16_t, float*, uint16_t)	8	static
../Src/Registers/Registers.hpp:221:9:uint8_t Registers::GetTypeID(bool*) [with T = float]	8	static
../Src/Registers/Registers.hpp:221:9:uint8_t Registers::GetTypeID(bool*) [with T = unsigned char]	8	static
../Src/Registers/Registers.hpp:221:9:uint8_t Registers::GetTypeID(bool*) [with T = signed char]	8	static
../Src/Registers/Registers.hpp:221:9:uint8_t Registers::GetTypeID(bool*) [with T = long unsigned int]	8	static
../User/User.cpp:11:1:User::User(Registers*, MasterSubscribers*, Communication*, Services*, Publishers*, HardwareDelay*, Sensors*, LEDS*)	8	static
../User/User.cpp:29:6:void User::Init()	0	static
../User/User.cpp:34:6:void User::AddOSThreads()	56	static
../User/CPG.hpp:14:7:CPG::CPG()	16	static
C:\ST\STM32CubeIDE_1.16.1\STM32CubeIDE\plugins\com.st.stm32cube.ide.mcu.externaltools.gnu-tools-for-stm32.12.3.rel1.win32_1.0.200.202406191623\tools\bin/../lib/gcc/arm-none-eabi/12.3.1/../../../../arm-none-eabi/include/c++/12.3.1/bits/stl_vector.h:1173:7:std::vector<_Tp, _Alloc>::reference std::vector<_Tp, _Alloc>::at(size_type) [with _Tp = RegisterCallbacks<long unsigned int>; _Alloc = std::allocator<RegisterCallbacks<long unsigned int> >]	16	static
../Src/Registers/Registers.hpp:621:6:bool Registers::ReadRegister(uint16_t, T*, uint16_t*, bool) [with T = long unsigned int]	1080	static
C:\ST\STM32CubeIDE_1.16.1\STM32CubeIDE\plugins\com.st.stm32cube.ide.mcu.externaltools.gnu-tools-for-stm32.12.3.rel1.win32_1.0.200.202406191623\tools\bin/../lib/gcc/arm-none-eabi/12.3.1/../../../../arm-none-eabi/include/c++/12.3.1/bits/stl_vector.h:1173:7:std::vector<_Tp, _Alloc>::reference std::vector<_Tp, _Alloc>::at(size_type) [with _Tp = RegisterCallbacks<signed char>; _Alloc = std::allocator<RegisterCallbacks<signed char> >]	16	static
C:\ST\STM32CubeIDE_1.16.1\STM32CubeIDE\plugins\com.st.stm32cube.ide.mcu.externaltools.gnu-tools-for-stm32.12.3.rel1.win32_1.0.200.202406191623\tools\bin/../lib/gcc/arm-none-eabi/12.3.1/../../../../arm-none-eabi/include/c++/12.3.1/bits/stl_vector.h:1173:7:std::vector<_Tp, _Alloc>::reference std::vector<_Tp, _Alloc>::at(size_type) [with _Tp = RegisterCallbacks<unsigned char>; _Alloc = std::allocator<RegisterCallbacks<unsigned char> >]	16	static
../Src/Registers/Registers.hpp:621:6:bool Registers::ReadRegister(uint16_t, T*, uint16_t*, bool) [with T = unsigned char]	312	static
../User/User.cpp:258:3:static bool UserTask(void*)::<lambda(void*, uint16_t, float*, uint16_t)>::_FUN(void*, uint16_t, float*, uint16_t)	24	static
../User/User.cpp:231:3:static bool UserTask(void*)::<lambda(void*, uint16_t, float*, uint16_t)>::_FUN(void*, uint16_t, float*, uint16_t)	24	static
../User/User.cpp:204:3:static bool UserTask(void*)::<lambda(void*, uint16_t, float*, uint16_t)>::_FUN(void*, uint16_t, float*, uint16_t)	24	static
C:\ST\STM32CubeIDE_1.16.1\STM32CubeIDE\plugins\com.st.stm32cube.ide.mcu.externaltools.gnu-tools-for-stm32.12.3.rel1.win32_1.0.200.202406191623\tools\bin/../lib/gcc/arm-none-eabi/12.3.1/../../../../arm-none-eabi/include/c++/12.3.1/bits/stl_vector.h:1173:7:std::vector<_Tp, _Alloc>::reference std::vector<_Tp, _Alloc>::at(size_type) [with _Tp = RegisterCallbacks<float>; _Alloc = std::allocator<RegisterCallbacks<float> >]	16	static
../Src/Registers/Registers.hpp:621:6:bool Registers::ReadRegister(uint16_t, T*, uint16_t*, bool) [with T = float]	1080	static
C:\ST\STM32CubeIDE_1.16.1\STM32CubeIDE\plugins\com.st.stm32cube.ide.mcu.externaltools.gnu-tools-for-stm32.12.3.rel1.win32_1.0.200.202406191623\tools\bin/../lib/gcc/arm-none-eabi/12.3.1/../../../../arm-none-eabi/include/c++/12.3.1/bits/vector.tcc:439:7:) [with _Args = {const RegisterConfiguration&}; _Tp = RegisterConfiguration; _Alloc = std::allocator<RegisterConfiguration>]	40	static
C:\ST\STM32CubeIDE_1.16.1\STM32CubeIDE\plugins\com.st.stm32cube.ide.mcu.externaltools.gnu-tools-for-stm32.12.3.rel1.win32_1.0.200.202406191623\tools\bin/../lib/gcc/arm-none-eabi/12.3.1/../../../../arm-none-eabi/include/c++/12.3.1/bits/stl_vector.h:1276:7:void std::vector<_Tp, _Alloc>::push_back(const value_type&) [with _Tp = RegisterConfiguration; _Alloc = std::allocator<RegisterConfiguration>]	16	static
../Src/Registers/Registers.hpp:176:6:bool Registers::AddRegister(uint16_t) [with T = long unsigned int]	40	static
../Src/Registers/Registers.hpp:176:6:bool Registers::AddRegister(uint16_t) [with T = float]	40	static
../Src/Registers/Registers.hpp:176:6:bool Registers::AddRegister(uint16_t) [with T = unsigned char]	40	static
../Src/Registers/Registers.hpp:176:6:bool Registers::AddRegister(uint16_t) [with T = signed char]	40	static
C:\ST\STM32CubeIDE_1.16.1\STM32CubeIDE\plugins\com.st.stm32cube.ide.mcu.externaltools.gnu-tools-for-stm32.12.3.rel1.win32_1.0.200.202406191623\tools\bin/../lib/gcc/arm-none-eabi/12.3.1/../../../../arm-none-eabi/include/c++/12.3.1/bits/vector.tcc:439:7:) [with _Args = {const RegisterCallbacks<signed char>&}; _Tp = RegisterCallbacks<signed char>; _Alloc = std::allocator<RegisterCallbacks<signed char> >]	40	static
C:\ST\STM32CubeIDE_1.16.1\STM32CubeIDE\plugins\com.st.stm32cube.ide.mcu.externaltools.gnu-tools-for-stm32.12.3.rel1.win32_1.0.200.202406191623\tools\bin/../lib/gcc/arm-none-eabi/12.3.1/../../../../arm-none-eabi/include/c++/12.3.1/bits/stl_vector.h:1276:7:void std::vector<_Tp, _Alloc>::push_back(const value_type&) [with _Tp = RegisterCallbacks<signed char>; _Alloc = std::allocator<RegisterCallbacks<signed char> >]	16	static
C:\ST\STM32CubeIDE_1.16.1\STM32CubeIDE\plugins\com.st.stm32cube.ide.mcu.externaltools.gnu-tools-for-stm32.12.3.rel1.win32_1.0.200.202406191623\tools\bin/../lib/gcc/arm-none-eabi/12.3.1/../../../../arm-none-eabi/include/c++/12.3.1/bits/vector.tcc:439:7:) [with _Args = {const RegisterCallbacks<unsigned char>&}; _Tp = RegisterCallbacks<unsigned char>; _Alloc = std::allocator<RegisterCallbacks<unsigned char> >]	40	static
C:\ST\STM32CubeIDE_1.16.1\STM32CubeIDE\plugins\com.st.stm32cube.ide.mcu.externaltools.gnu-tools-for-stm32.12.3.rel1.win32_1.0.200.202406191623\tools\bin/../lib/gcc/arm-none-eabi/12.3.1/../../../../arm-none-eabi/include/c++/12.3.1/bits/stl_vector.h:1276:7:void std::vector<_Tp, _Alloc>::push_back(const value_type&) [with _Tp = RegisterCallbacks<unsigned char>; _Alloc = std::allocator<RegisterCallbacks<unsigned char> >]	16	static
../Src/Registers/Registers.hpp:348:6:bool Registers::AddWriteCallback(uint16_t, void*, bool (*)(void*, uint16_t, T*, uint16_t)) [with T = unsigned char]	48	static
../Src/Registers/Registers.hpp:269:6:bool Registers::AddRegisterPointer(uint16_t, T*) [with T = unsigned char]	40	static
C:\ST\STM32CubeIDE_1.16.1\STM32CubeIDE\plugins\com.st.stm32cube.ide.mcu.externaltools.gnu-tools-for-stm32.12.3.rel1.win32_1.0.200.202406191623\tools\bin/../lib/gcc/arm-none-eabi/12.3.1/../../../../arm-none-eabi/include/c++/12.3.1/bits/vector.tcc:439:7:) [with _Args = {const RegisterCallbacks<float>&}; _Tp = RegisterCallbacks<float>; _Alloc = std::allocator<RegisterCallbacks<float> >]	40	static
C:\ST\STM32CubeIDE_1.16.1\STM32CubeIDE\plugins\com.st.stm32cube.ide.mcu.externaltools.gnu-tools-for-stm32.12.3.rel1.win32_1.0.200.202406191623\tools\bin/../lib/gcc/arm-none-eabi/12.3.1/../../../../arm-none-eabi/include/c++/12.3.1/bits/stl_vector.h:1276:7:void std::vector<_Tp, _Alloc>::push_back(const value_type&) [with _Tp = RegisterCallbacks<float>; _Alloc = std::allocator<RegisterCallbacks<float> >]	16	static
../Src/Registers/Registers.hpp:269:6:bool Registers::AddRegisterPointer(uint16_t, T*) [with T = float]	40	static
../Src/Registers/Registers.hpp:348:6:bool Registers::AddWriteCallback(uint16_t, void*, bool (*)(void*, uint16_t, T*, uint16_t)) [with T = float]	48	static
C:\ST\STM32CubeIDE_1.16.1\STM32CubeIDE\plugins\com.st.stm32cube.ide.mcu.externaltools.gnu-tools-for-stm32.12.3.rel1.win32_1.0.200.202406191623\tools\bin/../lib/gcc/arm-none-eabi/12.3.1/../../../../arm-none-eabi/include/c++/12.3.1/bits/vector.tcc:439:7:) [with _Args = {const RegisterCallbacks<long unsigned int>&}; _Tp = RegisterCallbacks<long unsigned int>; _Alloc = std::allocator<RegisterCallbacks<long unsigned int> >]	40	static
../Src/Registers/Registers.hpp:269:6:bool Registers::AddRegisterPointer(uint16_t, T*) [with T = long unsigned int]	48	static
C:\ST\STM32CubeIDE_1.16.1\STM32CubeIDE\plugins\com.st.stm32cube.ide.mcu.externaltools.gnu-tools-for-stm32.12.3.rel1.win32_1.0.200.202406191623\tools\arm-none-eabi\include\c++\12.3.1\bits\stl_uninitialized.h:655:9:static _ForwardIterator std::__uninitialized_default_n_1<true>::__uninit_default_n(_ForwardIterator, _Size) [with _ForwardIterator = long unsigned int*; _Size = unsigned int]	16	static
C:\ST\STM32CubeIDE_1.16.1\STM32CubeIDE\plugins\com.st.stm32cube.ide.mcu.externaltools.gnu-tools-for-stm32.12.3.rel1.win32_1.0.200.202406191623\tools\bin/../lib/gcc/arm-none-eabi/12.3.1/../../../../arm-none-eabi/include/c++/12.3.1/bits/vector.tcc:628:5:void std::vector<_Tp, _Alloc>::_M_default_append(size_type) [with _Tp = long unsigned int; _Alloc = std::allocator<long unsigned int>]	32	static
../Src/Registers/Registers.hpp:497:6:bool Registers::WriteRegister(uint16_t, T*, uint16_t, bool) [with T = long unsigned int]	56	static
../User/User.cpp:118:7:virtual void SubGeneral::ReceiveUINT8(SubscriberInput, const uint8_t*)	48	static
C:\ST\STM32CubeIDE_1.16.1\STM32CubeIDE\plugins\com.st.stm32cube.ide.mcu.externaltools.gnu-tools-for-stm32.12.3.rel1.win32_1.0.200.202406191623\tools\arm-none-eabi\include\c++\12.3.1\bits\stl_uninitialized.h:655:9:static _ForwardIterator std::__uninitialized_default_n_1<true>::__uninit_default_n(_ForwardIterator, _Size) [with _ForwardIterator = unsigned char*; _Size = unsigned int]	8	static
C:\ST\STM32CubeIDE_1.16.1\STM32CubeIDE\plugins\com.st.stm32cube.ide.mcu.externaltools.gnu-tools-for-stm32.12.3.rel1.win32_1.0.200.202406191623\tools\bin/../lib/gcc/arm-none-eabi/12.3.1/../../../../arm-none-eabi/include/c++/12.3.1/bits/vector.tcc:628:5:void std::vector<_Tp, _Alloc>::_M_default_append(size_type) [with _Tp = unsigned char; _Alloc = std::allocator<unsigned char>]	32	static
../Src/Registers/Registers.hpp:497:6:bool Registers::WriteRegister(uint16_t, T*, uint16_t, bool) [with T = unsigned char]	56	static
C:\ST\STM32CubeIDE_1.16.1\STM32CubeIDE\plugins\com.st.stm32cube.ide.mcu.externaltools.gnu-tools-for-stm32.12.3.rel1.win32_1.0.200.202406191623\tools\arm-none-eabi\include\c++\12.3.1\bits\stl_uninitialized.h:655:9:static _ForwardIterator std::__uninitialized_default_n_1<true>::__uninit_default_n(_ForwardIterator, _Size) [with _ForwardIterator = float*; _Size = unsigned int]	8	static
C:\ST\STM32CubeIDE_1.16.1\STM32CubeIDE\plugins\com.st.stm32cube.ide.mcu.externaltools.gnu-tools-for-stm32.12.3.rel1.win32_1.0.200.202406191623\tools\bin/../lib/gcc/arm-none-eabi/12.3.1/../../../../arm-none-eabi/include/c++/12.3.1/bits/vector.tcc:628:5:void std::vector<_Tp, _Alloc>::_M_default_append(size_type) [with _Tp = float; _Alloc = std::allocator<float>]	32	static
../Src/Registers/Registers.hpp:497:6:bool Registers::WriteRegister(uint16_t, T*, uint16_t, bool) [with T = float]	56	static
../User/User.cpp:393:3:static bool UserTask(void*)::<lambda(void*, uint16_t, uint8_t*, uint16_t)>::_FUN(void*, uint16_t, uint8_t*, uint16_t)	48	static
../User/User.cpp:447:3:static bool UserTask(void*)::<lambda(void*, uint16_t, int8_t*, uint16_t)>::_FUN(void*, uint16_t, int8_t*, uint16_t)	40	static
C:\ST\STM32CubeIDE_1.16.1\STM32CubeIDE\plugins\com.st.stm32cube.ide.mcu.externaltools.gnu-tools-for-stm32.12.3.rel1.win32_1.0.200.202406191623\tools\arm-none-eabi\include\c++\12.3.1\bits\stl_uninitialized.h:655:9:static _ForwardIterator std::__uninitialized_default_n_1<true>::__uninit_default_n(_ForwardIterator, _Size) [with _ForwardIterator = signed char*; _Size = unsigned int]	8	static
C:\ST\STM32CubeIDE_1.16.1\STM32CubeIDE\plugins\com.st.stm32cube.ide.mcu.externaltools.gnu-tools-for-stm32.12.3.rel1.win32_1.0.200.202406191623\tools\bin/../lib/gcc/arm-none-eabi/12.3.1/../../../../arm-none-eabi/include/c++/12.3.1/bits/vector.tcc:628:5:void std::vector<_Tp, _Alloc>::_M_default_append(size_type) [with _Tp = signed char; _Alloc = std::allocator<signed char>]	32	static
../User/User.cpp:138:13:void UserTask(void*)	96	static
../User/User.cpp:632:1:cpp)	8	static
