../Src/Communication/Communication.cpp:11:1:Communication::Communication()	0	static
../Src/Communication/Communication.cpp:15:6:void Communication::Init(Registers*, Services*, MasterSubscribers*, LEDS*)	8	static
../Src/Communication/Communication.cpp:138:24:CommunicationProtocol* Communication::FindProtocol(uint8_t, bool*)	24	static
../Src/Communication/Communication.cpp:199:6:bool Communication::InGroupAddresses(uint8_t)	0	static
../Src/Communication/Communication.cpp:195:6:bool Communication::AcceptMessage(MessageHeader)	8	static
../Src/Communication/Communication.cpp:206:9:uint8_t Communication::GetID(void*, bool*)	24	static
../Src/Communication/Communication.cpp:216:23:std::vector<unsigned char>* Communication::GetBuffer(uint8_t, bool*)	16	static
../Src/Communication/Communication.cpp:225:11:uint16_t* Communication::GetBufferIndex(uint8_t, bool*)	16	static
../Src/Communication/Communication.cpp:235:10:uint16_t Communication::GetProtocolPayloadMaxLength(uint8_t, bool*)	8	static
../Src/Communication/Communication.cpp:243:19:HAL_StatusTypeDef Communication::ActivateReception(uint8_t)	16	static
../Src/Communication/Communication.cpp:629:6:bool Communication::SetModuleAddress(uint8_t)	16	static
../Src/Communication/Communication.cpp:657:6:bool Communication::ClearGroupAddress()	8	static
../Src/Communication/Communication.cpp:81:3:static bool Communication::AddRegisters()::<lambda(void*, uint16_t, uint8_t*, uint16_t)>::_FUN(void*, uint16_t, uint8_t*, uint16_t)	8	static
D:/Code/Envirobot2_0_STM32_Head/Src/Registers/Registers.hpp:199:9:uint8_t Registers::GetTypeID(bool*) [with T = unsigned char]	8	static
c:\st\stm32cubeide_1.10.1\stm32cubeide\plugins\com.st.stm32cube.ide.mcu.externaltools.gnu-tools-for-stm32.10.3-2021.10.win32_1.0.0.202111181127\tools\arm-none-eabi\include\c++\10.3.1\bits\vector.tcc:426:7:) [with _Args = {const unsigned char&}; _Tp = unsigned char; _Alloc = std::allocator<unsigned char>]	48	static
../Src/Communication/Communication.cpp:636:6:bool Communication::AddGroupAddress(uint8_t)	24	static
../Src/Communication/Communication.cpp:63:3:static bool Communication::AddRegisters()::<lambda(void*, uint16_t, uint8_t*, uint16_t)>::_FUN(void*, uint16_t, uint8_t*, uint16_t)	8	static
c:\st\stm32cubeide_1.10.1\stm32cubeide\plugins\com.st.stm32cube.ide.mcu.externaltools.gnu-tools-for-stm32.10.3-2021.10.win32_1.0.0.202111181127\tools\arm-none-eabi\include\c++\10.3.1\bits\stl_vector.h:1815:7:void std::vector<_Tp, _Alloc>::_M_move_assign(std::vector<_Tp, _Alloc>&&, std::true_type) [with _Tp = unsigned char; _Alloc = std::allocator<unsigned char>]	40	static
c:\st\stm32cubeide_1.10.1\stm32cubeide\plugins\com.st.stm32cube.ide.mcu.externaltools.gnu-tools-for-stm32.10.3-2021.10.win32_1.0.0.202111181127\tools\arm-none-eabi\include\c++\10.3.1\bits\vector.tcc:426:7:) [with _Args = {CommunicationProtocol* const&}; _Tp = CommunicationProtocol*; _Alloc = std::allocator<CommunicationProtocol*>]	48	static
../Src/Communication/Communication.cpp:132:6:void Communication::AddProtocol(CommunicationProtocol*)	24	static
c:\st\stm32cubeide_1.10.1\stm32cubeide\plugins\com.st.stm32cube.ide.mcu.externaltools.gnu-tools-for-stm32.10.3-2021.10.win32_1.0.0.202111181127\tools\arm-none-eabi\include\c++\10.3.1\bits\vector.tcc:426:7:) [with _Args = {const RegisterConfiguration&}; _Tp = RegisterConfiguration; _Alloc = std::allocator<RegisterConfiguration>]	48	static
D:/Code/Envirobot2_0_STM32_Head/Src/Registers/Registers.hpp:162:6:bool Registers::AddRegister(uint16_t) [with T = unsigned char]	64	static
c:\st\stm32cubeide_1.10.1\stm32cubeide\plugins\com.st.stm32cube.ide.mcu.externaltools.gnu-tools-for-stm32.10.3-2021.10.win32_1.0.0.202111181127\tools\arm-none-eabi\include\c++\10.3.1\bits\vector.tcc:426:7:) [with _Args = {const RegisterCallbacks<unsigned char>&}; _Tp = RegisterCallbacks<unsigned char>; _Alloc = std::allocator<RegisterCallbacks<unsigned char> >]	48	static
D:/Code/Envirobot2_0_STM32_Head/Src/Registers/Registers.hpp:294:6:bool Registers::AddWriteCallback(uint16_t, void*, bool (*)(void*, uint16_t, T*, uint16_t)) [with T = unsigned char]	48	static
D:/Code/Envirobot2_0_STM32_Head/Src/Registers/Registers.hpp:240:6:bool Registers::AddRegisterPointer(uint16_t, T*) [with T = unsigned char]	48	static
D:/Code/Envirobot2_0_STM32_Head/Src/Registers/Registers.hpp:288:6:bool Registers::AddVectorRegisterPointer(uint16_t, std::vector<T>*) [with T = unsigned char]	8	static
../Src/Communication/Communication.cpp:25:6:void Communication::AddRegisters()	8	static
c:\st\stm32cubeide_1.10.1\stm32cubeide\plugins\com.st.stm32cube.ide.mcu.externaltools.gnu-tools-for-stm32.10.3-2021.10.win32_1.0.0.202111181127\tools\arm-none-eabi\include\c++\10.3.1\bits\vector.tcc:426:7:) [with _Args = {unsigned char}; _Tp = unsigned char; _Alloc = std::allocator<unsigned char>]	48	static
c:\st\stm32cubeide_1.10.1\stm32cubeide\plugins\com.st.stm32cube.ide.mcu.externaltools.gnu-tools-for-stm32.10.3-2021.10.win32_1.0.0.202111181127\tools\arm-none-eabi\include\c++\10.3.1\bits\vector.tcc:109:7:) [with _Args = {unsigned char}; _Tp = unsigned char; _Alloc = std::allocator<unsigned char>]	8	static
D:/Code/Envirobot2_0_STM32_Head/Src/Communication/Communication.hpp:131:3:T Communication::ExtractSingle(std::vector<unsigned char>, uint16_t, bool*) [with T = unsigned char]	12	static
D:/Code/Envirobot2_0_STM32_Head/Src/Communication/Communication.hpp:131:3:T Communication::ExtractSingle(std::vector<unsigned char>, uint16_t, bool*) [with T = long unsigned int]	12	static
D:/Code/Envirobot2_0_STM32_Head/Src/Communication/Communication.hpp:131:3:T Communication::ExtractSingle(std::vector<unsigned char>, uint16_t, bool*) [with T = float]	12	static
D:/Code/Envirobot2_0_STM32_Head/Src/Services/Services.hpp:421:6:void Services::TranferData(T*, T*, uint16_t) [with T = unsigned char]	0	static
D:/Code/Envirobot2_0_STM32_Head/Src/Services/Services.hpp:421:6:void Services::TranferData(T*, T*, uint16_t) [with T = long unsigned int]	4	static
D:/Code/Envirobot2_0_STM32_Head/Src/Services/Services.hpp:421:6:void Services::TranferData(T*, T*, uint16_t) [with T = float]	4	static
D:/Code/Envirobot2_0_STM32_Head/Src/Services/Services.hpp:342:6:void Services::ReceiveRead(ServiceConfiguration, T*) [with T = unsigned char]	64	static
D:/Code/Envirobot2_0_STM32_Head/Src/Services/Services.hpp:342:6:void Services::ReceiveRead(ServiceConfiguration, T*) [with T = long unsigned int]	64	static
D:/Code/Envirobot2_0_STM32_Head/Src/Services/Services.hpp:342:6:void Services::ReceiveRead(ServiceConfiguration, T*) [with T = float]	64	static
c:\st\stm32cubeide_1.10.1\stm32cubeide\plugins\com.st.stm32cube.ide.mcu.externaltools.gnu-tools-for-stm32.10.3-2021.10.win32_1.0.0.202111181127\tools\arm-none-eabi\include\c++\10.3.1\bits\stl_iterator.h:1225:5:_Iterator std::__niter_base(__gnu_cxx::__normal_iterator<_Iterator, _Container>) [with _Iterator = MessageHeader*; _Container = std::vector<MessageHeader>]	0	static
c:\st\stm32cubeide_1.10.1\stm32cubeide\plugins\com.st.stm32cube.ide.mcu.externaltools.gnu-tools-for-stm32.10.3-2021.10.win32_1.0.0.202111181127\tools\arm-none-eabi\include\c++\10.3.1\bits\vector.tcc:171:5:std::vector<_Tp, _Alloc>::iterator std::vector<_Tp, _Alloc>::_M_erase(std::vector<_Tp, _Alloc>::iterator) [with _Tp = MessageHeader; _Alloc = std::allocator<MessageHeader>]	56	static
D:/Code/Envirobot2_0_STM32_Head/Src/Registers/Registers.hpp:496:6:bool Registers::ReadRegister(uint16_t, T*, uint16_t*, bool) [with T = unsigned char]	320	static
D:/Code/Envirobot2_0_STM32_Head/Src/Registers/Registers.hpp:199:9:uint8_t Registers::GetTypeID(bool*) [with T = long unsigned int]	8	static
D:/Code/Envirobot2_0_STM32_Head/Src/Registers/Registers.hpp:496:6:bool Registers::ReadRegister(uint16_t, T*, uint16_t*, bool) [with T = long unsigned int]	1088	static
c:\st\stm32cubeide_1.10.1\stm32cubeide\plugins\com.st.stm32cube.ide.mcu.externaltools.gnu-tools-for-stm32.10.3-2021.10.win32_1.0.0.202111181127\tools\arm-none-eabi\include\c++\10.3.1\bits\vector.tcc:426:7:) [with _Args = {const long unsigned int&}; _Tp = long unsigned int; _Alloc = std::allocator<long unsigned int>]	48	static
D:/Code/Envirobot2_0_STM32_Head/Src/Registers/Registers.hpp:199:9:uint8_t Registers::GetTypeID(bool*) [with T = float]	8	static
D:/Code/Envirobot2_0_STM32_Head/Src/Registers/Registers.hpp:496:6:bool Registers::ReadRegister(uint16_t, T*, uint16_t*, bool) [with T = float]	1088	static
c:\st\stm32cubeide_1.10.1\stm32cubeide\plugins\com.st.stm32cube.ide.mcu.externaltools.gnu-tools-for-stm32.10.3-2021.10.win32_1.0.0.202111181127\tools\arm-none-eabi\include\c++\10.3.1\bits\vector.tcc:426:7:) [with _Args = {const float&}; _Tp = float; _Alloc = std::allocator<float>]	48	static
c:\st\stm32cubeide_1.10.1\stm32cubeide\plugins\com.st.stm32cube.ide.mcu.externaltools.gnu-tools-for-stm32.10.3-2021.10.win32_1.0.0.202111181127\tools\arm-none-eabi\include\c++\10.3.1\bits\stl_iterator.h:1225:5:_Iterator std::__niter_base(__gnu_cxx::__normal_iterator<_Iterator, _Container>) [with _Iterator = unsigned char*; _Container = std::vector<unsigned char>]	0	static
c:\st\stm32cubeide_1.10.1\stm32cubeide\plugins\com.st.stm32cube.ide.mcu.externaltools.gnu-tools-for-stm32.10.3-2021.10.win32_1.0.0.202111181127\tools\arm-none-eabi\include\c++\10.3.1\bits\vector.tcc:171:5:std::vector<_Tp, _Alloc>::iterator std::vector<_Tp, _Alloc>::_M_erase(std::vector<_Tp, _Alloc>::iterator) [with _Tp = unsigned char; _Alloc = std::allocator<unsigned char>]	24	static
../Src/Communication/Communication.cpp:643:6:bool Communication::RemoveGroupAddress(uint8_t)	16	static
../Src/Communication/Communication.cpp:72:3:static bool Communication::AddRegisters()::<lambda(void*, uint16_t, uint8_t*, uint16_t)>::_FUN(void*, uint16_t, uint8_t*, uint16_t)	8	static
c:\st\stm32cubeide_1.10.1\stm32cubeide\plugins\com.st.stm32cube.ide.mcu.externaltools.gnu-tools-for-stm32.10.3-2021.10.win32_1.0.0.202111181127\tools\arm-none-eabi\include\c++\10.3.1\bits\vector.tcc:611:5:void std::vector<_Tp, _Alloc>::_M_default_append(std::vector<_Tp, _Alloc>::size_type) [with _Tp = unsigned char; _Alloc = std::allocator<unsigned char>]	32	static
D:/Code/Envirobot2_0_STM32_Head/Src/Registers/Registers.hpp:401:6:bool Registers::WriteRegister(uint16_t, T*, uint16_t, bool) [with T = unsigned char]	64	static
D:/Code/Envirobot2_0_STM32_Head/Src/Registers/Registers.hpp:477:6:bool Registers::WriteVectorRegister(uint16_t, std::vector<T>, bool) [with T = unsigned char]	40	static
D:/Code/Envirobot2_0_STM32_Head/Src/Communication/Communication.hpp:189:22:std::vector<unsigned char> Communication::BuildSingle(T) [with T = unsigned char]	32	static
c:\st\stm32cubeide_1.10.1\stm32cubeide\plugins\com.st.stm32cube.ide.mcu.externaltools.gnu-tools-for-stm32.10.3-2021.10.win32_1.0.0.202111181127\tools\arm-none-eabi\include\c++\10.3.1\bits\vector.tcc:611:5:void std::vector<_Tp, _Alloc>::_M_default_append(std::vector<_Tp, _Alloc>::size_type) [with _Tp = long unsigned int; _Alloc = std::allocator<long unsigned int>]	40	static
D:/Code/Envirobot2_0_STM32_Head/Src/Registers/Registers.hpp:401:6:bool Registers::WriteRegister(uint16_t, T*, uint16_t, bool) [with T = long unsigned int]	64	static
D:/Code/Envirobot2_0_STM32_Head/Src/Registers/Registers.hpp:477:6:bool Registers::WriteVectorRegister(uint16_t, std::vector<T>, bool) [with T = long unsigned int]	40	static
D:/Code/Envirobot2_0_STM32_Head/Src/Communication/Communication.hpp:189:22:std::vector<unsigned char> Communication::BuildSingle(T) [with T = long unsigned int]	32	static
c:\st\stm32cubeide_1.10.1\stm32cubeide\plugins\com.st.stm32cube.ide.mcu.externaltools.gnu-tools-for-stm32.10.3-2021.10.win32_1.0.0.202111181127\tools\arm-none-eabi\include\c++\10.3.1\bits\vector.tcc:611:5:void std::vector<_Tp, _Alloc>::_M_default_append(std::vector<_Tp, _Alloc>::size_type) [with _Tp = float; _Alloc = std::allocator<float>]	40	static
D:/Code/Envirobot2_0_STM32_Head/Src/Registers/Registers.hpp:401:6:bool Registers::WriteRegister(uint16_t, T*, uint16_t, bool) [with T = float]	64	static
D:/Code/Envirobot2_0_STM32_Head/Src/Registers/Registers.hpp:477:6:bool Registers::WriteVectorRegister(uint16_t, std::vector<T>, bool) [with T = float]	40	static
D:/Code/Envirobot2_0_STM32_Head/Src/Communication/Communication.hpp:189:22:std::vector<unsigned char> Communication::BuildSingle(T) [with T = float]	40	static
c:\st\stm32cubeide_1.10.1\stm32cubeide\plugins\com.st.stm32cube.ide.mcu.externaltools.gnu-tools-for-stm32.10.3-2021.10.win32_1.0.0.202111181127\tools\arm-none-eabi\include\c++\10.3.1\bits\stl_iterator.h:1225:5:_Iterator std::__niter_base(__gnu_cxx::__normal_iterator<_Iterator, _Container>) [with _Iterator = const unsigned char*; _Container = std::vector<unsigned char>]	0	static
c:\st\stm32cubeide_1.10.1\stm32cubeide\plugins\com.st.stm32cube.ide.mcu.externaltools.gnu-tools-for-stm32.10.3-2021.10.win32_1.0.0.202111181127\tools\arm-none-eabi\include\c++\10.3.1\bits\stl_vector.h:553:7:std::vector<_Tp, _Alloc>::vector(const std::vector<_Tp, _Alloc>&) [with _Tp = unsigned char; _Alloc = std::allocator<unsigned char>]	24	static
c:\st\stm32cubeide_1.10.1\stm32cubeide\plugins\com.st.stm32cube.ide.mcu.externaltools.gnu-tools-for-stm32.10.3-2021.10.win32_1.0.0.202111181127\tools\arm-none-eabi\include\c++\10.3.1\bits\vector.tcc:198:5:std::vector<_Tp, _Alloc>& std::vector<_Tp, _Alloc>::operator=(const std::vector<_Tp, _Alloc>&) [with _Tp = unsigned char; _Alloc = std::allocator<unsigned char>]	32	static
D:/Code/Envirobot2_0_STM32_Head/Src/Communication/Communication.hpp:177:16:std::vector<T> Communication::BuildTVector(MessageElement, T*) [with T = unsigned char]	88	static
D:/Code/Envirobot2_0_STM32_Head/Src/Communication/Communication.hpp:151:6:void Communication::ExtractArray(T*, std::vector<unsigned char>, uint16_t, uint16_t, bool*) [with T = unsigned char]	72	static
D:/Code/Envirobot2_0_STM32_Head/Src/Communication/Communication.hpp:151:6:void Communication::ExtractArray(T*, std::vector<unsigned char>, uint16_t, uint16_t, bool*) [with T = long unsigned int]	72	static
D:/Code/Envirobot2_0_STM32_Head/Src/Communication/Communication.hpp:151:6:void Communication::ExtractArray(T*, std::vector<unsigned char>, uint16_t, uint16_t, bool*) [with T = float]	72	static
D:/Code/Envirobot2_0_STM32_Head/Src/Communication/Communication.hpp:163:16:std::vector<T> Communication::ExtractVector(std::vector<unsigned char>, uint16_t, uint16_t, bool*) [with T = unsigned char]	72	static
../Src/Communication/Communication.cpp:532:10:uint16_t Communication::ProcessService(MessageHeader, MessageElement, uint16_t) [with T = unsigned char]	144	dynamic
D:/Code/Envirobot2_0_STM32_Head/Src/Communication/Communication.hpp:163:16:std::vector<T> Communication::ExtractVector(std::vector<unsigned char>, uint16_t, uint16_t, bool*) [with T = float]	72	static
../Src/Communication/Communication.cpp:532:10:uint16_t Communication::ProcessService(MessageHeader, MessageElement, uint16_t) [with T = float]	168	dynamic
D:/Code/Envirobot2_0_STM32_Head/Src/Communication/Communication.hpp:163:16:std::vector<T> Communication::ExtractVector(std::vector<unsigned char>, uint16_t, uint16_t, bool*) [with T = long unsigned int]	72	static
../Src/Communication/Communication.cpp:532:10:uint16_t Communication::ProcessService(MessageHeader, MessageElement, uint16_t) [with T = long unsigned int]	168	dynamic
../Src/Communication/Communication.cpp:108:6:void Communication::Spin()	96	static
D:/Code/Envirobot2_0_STM32_Head/Src/Communication/Communication.hpp:29:8:MessageElement::MessageElement(const MessageElement&)	32	static
c:\st\stm32cubeide_1.10.1\stm32cubeide\plugins\com.st.stm32cube.ide.mcu.externaltools.gnu-tools-for-stm32.10.3-2021.10.win32_1.0.0.202111181127\tools\arm-none-eabi\include\c++\10.3.1\bits\vector.tcc:426:7:) [with _Args = {const MessageHeader&}; _Tp = MessageHeader; _Alloc = std::allocator<MessageHeader>]	64	static
../Src/Communication/Communication.cpp:150:19:HAL_StatusTypeDef Communication::Send(MessageHeader)	64	static
../Src/Communication/Communication.cpp:95:3:static bool Communication::AddRegisters()::<lambda(void*, uint16_t, uint8_t*, uint16_t)>::_FUN(void*, uint16_t, uint8_t*, uint16_t)	104	static
c:\st\stm32cubeide_1.10.1\stm32cubeide\plugins\com.st.stm32cube.ide.mcu.externaltools.gnu-tools-for-stm32.10.3-2021.10.win32_1.0.0.202111181127\tools\arm-none-eabi\include\c++\10.3.1\bits\stl_iterator.h:2291:5:base())) std::__miter_base(std::move_iterator<_IteratorL>) [with _Iterator = unsigned char*]	0	static
c:\st\stm32cubeide_1.10.1\stm32cubeide\plugins\com.st.stm32cube.ide.mcu.externaltools.gnu-tools-for-stm32.10.3-2021.10.win32_1.0.0.202111181127\tools\arm-none-eabi\include\c++\10.3.1\bits\vector.tcc:721:7:void std::vector<_Tp, _Alloc>::_M_range_insert(std::vector<_Tp, _Alloc>::iterator, _ForwardIterator, _ForwardIterator, std::forward_iterator_tag) [with _ForwardIterator = __gnu_cxx::__normal_iterator<unsigned char*, std::vector<unsigned char> >; _Tp = unsigned char; _Alloc = std::allocator<unsigned char>]	56	static
D:/Code/Envirobot2_0_STM32_Head/Src/Communication/Communication.hpp:203:22:std::vector<unsigned char> Communication::BuildVector(std::vector<T>) [with T = unsigned char]	48	static
D:/Code/Envirobot2_0_STM32_Head/Src/Communication/Communication.hpp:215:22:std::vector<unsigned char> Communication::ReadElement(MessageElement*, bool*) [with T = unsigned char]	128	static
D:/Code/Envirobot2_0_STM32_Head/Src/Communication/Communication.hpp:203:22:std::vector<unsigned char> Communication::BuildVector(std::vector<T>) [with T = long unsigned int]	48	static
D:/Code/Envirobot2_0_STM32_Head/Src/Communication/Communication.hpp:203:22:std::vector<unsigned char> Communication::BuildVector(std::vector<T>) [with T = float]	48	static
../Src/Communication/Communication.cpp:259:6:bool Communication::BuildPayload(MessageHeader*, MessageElement)	48	static
../Src/Communication/Communication.cpp:29:3:static bool Communication::AddRegisters()::<lambda(void*, uint16_t, uint8_t*, uint16_t)>::_FUN(void*, uint16_t, uint8_t*, uint16_t)	128	static
../Src/Communication/Communication.cpp:513:10:uint16_t Communication::ProcessRead(MessageHeader, MessageHeader*, MessageElement, MessageElement, uint16_t) [with T = unsigned char]	168	static
../Src/Communication/Communication.cpp:403:6:bool Communication::FindRegister(MessageHeader, MessageHeader*, MessageElement*)	200	static
../Src/Communication/Communication.cpp:470:10:uint16_t Communication::ProcessWrite(MessageHeader, MessageHeader*, MessageElement, MessageElement, uint16_t) [with T = unsigned char]	248	dynamic
../Src/Communication/Communication.cpp:448:10:uint16_t Communication::ProcessCommand(MessageHeader, MessageHeader*, MessageElement, uint16_t) [with T = unsigned char]	216	static
c:\st\stm32cubeide_1.10.1\stm32cubeide\plugins\com.st.stm32cube.ide.mcu.externaltools.gnu-tools-for-stm32.10.3-2021.10.win32_1.0.0.202111181127\tools\arm-none-eabi\include\c++\10.3.1\bits\stl_iterator.h:1225:5:_Iterator std::__niter_base(__gnu_cxx::__normal_iterator<_Iterator, _Container>) [with _Iterator = const long unsigned int*; _Container = std::vector<long unsigned int, std::allocator<long unsigned int> >]	0	static
../Src/Communication/Communication.cpp:470:10:uint16_t Communication::ProcessWrite(MessageHeader, MessageHeader*, MessageElement, MessageElement, uint16_t) [with T = long unsigned int]	264	dynamic
c:\st\stm32cubeide_1.10.1\stm32cubeide\plugins\com.st.stm32cube.ide.mcu.externaltools.gnu-tools-for-stm32.10.3-2021.10.win32_1.0.0.202111181127\tools\arm-none-eabi\include\c++\10.3.1\bits\stl_iterator.h:1225:5:_Iterator std::__niter_base(__gnu_cxx::__normal_iterator<_Iterator, _Container>) [with _Iterator = long unsigned int*; _Container = std::vector<long unsigned int, std::allocator<long unsigned int> >]	0	static
c:\st\stm32cubeide_1.10.1\stm32cubeide\plugins\com.st.stm32cube.ide.mcu.externaltools.gnu-tools-for-stm32.10.3-2021.10.win32_1.0.0.202111181127\tools\arm-none-eabi\include\c++\10.3.1\bits\vector.tcc:198:5:std::vector<_Tp, _Alloc>& std::vector<_Tp, _Alloc>::operator=(const std::vector<_Tp, _Alloc>&) [with _Tp = long unsigned int; _Alloc = std::allocator<long unsigned int>]	32	static
D:/Code/Envirobot2_0_STM32_Head/Src/Communication/Communication.hpp:177:16:std::vector<T> Communication::BuildTVector(MessageElement, T*) [with T = long unsigned int]	88	static
D:/Code/Envirobot2_0_STM32_Head/Src/Communication/Communication.hpp:215:22:std::vector<unsigned char> Communication::ReadElement(MessageElement*, bool*) [with T = long unsigned int]	136	static
../Src/Communication/Communication.cpp:513:10:uint16_t Communication::ProcessRead(MessageHeader, MessageHeader*, MessageElement, MessageElement, uint16_t) [with T = long unsigned int]	168	static
../Src/Communication/Communication.cpp:448:10:uint16_t Communication::ProcessCommand(MessageHeader, MessageHeader*, MessageElement, uint16_t) [with T = long unsigned int]	216	static
c:\st\stm32cubeide_1.10.1\stm32cubeide\plugins\com.st.stm32cube.ide.mcu.externaltools.gnu-tools-for-stm32.10.3-2021.10.win32_1.0.0.202111181127\tools\arm-none-eabi\include\c++\10.3.1\bits\stl_iterator.h:1225:5:_Iterator std::__niter_base(__gnu_cxx::__normal_iterator<_Iterator, _Container>) [with _Iterator = const float*; _Container = std::vector<float, std::allocator<float> >]	0	static
../Src/Communication/Communication.cpp:470:10:uint16_t Communication::ProcessWrite(MessageHeader, MessageHeader*, MessageElement, MessageElement, uint16_t) [with T = float]	264	dynamic
c:\st\stm32cubeide_1.10.1\stm32cubeide\plugins\com.st.stm32cube.ide.mcu.externaltools.gnu-tools-for-stm32.10.3-2021.10.win32_1.0.0.202111181127\tools\arm-none-eabi\include\c++\10.3.1\bits\stl_iterator.h:1225:5:_Iterator std::__niter_base(__gnu_cxx::__normal_iterator<_Iterator, _Container>) [with _Iterator = float*; _Container = std::vector<float, std::allocator<float> >]	0	static
c:\st\stm32cubeide_1.10.1\stm32cubeide\plugins\com.st.stm32cube.ide.mcu.externaltools.gnu-tools-for-stm32.10.3-2021.10.win32_1.0.0.202111181127\tools\arm-none-eabi\include\c++\10.3.1\bits\vector.tcc:198:5:std::vector<_Tp, _Alloc>& std::vector<_Tp, _Alloc>::operator=(const std::vector<_Tp, _Alloc>&) [with _Tp = float; _Alloc = std::allocator<float>]	32	static
D:/Code/Envirobot2_0_STM32_Head/Src/Communication/Communication.hpp:177:16:std::vector<T> Communication::BuildTVector(MessageElement, T*) [with T = float]	88	static
D:/Code/Envirobot2_0_STM32_Head/Src/Communication/Communication.hpp:215:22:std::vector<unsigned char> Communication::ReadElement(MessageElement*, bool*) [with T = float]	136	static
../Src/Communication/Communication.cpp:513:10:uint16_t Communication::ProcessRead(MessageHeader, MessageHeader*, MessageElement, MessageElement, uint16_t) [with T = float]	168	static
../Src/Communication/Communication.cpp:448:10:uint16_t Communication::ProcessCommand(MessageHeader, MessageHeader*, MessageElement, uint16_t) [with T = float]	216	static
c:\st\stm32cubeide_1.10.1\stm32cubeide\plugins\com.st.stm32cube.ide.mcu.externaltools.gnu-tools-for-stm32.10.3-2021.10.win32_1.0.0.202111181127\tools\arm-none-eabi\include\c++\10.3.1\bits\stl_iterator.h:1225:5:_Iterator std::__niter_base(__gnu_cxx::__normal_iterator<_Iterator, _Container>) [with _Iterator = const Register*; _Container = std::vector<Register>]	0	static
c:\st\stm32cubeide_1.10.1\stm32cubeide\plugins\com.st.stm32cube.ide.mcu.externaltools.gnu-tools-for-stm32.10.3-2021.10.win32_1.0.0.202111181127\tools\arm-none-eabi\include\c++\10.3.1\bits\stl_iterator.h:1225:5:_Iterator std::__niter_base(__gnu_cxx::__normal_iterator<_Iterator, _Container>) [with _Iterator = const SubscriberInterface*; _Container = std::vector<SubscriberInterface>]	0	static
D:/Code/Envirobot2_0_STM32_Head/Src/Subscribers/MasterSubscribers.hpp:26:8:SubscriberConfiguration::SubscriberConfiguration(const SubscriberConfiguration&)	32	static
D:/Code/Envirobot2_0_STM32_Head/Src/Subscribers/MasterSubscribers.hpp:84:6:void MasterSubscribers::Receive(SubscriberInput, T*) [with T = unsigned char]	88	static
../Src/Communication/Communication.cpp:591:10:uint16_t Communication::ProcessSubscriber(MessageHeader, MessageElement, uint16_t) [with T = unsigned char]	152	dynamic
../Src/Communication/Communication.cpp:437:10:uint16_t Communication::ProcessElement(MessageHeader, MessageHeader*, MessageElement, uint16_t) [with T = unsigned char]	184	static
D:/Code/Envirobot2_0_STM32_Head/Src/Subscribers/MasterSubscribers.hpp:84:6:void MasterSubscribers::Receive(SubscriberInput, T*) [with T = long unsigned int]	88	static
../Src/Communication/Communication.cpp:591:10:uint16_t Communication::ProcessSubscriber(MessageHeader, MessageElement, uint16_t) [with T = long unsigned int]	144	dynamic
../Src/Communication/Communication.cpp:437:10:uint16_t Communication::ProcessElement(MessageHeader, MessageHeader*, MessageElement, uint16_t) [with T = long unsigned int]	176	static
D:/Code/Envirobot2_0_STM32_Head/Src/Subscribers/MasterSubscribers.hpp:84:6:void MasterSubscribers::Receive(SubscriberInput, T*) [with T = float]	88	static
../Src/Communication/Communication.cpp:591:10:uint16_t Communication::ProcessSubscriber(MessageHeader, MessageElement, uint16_t) [with T = float]	144	dynamic
../Src/Communication/Communication.cpp:437:10:uint16_t Communication::ProcessElement(MessageHeader, MessageHeader*, MessageElement, uint16_t) [with T = float]	184	static
../Src/Communication/Communication.cpp:287:6:void Communication::ParseMessage(MessageHeader)	264	static
../Src/Communication/Communication.cpp:171:10:uint16_t Communication::Process(uint8_t, std::vector<unsigned char>, bool*)	136	static
