../Src/Publishers/Publishers.cpp:10:1:Publishers::Publishers()	24	static
../Src/Publishers/Publishers.cpp:14:6:void Publishers::Init(Registers*, Communication*)	8	static
../Src/Publishers/Publishers.cpp:401:12:Publisher* Publishers::FindPublisher(uint8_t, bool*)	24	static
../Src/Publishers/Publishers.cpp:140:6:bool Publishers::SetPublisherStatus(uint8_t, bool)	32	static
../Src/Publishers/Publishers.cpp:26:3:static bool Publishers::AddRegisters()::<lambda(void*, uint16_t, uint8_t*, uint16_t)>::_FUN(void*, uint16_t, uint8_t*, uint16_t)	8	static
../Src/Publishers/Publishers.cpp:152:6:bool Publishers::ActivatePublisher(uint8_t)	8	static
../Src/Publishers/Publishers.cpp:156:6:bool Publishers::DeactivatePublisher(uint8_t)	8	static
../Src/Publishers/Publishers.cpp:160:6:bool Publishers::SetPublisherPrescaler(uint8_t, uint16_t)	32	static
../Src/Publishers/Publishers.cpp:48:3:static bool Publishers::AddRegisters()::<lambda(void*, uint16_t, uint16_t*, uint16_t)>::_FUN(void*, uint16_t, uint16_t*, uint16_t)	8	static
../Src/Publishers/Publishers.cpp:222:6:bool Publishers::StopTopics(uint8_t)	24	static
../Src/Publishers/Publishers.cpp:59:3:static bool Publishers::AddRegisters()::<lambda(void*, uint16_t, uint8_t*, uint16_t)>::_FUN(void*, uint16_t, uint8_t*, uint16_t)	8	static
../Src/Publishers/Publishers.cpp:267:6:bool Publishers::UnlinkFromAllInterfaces(uint8_t)	24	static
../Src/Publishers/Publishers.cpp:91:3:static bool Publishers::AddRegisters()::<lambda(void*, uint16_t, uint8_t*, uint16_t)>::_FUN(void*, uint16_t, uint8_t*, uint16_t)	8	static
../Src/Publishers/Publishers.cpp:416:9:uint8_t Publishers::FindPublisherIndex(uint8_t, bool*)	24	static
../Src/Publishers/Publishers.cpp:432:8:Topic* Publishers::FindTopic(uint8_t, uint16_t, bool*)	24	static
../Src/Publishers/Publishers.cpp:203:6:bool Publishers::SetTopicStatus(uint8_t, uint16_t, bool)	32	static
../Src/Publishers/Publishers.cpp:37:3:static bool Publishers::AddRegisters()::<lambda(void*, uint16_t, uint16_t*, uint16_t)>::_FUN(void*, uint16_t, uint16_t*, uint16_t)	8	static
../Src/Publishers/Publishers.cpp:214:6:bool Publishers::ActivateTopic(uint8_t, uint16_t)	8	static
../Src/Publishers/Publishers.cpp:218:6:bool Publishers::DeactivateTopic(uint8_t, uint16_t)	8	static
../Src/Publishers/Publishers.cpp:451:10:uint16_t Publishers::FindTopicIndex(uint8_t, uint16_t, bool*)	24	static
../Src/Publishers/Publishers.cpp:471:19:PublishInterface* Publishers::FindPublishInterface(uint8_t, uint8_t, bool*)	24	static
../Src/Publishers/Publishers.cpp:278:6:bool Publishers::SetPublishAddress(uint8_t, uint8_t, uint8_t)	24	static
../Src/Publishers/Publishers.cpp:101:3:static bool Publishers::AddRegisters()::<lambda(void*, uint16_t, uint8_t*, uint16_t)>::_FUN(void*, uint16_t, uint8_t*, uint16_t)	8	static
../Src/Publishers/Publishers.cpp:490:9:uint8_t Publishers::FindPublishInterfaceIndex(uint8_t, uint8_t, bool*)	24	static
D:/Code/Envirobot2_0_STM32_Head/Src/Registers/Registers.hpp:199:9:uint8_t Registers::GetTypeID(bool*) [with T = unsigned char]	8	static
D:/Code/Envirobot2_0_STM32_Head/Src/Registers/Registers.hpp:199:9:uint8_t Registers::GetTypeID(bool*) [with T = short unsigned int]	8	static
c:\st\stm32cubeide_1.10.1\stm32cubeide\plugins\com.st.stm32cube.ide.mcu.externaltools.gnu-tools-for-stm32.10.3-2021.10.win32_1.0.0.202111181127\tools\arm-none-eabi\include\c++\10.3.1\bits\vector.tcc:426:7:) [with _Args = {const Topic&}; _Tp = Topic; _Alloc = std::allocator<Topic>]	48	static
../Src/Publishers/Publishers.cpp:171:6:bool Publishers::AddTopic(uint8_t, uint16_t)	32	static
c:\st\stm32cubeide_1.10.1\stm32cubeide\plugins\com.st.stm32cube.ide.mcu.externaltools.gnu-tools-for-stm32.10.3-2021.10.win32_1.0.0.202111181127\tools\arm-none-eabi\include\c++\10.3.1\bits\vector.tcc:426:7:) [with _Args = {const PublishInterface&}; _Tp = PublishInterface; _Alloc = std::allocator<PublishInterface>]	48	static
../Src/Publishers/Publishers.cpp:235:6:bool Publishers::LinkToInterface(uint8_t, uint8_t)	32	static
../Src/Publishers/Publishers.cpp:69:3:static bool Publishers::AddRegisters()::<lambda(void*, uint16_t, uint8_t*, uint16_t)>::_FUN(void*, uint16_t, uint8_t*, uint16_t)	8	static
D:/Code/Envirobot2_0_STM32_Head/Src/Registers/Registers.hpp:496:6:bool Registers::ReadRegister(uint16_t, T*, uint16_t*, bool) [with T = unsigned char]	320	static
c:\st\stm32cubeide_1.10.1\stm32cubeide\plugins\com.st.stm32cube.ide.mcu.externaltools.gnu-tools-for-stm32.10.3-2021.10.win32_1.0.0.202111181127\tools\arm-none-eabi\include\c++\10.3.1\bits\vector.tcc:426:7:) [with _Args = {const RegisterConfiguration&}; _Tp = RegisterConfiguration; _Alloc = std::allocator<RegisterConfiguration>]	48	static
D:/Code/Envirobot2_0_STM32_Head/Src/Registers/Registers.hpp:162:6:bool Registers::AddRegister(uint16_t) [with T = unsigned char]	64	static
D:/Code/Envirobot2_0_STM32_Head/Src/Registers/Registers.hpp:162:6:bool Registers::AddRegister(uint16_t) [with T = short unsigned int]	64	static
c:\st\stm32cubeide_1.10.1\stm32cubeide\plugins\com.st.stm32cube.ide.mcu.externaltools.gnu-tools-for-stm32.10.3-2021.10.win32_1.0.0.202111181127\tools\arm-none-eabi\include\c++\10.3.1\bits\vector.tcc:426:7:) [with _Args = {const RegisterCallbacks<unsigned char>&}; _Tp = RegisterCallbacks<unsigned char>; _Alloc = std::allocator<RegisterCallbacks<unsigned char> >]	48	static
D:/Code/Envirobot2_0_STM32_Head/Src/Registers/Registers.hpp:294:6:bool Registers::AddWriteCallback(uint16_t, void*, bool (*)(void*, uint16_t, T*, uint16_t)) [with T = unsigned char]	48	static
c:\st\stm32cubeide_1.10.1\stm32cubeide\plugins\com.st.stm32cube.ide.mcu.externaltools.gnu-tools-for-stm32.10.3-2021.10.win32_1.0.0.202111181127\tools\arm-none-eabi\include\c++\10.3.1\bits\vector.tcc:426:7:) [with _Args = {const RegisterCallbacks<short unsigned int>&}; _Tp = RegisterCallbacks<short unsigned int>; _Alloc = std::allocator<RegisterCallbacks<short unsigned int> >]	48	static
D:/Code/Envirobot2_0_STM32_Head/Src/Registers/Registers.hpp:294:6:bool Registers::AddWriteCallback(uint16_t, void*, bool (*)(void*, uint16_t, T*, uint16_t)) [with T = short unsigned int]	48	static
../Src/Publishers/Publishers.cpp:22:6:void Publishers::AddRegisters()	8	static
D:/Code/Envirobot2_0_STM32_Head/Src/Registers/Registers.hpp:199:9:uint8_t Registers::GetTypeID(bool*) [with T = long unsigned int]	8	static
D:/Code/Envirobot2_0_STM32_Head/Src/Registers/Registers.hpp:496:6:bool Registers::ReadRegister(uint16_t, T*, uint16_t*, bool) [with T = long unsigned int]	1088	static
D:/Code/Envirobot2_0_STM32_Head/Src/Registers/Registers.hpp:199:9:uint8_t Registers::GetTypeID(bool*) [with T = float]	8	static
D:/Code/Envirobot2_0_STM32_Head/Src/Registers/Registers.hpp:496:6:bool Registers::ReadRegister(uint16_t, T*, uint16_t*, bool) [with T = float]	1088	static
c:\st\stm32cubeide_1.10.1\stm32cubeide\plugins\com.st.stm32cube.ide.mcu.externaltools.gnu-tools-for-stm32.10.3-2021.10.win32_1.0.0.202111181127\tools\arm-none-eabi\include\c++\10.3.1\bits\stl_iterator.h:1225:5:_Iterator std::__niter_base(__gnu_cxx::__normal_iterator<_Iterator, _Container>) [with _Iterator = const unsigned char*; _Container = std::vector<unsigned char>]	0	static
c:\st\stm32cubeide_1.10.1\stm32cubeide\plugins\com.st.stm32cube.ide.mcu.externaltools.gnu-tools-for-stm32.10.3-2021.10.win32_1.0.0.202111181127\tools\arm-none-eabi\include\c++\10.3.1\bits\stl_iterator.h:1225:5:_Iterator std::__niter_base(__gnu_cxx::__normal_iterator<_Iterator, _Container>) [with _Iterator = unsigned char*; _Container = std::vector<unsigned char>]	0	static
c:\st\stm32cubeide_1.10.1\stm32cubeide\plugins\com.st.stm32cube.ide.mcu.externaltools.gnu-tools-for-stm32.10.3-2021.10.win32_1.0.0.202111181127\tools\arm-none-eabi\include\c++\10.3.1\bits\vector.tcc:198:5:std::vector<_Tp, _Alloc>& std::vector<_Tp, _Alloc>::operator=(const std::vector<_Tp, _Alloc>&) [with _Tp = unsigned char; _Alloc = std::allocator<unsigned char>]	32	static
D:/Code/Envirobot2_0_STM32_Head/Src/Communication/Communication.hpp:177:16:std::vector<T> Communication::BuildTVector(MessageElement, T*) [with T = unsigned char]	88	static
c:\st\stm32cubeide_1.10.1\stm32cubeide\plugins\com.st.stm32cube.ide.mcu.externaltools.gnu-tools-for-stm32.10.3-2021.10.win32_1.0.0.202111181127\tools\arm-none-eabi\include\c++\10.3.1\bits\stl_iterator.h:1225:5:_Iterator std::__niter_base(__gnu_cxx::__normal_iterator<_Iterator, _Container>) [with _Iterator = Publisher*; _Container = std::vector<Publisher>]	0	static
c:\st\stm32cubeide_1.10.1\stm32cubeide\plugins\com.st.stm32cube.ide.mcu.externaltools.gnu-tools-for-stm32.10.3-2021.10.win32_1.0.0.202111181127\tools\arm-none-eabi\include\c++\10.3.1\bits\vector.tcc:171:5:std::vector<_Tp, _Alloc>::iterator std::vector<_Tp, _Alloc>::_M_erase(std::vector<_Tp, _Alloc>::iterator) [with _Tp = Publisher; _Alloc = std::allocator<Publisher>]	56	static
../Src/Publishers/Publishers.cpp:129:6:bool Publishers::RemovePublisher(uint8_t)	32	static
c:\st\stm32cubeide_1.10.1\stm32cubeide\plugins\com.st.stm32cube.ide.mcu.externaltools.gnu-tools-for-stm32.10.3-2021.10.win32_1.0.0.202111181127\tools\arm-none-eabi\include\c++\10.3.1\bits\stl_iterator.h:1225:5:_Iterator std::__niter_base(__gnu_cxx::__normal_iterator<_Iterator, _Container>) [with _Iterator = Topic*; _Container = std::vector<Topic>]	0	static
c:\st\stm32cubeide_1.10.1\stm32cubeide\plugins\com.st.stm32cube.ide.mcu.externaltools.gnu-tools-for-stm32.10.3-2021.10.win32_1.0.0.202111181127\tools\arm-none-eabi\include\c++\10.3.1\bits\vector.tcc:171:5:std::vector<_Tp, _Alloc>::iterator std::vector<_Tp, _Alloc>::_M_erase(std::vector<_Tp, _Alloc>::iterator) [with _Tp = Topic; _Alloc = std::allocator<Topic>]	24	static
../Src/Publishers/Publishers.cpp:189:6:bool Publishers::RemoveTopic(uint8_t, uint16_t)	32	static
c:\st\stm32cubeide_1.10.1\stm32cubeide\plugins\com.st.stm32cube.ide.mcu.externaltools.gnu-tools-for-stm32.10.3-2021.10.win32_1.0.0.202111181127\tools\arm-none-eabi\include\c++\10.3.1\bits\stl_iterator.h:1225:5:_Iterator std::__niter_base(__gnu_cxx::__normal_iterator<_Iterator, _Container>) [with _Iterator = PublishInterface*; _Container = std::vector<PublishInterface>]	0	static
c:\st\stm32cubeide_1.10.1\stm32cubeide\plugins\com.st.stm32cube.ide.mcu.externaltools.gnu-tools-for-stm32.10.3-2021.10.win32_1.0.0.202111181127\tools\arm-none-eabi\include\c++\10.3.1\bits\vector.tcc:171:5:std::vector<_Tp, _Alloc>::iterator std::vector<_Tp, _Alloc>::_M_erase(std::vector<_Tp, _Alloc>::iterator) [with _Tp = PublishInterface; _Alloc = std::allocator<PublishInterface>]	24	static
../Src/Publishers/Publishers.cpp:253:6:bool Publishers::UnlinkFromInterface(uint8_t, uint8_t)	32	static
../Src/Publishers/Publishers.cpp:80:3:static bool Publishers::AddRegisters()::<lambda(void*, uint16_t, uint8_t*, uint16_t)>::_FUN(void*, uint16_t, uint8_t*, uint16_t)	8	static
c:\st\stm32cubeide_1.10.1\stm32cubeide\plugins\com.st.stm32cube.ide.mcu.externaltools.gnu-tools-for-stm32.10.3-2021.10.win32_1.0.0.202111181127\tools\arm-none-eabi\include\c++\10.3.1\bits\vector.tcc:426:7:) [with _Args = {unsigned char}; _Tp = unsigned char; _Alloc = std::allocator<unsigned char>]	48	static
c:\st\stm32cubeide_1.10.1\stm32cubeide\plugins\com.st.stm32cube.ide.mcu.externaltools.gnu-tools-for-stm32.10.3-2021.10.win32_1.0.0.202111181127\tools\arm-none-eabi\include\c++\10.3.1\bits\vector.tcc:109:7:) [with _Args = {unsigned char}; _Tp = unsigned char; _Alloc = std::allocator<unsigned char>]	8	static
D:/Code/Envirobot2_0_STM32_Head/Src/Communication/Communication.hpp:189:22:std::vector<unsigned char> Communication::BuildSingle(T) [with T = unsigned char]	32	static
D:/Code/Envirobot2_0_STM32_Head/Src/Communication/Communication.hpp:189:22:std::vector<unsigned char> Communication::BuildSingle(T) [with T = long unsigned int]	32	static
D:/Code/Envirobot2_0_STM32_Head/Src/Communication/Communication.hpp:189:22:std::vector<unsigned char> Communication::BuildSingle(T) [with T = float]	40	static
c:\st\stm32cubeide_1.10.1\stm32cubeide\plugins\com.st.stm32cube.ide.mcu.externaltools.gnu-tools-for-stm32.10.3-2021.10.win32_1.0.0.202111181127\tools\arm-none-eabi\include\c++\10.3.1\bits\stl_iterator.h:1225:5:_Iterator std::__niter_base(__gnu_cxx::__normal_iterator<_Iterator, _Container>) [with _Iterator = const long unsigned int*; _Container = std::vector<long unsigned int, std::allocator<long unsigned int> >]	0	static
c:\st\stm32cubeide_1.10.1\stm32cubeide\plugins\com.st.stm32cube.ide.mcu.externaltools.gnu-tools-for-stm32.10.3-2021.10.win32_1.0.0.202111181127\tools\arm-none-eabi\include\c++\10.3.1\bits\stl_iterator.h:1225:5:_Iterator std::__niter_base(__gnu_cxx::__normal_iterator<_Iterator, _Container>) [with _Iterator = long unsigned int*; _Container = std::vector<long unsigned int, std::allocator<long unsigned int> >]	0	static
c:\st\stm32cubeide_1.10.1\stm32cubeide\plugins\com.st.stm32cube.ide.mcu.externaltools.gnu-tools-for-stm32.10.3-2021.10.win32_1.0.0.202111181127\tools\arm-none-eabi\include\c++\10.3.1\bits\vector.tcc:198:5:std::vector<_Tp, _Alloc>& std::vector<_Tp, _Alloc>::operator=(const std::vector<_Tp, _Alloc>&) [with _Tp = long unsigned int; _Alloc = std::allocator<long unsigned int>]	32	static
D:/Code/Envirobot2_0_STM32_Head/Src/Communication/Communication.hpp:177:16:std::vector<T> Communication::BuildTVector(MessageElement, T*) [with T = long unsigned int]	88	static
c:\st\stm32cubeide_1.10.1\stm32cubeide\plugins\com.st.stm32cube.ide.mcu.externaltools.gnu-tools-for-stm32.10.3-2021.10.win32_1.0.0.202111181127\tools\arm-none-eabi\include\c++\10.3.1\bits\stl_iterator.h:1225:5:_Iterator std::__niter_base(__gnu_cxx::__normal_iterator<_Iterator, _Container>) [with _Iterator = const float*; _Container = std::vector<float, std::allocator<float> >]	0	static
c:\st\stm32cubeide_1.10.1\stm32cubeide\plugins\com.st.stm32cube.ide.mcu.externaltools.gnu-tools-for-stm32.10.3-2021.10.win32_1.0.0.202111181127\tools\arm-none-eabi\include\c++\10.3.1\bits\stl_iterator.h:1225:5:_Iterator std::__niter_base(__gnu_cxx::__normal_iterator<_Iterator, _Container>) [with _Iterator = float*; _Container = std::vector<float, std::allocator<float> >]	0	static
c:\st\stm32cubeide_1.10.1\stm32cubeide\plugins\com.st.stm32cube.ide.mcu.externaltools.gnu-tools-for-stm32.10.3-2021.10.win32_1.0.0.202111181127\tools\arm-none-eabi\include\c++\10.3.1\bits\vector.tcc:198:5:std::vector<_Tp, _Alloc>& std::vector<_Tp, _Alloc>::operator=(const std::vector<_Tp, _Alloc>&) [with _Tp = float; _Alloc = std::allocator<float>]	32	static
D:/Code/Envirobot2_0_STM32_Head/Src/Communication/Communication.hpp:177:16:std::vector<T> Communication::BuildTVector(MessageElement, T*) [with T = float]	88	static
c:\st\stm32cubeide_1.10.1\stm32cubeide\plugins\com.st.stm32cube.ide.mcu.externaltools.gnu-tools-for-stm32.10.3-2021.10.win32_1.0.0.202111181127\tools\arm-none-eabi\include\c++\10.3.1\bits\stl_iterator.h:1225:5:_Iterator std::__niter_base(__gnu_cxx::__normal_iterator<_Iterator, _Container>) [with _Iterator = const PublishInterface*; _Container = std::vector<PublishInterface>]	0	static
c:\st\stm32cubeide_1.10.1\stm32cubeide\plugins\com.st.stm32cube.ide.mcu.externaltools.gnu-tools-for-stm32.10.3-2021.10.win32_1.0.0.202111181127\tools\arm-none-eabi\include\c++\10.3.1\bits\stl_iterator.h:1225:5:_Iterator std::__niter_base(__gnu_cxx::__normal_iterator<_Iterator, _Container>) [with _Iterator = const Topic*; _Container = std::vector<Topic>]	0	static
c:\st\stm32cubeide_1.10.1\stm32cubeide\plugins\com.st.stm32cube.ide.mcu.externaltools.gnu-tools-for-stm32.10.3-2021.10.win32_1.0.0.202111181127\tools\arm-none-eabi\include\c++\10.3.1\bits\vector.tcc:426:7:) [with _Args = {const Publisher&}; _Tp = Publisher; _Alloc = std::allocator<Publisher>]	64	static
../Src/Publishers/Publishers.cpp:110:6:bool Publishers::AddPublisher(uint8_t)	72	static
c:\st\stm32cubeide_1.10.1\stm32cubeide\plugins\com.st.stm32cube.ide.mcu.externaltools.gnu-tools-for-stm32.10.3-2021.10.win32_1.0.0.202111181127\tools\arm-none-eabi\include\c++\10.3.1\bits\stl_iterator.h:2291:5:base())) std::__miter_base(std::move_iterator<_IteratorL>) [with _Iterator = unsigned char*]	0	static
c:\st\stm32cubeide_1.10.1\stm32cubeide\plugins\com.st.stm32cube.ide.mcu.externaltools.gnu-tools-for-stm32.10.3-2021.10.win32_1.0.0.202111181127\tools\arm-none-eabi\include\c++\10.3.1\bits\vector.tcc:721:7:void std::vector<_Tp, _Alloc>::_M_range_insert(std::vector<_Tp, _Alloc>::iterator, _ForwardIterator, _ForwardIterator, std::forward_iterator_tag) [with _ForwardIterator = __gnu_cxx::__normal_iterator<unsigned char*, std::vector<unsigned char> >; _Tp = unsigned char; _Alloc = std::allocator<unsigned char>]	56	static
D:/Code/Envirobot2_0_STM32_Head/Src/Communication/Communication.hpp:203:22:std::vector<unsigned char> Communication::BuildVector(std::vector<T>) [with T = long unsigned int]	48	static
D:/Code/Envirobot2_0_STM32_Head/Src/Communication/Communication.hpp:215:22:std::vector<unsigned char> Communication::ReadElement(MessageElement*, bool*) [with T = long unsigned int]	136	static
D:/Code/Envirobot2_0_STM32_Head/Src/Communication/Communication.hpp:203:22:std::vector<unsigned char> Communication::BuildVector(std::vector<T>) [with T = unsigned char]	48	static
D:/Code/Envirobot2_0_STM32_Head/Src/Communication/Communication.hpp:215:22:std::vector<unsigned char> Communication::ReadElement(MessageElement*, bool*) [with T = unsigned char]	128	static
D:/Code/Envirobot2_0_STM32_Head/Src/Communication/Communication.hpp:203:22:std::vector<unsigned char> Communication::BuildVector(std::vector<T>) [with T = float]	48	static
D:/Code/Envirobot2_0_STM32_Head/Src/Communication/Communication.hpp:215:22:std::vector<unsigned char> Communication::ReadElement(MessageElement*, bool*) [with T = float]	136	static
../Src/Publishers/Publishers.cpp:289:6:void Publishers::SpinPublisher(uint8_t)	280	static
