../Src/HardwareDelay/HardwareDelay.cpp:15:1:HardwareDelay::HardwareDelay(TIM_HandleTypeDef*)	16	static
../Src/HardwareDelay/HardwareDelay.cpp:24:6:void HardwareDelay::Init()	8	static
../Src/HardwareDelay/HardwareDelay.cpp:35:6:bool HardwareDelay::AssignedTimer(TIM_HandleTypeDef*)	16	static
../Src/HardwareDelay/HardwareDelay.cpp:163:6:void HardwareDelay::StartDelay()	0	static
../Src/HardwareDelay/HardwareDelay.cpp:173:6:void HardwareDelay::StartNextDelay()	20	static
../Src/HardwareDelay/HardwareDelay.cpp:224:9:uint8_t HardwareDelay::FindDelayIndex(uint8_t, bool*)	16	static
../Src/HardwareDelay/HardwareDelay.cpp:152:6:bool HardwareDelay::IsDelayRegistered(uint8_t)	24	static
C:\ST\STM32CubeIDE_1.16.1\STM32CubeIDE\plugins\com.st.stm32cube.ide.mcu.externaltools.gnu-tools-for-stm32.12.3.rel1.win32_1.0.200.202406191623\tools\bin/../lib/gcc/arm-none-eabi/12.3.1/../../../../arm-none-eabi/include/c++/12.3.1/bits/vector.tcc:439:7:) [with _Args = {const Delay&}; _Tp = Delay; _Alloc = std::allocator<Delay>]	40	static
C:\ST\STM32CubeIDE_1.16.1\STM32CubeIDE\plugins\com.st.stm32cube.ide.mcu.externaltools.gnu-tools-for-stm32.12.3.rel1.win32_1.0.200.202406191623\tools\bin/../lib/gcc/arm-none-eabi/12.3.1/../../../../arm-none-eabi/include/c++/12.3.1/bits/stl_vector.h:1276:7:void std::vector<_Tp, _Alloc>::push_back(const value_type&) [with _Tp = Delay; _Alloc = std::allocator<Delay>]	8	static
../Src/HardwareDelay/HardwareDelay.cpp:51:6:bool HardwareDelay::AddDelayMS(uint8_t, uint16_t, void*, void (*)(void*, uint8_t))	48	static
C:\ST\STM32CubeIDE_1.16.1\STM32CubeIDE\plugins\com.st.stm32cube.ide.mcu.externaltools.gnu-tools-for-stm32.12.3.rel1.win32_1.0.200.202406191623\tools\bin/../lib/gcc/arm-none-eabi/12.3.1/../../../../arm-none-eabi/include/c++/12.3.1/bits/vector.tcc:175:5:std::vector<_Tp, _Alloc>::iterator std::vector<_Tp, _Alloc>::_M_erase(iterator) [with _Tp = Delay; _Alloc = std::allocator<Delay>]	8	static
../Src/HardwareDelay/HardwareDelay.cpp:115:6:bool HardwareDelay::RemoveDelayMS(uint8_t)	32	static
../Src/HardwareDelay/HardwareDelay.cpp:198:6:void HardwareDelay::TriggeredDelay()	8	static
